Python: 3.13.15; Node: v24.18.0
Logs: D:\07-GAMES\Firstlight\artifacts\connected-earth-roads-20261006\remote-full01
Running build...
PASS: build
HTML: 3045384 bytes; SHA-256 96333b244ce33edaba84a7f776f450fc2a23f57808074cb52a15b90db5b15d1e
Running syntax-adventure-art...
PASS: syntax-adventure-art
Running syntax-adventure-ui...
PASS: syntax-adventure-ui
Running syntax-adventure...
PASS: syntax-adventure
Running syntax-app...
PASS: syntax-app
Running syntax-arsenal-art...
PASS: syntax-arsenal-art
Running syntax-arsenal-ui...
PASS: syntax-arsenal-ui
Running syntax-arsenal...
PASS: syntax-arsenal
Running syntax-atlantis-campaign-art...
PASS: syntax-atlantis-campaign-art
Running syntax-atlantis-campaign-data...
PASS: syntax-atlantis-campaign-data
Running syntax-atlantis-campaign-ui...
PASS: syntax-atlantis-campaign-ui
Running syntax-atlantis-campaign...
PASS: syntax-atlantis-campaign
Running syntax-beacon-art...
PASS: syntax-beacon-art
Running syntax-beacon...
PASS: syntax-beacon
Running syntax-bridge-art...
PASS: syntax-bridge-art
Running syntax-bridge-community-art...
PASS: syntax-bridge-community-art
Running syntax-bridge-community-ui...
PASS: syntax-bridge-community-ui
Running syntax-bridge-community...
PASS: syntax-bridge-community
Running syntax-bridge-moment-view...
PASS: syntax-bridge-moment-view
Running syntax-characters-ui...
PASS: syntax-characters-ui
Running syntax-characters...
PASS: syntax-characters
Running syntax-classes-ui...
PASS: syntax-classes-ui
Running syntax-classes...
PASS: syntax-classes
Running syntax-coastward-settlement-art...
PASS: syntax-coastward-settlement-art
Running syntax-coastward-woodland-art...
PASS: syntax-coastward-woodland-art
Running syntax-combat-view...
PASS: syntax-combat-view
Running syntax-combat...
PASS: syntax-combat
Running syntax-companion-art...
PASS: syntax-companion-art
Running syntax-core...
PASS: syntax-core
Running syntax-cosmos-art...
PASS: syntax-cosmos-art
Running syntax-cosmos-campaign-art...
PASS: syntax-cosmos-campaign-art
Running syntax-cosmos-campaign-data...
PASS: syntax-cosmos-campaign-data
Running syntax-cosmos-campaign-ui...
PASS: syntax-cosmos-campaign-ui
Running syntax-cosmos-campaign...
PASS: syntax-cosmos-campaign
Running syntax-cosmos-ui...
PASS: syntax-cosmos-ui
Running syntax-cosmos...
PASS: syntax-cosmos
Running syntax-creative...
PASS: syntax-creative
Running syntax-crossing-art...
PASS: syntax-crossing-art
Running syntax-crossing-ui...
PASS: syntax-crossing-ui
Running syntax-crossing...
PASS: syntax-crossing
Running syntax-drover-art...
PASS: syntax-drover-art
Running syntax-earth-art...
PASS: syntax-earth-art
Running syntax-earth-expedition-art...
PASS: syntax-earth-expedition-art
Running syntax-earth-expedition-beast-art...
PASS: syntax-earth-expedition-beast-art
Running syntax-earth-expedition-dialogue...
PASS: syntax-earth-expedition-dialogue
Running syntax-earth-expedition-ui...
PASS: syntax-earth-expedition-ui
Running syntax-earth-expedition...
PASS: syntax-earth-expedition
Running syntax-earth-homecoming-art...
PASS: syntax-earth-homecoming-art
Running syntax-earth-homecoming-data...
PASS: syntax-earth-homecoming-data
Running syntax-earth-homecoming-ui...
PASS: syntax-earth-homecoming-ui
Running syntax-earth-homecoming...
PASS: syntax-earth-homecoming
Running syntax-earth-notes-art...
PASS: syntax-earth-notes-art
Running syntax-earth-notes-ui...
PASS: syntax-earth-notes-ui
Running syntax-earth-notes...
PASS: syntax-earth-notes
Running syntax-earth-road-art...
PASS: syntax-earth-road-art
Running syntax-earth-road-ui...
PASS: syntax-earth-road-ui
Running syntax-earth-road...
PASS: syntax-earth-road
Running syntax-earth-shoulder-art...
PASS: syntax-earth-shoulder-art
Running syntax-earth-story-ui...
PASS: syntax-earth-story-ui
Running syntax-earth-story...
PASS: syntax-earth-story
Running syntax-earth-ui...
PASS: syntax-earth-ui
Running syntax-earth...
PASS: syntax-earth
Running syntax-elderweald-trail-art...
PASS: syntax-elderweald-trail-art
Running syntax-elderweald-world...
PASS: syntax-elderweald-world
Running syntax-engine...
PASS: syntax-engine
Running syntax-experience...
PASS: syntax-experience
Running syntax-gathering-adapter...
PASS: syntax-gathering-adapter
Running syntax-gathering-art...
PASS: syntax-gathering-art
Running syntax-gathering-music...
PASS: syntax-gathering-music
Running syntax-gathering-ui...
PASS: syntax-gathering-ui
Running syntax-gathering...
PASS: syntax-gathering
Running syntax-heaven-campaign-art...
PASS: syntax-heaven-campaign-art
Running syntax-heaven-campaign-data...
PASS: syntax-heaven-campaign-data
Running syntax-heaven-campaign-ui...
PASS: syntax-heaven-campaign-ui
Running syntax-heaven-campaign...
PASS: syntax-heaven-campaign
Running syntax-hell-campaign-art...
PASS: syntax-hell-campaign-art
Running syntax-hell-campaign-data...
PASS: syntax-hell-campaign-data
Running syntax-hell-campaign-ui...
PASS: syntax-hell-campaign-ui
Running syntax-hell-campaign...
PASS: syntax-hell-campaign
Running syntax-home-history-art...
PASS: syntax-home-history-art
Running syntax-home-history-ui...
PASS: syntax-home-history-ui
Running syntax-home-history...
PASS: syntax-home-history
Running syntax-local-life-art...
PASS: syntax-local-life-art
Running syntax-local-life-ui...
PASS: syntax-local-life-ui
Running syntax-local-life...
PASS: syntax-local-life
Running syntax-mill-gate-art...
PASS: syntax-mill-gate-art
Running syntax-millwright-art...
PASS: syntax-millwright-art
Running syntax-pursuit-ui...
PASS: syntax-pursuit-ui
Running syntax-pursuit...
PASS: syntax-pursuit
Running syntax-quarry-art...
PASS: syntax-quarry-art
Running syntax-realm-art-data...
PASS: syntax-realm-art-data
Running syntax-realm-atlas-ui...
PASS: syntax-realm-atlas-ui
Running syntax-realm-craft...
PASS: syntax-realm-craft
Running syntax-realm-givers-art...
PASS: syntax-realm-givers-art
Running syntax-realm-trails-art...
PASS: syntax-realm-trails-art
Running syntax-realm-trails-cosmos...
PASS: syntax-realm-trails-cosmos
Running syntax-realm-trails-north...
PASS: syntax-realm-trails-north
Running syntax-realm-trails-south...
PASS: syntax-realm-trails-south
Running syntax-realm-trails-ui...
PASS: syntax-realm-trails-ui
Running syntax-realm-trails...
PASS: syntax-realm-trails
Running syntax-road-art...
PASS: syntax-road-art
Running syntax-road...
PASS: syntax-road
Running syntax-rpg-ui...
PASS: syntax-rpg-ui
Running syntax-sandbox-art...
PASS: syntax-sandbox-art
Running syntax-sandbox-ui...
PASS: syntax-sandbox-ui
Running syntax-sandbox...
PASS: syntax-sandbox
Running syntax-skitter-art...
PASS: syntax-skitter-art
Running syntax-soundscape...
PASS: syntax-soundscape
Running syntax-starter-art...
PASS: syntax-starter-art
Running syntax-starter-ui...
PASS: syntax-starter-ui
Running syntax-starter...
PASS: syntax-starter
Running syntax-surface-assets...
PASS: syntax-surface-assets
Running syntax-traveler-art...
PASS: syntax-traveler-art
Running syntax-traveler-equipment-art...
PASS: syntax-traveler-equipment-art
Running syntax-workshop-transactions...
PASS: syntax-workshop-transactions
Running syntax-world-atlantis-earth...
PASS: syntax-world-atlantis-earth
Running syntax-world-foundations-art...
PASS: syntax-world-foundations-art
Running syntax-world-foundations-ui...
PASS: syntax-world-foundations-ui
Running syntax-world-foundations...
PASS: syntax-world-foundations
Running syntax-world-ground-coalescing...
PASS: syntax-world-ground-coalescing
Running syntax-world-heaven-hell...
PASS: syntax-world-heaven-hell
Running syntax-world...
PASS: syntax-world
Running rules...
 arrays are deep-fresh, order-independent and never aliases
ok 1533 - metadata values and arrays are deep-fresh, order-independent and never aliases
  ---
  duration_ms: 0.7377
  type: 'test'
  ...
# Subtest: empty input, input permutations and repeated coalescing are deterministic and fresh
ok 1534 - empty input, input permutations and repeated coalescing are deterministic and fresh
  ---
  duration_ms: 45.5136
  type: 'test'
  ...
# Subtest: invalid, overlapping, accessor or nondata records refuse before input mutation
ok 1535 - invalid, overlapping, accessor or nondata records refuse before input mutation
  ---
  duration_ms: 1.3745
  type: 'test'
  ...
# Subtest: actual submitted vertices stay finite and terrain draw work falls without dropping area
ok 1536 - actual submitted vertices stay finite and terrain draw work falls without dropping area
  ---
  duration_ms: 6.7667
  type: 'test'
  ...
# Subtest: heaven: stable contract, finite geometry, pure bounded quest and readable anchors
ok 1537 - heaven: stable contract, finite geometry, pure bounded quest and readable anchors
  ---
  duration_ms: 2.6376
  type: 'test'
  ...
# Subtest: heaven: connected physical ground gives every point and enemy a body-width approach and return
ok 1538 - heaven: connected physical ground gives every point and enemy a body-width approach and return
  ---
  duration_ms: 265.3653
  type: 'test'
  ...
# Subtest: heaven: submitted original art has finite transforms, matched cover, and a modest local instance/triangle budget
ok 1539 - heaven: submitted original art has finite transforms, matched cover, and a modest local instance/triangle budget
  ---
  duration_ms: 106.4112
  type: 'test'
  ...
# Subtest: heaven: decorating is deterministic, owns no scene lifecycle and leaves all source/simulation/inventory state unchanged
ok 1540 - heaven: decorating is deterministic, owns no scene lifecycle and leaves all source/simulation/inventory state unchanged
  ---
  duration_ms: 19.0451
  type: 'test'
  ...
# Subtest: heaven: height supplied by the world caller shifts all local structures, routes and markers coherently
ok 1541 - heaven: height supplied by the world caller shifts all local structures, routes and markers coherently
  ---
  duration_ms: 9.2984
  type: 'test'
  ...
# Subtest: hell: stable contract, finite geometry, pure bounded quest and readable anchors
ok 1542 - hell: stable contract, finite geometry, pure bounded quest and readable anchors
  ---
  duration_ms: 0.4678
  type: 'test'
  ...
# Subtest: hell: connected physical ground gives every point and enemy a body-width approach and return
ok 1543 - hell: connected physical ground gives every point and enemy a body-width approach and return
  ---
  duration_ms: 146.902
  type: 'test'
  ...
# Subtest: hell: submitted original art has finite transforms, matched cover, and a modest local instance/triangle budget
ok 1544 - hell: submitted original art has finite transforms, matched cover, and a modest local instance/triangle budget
  ---
  duration_ms: 42.299
  type: 'test'
  ...
# Subtest: hell: decorating is deterministic, owns no scene lifecycle and leaves all source/simulation/inventory state unchanged
ok 1545 - hell: decorating is deterministic, owns no scene lifecycle and leaves all source/simulation/inventory state unchanged
  ---
  duration_ms: 10.5823
  type: 'test'
  ...
# Subtest: hell: height supplied by the world caller shifts all local structures, routes and markers coherently
ok 1546 - hell: height supplied by the world caller shifts all local structures, routes and markers coherently
  ---
  duration_ms: 7.6214
  type: 'test'
  ...
# Subtest: Heaven: both actual causeway/arcade loops fit a traveller without stepping through instrument, columns or workshop
ok 1547 - Heaven: both actual causeway/arcade loops fit a traveller without stepping through instrument, columns or workshop
  ---
  duration_ms: 7.2623
  type: 'test'
  ...
# Subtest: Heaven: distinct narrow route inlays sit on supported paving and the fork remains flat and clear
ok 1548 - Heaven: distinct narrow route inlays sit on supported paving and the fork remains flat and clear
  ---
  duration_ms: 25.4102
  type: 'test'
  ...
# Subtest: Heaven: the cultivated Ruby-fork band has actual native support and leaves routes, solids and interaction approaches clear
ok 1549 - Heaven: the cultivated Ruby-fork band has actual native support and leaves routes, solids and interaction approaches clear
  ---
  duration_ms: 43.2387
  type: 'test'
  ...
# Subtest: Heaven: all low blossoms attach to rooted stems and fit their shallow planting beds
ok 1550 - Heaven: all low blossoms attach to rooted stems and fit their shallow planting beds
  ---
  duration_ms: 8.9665
  type: 'test'
  ...
# Subtest: Heaven: cultivated detail has a bounded geometry cost and is identical with reduced motion enabled
ok 1551 - Heaven: cultivated detail has a bounded geometry cost and is identical with reduced motion enabled
  ---
  duration_ms: 12.4824
  type: 'test'
  ...
# Subtest: Hell: only the existing Refuge roof slab and patched ribs carry the bounded reveal tag
ok 1552 - Hell: only the existing Refuge roof slab and patched ribs carry the bounded reveal tag
  ---
  duration_ms: 5.5795
  type: 'test'
  ...
# Subtest: Hell: distinct east/west approaches and the free home path avoid the optional sentinel even within an eleven-unit threat pocket
ok 1553 - Hell: distinct east/west approaches and the free home path avoid the optional sentinel even within an eleven-unit threat pocket
  ---
  duration_ms: 72.7671
  type: 'test'
  ...
# Subtest: Module exposes the browser/CommonJS contract and rejects unknown decoration without touching the caller
ok 1554 - Module exposes the browser/CommonJS contract and rejects unknown decoration without touching the caller
  ---
  duration_ms: 0.3318
  type: 'test'
  ...
1..1554
# tests 1554
# suites 0
# pass 1549
# fail 3
# cancelled 0
# skipped 2
# todo 0
# duration_ms 8811.4182

FAILED: rules (exit 1); see D:\07-GAMES\Firstlight\artifacts\connected-earth-roads-20261006\remote-full01\rules.log
