Input #0, matroska,webm, from 'D:\07-GAMES\Firstlight\artifacts\cosmos-open-confluence-20261005\capture01\512e0d1d49ab23eb299fe7086de2b4f3.webm':
  Metadata:
    ENCODER         : Lavf61.1.100
  Duration: 00:02:02.96, start: 0.000000, bitrate: 984 kb/s
  Stream #0:0: Video: vp8, yuv420p(progressive), 1440x900, SAR 1:1 DAR 8:5, 25 fps, 25 tbr, 1k tbn
      Metadata:
        ENCODER         : Lavc61.3.100 libvpx
        DURATION        : 00:02:02.960000000
Stream mapping:
  Stream #0:0 (vp8) -> split:default
  setpts:default -> Stream #0:0 (libx264)
[libx264 @ 000002ae5f540380] using SAR=1/1
[libx264 @ 000002ae5f540380] using cpu capabilities: MMX2 SSE2Fast SSSE3 SSE4.2 AVX FMA3 BMI2 AVX2 AVX512
[libx264 @ 000002ae5f540380] profile High, level 4.0, 4:2:0, 8-bit
[libx264 @ 000002ae5f540380] 264 - core 164 r3192 c24e06c - H.264/MPEG-4 AVC codec - Copyleft 2003-2024 - http://www.videolan.org/x264.html - options: cabac=1 ref=1 deblock=1:0:0 analyse=0x3:0x113 me=hex subme=2 psy=1 psy_rd=1.00:0.00 mixed_ref=0 me_range=16 chroma_me=1 trellis=0 8x8dct=1 cqm=0 deadzone=21,11 fast_pskip=1 chroma_qp_offset=0 threads=2 lookahead_threads=1 sliced_threads=0 nr=0 decimate=1 interlaced=0 bluray_compat=0 constrained_intra=0 bframes=3 b_pyramid=2 b_adapt=1 b_bias=0 direct=1 weightb=1 open_gop=0 weightp=1 keyint=250 keyint_min=25 scenecut=40 intra_refresh=0 rc_lookahead=10 rc=crf mbtree=1 crf=21.0 qcomp=0.60 qpmin=0 qpmax=69 qpstep=4 ip_ratio=1.40 aq=1:1.00
Output #0, mp4, to 'D:\07-GAMES\Firstlight\artifacts\cosmos-open-confluence-20261005\media\FIRSTLIGHT_COSMOS_GAMEPLAY.mp4':
  Metadata:
    encoder         : Lavf61.7.100
  Stream #0:0: Video: h264 (avc1 / 0x31637661), yuv420p(tv, bt470bg/unknown/unknown, progressive), 1440x900 [SAR 1:1 DAR 8:5], q=2-31, 25 fps, 25k tbn
      Metadata:
        encoder         : Lavc61.19.100 libx264
      Side data:
        cpb: bitrate max/min/avg: 0/0/0 buffer size: 0 vbv_delay: N/A
frame=   36 fps= 35 q=24.0 size=     256KiB time=00:00:01.36 bitrate=1542.3kbits/s speed=1.33x    
frame=  179 fps=116 q=26.0 size=    1536KiB time=00:00:07.08 bitrate=1777.3kbits/s speed= 4.6x    
frame=  317 fps=153 q=26.0 size=    2048KiB time=00:00:12.60 bitrate=1331.6kbits/s speed=6.09x    
frame=  526 fps=204 q=26.0 size=    3072KiB time=00:00:20.96 bitrate=1200.7kbits/s speed=8.11x    
frame=  643 fps=207 q=26.0 size=    4096KiB time=00:00:25.64 bitrate=1308.7kbits/s speed=8.27x    
frame=  684 fps=189 q=26.0 size=    4608KiB time=00:00:27.28 bitrate=1383.8kbits/s speed=7.55x    
frame=  695 fps=168 q=26.0 size=    4608KiB time=00:00:27.72 bitrate=1361.8kbits/s speed=6.72x    
frame=  734 fps=158 q=26.0 size=    5376KiB time=00:00:29.28 bitrate=1504.1kbits/s speed=6.31x    
frame=  755 fps=147 q=26.0 size=    5632KiB time=00:00:30.12 bitrate=1531.8kbits/s speed=5.85x    
[mp4 @ 000002ae5f5396c0] Starting second pass: moving the moov atom to the beginning of the file
[out#0/mp4 @ 000002ae5f539080] video:6607KiB audio:0KiB subtitle:0KiB other streams:0KiB global headers:0KiB muxing overhead: 0.157381%
frame=  825 fps=150 q=-1.0 Lsize=    6618KiB time=00:00:32.92 bitrate=1646.8kbits/s speed=5.99x    
[libx264 @ 000002ae5f540380] frame I:23    Avg QP:14.78  size: 65168
[libx264 @ 000002ae5f540380] frame P:233   Avg QP:17.24  size: 15849
[libx264 @ 000002ae5f540380] frame B:569   Avg QP:19.31  size:  2765
[libx264 @ 000002ae5f540380] consecutive B-frames:  6.2%  4.4%  3.6% 85.8%
[libx264 @ 000002ae5f540380] mb I  I16..4: 53.2% 20.0% 26.8%
[libx264 @ 000002ae5f540380] mb P  I16..4: 14.7%  5.6%  2.7%  P16..4: 14.3%  3.7%  1.6%  0.0%  0.0%    skip:57.4%
[libx264 @ 000002ae5f540380] mb B  I16..4:  2.5%  0.5%  0.0%  B16..8:  9.3%  1.7%  0.1%  direct: 3.1%  skip:82.7%  L0:46.6% L1:47.3% BI: 6.1%
[libx264 @ 000002ae5f540380] 8x8 transform intra:21.5% inter:13.4%
[libx264 @ 000002ae5f540380] coded y,uvDC,uvAC intra: 28.3% 26.9% 12.6% inter: 2.6% 5.4% 0.2%
[libx264 @ 000002ae5f540380] i16 v,h,dc,p: 40% 38% 21%  1%
[libx264 @ 000002ae5f540380] i8 v,h,dc,ddl,ddr,vr,hd,vl,hu: 28% 34% 25%  2%  2%  2%  2%  1%  4%
[libx264 @ 000002ae5f540380] i4 v,h,dc,ddl,ddr,vr,hd,vl,hu: 30% 31% 18%  3%  3%  3%  4%  2%  5%
[libx264 @ 000002ae5f540380] i8c dc,h,v,p: 57% 28% 12%  2%
[libx264 @ 000002ae5f540380] Weighted P-Frames: Y:0.4% UV:0.0%
[libx264 @ 000002ae5f540380] kb/s:1640.02
