PASS Served HTML equals regenerated build
PASS Accepted walking 11,9
PASS Reached 11,9
PASS Initial kit earned through E
PASS Field guide is a real visible workspace
PASS Fresh next step names actual Ashwood prerequisite
PASS Fresh actual next-equipped attack is 13 versus current 16
PASS Fresh next step distinguishes real blade-to-bow cadence reach and stamina
PASS Fresh lower-attack prerequisite gets an honest warning
PASS Fresh exact material cost appears without pretending to be affordable
PASS Longbow project summary retains its distinct 21-attack goal
PASS Keyboard can inspect the distinct long-term target
PASS Fresh prerequisite and expanded target fit 820px
PASS Fresh prerequisite and expanded target fit 390px
PASS Inspecting both outcomes and resizing leaves save state unchanged
PASS View shortcut remains consumed inside prerequisite preview
PASS Lower prerequisite offers an actual owned fitting alternative
PASS Pin reaches production save state
PASS Pinned weapon has a concrete HUD next action
PASS Unpin clears only project selection
PASS Accept creates the first run without entering or equipping
PASS Accepted walking 15,7
PASS Reached 15,7
PASS Accepted walking -7,3
PASS Reached -7,3
PASS Actual E records the current survey sample
PASS Native reload retains partly sampled survey
PASS Accepted walking 15,7
PASS Reached 15,7
PASS Map exposes actual survey sample and threat routes
PASS Accepted walking -7,3
PASS Reached -7,3
PASS Accepted target-select
PASS Real combat clears riverbank-survey/1:west
PASS Accepted target-clear
PASS Accepted walking 5,-3
PASS Reached 5,-3
PASS Accepted target-select
PASS Real combat clears riverbank-survey/1:east
PASS Accepted target-clear
PASS Accepted walking 5,-11
PASS Reached 5,-11
PASS Both samples recorded through E
PASS Complete riverbank survey points to the actual southern exit
PASS Native reload retains completed unclaimed survey
PASS Accepted walking 15,7
PASS Reached 15,7
PASS Accepted walking 0,12
PASS Reached 0,12
PASS Village guidance no longer points back to the riverbank exit
PASS Accepted walking 11,9
PASS Reached 11,9
PASS Beside Oren the HUD names the available claim interaction
PASS Oren opens the outstanding survey
PASS Explicit run 1 pays once
PASS Fitting compares actual attack with retained cadence
PASS Confirmed first fitting spends exact full payout
PASS Native reload retains first fitting
PASS Diorama switch retains fitting and pin
PASS Accepted walking 0,3
PASS Reached 0,3
PASS Accepted rest
PASS Accepted walking 11,9
PASS Reached 11,9
PASS Accepted walking 15,7
PASS Reached 15,7
PASS Accepted walking -7,3
PASS Reached -7,3
PASS Accepted target-select
PASS Real combat clears riverbank-survey/2:west
PASS Accepted target-clear
PASS Accepted walking 5,-3
PASS Reached 5,-3
PASS Accepted target-select
PASS Real combat clears riverbank-survey/2:east
PASS Accepted target-clear
PASS Accepted walking 5,-11
PASS Reached 5,-11
PASS Both samples recorded through E
PASS Accepted walking 0,12
PASS Reached 0,12
PASS Accepted walking 11,9
PASS Reached 11,9
PASS Oren opens the outstanding survey
PASS Explicit run 2 pays once
PASS Accepted walking 0,3
PASS Reached 0,3
PASS Accepted rest
PASS Accepted walking 11,9
PASS Reached 11,9
PASS Accepted walking 15,7
PASS Reached 15,7
PASS Accepted walking -7,3
PASS Reached -7,3
PASS Accepted target-select
PASS Real combat clears riverbank-survey/3:west
PASS Accepted target-clear
PASS Accepted walking 5,-3
PASS Reached 5,-3
PASS Accepted target-select
PASS Real combat clears riverbank-survey/3:east
PASS Accepted target-clear
PASS Accepted walking 5,-11
PASS Reached 5,-11
PASS Both samples recorded through E
PASS Accepted walking 0,12
PASS Reached 0,12
PASS Accepted walking 11,9
PASS Reached 11,9
PASS Oren opens the outstanding survey
PASS Explicit run 3 pays once
PASS Finite second fitting applied through visible command
PASS Main campaign and XP remain untouched
PASS Native reload retains finished chain
PASS Accepted walking 15,7
PASS Reached 15,7
PASS Accepted walking -5,11.5
PASS Reached -5,11.5
PASS Accepted target-select
PASS Improved blade produces real 20-damage practice impacts
PASS Accepted target-clear
PASS Earned materials make the actual prerequisite craft available
PASS Visible prerequisite craft preserves pin and explicit equip choice
PASS Prerequisite craft spends exactly its declared materials
PASS Next recipe advances to the copper target after prerequisite ownership
PASS Accepted equip
PASS Explicitly equipped prerequisite matches its actual preview
PASS Native reload retains earned prerequisite with copper target still pinned
PASS Guide previews true ranged behavior
PASS Actual copper-bow craft is deliberate and keeps old bow equipped
PASS fresh-bow confirms finite fitting 1
PASS fresh-bow confirms finite fitting 2
PASS Completed project offers no third fitting
PASS fresh-bow keeps original sockets, XP and story
PASS Camera shortcut is consumed inside guide
PASS fresh-bow guide fits narrow viewport
PASS Native reload retains fresh-bow crafted fitted equipped weapon
PASS Accepted walking 15,7
PASS Reached 15,7
PASS Accepted walking -5,6
PASS Reached -5,6
PASS Accepted target-select
PASS fresh-bow confirmed upgraded practice damage
PASS Accepted target-clear
PASS Veteran sees an honest starter-weapon warning
PASS Veteran preview includes the existing Oren temper
PASS veteran confirms finite fitting 1
PASS veteran confirms finite fitting 2
PASS Completed project offers no third fitting
PASS veteran keeps original sockets, XP and story
PASS Camera shortcut is consumed inside guide
PASS veteran guide fits narrow viewport
PASS Native reload retains veteran crafted fitted equipped weapon
PASS Accepted walking 15,7
PASS Reached 15,7
PASS Accepted walking -5,11.5
PASS Reached -5,11.5
PASS Accepted target-select
PASS veteran confirmed upgraded practice damage
PASS Accepted target-clear
PASS Capacity-blocked claim is visibly disabled
PASS Rejected UI bypass cannot spend or lose entitlement
PASS Native reload retains capacity-blocked earned entitlement
PASS No browser errors
