PASS exact regenerated offline build
PASS production walk 11,9
PASS initial kit earned through production command
PASS production walk 18,6
PASS production walk 18,6
PASS production walk -7,97
PASS trail terms show exact materials, kit eligibility, danger and separate surveys
PASS explicit UI acceptance changes no inventory and no older survey history
PASS production walk -7,97
PASS production walk 0,97
PASS production walk 0,92
PASS production walk 0,16
PASS production walk -10,15
PASS production walk -10,-12
PASS production walk -25,-12
PASS production walk -25,-11
PASS Earth UI records fallen-bough
PASS production walk -25,-12
PASS production walk -10,-12
PASS production walk -10,-34
PASS production walk 1,-35
PASS production walk 14,-34
PASS production walk 14,-19
PASS production walk 28,-19
PASS production walk 28,-16
PASS Earth UI records shore-reeds
PASS production walk 30,-25
PASS Earth UI records shore-stone
PASS production walk 28,-19
PASS production walk 14,-19
PASS production walk 14,15
PASS production walk 0,16
PASS production walk 0,92
PASS production walk 0,97
PASS production walk -3,97
PASS Earth UI records road-pack
PASS production walk -7,97
PASS Earth explicit claim gives exact existing recipe materials
PASS materials quest retains loadout, sockets and old survey ledger
PASS changed request cannot pay the same story twice
PASS production walk 11,9
PASS declared supplies really craft existing bow through UI
PASS earned bow is deliberately equipped and canonically ranged
PASS production walk 18,6
PASS production walk -5,-10
PASS accepted Atlantis work remains readable outside its realm
PASS off-realm reading has no physical grant controls
PASS accepted Atlantis work remains readable outside its realm
PASS off-realm reading has no physical grant controls
PASS accepted unpaid chart survives native home reload
PASS production walk 18,6
PASS accepted Atlantis work remains readable outside its realm
PASS off-realm reading has no physical grant controls
PASS production walk 18,6
PASS production walk 8,-16
PASS gallery invitation distinguishes dry survey from submerged chart work
PASS actual swim reaches [8, -0.5, -19.5]
PASS actual swim reaches [8, -1.05, -22]
PASS wet trail omits impossible dry walking controls
PASS physical depth action records upper-gauge
PASS actual swim reaches [8, -2.55, -28]
PASS wet trail omits impossible dry walking controls
PASS physical depth action records lower-masonry
PASS actual swim reaches [8, -2.7, -29.5]
PASS actual swim reaches [8, -2.7, -32]
PASS actual swim reaches [8, -2.7, -35]
PASS wet trail omits impossible dry walking controls
PASS wrong chart leaves save and supplies unchanged
PASS actual air court is dry body medium
PASS physical depth action records depth-chart
PASS actual swim reaches [8, -2.7, -32]
PASS actual swim reaches [8, -2.7, -29.5]
PASS actual swim reaches [8, -1.8, -29]
PASS actual swim reaches [12, -1.8, -29]
PASS actual swim reaches [12, -1.4, -38.4]
PASS wet trail omits impossible dry walking controls
PASS physical depth action records modern-marker
PASS actual swim reaches [12, -1.4, -39.3]
PASS actual far landing exits gallery
PASS production walk -5,-10
PASS Atlantis pays exact fixed reward once without replacing earlier history
PASS production walk -3,22
PASS production walk -7,-6
PASS production walk 7,-12
PASS production walk 0,-18
PASS production walk -3,22
PASS production walk 11,9
PASS fitting inspection compares actual attack, reach, cooldown, stamina and complete cost
PASS explicit fitting spends exactly complete cost and adds three attack
PASS fitting preserves bow identity, socket and prior work
PASS actual carried weapon model has new fitting material band
PASS second fitting with new request cannot spend again
PASS complete earned world saves
PASS native-origin reload retains claimed stories, fitting and equipment
PASS compact menu can still read completed fitting
PASS no browser runtime errors
