Python: 3.13.15; Node: v24.18.0
Logs: D:\07-GAMES\Firstlight\artifacts\living-road-fieldcraft-20261006\source02
Running build...
PASS: build
HTML: 3088437 bytes; SHA-256 05a30536edb018a5c9559033a530ddf259321f19453060607b6877e260d53bb5
Running syntax-adventure-art...
PASS: syntax-adventure-art
Running syntax-adventure-ui...
PASS: syntax-adventure-ui
Running syntax-adventure...
PASS: syntax-adventure
Running syntax-app...
PASS: syntax-app
Running syntax-arsenal-art...
PASS: syntax-arsenal-art
Running syntax-arsenal-ui...
PASS: syntax-arsenal-ui
Running syntax-arsenal...
PASS: syntax-arsenal
Running syntax-atlantis-campaign-art...
PASS: syntax-atlantis-campaign-art
Running syntax-atlantis-campaign-data...
PASS: syntax-atlantis-campaign-data
Running syntax-atlantis-campaign-ui...
PASS: syntax-atlantis-campaign-ui
Running syntax-atlantis-campaign...
PASS: syntax-atlantis-campaign
Running syntax-beacon-art...
PASS: syntax-beacon-art
Running syntax-beacon...
PASS: syntax-beacon
Running syntax-bridge-art...
PASS: syntax-bridge-art
Running syntax-bridge-community-art...
PASS: syntax-bridge-community-art
Running syntax-bridge-community-ui...
PASS: syntax-bridge-community-ui
Running syntax-bridge-community...
PASS: syntax-bridge-community
Running syntax-bridge-moment-view...
PASS: syntax-bridge-moment-view
Running syntax-characters-ui...
PASS: syntax-characters-ui
Running syntax-characters...
PASS: syntax-characters
Running syntax-classes-ui...
PASS: syntax-classes-ui
Running syntax-classes...
PASS: syntax-classes
Running syntax-coastward-settlement-art...
PASS: syntax-coastward-settlement-art
Running syntax-coastward-woodland-art...
PASS: syntax-coastward-woodland-art
Running syntax-combat-view...
PASS: syntax-combat-view
Running syntax-combat...
PASS: syntax-combat
Running syntax-companion-art...
PASS: syntax-companion-art
Running syntax-core...
PASS: syntax-core
Running syntax-cosmos-art...
PASS: syntax-cosmos-art
Running syntax-cosmos-campaign-art...
PASS: syntax-cosmos-campaign-art
Running syntax-cosmos-campaign-data...
PASS: syntax-cosmos-campaign-data
Running syntax-cosmos-campaign-ui...
PASS: syntax-cosmos-campaign-ui
Running syntax-cosmos-campaign...
PASS: syntax-cosmos-campaign
Running syntax-cosmos-ui...
PASS: syntax-cosmos-ui
Running syntax-cosmos...
PASS: syntax-cosmos
Running syntax-creative...
PASS: syntax-creative
Running syntax-crossing-art...
PASS: syntax-crossing-art
Running syntax-crossing-ui...
PASS: syntax-crossing-ui
Running syntax-crossing...
PASS: syntax-crossing
Running syntax-drover-art...
PASS: syntax-drover-art
Running syntax-earth-art...
PASS: syntax-earth-art
Running syntax-earth-expedition-art...
PASS: syntax-earth-expedition-art
Running syntax-earth-expedition-beast-art...
PASS: syntax-earth-expedition-beast-art
Running syntax-earth-expedition-dialogue...
PASS: syntax-earth-expedition-dialogue
Running syntax-earth-expedition-ui...
PASS: syntax-earth-expedition-ui
Running syntax-earth-expedition...
PASS: syntax-earth-expedition
Running syntax-earth-fieldcraft-art...
PASS: syntax-earth-fieldcraft-art
Running syntax-earth-fieldcraft-ui...
PASS: syntax-earth-fieldcraft-ui
Running syntax-earth-fieldcraft...
PASS: syntax-earth-fieldcraft
Running syntax-earth-homecoming-art...
PASS: syntax-earth-homecoming-art
Running syntax-earth-homecoming-data...
PASS: syntax-earth-homecoming-data
Running syntax-earth-homecoming-ui...
PASS: syntax-earth-homecoming-ui
Running syntax-earth-homecoming...
PASS: syntax-earth-homecoming
Running syntax-earth-notes-art...
PASS: syntax-earth-notes-art
Running syntax-earth-notes-ui...
PASS: syntax-earth-notes-ui
Running syntax-earth-notes...
PASS: syntax-earth-notes
Running syntax-earth-road-art...
PASS: syntax-earth-road-art
Running syntax-earth-road-ui...
PASS: syntax-earth-road-ui
Running syntax-earth-road...
PASS: syntax-earth-road
Running syntax-earth-shoulder-art...
PASS: syntax-earth-shoulder-art
Running syntax-earth-story-ui...
PASS: syntax-earth-story-ui
Running syntax-earth-story...
PASS: syntax-earth-story
Running syntax-earth-ui...
PASS: syntax-earth-ui
Running syntax-earth...
PASS: syntax-earth
Running syntax-elderweald-trail-art...
PASS: syntax-elderweald-trail-art
Running syntax-elderweald-world...
PASS: syntax-elderweald-world
Running syntax-engine...
PASS: syntax-engine
Running syntax-experience...
PASS: syntax-experience
Running syntax-gathering-adapter...
PASS: syntax-gathering-adapter
Running syntax-gathering-art...
PASS: syntax-gathering-art
Running syntax-gathering-music...
PASS: syntax-gathering-music
Running syntax-gathering-ui...
PASS: syntax-gathering-ui
Running syntax-gathering...
PASS: syntax-gathering
Running syntax-heaven-campaign-art...
PASS: syntax-heaven-campaign-art
Running syntax-heaven-campaign-data...
PASS: syntax-heaven-campaign-data
Running syntax-heaven-campaign-ui...
PASS: syntax-heaven-campaign-ui
Running syntax-heaven-campaign...
PASS: syntax-heaven-campaign
Running syntax-hell-campaign-art...
PASS: syntax-hell-campaign-art
Running syntax-hell-campaign-data...
PASS: syntax-hell-campaign-data
Running syntax-hell-campaign-ui...
PASS: syntax-hell-campaign-ui
Running syntax-hell-campaign...
PASS: syntax-hell-campaign
Running syntax-home-history-art...
PASS: syntax-home-history-art
Running syntax-home-history-ui...
PASS: syntax-home-history-ui
Running syntax-home-history...
PASS: syntax-home-history
Running syntax-local-life-art...
PASS: syntax-local-life-art
Running syntax-local-life-ui...
PASS: syntax-local-life-ui
Running syntax-local-life...
PASS: syntax-local-life
Running syntax-mill-gate-art...
PASS: syntax-mill-gate-art
Running syntax-millwright-art...
PASS: syntax-millwright-art
Running syntax-pursuit-ui...
PASS: syntax-pursuit-ui
Running syntax-pursuit...
PASS: syntax-pursuit
Running syntax-quarry-art...
PASS: syntax-quarry-art
Running syntax-realm-art-data...
PASS: syntax-realm-art-data
Running syntax-realm-atlas-ui...
PASS: syntax-realm-atlas-ui
Running syntax-realm-craft...
PASS: syntax-realm-craft
Running syntax-realm-givers-art...
PASS: syntax-realm-givers-art
Running syntax-realm-trails-art...
PASS: syntax-realm-trails-art
Running syntax-realm-trails-cosmos...
PASS: syntax-realm-trails-cosmos
Running syntax-realm-trails-north...
PASS: syntax-realm-trails-north
Running syntax-realm-trails-south...
PASS: syntax-realm-trails-south
Running syntax-realm-trails-ui...
PASS: syntax-realm-trails-ui
Running syntax-realm-trails...
PASS: syntax-realm-trails
Running syntax-road-art...
PASS: syntax-road-art
Running syntax-road...
PASS: syntax-road
Running syntax-rpg-ui...
PASS: syntax-rpg-ui
Running syntax-sandbox-art...
PASS: syntax-sandbox-art
Running syntax-sandbox-ui...
PASS: syntax-sandbox-ui
Running syntax-sandbox...
PASS: syntax-sandbox
Running syntax-skitter-art...
PASS: syntax-skitter-art
Running syntax-soundscape...
PASS: syntax-soundscape
Running syntax-starter-art...
PASS: syntax-starter-art
Running syntax-starter-ui...
PASS: syntax-starter-ui
Running syntax-starter...
PASS: syntax-starter
Running syntax-surface-assets...
PASS: syntax-surface-assets
Running syntax-traveler-art...
PASS: syntax-traveler-art
Running syntax-traveler-equipment-art...
PASS: syntax-traveler-equipment-art
Running syntax-workshop-transactions...
PASS: syntax-workshop-transactions
Running syntax-world-atlantis-earth...
PASS: syntax-world-atlantis-earth
Running syntax-world-foundations-art...
PASS: syntax-world-foundations-art
Running syntax-world-foundations-ui...
PASS: syntax-world-foundations-ui
Running syntax-world-foundations...
PASS: syntax-world-foundations
Running syntax-world-ground-coalescing...
PASS: syntax-world-ground-coalescing
Running syntax-world-heaven-hell...
PASS: syntax-world-heaven-hell
Running syntax-world...
PASS: syntax-world
Running rules...
PASS: rules
1..1680
# tests 1680
# suites 0
# pass 1678
# fail 0
# cancelled 0
# skipped 2
# todo 0
# duration_ms 11615.6992
Running python...
n_d_output_is_refused_without_requiring_d_for_cpu_fixtures (test_verify_earth_homecoming.EarthNativeVerifier.test_windows_non_d_output_is_refused_without_requiring_d_for_cpu_fixtures) ... ok
test_wrong_root_or_missing_callers_refuse (test_verify_earth_homecoming.EarthNativeVerifier.test_wrong_root_or_missing_callers_refuse) ... ok
test_actual_current_game_source_readback_is_pure_without_browser_execution (test_verify_onboarding.OnboardingVerifier.test_actual_current_game_source_readback_is_pure_without_browser_execution) ... ok
test_actual_native_preflight_is_inert_and_needs_no_renderer_dependencies (test_verify_onboarding.OnboardingVerifier.test_actual_native_preflight_is_inert_and_needs_no_renderer_dependencies) ... ok
test_actual_native_source_validator_refuses_stale_caller_embedding (test_verify_onboarding.OnboardingVerifier.test_actual_native_source_validator_refuses_stale_caller_embedding) ... ok
test_actual_native_source_validator_refuses_unequal_pages (test_verify_onboarding.OnboardingVerifier.test_actual_native_source_validator_refuses_unequal_pages) ... ok
test_browser_gate_failure_is_not_swallowed_or_relabelled_as_optional (test_verify_onboarding.OnboardingVerifier.test_browser_gate_failure_is_not_swallowed_or_relabelled_as_optional) ... ok
test_existing_output_preserves_payload_and_is_never_reused (test_verify_onboarding.OnboardingVerifier.test_existing_output_preserves_payload_and_is_never_reused) ... ok
test_explicit_args_override_unrelated_root_output_environment (test_verify_onboarding.OnboardingVerifier.test_explicit_args_override_unrelated_root_output_environment) ... ok
test_game_output_ancestors_descendants_and_drive_root_are_refused (test_verify_onboarding.OnboardingVerifier.test_game_output_ancestors_descendants_and_drive_root_are_refused) ... ok
test_main_preserves_all46_contracts_and_adds_required47th_after_same_invocation_earth (test_verify_onboarding.OnboardingVerifier.test_main_preserves_all46_contracts_and_adds_required47th_after_same_invocation_earth) ... ok
test_recording_cpu_uses_same_current_cohort_without_launching_a_take (test_verify_onboarding.OnboardingVerifier.test_recording_cpu_uses_same_current_cohort_without_launching_a_take) ... ok
test_required_command_has_current_root_fresh_child_and_software_no_seed_or_video_flags (test_verify_onboarding.OnboardingVerifier.test_required_command_has_current_root_fresh_child_and_software_no_seed_or_video_flags) ... ok
test_required_recording_cpu_failure_stops_the_invocation (test_verify_onboarding.OnboardingVerifier.test_required_recording_cpu_failure_stops_the_invocation) ... ok
test_source_only_invocation_never_requests_onboarding_browser (test_verify_onboarding.OnboardingVerifier.test_source_only_invocation_never_requests_onboarding_browser) ... ok
test_windows_non_d_output_is_refused_without_coercing_path (test_verify_onboarding.OnboardingVerifier.test_windows_non_d_output_is_refused_without_coercing_path) ... ok
test_wrong_root_missing_tool_or_core_refuse_before_output (test_verify_onboarding.OnboardingVerifier.test_wrong_root_missing_tool_or_core_refuse_before_output) ... ok

======================================================================
ERROR: test_requested_camera_projection_matches_exact_installed_camera_dispatch (test_capture_earth_homecoming.ActualProductionController.test_requested_camera_projection_matches_exact_installed_camera_dispatch)
----------------------------------------------------------------------
Traceback (most recent call last):
  File "D:\07-GAMES\Firstlight\authoring\atlantis-harbour-campaign-20261004\tests\test_capture_earth_homecoming.py", line 195, in test_requested_camera_projection_matches_exact_installed_camera_dispatch
            actual=self.node(r"""
                   ~~~~~~~~~^^^^^
    const fs=require('node:fs'),path=require('node:path'),vm=require('node:vm'),root=process.argv[1];
    ^^^^^^^^^^^^^^^^^^^^^^^^^^^^^^^^^^^^^^^^^^^^^^^^^^^^^^^^^^^^^^^^^^^^^^^^^^^^^^^^^^^^^^^^^^^^^^^^^
    ...<9 lines>...
    console.log(JSON.stringify(out));
    ^^^^^^^^^^^^^^^^^^^^^^^^^^^^^^^^^
    """,{})
    ^^^^^^^
  File "D:\07-GAMES\Firstlight\authoring\atlantis-harbour-campaign-20261004\tests\test_capture_earth_homecoming.py", line 154, in node
    result=subprocess.run(['node','-e',program,str(ROOT)],input=json.dumps(payload),capture_output=True,text=True,check=True)
  File "C:\Users\Dom\AppData\Local\Programs\Python\Python313\Lib\subprocess.py", line 577, in run
    raise CalledProcessError(retcode, process.args,
                             output=stdout, stderr=stderr)
subprocess.CalledProcessError: Command '['node', '-e', "\nconst fs=require('node:fs'),path=require('node:path'),vm=require('node:vm'),root=process.argv[1];\nconst C=require(path.join(root,'src/core.js')),W=require(path.join(root,'src/world-foundations.js'));\nconst app=fs.readFileSync(path.join(root,'src/app.js'),'utf8'),start=app.indexOf('function updateCamera(dt)'),end=app.indexOf('function cameraPreset(',start);\nconst sim=new C.Simulation(C.fresh());sim.room='world-earthlands';const out={};\nfor(const preset of['adventure','follow']){let projection=null;\nconst scope={sim,RealmWorldFoundations:W,RealmEarth:require(path.join(root,'src/earth.js')),RealmCosmos:require(path.join(root,'src/cosmos.js')),\n Math,innerWidth:1440,innerHeight:900,follow:null,sceneHeight:()=>W.height(sim.room,sim.state.player.x,sim.state.player.z),\n camera:{preset,yaw:.22,elevation:.28,distance:7.5,actualDistance:7.5,fov:60,half:17,center:[0,3,0],tour:false,overview:false},\n engine:{clearCameraDistance:()=>7.5,setCamera:v=>{projection=v.projection||'orthographic';}}};\nvm.runInNewContext(app.slice(start,end)+';updateCamera(.016)',scope);out[preset]=projection;}\nconsole.log(JSON.stringify(out));\n", 'D:\\07-GAMES\\Firstlight\\authoring\\atlantis-harbour-campaign-20261004']' returned non-zero exit status 1.

----------------------------------------------------------------------
Ran 262 tests in 43.039s

FAILED (errors=1, skipped=8)

FAILED: python (exit 1); see D:\07-GAMES\Firstlight\artifacts\living-road-fieldcraft-20261006\source02\python.log
