{"status":"passed","variant":"fresh-blade","combat":4.050000000000921,"swims":36,"sourceDrift":false}
{"status":"passed","variant":"fresh-bow","combat":6.700000000001523,"swims":36,"sourceDrift":false}
{"status":"passed","variant":"returning-strongest","combat":1.3999999999987267,"swims":36,"sourceDrift":false}
PASS fresh-blade · native cohort stays within six owned isolated profiles
PASS fresh-blade · exact frozen HTML is served over isolated loopback
PASS fresh-blade · actual WebGL2 client is available
PASS fresh-blade · software renderer is explicitly observed
PASS fresh-blade · visible import adds a character and preserves original legacy save bytes
PASS fresh-blade · actual native import preserves full kit, prior campaign history, sockets and both camera records
PASS fresh-blade · native travel visibly confirms its saved home checkpoint
PASS fresh-blade · native travel reaches the actual bounded Atlantis room
PASS fresh-blade · resolved bearing never recreates a live Custodian on reentry
PASS fresh-blade · visible terms disclose fixed threats, exact fee, depth, supplied bypass and all dispositions
PASS fresh-blade · native reading grants no consent, progression or payment
PASS fresh-blade · native Walk is never used as a submerged transfer
PASS fresh-blade · production walking reaches Sahra · instrument-maker
PASS fresh-blade · native explicit acceptance has no material charge
PASS fresh-blade · accepted uses the production native save
PASS fresh-blade · accepted stores the complete actual owner and belongings
PASS fresh-blade · accepted preserves the full other original native character slot value
PASS fresh-blade · accepted last observed successful write is the owned active library
PASS fresh-blade · exact frozen HTML is served over isolated loopback
PASS fresh-blade · actual WebGL2 client is available
PASS fresh-blade · software renderer is explicitly observed
PASS fresh-blade · accepted whole-Chromium cold load preserves exact native bytes
PASS fresh-blade · accepted loads native history without another import and resets only scene/depth
PASS fresh-blade · accepted cold load preserves the full other original native character slot value
PASS fresh-blade · native travel visibly confirms its saved home checkpoint
PASS fresh-blade · native travel reaches the actual bounded Atlantis room
PASS fresh-blade · resolved bearing never recreates a live Custodian on reentry
PASS fresh-blade · native map distinguishes dry Walk from physical wet depth reading
PASS fresh-blade · native Walk is never used as a submerged transfer
PASS fresh-blade · production walking reaches Compare Ilyra’s two arrival receipts
PASS fresh-blade · actual visible physical action records receipt-conflict
PASS fresh-blade · actual-records-keeper uses the actual adventure view
PASS fresh-blade · actual-records-keeper has causal actual framebuffer pixels and exact restoration
PASS fresh-blade · actual-records-keeper uses the actual follow view
PASS fresh-blade · actual-records-keeper has causal actual framebuffer pixels and exact restoration
PASS fresh-blade · native Walk is never used as a submerged transfer
PASS fresh-blade · production walking reaches Retain an Upper or Lower investigation approach
PASS fresh-blade · first-stage native preview grants no approach/disposition
PASS fresh-blade · native cancel leaves the lasting record undecided
PASS fresh-blade · explicit current-owner second-stage confirmation records upper
PASS fresh-blade · native wet map link reads real depth instructions without walking or recording work
PASS fresh-blade · retained-approach uses the production native save
PASS fresh-blade · retained-approach stores the complete actual owner and belongings
PASS fresh-blade · retained-approach preserves the full other original native character slot value
PASS fresh-blade · retained-approach last observed successful write is the owned active library
PASS fresh-blade · exact frozen HTML is served over isolated loopback
PASS fresh-blade · actual WebGL2 client is available
PASS fresh-blade · software renderer is explicitly observed
PASS fresh-blade · retained-approach whole-Chromium cold load preserves exact native bytes
PASS fresh-blade · retained-approach loads native history without another import and resets only scene/depth
PASS fresh-blade · retained-approach cold load preserves the full other original native character slot value
PASS fresh-blade · native travel visibly confirms its saved home checkpoint
PASS fresh-blade · native travel reaches the actual bounded Atlantis room
PASS fresh-blade · resolved bearing never recreates a live Custodian on reentry
PASS fresh-blade · production route is accepted for actual dry gallery entry
PASS fresh-blade · production walking reaches actual dry gallery entry
PASS fresh-blade · physical arrival has no actor teleport for actual dry gallery entry
PASS fresh-blade · visible existing gallery entry creates real visitor depth
PASS fresh-blade · accelerated production swimming reaches the actual depth route [8, -1.05, -22]
PASS fresh-blade · actual visible physical action records upper-reading
PASS fresh-blade · other evidence never replaces the retained approach or its required reading
PASS fresh-blade · accelerated production swimming reaches the actual depth route [8, -1.05, -25]
PASS fresh-blade · actual accepted shallow current shifts only supported horizontal position
PASS fresh-blade · accelerated production swimming reaches the actual depth route [8, -2.55, -28]
PASS fresh-blade · actual lower band remains quiet without air timers or underwater combat
PASS fresh-blade · actual visible physical action records lower-reading
PASS fresh-blade · accelerated production swimming reaches the actual depth route [8, -2.7, -29.5]
PASS fresh-blade · accelerated production swimming reaches the actual depth route [8, -2.7, -32]
PASS fresh-blade · accelerated production swimming reaches the actual depth route [8, -2.7, -35]
PASS fresh-blade · actual Bellglass air court is quiet, dry and combat-free
PASS fresh-blade · actual visible physical action records diagnose-flow
PASS fresh-blade · accelerated production swimming reaches the actual depth route [8, -2.7, -32]
PASS fresh-blade · accelerated production swimming reaches the actual depth route [8, -2.7, -29.5]
PASS fresh-blade · accelerated production swimming reaches the actual depth route [8, -1.8, -29]
PASS fresh-blade · accelerated production swimming reaches the actual depth route [12, -1.8, -29]
PASS fresh-blade · accelerated production swimming reaches the actual depth route [8, -1.8, -29]
PASS fresh-blade · accelerated production swimming reaches the actual depth route [8, -2.55, -28]
PASS fresh-blade · accelerated production swimming reaches the actual depth route [8, -1.05, -22]
PASS fresh-blade · actual visible physical action records inlet-set
PASS fresh-blade · partial-inlet-pressure uses the production native save
PASS fresh-blade · partial-inlet-pressure stores the complete actual owner and belongings
PASS fresh-blade · partial-inlet-pressure preserves the full other original native character slot value
PASS fresh-blade · partial-inlet-pressure last observed successful write is the owned active library
PASS fresh-blade · exact frozen HTML is served over isolated loopback
PASS fresh-blade · actual WebGL2 client is available
PASS fresh-blade · software renderer is explicitly observed
PASS fresh-blade · partial-inlet-pressure whole-Chromium cold load preserves exact native bytes
PASS fresh-blade · partial-inlet-pressure loads native history without another import and resets only scene/depth
PASS fresh-blade · partial-inlet-pressure cold load preserves the full other original native character slot value
PASS fresh-blade · native travel visibly confirms its saved home checkpoint
PASS fresh-blade · native travel reaches the actual bounded Atlantis room
PASS fresh-blade · resolved bearing never recreates a live Custodian on reentry
PASS fresh-blade · production route is accepted for actual dry gallery entry
PASS fresh-blade · production walking reaches actual dry gallery entry
PASS fresh-blade · physical arrival has no actor teleport for actual dry gallery entry
PASS fresh-blade · visible existing gallery entry creates real visitor depth
PASS fresh-blade · accelerated production swimming reaches the actual depth route [8, -2.55, -28]
PASS fresh-blade · accelerated production swimming reaches the actual depth route [8, -2.7, -29.5]
PASS fresh-blade · accelerated production swimming reaches the actual depth route [8, -2.7, -32]
PASS fresh-blade · accelerated production swimming reaches the actual depth route [8, -2.7, -35]
PASS fresh-blade · actual visible physical action records equalizer-set
PASS fresh-blade · accelerated production swimming reaches the actual depth route [8, -2.7, -32]
PASS fresh-blade · accelerated production swimming reaches the actual depth route [8, -2.7, -29.5]
PASS fresh-blade · accelerated production swimming reaches the actual depth route [8, -1.8, -29]
PASS fresh-blade · accelerated production swimming reaches the actual depth route [12, -1.8, -29]
PASS fresh-blade · accelerated production swimming reaches the actual depth route [12, -1.4, -38.4]
PASS fresh-blade · actual visible physical action records outlet-set
PASS fresh-blade · correct physical outlet independently stops the current
PASS fresh-blade · accelerated production swimming reaches the actual depth route [12, -1.4, -39.3]
PASS fresh-blade · native E at the real landing returns to supported dry ground
PASS fresh-blade · native Walk is never used as a submerged transfer
PASS fresh-blade · production walking reaches Secure Damar’s local waiting bay
PASS fresh-blade · actual visible physical action records secure-carrier
PASS fresh-blade · actual-secured-carrier uses the actual adventure view
PASS fresh-blade · actual-secured-carrier has causal actual framebuffer pixels and exact restoration
PASS fresh-blade · actual-secured-carrier uses the actual follow view
PASS fresh-blade · actual-secured-carrier has causal actual framebuffer pixels and exact restoration
PASS fresh-blade · native Walk is never used as a submerged transfer
PASS fresh-blade · production walking reaches Begin the dry-quay Custodian release
PASS fresh-blade · actual visible physical action records challenge-custodian
PASS fresh-blade · production route is accepted for ordinary owned weapon range
PASS fresh-blade · production walking reaches ordinary owned weapon range
PASS fresh-blade · physical arrival has no actor teleport for ordinary owned weapon range
PASS fresh-blade · native target key selects the real Custodian
PASS fresh-blade · actual AI locks sweep with its declared normal stats
PASS fresh-blade · fixed Custodian stats remain 128 health and 10 damage
PASS fresh-blade · integrated actor and paired warning vertices fit the actual anchored locked frame
PASS fresh-blade · actual-municipal-custodian uses the actual adventure view
PASS fresh-blade · actual-municipal-custodian has causal actual framebuffer pixels and exact restoration
PASS fresh-blade · actual-sweep-locked-warning uses the actual adventure view
PASS fresh-blade · actual-sweep-locked-warning has causal actual framebuffer pixels and exact restoration
PASS fresh-blade · actual-paired-warning-inlay uses the actual adventure view
PASS fresh-blade · actual-paired-warning-inlay has causal actual framebuffer pixels and exact restoration
PASS fresh-blade · actual-municipal-custodian uses the actual follow view
PASS fresh-blade · actual-municipal-custodian has causal actual framebuffer pixels and exact restoration
PASS fresh-blade · actual-sweep-locked-warning uses the actual follow view
PASS fresh-blade · actual-sweep-locked-warning has causal actual framebuffer pixels and exact restoration
PASS fresh-blade · actual-paired-warning-inlay uses the actual follow view
PASS fresh-blade · actual-paired-warning-inlay has causal actual framebuffer pixels and exact restoration
PASS fresh-blade · empty-geometry positive control detects the actual fresh framebuffer
PASS fresh-blade · real windup/contact/recovery keeps one locked frame and live supported traveller
PASS fresh-blade · production route is accepted for actual intake distance four
PASS fresh-blade · production walking reaches actual intake distance four
PASS fresh-blade · physical arrival has no actor teleport for actual intake distance four
PASS fresh-blade · actual AI locks intake with its declared normal stats
PASS fresh-blade · fixed Custodian stats remain 128 health and 10 damage
PASS fresh-blade · actual-intake-warning uses the actual adventure view
PASS fresh-blade · actual-intake-warning has causal actual framebuffer pixels and exact restoration
PASS fresh-blade · actual-intake-paired-inlay uses the actual adventure view
PASS fresh-blade · actual-intake-paired-inlay has causal actual framebuffer pixels and exact restoration
PASS fresh-blade · actual-intake-warning uses the actual follow view
PASS fresh-blade · actual-intake-warning has causal actual framebuffer pixels and exact restoration
PASS fresh-blade · actual-intake-paired-inlay uses the actual follow view
PASS fresh-blade · actual-intake-paired-inlay has causal actual framebuffer pixels and exact restoration
PASS fresh-blade · integrated actor and paired warning vertices fit the actual anchored locked frame
PASS fresh-blade · real windup/contact/recovery keeps one locked frame and live supported traveller
PASS fresh-blade · actual intake physically pulls the live body and makes one ordinary contact
PASS fresh-blade · production route is accepted for second actual intake aim
PASS fresh-blade · production walking reaches second actual intake aim
PASS fresh-blade · physical arrival has no actor teleport for second actual intake aim
PASS fresh-blade · actual AI locks intake with its declared normal stats
PASS fresh-blade · fixed Custodian stats remain 128 health and 10 damage
PASS fresh-blade · production route is accepted for supported sidestep outside the locked lane
PASS fresh-blade · production walking reaches supported sidestep outside the locked lane
PASS fresh-blade · physical arrival has no actor teleport for supported sidestep outside the locked lane
PASS fresh-blade · real windup/contact/recovery keeps one locked frame and live supported traveller
PASS fresh-blade · supported movement outside the immutable lane avoids both pull and damage
PASS fresh-blade · actual anchored intake has the supported centerline-clear municipal cover lane
PASS fresh-blade · production route is accepted for actual centerline-clear solid-cover lane
PASS fresh-blade · production walking reaches actual centerline-clear solid-cover lane
PASS fresh-blade · physical arrival has no actor teleport for actual centerline-clear solid-cover lane
PASS fresh-blade · actual AI locks intake with its declared normal stats
PASS fresh-blade · fixed Custodian stats remain 128 health and 10 damage
PASS fresh-blade · actual opaque cover clips the whole locked width before the reachable target
PASS fresh-blade · actual-collision-owned-service-bollard uses the actual adventure view
PASS fresh-blade · actual-collision-owned-service-bollard has causal actual framebuffer pixels and exact restoration
PASS fresh-blade · actual-collision-owned-service-bollard uses the actual follow view
PASS fresh-blade · actual-collision-owned-service-bollard has causal actual framebuffer pixels and exact restoration
PASS fresh-blade · real windup/contact/recovery keeps one locked frame and live supported traveller
PASS fresh-blade · the real solid-clipped lane grants no through-cover pull or contact
PASS fresh-blade · production route is accepted for blade approach after actual intake probes
PASS fresh-blade · production walking reaches blade approach after actual intake probes
PASS fresh-blade · physical arrival has no actor teleport for blade approach after actual intake probes
PASS fresh-blade · native owned weapon contact uses real production time and survival
PASS fresh-blade · bounded actual combat remains alive
PASS fresh-blade · bounded actual combat remains alive
PASS fresh-blade · bounded actual combat remains alive
PASS fresh-blade · bounded actual combat remains alive
PASS fresh-blade · bounded actual combat remains alive
PASS fresh-blade · bounded actual combat remains alive
PASS fresh-blade · bounded actual combat remains alive
PASS fresh-blade · bounded actual combat remains alive
PASS fresh-blade · bounded actual combat remains alive
PASS fresh-blade · bounded actual combat remains alive
PASS fresh-blade · bounded actual combat remains alive
PASS fresh-blade · bounded actual combat remains alive
PASS fresh-blade · real combat exhausts only the authored bearing
PASS fresh-blade · real weapon callers contributed to exhaustion
PASS fresh-blade · actual exhaustion has no legacy fee, loot or material payout
PASS fresh-blade · actual-bearing-exposed uses the production native save
PASS fresh-blade · actual-bearing-exposed stores the complete actual owner and belongings
PASS fresh-blade · actual-bearing-exposed preserves the full other original native character slot value
PASS fresh-blade · actual-bearing-exposed last observed successful write is the owned active library
PASS fresh-blade · exact frozen HTML is served over isolated loopback
PASS fresh-blade · actual WebGL2 client is available
PASS fresh-blade · software renderer is explicitly observed
PASS fresh-blade · actual-bearing-exposed whole-Chromium cold load preserves exact native bytes
PASS fresh-blade · actual-bearing-exposed loads native history without another import and resets only scene/depth
PASS fresh-blade · actual-bearing-exposed cold load preserves the full other original native character slot value
PASS fresh-blade · native travel visibly confirms its saved home checkpoint
PASS fresh-blade · native travel reaches the actual bounded Atlantis room
PASS fresh-blade · resolved bearing never recreates a live Custodian on reentry
PASS fresh-blade · native Walk is never used as a submerged transfer
PASS fresh-blade · production walking reaches Stabilize the west release first
PASS fresh-blade · actual visible physical action records release-west
PASS fresh-blade · native Walk is never used as a submerged transfer
PASS fresh-blade · production walking reaches Stabilize the east release second
PASS fresh-blade · actual visible physical action records release-east
PASS fresh-blade · native Walk is never used as a submerged transfer
PASS fresh-blade · production walking reaches Verify the settled municipal Custodian
PASS fresh-blade · actual visible physical action records custodian-stable
PASS fresh-blade · independent-safety-before-disposition uses the production native save
PASS fresh-blade · independent-safety-before-disposition stores the complete actual owner and belongings
PASS fresh-blade · independent-safety-before-disposition preserves the full other original native character slot value
PASS fresh-blade · independent-safety-before-disposition last observed successful write is the owned active library
PASS fresh-blade · exact frozen HTML is served over isolated loopback
PASS fresh-blade · actual WebGL2 client is available
PASS fresh-blade · software renderer is explicitly observed
PASS fresh-blade · independent-safety-before-disposition whole-Chromium cold load preserves exact native bytes
PASS fresh-blade · independent-safety-before-disposition loads native history without another import and resets only scene/depth
PASS fresh-blade · independent-safety-before-disposition cold load preserves the full other original native character slot value
PASS fresh-blade · native travel visibly confirms its saved home checkpoint
PASS fresh-blade · native travel reaches the actual bounded Atlantis room
PASS fresh-blade · resolved bearing never recreates a live Custodian on reentry
PASS fresh-blade · native Walk is never used as a submerged transfer
PASS fresh-blade · production walking reaches Choose the local passage and evidence disposition
PASS fresh-blade · first-stage native preview grants no approach/disposition
PASS fresh-blade · native cancel leaves the lasting record undecided
PASS fresh-blade · explicit current-owner second-stage confirmation records publish
PASS fresh-blade · publish-whole-local-record uses the actual adventure view
PASS fresh-blade · publish-whole-local-record has causal actual framebuffer pixels and exact restoration
PASS fresh-blade · publish-distinct-local-fitting uses the actual adventure view
PASS fresh-blade · publish-distinct-local-fitting has causal actual framebuffer pixels and exact restoration
PASS fresh-blade · publish-whole-local-record uses the actual follow view
PASS fresh-blade · publish-whole-local-record has causal actual framebuffer pixels and exact restoration
PASS fresh-blade · publish-distinct-local-fitting uses the actual follow view
PASS fresh-blade · publish-distinct-local-fitting has causal actual framebuffer pixels and exact restoration
PASS fresh-blade · retained-disposition uses the production native save
PASS fresh-blade · retained-disposition stores the complete actual owner and belongings
PASS fresh-blade · retained-disposition preserves the full other original native character slot value
PASS fresh-blade · retained-disposition last observed successful write is the owned active library
PASS fresh-blade · exact frozen HTML is served over isolated loopback
PASS fresh-blade · actual WebGL2 client is available
PASS fresh-blade · software renderer is explicitly observed
PASS fresh-blade · retained-disposition whole-Chromium cold load preserves exact native bytes
PASS fresh-blade · retained-disposition loads native history without another import and resets only scene/depth
PASS fresh-blade · retained-disposition cold load preserves the full other original native character slot value
PASS fresh-blade · native travel visibly confirms its saved home checkpoint
PASS fresh-blade · native travel reaches the actual bounded Atlantis room
PASS fresh-blade · resolved bearing never recreates a live Custodian on reentry
PASS fresh-blade · native Walk is never used as a submerged transfer
PASS fresh-blade · production walking reaches Verify the selected record and supervised handoff
PASS fresh-blade · actual visible physical action records verify-passage
PASS fresh-blade · verified local record has every authored recognition caller and remains unpaid
PASS fresh-blade · all native acceptance, optional readings, pressure, actual combat and verification leave the fixed fee unpaid
PASS fresh-blade · verified-unpaid uses the production native save
PASS fresh-blade · verified-unpaid stores the complete actual owner and belongings
PASS fresh-blade · verified-unpaid preserves the full other original native character slot value
PASS fresh-blade · verified-unpaid last observed successful write is the owned active library
PASS fresh-blade · exact frozen HTML is served over isolated loopback
PASS fresh-blade · actual WebGL2 client is available
PASS fresh-blade · software renderer is explicitly observed
PASS fresh-blade · verified-unpaid whole-Chromium cold load preserves exact native bytes
PASS fresh-blade · verified-unpaid loads native history without another import and resets only scene/depth
PASS fresh-blade · verified-unpaid cold load preserves the full other original native character slot value
PASS fresh-blade · native travel visibly confirms its saved home checkpoint
PASS fresh-blade · native travel reaches the actual bounded Atlantis room
PASS fresh-blade · resolved bearing never recreates a live Custodian on reentry
PASS fresh-blade · native Walk is never used as a submerged transfer
PASS fresh-blade · production walking reaches Sahra · instrument-maker
PASS fresh-blade · native deliberate claim pays the whole fixed fee, including crystal, exactly once
PASS fresh-blade · all previous owners survive the full native campaign without new gear or dropped history
PASS fresh-blade · paid UI has no repeat payout button
PASS fresh-blade · paid-once uses the production native save
PASS fresh-blade · paid-once stores the complete actual owner and belongings
PASS fresh-blade · paid-once preserves the full other original native character slot value
PASS fresh-blade · paid-once last observed successful write is the owned active library
PASS fresh-blade · exact frozen HTML is served over isolated loopback
PASS fresh-blade · actual WebGL2 client is available
PASS fresh-blade · software renderer is explicitly observed
PASS fresh-blade · paid-once whole-Chromium cold load preserves exact native bytes
PASS fresh-blade · paid-once loads native history without another import and resets only scene/depth
PASS fresh-blade · paid-once cold load preserves the full other original native character slot value
PASS fresh-blade · native travel visibly confirms its saved home checkpoint
PASS fresh-blade · native travel reaches the actual bounded Atlantis room
PASS fresh-blade · resolved bearing never recreates a live Custodian on reentry
PASS fresh-blade · labelled production command replay after cold load cannot pay twice
PASS fresh-blade · full earned continuation preserves the full other original native character slot value
PASS fresh-blade-SYNTHETIC-crystal-capacity · native cohort stays within six owned isolated profiles
PASS fresh-blade-SYNTHETIC-crystal-capacity · exact frozen HTML is served over isolated loopback
PASS fresh-blade-SYNTHETIC-crystal-capacity · actual WebGL2 client is available
PASS fresh-blade-SYNTHETIC-crystal-capacity · software renderer is explicitly observed
PASS fresh-blade-SYNTHETIC-crystal-capacity · visible import adds a character and preserves original legacy save bytes
PASS fresh-blade-SYNTHETIC-crystal-capacity · native travel visibly confirms its saved home checkpoint
PASS fresh-blade-SYNTHETIC-crystal-capacity · native travel reaches the actual bounded Atlantis room
PASS fresh-blade-SYNTHETIC-crystal-capacity · resolved bearing never recreates a live Custodian on reentry
PASS fresh-blade-SYNTHETIC-crystal-capacity · native Walk is never used as a submerged transfer
PASS fresh-blade-SYNTHETIC-crystal-capacity · production walking reaches Sahra · instrument-maker
PASS fresh-blade-SYNTHETIC-crystal-capacity · isolated crystal-capacity refuses the whole fee without changing native bytes or state
PASS fresh-blade-SYNTHETIC-crystal-capacity · isolated refusal remains visibly complete and unpaid
PASS fresh-blade-SYNTHETIC-crystal-capacity · separate labelled synthetic probe preserves the full other original native character slot value
PASS fresh-blade-SYNTHETIC-claim-write-refusal · native cohort stays within six owned isolated profiles
PASS fresh-blade-SYNTHETIC-claim-write-refusal · exact frozen HTML is served over isolated loopback
PASS fresh-blade-SYNTHETIC-claim-write-refusal · actual WebGL2 client is available
PASS fresh-blade-SYNTHETIC-claim-write-refusal · software renderer is explicitly observed
PASS fresh-blade-SYNTHETIC-claim-write-refusal · visible import adds a character and preserves original legacy save bytes
PASS fresh-blade-SYNTHETIC-claim-write-refusal · native travel visibly confirms its saved home checkpoint
PASS fresh-blade-SYNTHETIC-claim-write-refusal · native travel reaches the actual bounded Atlantis room
PASS fresh-blade-SYNTHETIC-claim-write-refusal · resolved bearing never recreates a live Custodian on reentry
PASS fresh-blade-SYNTHETIC-claim-write-refusal · native Walk is never used as a submerged transfer
PASS fresh-blade-SYNTHETIC-claim-write-refusal · production walking reaches Sahra · instrument-maker
PASS fresh-blade-SYNTHETIC-claim-write-refusal · isolated claim-write-refusal refuses the whole fee without changing native bytes or state
PASS fresh-blade-SYNTHETIC-claim-write-refusal · isolated refusal remains visibly complete and unpaid
PASS fresh-blade-SYNTHETIC-claim-write-refusal · native deliberate claim pays the whole fixed fee, including crystal, exactly once
PASS fresh-blade-SYNTHETIC-claim-write-refusal · separate labelled synthetic probe preserves the full other original native character slot value
PASS fresh-bow · native cohort stays within six owned isolated profiles
PASS fresh-bow · exact frozen HTML is served over isolated loopback
PASS fresh-bow · actual WebGL2 client is available
PASS fresh-bow · software renderer is explicitly observed
PASS fresh-bow · visible import adds a character and preserves original legacy save bytes
PASS fresh-bow · actual native import preserves full kit, prior campaign history, sockets and both camera records
PASS fresh-bow · native travel visibly confirms its saved home checkpoint
PASS fresh-bow · native travel reaches the actual bounded Atlantis room
PASS fresh-bow · resolved bearing never recreates a live Custodian on reentry
PASS fresh-bow · visible terms disclose fixed threats, exact fee, depth, supplied bypass and all dispositions
PASS fresh-bow · native reading grants no consent, progression or payment
PASS fresh-bow · native Walk is never used as a submerged transfer
PASS fresh-bow · production walking reaches Sahra · instrument-maker
PASS fresh-bow · native explicit acceptance has no material charge
PASS fresh-bow · accepted uses the production native save
PASS fresh-bow · accepted stores the complete actual owner and belongings
PASS fresh-bow · accepted preserves the full other original native character slot value
PASS fresh-bow · accepted last observed successful write is the owned active library
PASS fresh-bow · exact frozen HTML is served over isolated loopback
PASS fresh-bow · actual WebGL2 client is available
PASS fresh-bow · software renderer is explicitly observed
PASS fresh-bow · accepted whole-Chromium cold load preserves exact native bytes
PASS fresh-bow · accepted loads native history without another import and resets only scene/depth
PASS fresh-bow · accepted cold load preserves the full other original native character slot value
PASS fresh-bow · native travel visibly confirms its saved home checkpoint
PASS fresh-bow · native travel reaches the actual bounded Atlantis room
PASS fresh-bow · resolved bearing never recreates a live Custodian on reentry
PASS fresh-bow · native map distinguishes dry Walk from physical wet depth reading
PASS fresh-bow · native Walk is never used as a submerged transfer
PASS fresh-bow · production walking reaches Compare Ilyra’s two arrival receipts
PASS fresh-bow · actual visible physical action records receipt-conflict
PASS fresh-bow · actual-records-keeper uses the actual adventure view
PASS fresh-bow · actual-records-keeper has causal actual framebuffer pixels and exact restoration
PASS fresh-bow · actual-records-keeper uses the actual follow view
PASS fresh-bow · actual-records-keeper has causal actual framebuffer pixels and exact restoration
PASS fresh-bow · native Walk is never used as a submerged transfer
PASS fresh-bow · production walking reaches Retain an Upper or Lower investigation approach
PASS fresh-bow · first-stage native preview grants no approach/disposition
PASS fresh-bow · native cancel leaves the lasting record undecided
PASS fresh-bow · explicit current-owner second-stage confirmation records lower
PASS fresh-bow · native wet map link reads real depth instructions without walking or recording work
PASS fresh-bow · retained-approach uses the production native save
PASS fresh-bow · retained-approach stores the complete actual owner and belongings
PASS fresh-bow · retained-approach preserves the full other original native character slot value
PASS fresh-bow · retained-approach last observed successful write is the owned active library
PASS fresh-bow · exact frozen HTML is served over isolated loopback
PASS fresh-bow · actual WebGL2 client is available
PASS fresh-bow · software renderer is explicitly observed
PASS fresh-bow · retained-approach whole-Chromium cold load preserves exact native bytes
PASS fresh-bow · retained-approach loads native history without another import and resets only scene/depth
PASS fresh-bow · retained-approach cold load preserves the full other original native character slot value
PASS fresh-bow · native travel visibly confirms its saved home checkpoint
PASS fresh-bow · native travel reaches the actual bounded Atlantis room
PASS fresh-bow · resolved bearing never recreates a live Custodian on reentry
PASS fresh-bow · production route is accepted for actual dry gallery entry
PASS fresh-bow · production walking reaches actual dry gallery entry
PASS fresh-bow · physical arrival has no actor teleport for actual dry gallery entry
PASS fresh-bow · visible existing gallery entry creates real visitor depth
PASS fresh-bow · accelerated production swimming reaches the actual depth route [8, -1.05, -22]
PASS fresh-bow · actual visible physical action records upper-reading
PASS fresh-bow · other evidence never replaces the retained approach or its required reading
PASS fresh-bow · accelerated production swimming reaches the actual depth route [8, -1.05, -25]
PASS fresh-bow · actual accepted shallow current shifts only supported horizontal position
PASS fresh-bow · accelerated production swimming reaches the actual depth route [8, -2.55, -28]
PASS fresh-bow · actual lower band remains quiet without air timers or underwater combat
PASS fresh-bow · actual visible physical action records lower-reading
PASS fresh-bow · accelerated production swimming reaches the actual depth route [8, -2.7, -29.5]
PASS fresh-bow · accelerated production swimming reaches the actual depth route [8, -2.7, -32]
PASS fresh-bow · accelerated production swimming reaches the actual depth route [8, -2.7, -35]
PASS fresh-bow · actual Bellglass air court is quiet, dry and combat-free
PASS fresh-bow · actual visible physical action records diagnose-flow
PASS fresh-bow · accelerated production swimming reaches the actual depth route [8, -2.7, -32]
PASS fresh-bow · accelerated production swimming reaches the actual depth route [8, -2.7, -29.5]
PASS fresh-bow · accelerated production swimming reaches the actual depth route [8, -1.8, -29]
PASS fresh-bow · accelerated production swimming reaches the actual depth route [12, -1.8, -29]
PASS fresh-bow · actual visible physical action records manual-bypass
PASS fresh-bow · native supplied bypass stops only the current, not required pressure work
PASS fresh-bow · accelerated production swimming reaches the actual depth route [8, -1.8, -29]
PASS fresh-bow · accelerated production swimming reaches the actual depth route [8, -2.55, -28]
PASS fresh-bow · accelerated production swimming reaches the actual depth route [8, -1.05, -22]
PASS fresh-bow · actual visible physical action records inlet-set
PASS fresh-bow · partial-inlet-pressure uses the production native save
PASS fresh-bow · partial-inlet-pressure stores the complete actual owner and belongings
PASS fresh-bow · partial-inlet-pressure preserves the full other original native character slot value
PASS fresh-bow · partial-inlet-pressure last observed successful write is the owned active library
PASS fresh-bow · exact frozen HTML is served over isolated loopback
PASS fresh-bow · actual WebGL2 client is available
PASS fresh-bow · software renderer is explicitly observed
PASS fresh-bow · partial-inlet-pressure whole-Chromium cold load preserves exact native bytes
PASS fresh-bow · partial-inlet-pressure loads native history without another import and resets only scene/depth
PASS fresh-bow · partial-inlet-pressure cold load preserves the full other original native character slot value
PASS fresh-bow · native travel visibly confirms its saved home checkpoint
PASS fresh-bow · native travel reaches the actual bounded Atlantis room
PASS fresh-bow · resolved bearing never recreates a live Custodian on reentry
PASS fresh-bow · production route is accepted for actual dry gallery entry
PASS fresh-bow · production walking reaches actual dry gallery entry
PASS fresh-bow · physical arrival has no actor teleport for actual dry gallery entry
PASS fresh-bow · visible existing gallery entry creates real visitor depth
PASS fresh-bow · accelerated production swimming reaches the actual depth route [8, -2.55, -28]
PASS fresh-bow · accelerated production swimming reaches the actual depth route [8, -2.7, -29.5]
PASS fresh-bow · accelerated production swimming reaches the actual depth route [8, -2.7, -32]
PASS fresh-bow · accelerated production swimming reaches the actual depth route [8, -2.7, -35]
PASS fresh-bow · actual visible physical action records equalizer-set
PASS fresh-bow · accelerated production swimming reaches the actual depth route [8, -2.7, -32]
PASS fresh-bow · accelerated production swimming reaches the actual depth route [8, -2.7, -29.5]
PASS fresh-bow · accelerated production swimming reaches the actual depth route [8, -1.8, -29]
PASS fresh-bow · accelerated production swimming reaches the actual depth route [12, -1.8, -29]
PASS fresh-bow · accelerated production swimming reaches the actual depth route [12, -1.4, -38.4]
PASS fresh-bow · actual visible physical action records outlet-set
PASS fresh-bow · correct physical outlet independently stops the current
PASS fresh-bow · accelerated production swimming reaches the actual depth route [12, -1.4, -39.3]
PASS fresh-bow · native E at the real landing returns to supported dry ground
PASS fresh-bow · native Walk is never used as a submerged transfer
PASS fresh-bow · production walking reaches Secure Damar’s local waiting bay
PASS fresh-bow · actual visible physical action records secure-carrier
PASS fresh-bow · actual-secured-carrier uses the actual adventure view
PASS fresh-bow · actual-secured-carrier has causal actual framebuffer pixels and exact restoration
PASS fresh-bow · actual-secured-carrier uses the actual follow view
PASS fresh-bow · actual-secured-carrier has causal actual framebuffer pixels and exact restoration
PASS fresh-bow · native Walk is never used as a submerged transfer
PASS fresh-bow · production walking reaches Begin the dry-quay Custodian release
PASS fresh-bow · actual visible physical action records challenge-custodian
PASS fresh-bow · production route is accepted for ordinary owned weapon range
PASS fresh-bow · production walking reaches ordinary owned weapon range
PASS fresh-bow · physical arrival has no actor teleport for ordinary owned weapon range
PASS fresh-bow · native target key selects the real Custodian
PASS fresh-bow · actual AI locks intake with its declared normal stats
PASS fresh-bow · fixed Custodian stats remain 128 health and 10 damage
PASS fresh-bow · integrated actor and paired warning vertices fit the actual anchored locked frame
PASS fresh-bow · actual-municipal-custodian uses the actual adventure view
PASS fresh-bow · actual-municipal-custodian has causal actual framebuffer pixels and exact restoration
PASS fresh-bow · actual-intake-locked-warning uses the actual adventure view
PASS fresh-bow · actual-intake-locked-warning has causal actual framebuffer pixels and exact restoration
PASS fresh-bow · actual-paired-warning-inlay uses the actual adventure view
PASS fresh-bow · actual-paired-warning-inlay has causal actual framebuffer pixels and exact restoration
PASS fresh-bow · actual-municipal-custodian uses the actual follow view
PASS fresh-bow · actual-municipal-custodian has causal actual framebuffer pixels and exact restoration
PASS fresh-bow · actual-intake-locked-warning uses the actual follow view
PASS fresh-bow · actual-intake-locked-warning has causal actual framebuffer pixels and exact restoration
PASS fresh-bow · actual-paired-warning-inlay uses the actual follow view
PASS fresh-bow · actual-paired-warning-inlay has causal actual framebuffer pixels and exact restoration
PASS fresh-bow · empty-geometry positive control detects the actual fresh framebuffer
PASS fresh-bow · native owned weapon contact uses real production time and survival
PASS fresh-bow · bounded actual combat remains alive
PASS fresh-bow · bounded actual combat remains alive
PASS fresh-bow · bounded actual combat remains alive
PASS fresh-bow · bounded actual combat remains alive
PASS fresh-bow · bounded actual combat remains alive
PASS fresh-bow · bounded actual combat remains alive
PASS fresh-bow · bounded actual combat remains alive
PASS fresh-bow · bounded actual combat remains alive
PASS fresh-bow · bounded actual combat remains alive
PASS fresh-bow · bounded actual combat remains alive
PASS fresh-bow · bounded actual combat remains alive
PASS fresh-bow · bounded actual combat remains alive
PASS fresh-bow · bounded actual combat remains alive
PASS fresh-bow · bounded actual combat remains alive
PASS fresh-bow · bounded actual combat remains alive
PASS fresh-bow · bounded actual combat remains alive
PASS fresh-bow · bounded actual combat remains alive
PASS fresh-bow · bounded actual combat remains alive
PASS fresh-bow · bounded actual combat remains alive
PASS fresh-bow · bounded actual combat remains alive
PASS fresh-bow · bounded actual combat remains alive
PASS fresh-bow · real combat exhausts only the authored bearing
PASS fresh-bow · real weapon callers contributed to exhaustion
PASS fresh-bow · bow has actual traveling projectiles and confirmed collision
PASS fresh-bow · actual exhaustion has no legacy fee, loot or material payout
PASS fresh-bow · actual-bearing-exposed uses the production native save
PASS fresh-bow · actual-bearing-exposed stores the complete actual owner and belongings
PASS fresh-bow · actual-bearing-exposed preserves the full other original native character slot value
PASS fresh-bow · actual-bearing-exposed last observed successful write is the owned active library
PASS fresh-bow · exact frozen HTML is served over isolated loopback
PASS fresh-bow · actual WebGL2 client is available
PASS fresh-bow · software renderer is explicitly observed
PASS fresh-bow · actual-bearing-exposed whole-Chromium cold load preserves exact native bytes
PASS fresh-bow · actual-bearing-exposed loads native history without another import and resets only scene/depth
PASS fresh-bow · actual-bearing-exposed cold load preserves the full other original native character slot value
PASS fresh-bow · native travel visibly confirms its saved home checkpoint
PASS fresh-bow · native travel reaches the actual bounded Atlantis room
PASS fresh-bow · resolved bearing never recreates a live Custodian on reentry
PASS fresh-bow · native Walk is never used as a submerged transfer
PASS fresh-bow · production walking reaches Stabilize the west release first
PASS fresh-bow · actual visible physical action records release-west
PASS fresh-bow · native Walk is never used as a submerged transfer
PASS fresh-bow · production walking reaches Stabilize the east release second
PASS fresh-bow · actual visible physical action records release-east
PASS fresh-bow · native Walk is never used as a submerged transfer
PASS fresh-bow · production walking reaches Verify the settled municipal Custodian
PASS fresh-bow · actual visible physical action records custodian-stable
PASS fresh-bow · independent-safety-before-disposition uses the production native save
PASS fresh-bow · independent-safety-before-disposition stores the complete actual owner and belongings
PASS fresh-bow · independent-safety-before-disposition preserves the full other original native character slot value
PASS fresh-bow · independent-safety-before-disposition last observed successful write is the owned active library
PASS fresh-bow · exact frozen HTML is served over isolated loopback
PASS fresh-bow · actual WebGL2 client is available
PASS fresh-bow · software renderer is explicitly observed
PASS fresh-bow · independent-safety-before-disposition whole-Chromium cold load preserves exact native bytes
PASS fresh-bow · independent-safety-before-disposition loads native history without another import and resets only scene/depth
PASS fresh-bow · independent-safety-before-disposition cold load preserves the full other original native character slot value
PASS fresh-bow · native travel visibly confirms its saved home checkpoint
PASS fresh-bow · native travel reaches the actual bounded Atlantis room
PASS fresh-bow · resolved bearing never recreates a live Custodian on reentry
PASS fresh-bow · native Walk is never used as a submerged transfer
PASS fresh-bow · production walking reaches Choose the local passage and evidence disposition
PASS fresh-bow · first-stage native preview grants no approach/disposition
PASS fresh-bow · native cancel leaves the lasting record undecided
PASS fresh-bow · explicit current-owner second-stage confirmation records limited
PASS fresh-bow · limited-whole-local-record uses the actual adventure view
PASS fresh-bow · limited-whole-local-record has causal actual framebuffer pixels and exact restoration
PASS fresh-bow · limited-distinct-local-fitting uses the actual adventure view
PASS fresh-bow · limited-distinct-local-fitting has causal actual framebuffer pixels and exact restoration
PASS fresh-bow · limited-whole-local-record uses the actual follow view
PASS fresh-bow · limited-whole-local-record has causal actual framebuffer pixels and exact restoration
PASS fresh-bow · limited-distinct-local-fitting uses the actual follow view
PASS fresh-bow · limited-distinct-local-fitting has causal actual framebuffer pixels and exact restoration
PASS fresh-bow · retained-disposition uses the production native save
PASS fresh-bow · retained-disposition stores the complete actual owner and belongings
PASS fresh-bow · retained-disposition preserves the full other original native character slot value
PASS fresh-bow · retained-disposition last observed successful write is the owned active library
PASS fresh-bow · exact frozen HTML is served over isolated loopback
PASS fresh-bow · actual WebGL2 client is available
PASS fresh-bow · software renderer is explicitly observed
PASS fresh-bow · retained-disposition whole-Chromium cold load preserves exact native bytes
PASS fresh-bow · retained-disposition loads native history without another import and resets only scene/depth
PASS fresh-bow · retained-disposition cold load preserves the full other original native character slot value
PASS fresh-bow · native travel visibly confirms its saved home checkpoint
PASS fresh-bow · native travel reaches the actual bounded Atlantis room
PASS fresh-bow · resolved bearing never recreates a live Custodian on reentry
PASS fresh-bow · native Walk is never used as a submerged transfer
PASS fresh-bow · production walking reaches Verify the selected record and supervised handoff
PASS fresh-bow · actual visible physical action records verify-passage
PASS fresh-bow · verified local record has every authored recognition caller and remains unpaid
PASS fresh-bow · all native acceptance, optional readings, pressure, actual combat and verification leave the fixed fee unpaid
PASS fresh-bow · verified-unpaid uses the production native save
PASS fresh-bow · verified-unpaid stores the complete actual owner and belongings
PASS fresh-bow · verified-unpaid preserves the full other original native character slot value
PASS fresh-bow · verified-unpaid last observed successful write is the owned active library
PASS fresh-bow · exact frozen HTML is served over isolated loopback
PASS fresh-bow · actual WebGL2 client is available
PASS fresh-bow · software renderer is explicitly observed
PASS fresh-bow · verified-unpaid whole-Chromium cold load preserves exact native bytes
PASS fresh-bow · verified-unpaid loads native history without another import and resets only scene/depth
PASS fresh-bow · verified-unpaid cold load preserves the full other original native character slot value
PASS fresh-bow · native travel visibly confirms its saved home checkpoint
PASS fresh-bow · native travel reaches the actual bounded Atlantis room
PASS fresh-bow · resolved bearing never recreates a live Custodian on reentry
PASS fresh-bow · native Walk is never used as a submerged transfer
PASS fresh-bow · production walking reaches Sahra · instrument-maker
PASS fresh-bow · native deliberate claim pays the whole fixed fee, including crystal, exactly once
PASS fresh-bow · all previous owners survive the full native campaign without new gear or dropped history
PASS fresh-bow · paid UI has no repeat payout button
PASS fresh-bow · paid-once uses the production native save
PASS fresh-bow · paid-once stores the complete actual owner and belongings
PASS fresh-bow · paid-once preserves the full other original native character slot value
PASS fresh-bow · paid-once last observed successful write is the owned active library
PASS fresh-bow · exact frozen HTML is served over isolated loopback
PASS fresh-bow · actual WebGL2 client is available
PASS fresh-bow · software renderer is explicitly observed
PASS fresh-bow · paid-once whole-Chromium cold load preserves exact native bytes
PASS fresh-bow · paid-once loads native history without another import and resets only scene/depth
PASS fresh-bow · paid-once cold load preserves the full other original native character slot value
PASS fresh-bow · native travel visibly confirms its saved home checkpoint
PASS fresh-bow · native travel reaches the actual bounded Atlantis room
PASS fresh-bow · resolved bearing never recreates a live Custodian on reentry
PASS fresh-bow · labelled production command replay after cold load cannot pay twice
PASS fresh-bow · full earned continuation preserves the full other original native character slot value
PASS returning-strongest · native cohort stays within six owned isolated profiles
PASS returning-strongest · exact frozen HTML is served over isolated loopback
PASS returning-strongest · actual WebGL2 client is available
PASS returning-strongest · software renderer is explicitly observed
PASS returning-strongest · visible import adds a character and preserves original legacy save bytes
PASS returning-strongest · actual native import preserves full kit, prior campaign history, sockets and both camera records
PASS returning-strongest · native travel visibly confirms its saved home checkpoint
PASS returning-strongest · native travel reaches the actual bounded Atlantis room
PASS returning-strongest · resolved bearing never recreates a live Custodian on reentry
PASS returning-strongest · visible terms disclose fixed threats, exact fee, depth, supplied bypass and all dispositions
PASS returning-strongest · native reading grants no consent, progression or payment
PASS returning-strongest · native Walk is never used as a submerged transfer
PASS returning-strongest · production walking reaches Sahra · instrument-maker
PASS returning-strongest · native explicit acceptance has no material charge
PASS returning-strongest · accepted uses the production native save
PASS returning-strongest · accepted stores the complete actual owner and belongings
PASS returning-strongest · accepted preserves the full other original native character slot value
PASS returning-strongest · accepted last observed successful write is the owned active library
PASS returning-strongest · exact frozen HTML is served over isolated loopback
PASS returning-strongest · actual WebGL2 client is available
PASS returning-strongest · software renderer is explicitly observed
PASS returning-strongest · accepted whole-Chromium cold load preserves exact native bytes
PASS returning-strongest · accepted loads native history without another import and resets only scene/depth
PASS returning-strongest · accepted cold load preserves the full other original native character slot value
PASS returning-strongest · native travel visibly confirms its saved home checkpoint
PASS returning-strongest · native travel reaches the actual bounded Atlantis room
PASS returning-strongest · resolved bearing never recreates a live Custodian on reentry
PASS returning-strongest · native map distinguishes dry Walk from physical wet depth reading
PASS returning-strongest · native Walk is never used as a submerged transfer
PASS returning-strongest · production walking reaches Compare Ilyra’s two arrival receipts
PASS returning-strongest · actual visible physical action records receipt-conflict
PASS returning-strongest · actual-records-keeper uses the actual adventure view
PASS returning-strongest · actual-records-keeper has causal actual framebuffer pixels and exact restoration
PASS returning-strongest · actual-records-keeper uses the actual follow view
PASS returning-strongest · actual-records-keeper has causal actual framebuffer pixels and exact restoration
PASS returning-strongest · native Walk is never used as a submerged transfer
PASS returning-strongest · production walking reaches Retain an Upper or Lower investigation approach
PASS returning-strongest · first-stage native preview grants no approach/disposition
PASS returning-strongest · native cancel leaves the lasting record undecided
PASS returning-strongest · explicit current-owner second-stage confirmation records upper
PASS returning-strongest · native wet map link reads real depth instructions without walking or recording work
PASS returning-strongest · retained-approach uses the production native save
PASS returning-strongest · retained-approach stores the complete actual owner and belongings
PASS returning-strongest · retained-approach preserves the full other original native character slot value
PASS returning-strongest · retained-approach last observed successful write is the owned active library
PASS returning-strongest · exact frozen HTML is served over isolated loopback
PASS returning-strongest · actual WebGL2 client is available
PASS returning-strongest · software renderer is explicitly observed
PASS returning-strongest · retained-approach whole-Chromium cold load preserves exact native bytes
PASS returning-strongest · retained-approach loads native history without another import and resets only scene/depth
PASS returning-strongest · retained-approach cold load preserves the full other original native character slot value
PASS returning-strongest · native travel visibly confirms its saved home checkpoint
PASS returning-strongest · native travel reaches the actual bounded Atlantis room
PASS returning-strongest · resolved bearing never recreates a live Custodian on reentry
PASS returning-strongest · production route is accepted for actual dry gallery entry
PASS returning-strongest · production walking reaches actual dry gallery entry
PASS returning-strongest · physical arrival has no actor teleport for actual dry gallery entry
PASS returning-strongest · visible existing gallery entry creates real visitor depth
PASS returning-strongest · accelerated production swimming reaches the actual depth route [8, -1.05, -22]
PASS returning-strongest · actual visible physical action records upper-reading
PASS returning-strongest · other evidence never replaces the retained approach or its required reading
PASS returning-strongest · accelerated production swimming reaches the actual depth route [8, -1.05, -25]
PASS returning-strongest · actual accepted shallow current shifts only supported horizontal position
PASS returning-strongest · accelerated production swimming reaches the actual depth route [8, -2.55, -28]
PASS returning-strongest · actual lower band remains quiet without air timers or underwater combat
PASS returning-strongest · actual visible physical action records lower-reading
PASS returning-strongest · accelerated production swimming reaches the actual depth route [8, -2.7, -29.5]
PASS returning-strongest · accelerated production swimming reaches the actual depth route [8, -2.7, -32]
PASS returning-strongest · accelerated production swimming reaches the actual depth route [8, -2.7, -35]
PASS returning-strongest · actual Bellglass air court is quiet, dry and combat-free
PASS returning-strongest · actual visible physical action records diagnose-flow
PASS returning-strongest · accelerated production swimming reaches the actual depth route [8, -2.7, -32]
PASS returning-strongest · accelerated production swimming reaches the actual depth route [8, -2.7, -29.5]
PASS returning-strongest · accelerated production swimming reaches the actual depth route [8, -1.8, -29]
PASS returning-strongest · accelerated production swimming reaches the actual depth route [12, -1.8, -29]
PASS returning-strongest · accelerated production swimming reaches the actual depth route [8, -1.8, -29]
PASS returning-strongest · accelerated production swimming reaches the actual depth route [8, -2.55, -28]
PASS returning-strongest · accelerated production swimming reaches the actual depth route [8, -1.05, -22]
PASS returning-strongest · actual visible physical action records inlet-set
PASS returning-strongest · partial-inlet-pressure uses the production native save
PASS returning-strongest · partial-inlet-pressure stores the complete actual owner and belongings
PASS returning-strongest · partial-inlet-pressure preserves the full other original native character slot value
PASS returning-strongest · partial-inlet-pressure last observed successful write is the owned active library
PASS returning-strongest · exact frozen HTML is served over isolated loopback
PASS returning-strongest · actual WebGL2 client is available
PASS returning-strongest · software renderer is explicitly observed
PASS returning-strongest · partial-inlet-pressure whole-Chromium cold load preserves exact native bytes
PASS returning-strongest · partial-inlet-pressure loads native history without another import and resets only scene/depth
PASS returning-strongest · partial-inlet-pressure cold load preserves the full other original native character slot value
PASS returning-strongest · native travel visibly confirms its saved home checkpoint
PASS returning-strongest · native travel reaches the actual bounded Atlantis room
PASS returning-strongest · resolved bearing never recreates a live Custodian on reentry
PASS returning-strongest · production route is accepted for actual dry gallery entry
PASS returning-strongest · production walking reaches actual dry gallery entry
PASS returning-strongest · physical arrival has no actor teleport for actual dry gallery entry
PASS returning-strongest · visible existing gallery entry creates real visitor depth
PASS returning-strongest · accelerated production swimming reaches the actual depth route [8, -2.55, -28]
PASS returning-strongest · accelerated production swimming reaches the actual depth route [8, -2.7, -29.5]
PASS returning-strongest · accelerated production swimming reaches the actual depth route [8, -2.7, -32]
PASS returning-strongest · accelerated production swimming reaches the actual depth route [8, -2.7, -35]
PASS returning-strongest · actual visible physical action records equalizer-set
PASS returning-strongest · accelerated production swimming reaches the actual depth route [8, -2.7, -32]
PASS returning-strongest · accelerated production swimming reaches the actual depth route [8, -2.7, -29.5]
PASS returning-strongest · accelerated production swimming reaches the actual depth route [8, -1.8, -29]
PASS returning-strongest · accelerated production swimming reaches the actual depth route [12, -1.8, -29]
PASS returning-strongest · accelerated production swimming reaches the actual depth route [12, -1.4, -38.4]
PASS returning-strongest · actual visible physical action records outlet-set
PASS returning-strongest · correct physical outlet independently stops the current
PASS returning-strongest · accelerated production swimming reaches the actual depth route [12, -1.4, -39.3]
PASS returning-strongest · native E at the real landing returns to supported dry ground
PASS returning-strongest · native Walk is never used as a submerged transfer
PASS returning-strongest · production walking reaches Secure Damar’s local waiting bay
PASS returning-strongest · actual visible physical action records secure-carrier
PASS returning-strongest · actual-secured-carrier uses the actual adventure view
PASS returning-strongest · actual-secured-carrier has causal actual framebuffer pixels and exact restoration
PASS returning-strongest · actual-secured-carrier uses the actual follow view
PASS returning-strongest · actual-secured-carrier has causal actual framebuffer pixels and exact restoration
PASS returning-strongest · native Walk is never used as a submerged transfer
PASS returning-strongest · production walking reaches Begin the dry-quay Custodian release
PASS returning-strongest · actual visible physical action records challenge-custodian
PASS returning-strongest · production route is accepted for ordinary owned weapon range
PASS returning-strongest · production walking reaches ordinary owned weapon range
PASS returning-strongest · physical arrival has no actor teleport for ordinary owned weapon range
PASS returning-strongest · native target key selects the real Custodian
PASS returning-strongest · actual AI locks sweep with its declared normal stats
PASS returning-strongest · fixed Custodian stats remain 128 health and 10 damage
PASS returning-strongest · integrated actor and paired warning vertices fit the actual anchored locked frame
PASS returning-strongest · actual-municipal-custodian uses the actual adventure view
PASS returning-strongest · actual-municipal-custodian has causal actual framebuffer pixels and exact restoration
PASS returning-strongest · actual-sweep-locked-warning uses the actual adventure view
PASS returning-strongest · actual-sweep-locked-warning has causal actual framebuffer pixels and exact restoration
PASS returning-strongest · actual-paired-warning-inlay uses the actual adventure view
PASS returning-strongest · actual-paired-warning-inlay has causal actual framebuffer pixels and exact restoration
PASS returning-strongest · actual-municipal-custodian uses the actual follow view
PASS returning-strongest · actual-municipal-custodian has causal actual framebuffer pixels and exact restoration
PASS returning-strongest · actual-sweep-locked-warning uses the actual follow view
PASS returning-strongest · actual-sweep-locked-warning has causal actual framebuffer pixels and exact restoration
PASS returning-strongest · actual-paired-warning-inlay uses the actual follow view
PASS returning-strongest · actual-paired-warning-inlay has causal actual framebuffer pixels and exact restoration
PASS returning-strongest · empty-geometry positive control detects the actual fresh framebuffer
PASS returning-strongest · native owned weapon contact uses real production time and survival
PASS returning-strongest · bounded actual combat remains alive
PASS returning-strongest · bounded actual combat remains alive
PASS returning-strongest · bounded actual combat remains alive
PASS returning-strongest · real combat exhausts only the authored bearing
PASS returning-strongest · real weapon callers contributed to exhaustion
PASS returning-strongest · actual exhaustion has no legacy fee, loot or material payout
PASS returning-strongest · actual-bearing-exposed uses the production native save
PASS returning-strongest · actual-bearing-exposed stores the complete actual owner and belongings
PASS returning-strongest · actual-bearing-exposed preserves the full other original native character slot value
PASS returning-strongest · actual-bearing-exposed last observed successful write is the owned active library
PASS returning-strongest · exact frozen HTML is served over isolated loopback
PASS returning-strongest · actual WebGL2 client is available
PASS returning-strongest · software renderer is explicitly observed
PASS returning-strongest · actual-bearing-exposed whole-Chromium cold load preserves exact native bytes
PASS returning-strongest · actual-bearing-exposed loads native history without another import and resets only scene/depth
PASS returning-strongest · actual-bearing-exposed cold load preserves the full other original native character slot value
PASS returning-strongest · native travel visibly confirms its saved home checkpoint
PASS returning-strongest · native travel reaches the actual bounded Atlantis room
PASS returning-strongest · resolved bearing never recreates a live Custodian on reentry
PASS returning-strongest · native Walk is never used as a submerged transfer
PASS returning-strongest · production walking reaches Stabilize the west release first
PASS returning-strongest · actual visible physical action records release-west
PASS returning-strongest · native Walk is never used as a submerged transfer
PASS returning-strongest · production walking reaches Stabilize the east release second
PASS returning-strongest · actual visible physical action records release-east
PASS returning-strongest · native Walk is never used as a submerged transfer
PASS returning-strongest · production walking reaches Verify the settled municipal Custodian
PASS returning-strongest · actual visible physical action records custodian-stable
PASS returning-strongest · independent-safety-before-disposition uses the production native save
PASS returning-strongest · independent-safety-before-disposition stores the complete actual owner and belongings
PASS returning-strongest · independent-safety-before-disposition preserves the full other original native character slot value
PASS returning-strongest · independent-safety-before-disposition last observed successful write is the owned active library
PASS returning-strongest · exact frozen HTML is served over isolated loopback
PASS returning-strongest · actual WebGL2 client is available
PASS returning-strongest · software renderer is explicitly observed
PASS returning-strongest · independent-safety-before-disposition whole-Chromium cold load preserves exact native bytes
PASS returning-strongest · independent-safety-before-disposition loads native history without another import and resets only scene/depth
PASS returning-strongest · independent-safety-before-disposition cold load preserves the full other original native character slot value
PASS returning-strongest · native travel visibly confirms its saved home checkpoint
PASS returning-strongest · native travel reaches the actual bounded Atlantis room
PASS returning-strongest · resolved bearing never recreates a live Custodian on reentry
PASS returning-strongest · native Walk is never used as a submerged transfer
PASS returning-strongest · production walking reaches Choose the local passage and evidence disposition
PASS returning-strongest · first-stage native preview grants no approach/disposition
PASS returning-strongest · native cancel leaves the lasting record undecided
PASS returning-strongest · explicit current-owner second-stage confirmation records license
PASS returning-strongest · license-whole-local-record uses the actual adventure view
PASS returning-strongest · license-whole-local-record has causal actual framebuffer pixels and exact restoration
PASS returning-strongest · license-distinct-local-fitting uses the actual adventure view
PASS returning-strongest · license-distinct-local-fitting has causal actual framebuffer pixels and exact restoration
PASS returning-strongest · license-whole-local-record uses the actual follow view
PASS returning-strongest · license-whole-local-record has causal actual framebuffer pixels and exact restoration
PASS returning-strongest · license-distinct-local-fitting uses the actual follow view
PASS returning-strongest · license-distinct-local-fitting has causal actual framebuffer pixels and exact restoration
PASS returning-strongest · retained-disposition uses the production native save
PASS returning-strongest · retained-disposition stores the complete actual owner and belongings
PASS returning-strongest · retained-disposition preserves the full other original native character slot value
PASS returning-strongest · retained-disposition last observed successful write is the owned active library
PASS returning-strongest · exact frozen HTML is served over isolated loopback
PASS returning-strongest · actual WebGL2 client is available
PASS returning-strongest · software renderer is explicitly observed
PASS returning-strongest · retained-disposition whole-Chromium cold load preserves exact native bytes
PASS returning-strongest · retained-disposition loads native history without another import and resets only scene/depth
PASS returning-strongest · retained-disposition cold load preserves the full other original native character slot value
PASS returning-strongest · native travel visibly confirms its saved home checkpoint
PASS returning-strongest · native travel reaches the actual bounded Atlantis room
PASS returning-strongest · resolved bearing never recreates a live Custodian on reentry
PASS returning-strongest · native Walk is never used as a submerged transfer
PASS returning-strongest · production walking reaches Verify the selected record and supervised handoff
PASS returning-strongest · actual visible physical action records verify-passage
PASS returning-strongest · verified local record has every authored recognition caller and remains unpaid
PASS returning-strongest · all native acceptance, optional readings, pressure, actual combat and verification leave the fixed fee unpaid
PASS returning-strongest · verified-unpaid uses the production native save
PASS returning-strongest · verified-unpaid stores the complete actual owner and belongings
PASS returning-strongest · verified-unpaid preserves the full other original native character slot value
PASS returning-strongest · verified-unpaid last observed successful write is the owned active library
PASS returning-strongest · exact frozen HTML is served over isolated loopback
PASS returning-strongest · actual WebGL2 client is available
PASS returning-strongest · software renderer is explicitly observed
PASS returning-strongest · verified-unpaid whole-Chromium cold load preserves exact native bytes
PASS returning-strongest · verified-unpaid loads native history without another import and resets only scene/depth
PASS returning-strongest · verified-unpaid cold load preserves the full other original native character slot value
PASS returning-strongest · native travel visibly confirms its saved home checkpoint
PASS returning-strongest · native travel reaches the actual bounded Atlantis room
PASS returning-strongest · resolved bearing never recreates a live Custodian on reentry
PASS returning-strongest · native Walk is never used as a submerged transfer
PASS returning-strongest · production walking reaches Sahra · instrument-maker
PASS returning-strongest · native deliberate claim pays the whole fixed fee, including crystal, exactly once
PASS returning-strongest · all previous owners survive the full native campaign without new gear or dropped history
PASS returning-strongest · paid UI has no repeat payout button
PASS returning-strongest · paid-once uses the production native save
PASS returning-strongest · paid-once stores the complete actual owner and belongings
PASS returning-strongest · paid-once preserves the full other original native character slot value
PASS returning-strongest · paid-once last observed successful write is the owned active library
PASS returning-strongest · exact frozen HTML is served over isolated loopback
PASS returning-strongest · actual WebGL2 client is available
PASS returning-strongest · software renderer is explicitly observed
PASS returning-strongest · paid-once whole-Chromium cold load preserves exact native bytes
PASS returning-strongest · paid-once loads native history without another import and resets only scene/depth
PASS returning-strongest · paid-once cold load preserves the full other original native character slot value
PASS returning-strongest · native travel visibly confirms its saved home checkpoint
PASS returning-strongest · native travel reaches the actual bounded Atlantis room
PASS returning-strongest · resolved bearing never recreates a live Custodian on reentry
PASS returning-strongest · labelled production command replay after cold load cannot pay twice
PASS returning-strongest · full earned continuation preserves the full other original native character slot value
PASS returning-strongest-SYNTHETIC-old-save-migration · native cohort stays within six owned isolated profiles
PASS returning-strongest-SYNTHETIC-old-save-migration · exact frozen HTML is served over isolated loopback
PASS returning-strongest-SYNTHETIC-old-save-migration · actual WebGL2 client is available
PASS returning-strongest-SYNTHETIC-old-save-migration · software renderer is explicitly observed
PASS returning-strongest-SYNTHETIC-old-save-migration · visible import adds a character and preserves original legacy save bytes
PASS returning-strongest-SYNTHETIC-old-save-migration · native legacy import adds only empty unaccepted optional Atlantis history
PASS returning-strongest-SYNTHETIC-old-save-migration · SYNTHETIC-old-owner-absent-migration uses the production native save
PASS returning-strongest-SYNTHETIC-old-save-migration · SYNTHETIC-old-owner-absent-migration stores the complete actual owner and belongings
PASS returning-strongest-SYNTHETIC-old-save-migration · SYNTHETIC-old-owner-absent-migration preserves the full other original native character slot value
PASS returning-strongest-SYNTHETIC-old-save-migration · SYNTHETIC-old-owner-absent-migration last observed successful write is the owned active library
PASS returning-strongest-SYNTHETIC-old-save-migration · exact frozen HTML is served over isolated loopback
PASS returning-strongest-SYNTHETIC-old-save-migration · actual WebGL2 client is available
PASS returning-strongest-SYNTHETIC-old-save-migration · software renderer is explicitly observed
PASS returning-strongest-SYNTHETIC-old-save-migration · SYNTHETIC-old-owner-absent-migration whole-Chromium cold load preserves exact native bytes
PASS returning-strongest-SYNTHETIC-old-save-migration · SYNTHETIC-old-owner-absent-migration loads native history without another import and resets only scene/depth
PASS returning-strongest-SYNTHETIC-old-save-migration · SYNTHETIC-old-owner-absent-migration cold load preserves the full other original native character slot value
PASS returning-strongest-SYNTHETIC-old-save-migration · separate labelled synthetic probe preserves the full other original native character slot value
PASS all frozen source membership and earned input bytes remain unchanged
PASS no actual browser or console error was hidden
Atlantis campaign browser: 857/857 checks; passed
