PASS browser loaded exact current build
PASS walk reaches 0,23
PASS walk reaches 0,10
PASS walk reaches 7,5
PASS fresh-blade-detour contract declares all routes, cost, reward and escort method
PASS fresh-blade-detour inspection grants no hidden progress
PASS dialog consumes camera shortcut
PASS unaccepted one drover and cart use their existing story locations
PASS unaccepted readable load follows confirmed arrival only
PASS unaccepted bounded finite submitted parts exclude camera and cutaway authority
PASS unaccepted wheel rims meet actual terrain
PASS unaccepted coil grasp shares its submitted transform
PASS unaccepted art cannot change consent inventory or payment
PASS fresh-blade-detour explicit accept preserves inventory
PASS accepted one drover and cart use their existing story locations
PASS accepted readable load follows confirmed arrival only
PASS accepted bounded finite submitted parts exclude camera and cutaway authority
PASS accepted wheel rims meet actual terrain
PASS accepted coil grasp shares its submitted transform
PASS accepted art cannot change consent inventory or payment
PASS walk reaches 7,4.2
PASS DEPARTURE drover and cart submit in third
PASS DEPARTURE drover and cart submit in diorama
PASS submitted Fenna body contributes isolated pixels in perspective
PASS submitted rope coil contributes isolated pixels in perspective
PASS submitted Fenna body contributes isolated pixels in orthographic
PASS submitted rope coil contributes isolated pixels in orthographic
PASS isolated Fenna framebuffer has no WebGL error
PASS reload preserves story and unpaid entitlement at valley checkpoint
PASS walk reaches 0,23
PASS walk reaches 0,10
PASS walk reaches 7,5
PASS task navigation uses real path to detour-ridge
PASS ridge prompt favors available scouting over a blocked repair
PASS accepted local interaction completes detour-ridge
PASS camera switch retains detour-ridge
PASS reload preserves story and unpaid entitlement at valley checkpoint
PASS walk reaches 0,23
PASS walk reaches 0,10
PASS walk reaches 7,5
PASS task navigation uses real path to detour-shelter
PASS accepted local interaction completes detour-shelter
PASS camera switch retains detour-shelter
PASS walk reaches 7,5
PASS task navigation uses real path to detour-mark
PASS accepted local interaction completes detour-mark
PASS camera switch retains detour-mark
PASS walk reaches 7,5
PASS only completed route can be dispatched
PASS explicit dispatch keeps payment unpaid
PASS dispatched-not-confirmed one drover and cart use their existing story locations
PASS dispatched-not-confirmed readable load follows confirmed arrival only
PASS dispatched-not-confirmed bounded finite submitted parts exclude camera and cutaway authority
PASS dispatched-not-confirmed wheel rims meet actual terrain
PASS dispatched-not-confirmed coil grasp shares its submitted transform
PASS dispatched-not-confirmed art cannot change consent inventory or payment
PASS reload preserves story and unpaid entitlement at valley checkpoint
PASS walk reaches 0,23
PASS walk reaches 0,10
PASS walk reaches 0,-43
PASS dispatched-reloaded one drover and cart use their existing story locations
PASS dispatched-reloaded readable load follows confirmed arrival only
PASS dispatched-reloaded bounded finite submitted parts exclude camera and cutaway authority
PASS dispatched-reloaded wheel rims meet actual terrain
PASS dispatched-reloaded coil grasp shares its submitted transform
PASS dispatched-reloaded art cannot change consent inventory or payment
PASS arrival is visible before payment
PASS arrived-unpaid one drover and cart use their existing story locations
PASS arrived-unpaid readable load follows confirmed arrival only
PASS arrived-unpaid bounded finite submitted parts exclude camera and cutaway authority
PASS arrived-unpaid wheel rims meet actual terrain
PASS arrived-unpaid coil grasp shares its submitted transform
PASS arrived-unpaid art cannot change consent inventory or payment
PASS walk reaches 0,-43
PASS ARRIVAL drover and cart submit in third
PASS ARRIVAL drover and cart submit in diorama
PASS reload preserves story and unpaid entitlement at valley checkpoint
PASS walk reaches 0,23
PASS walk reaches 0,10
PASS walk reaches 0,-43
PASS arrived-reloaded one drover and cart use their existing story locations
PASS arrived-reloaded readable load follows confirmed arrival only
PASS arrived-reloaded bounded finite submitted parts exclude camera and cutaway authority
PASS arrived-reloaded wheel rims meet actual terrain
PASS arrived-reloaded coil grasp shares its submitted transform
PASS arrived-reloaded art cannot change consent inventory or payment
PASS paid one drover and cart use their existing story locations
PASS paid readable load follows confirmed arrival only
PASS paid bounded finite submitted parts exclude camera and cutaway authority
PASS paid wheel rims meet actual terrain
PASS paid coil grasp shares its submitted transform
PASS paid art cannot change consent inventory or payment
PASS fresh-blade-detour one exact payment
PASS fresh-blade-detour only declared timber cost
PASS fresh-blade-detour gear and prior systems unchanged
PASS fresh-blade-detour changed request cannot repay
PASS reload preserves story and unpaid entitlement at valley checkpoint
PASS walk reaches 0,23
PASS walk reaches 0,10
PASS fresh-blade-detour paid story survives reload
PASS walk reaches 0,23
PASS walk reaches 0,10
PASS walk reaches 7,5
PASS fresh-bow-quarry contract declares all routes, cost, reward and escort method
PASS fresh-bow-quarry inspection grants no hidden progress
PASS unaccepted Darric retains existing supported quarry anchor
PASS unaccepted one bounded finite actor submits vest cloth gloves and mallet
PASS unaccepted saved work alone selects reserved blocks and flush grade
PASS unaccepted art stays out of camera cutaway and consent authority
PASS unaccepted both submitted gloves meet the actual mallet handle
PASS fresh-bow-quarry explicit accept preserves inventory
PASS reload preserves story and unpaid entitlement at valley checkpoint
PASS walk reaches 0,23
PASS walk reaches 0,10
PASS accepted-reloaded Darric retains existing supported quarry anchor
PASS accepted-reloaded one bounded finite actor submits vest cloth gloves and mallet
PASS accepted-reloaded saved work alone selects reserved blocks and flush grade
PASS accepted-reloaded art stays out of camera cutaway and consent authority
PASS accepted-reloaded both submitted gloves meet the actual mallet handle
PASS walk reaches 16.4,-24.7
PASS RESERVED quarry actor submits in third
PASS RESERVED quarry actor submits in diorama
PASS walk reaches 7,5
PASS task navigation uses real path to quarry-reserve
PASS accepted local interaction completes quarry-reserve
PASS quarry-reserve-complete Darric retains existing supported quarry anchor
PASS quarry-reserve-complete one bounded finite actor submits vest cloth gloves and mallet
PASS quarry-reserve-complete saved work alone selects reserved blocks and flush grade
PASS quarry-reserve-complete art stays out of camera cutaway and consent authority
PASS quarry-reserve-complete both submitted gloves meet the actual mallet handle
PASS quarry-reserve comparison describes only accepted visual work
PASS quarry-reserve local view restores focus and preserves state
PASS walk reaches 16.4,-24.7
PASS RELEASED quarry actor submits in third
PASS RELEASED quarry actor submits in diorama
PASS walk reaches 12,-26
PASS submitted quarry body contributes pixels in perspective
PASS actual mallet contributes pixels in perspective
PASS submitted quarry body contributes pixels in orthographic
PASS actual mallet contributes pixels in orthographic
PASS isolated quarry pixels have no WebGL error
PASS reload preserves story and unpaid entitlement at valley checkpoint
PASS walk reaches 0,23
PASS walk reaches 0,10
PASS quarry-reserve-reloaded Darric retains existing supported quarry anchor
PASS quarry-reserve-reloaded one bounded finite actor submits vest cloth gloves and mallet
PASS quarry-reserve-reloaded saved work alone selects reserved blocks and flush grade
PASS quarry-reserve-reloaded art stays out of camera cutaway and consent authority
PASS quarry-reserve-reloaded both submitted gloves meet the actual mallet handle
PASS walk reaches 12,-26
PASS camera switch retains quarry-reserve
PASS reload preserves story and unpaid entitlement at valley checkpoint
PASS walk reaches 0,23
PASS walk reaches 0,10
PASS walk reaches 7,5
PASS task navigation uses real path to quarry-grade
PASS accepted local interaction completes quarry-grade
PASS quarry-grade-complete Darric retains existing supported quarry anchor
PASS quarry-grade-complete one bounded finite actor submits vest cloth gloves and mallet
PASS quarry-grade-complete saved work alone selects reserved blocks and flush grade
PASS quarry-grade-complete art stays out of camera cutaway and consent authority
PASS quarry-grade-complete both submitted gloves meet the actual mallet handle
PASS quarry-grade comparison describes only accepted visual work
PASS quarry-grade local view restores focus and preserves state
PASS walk reaches 16.4,-11.3
PASS reload preserves story and unpaid entitlement at valley checkpoint
PASS walk reaches 0,23
PASS walk reaches 0,10
PASS quarry-grade-reloaded Darric retains existing supported quarry anchor
PASS quarry-grade-reloaded one bounded finite actor submits vest cloth gloves and mallet
PASS quarry-grade-reloaded saved work alone selects reserved blocks and flush grade
PASS quarry-grade-reloaded art stays out of camera cutaway and consent authority
PASS quarry-grade-reloaded both submitted gloves meet the actual mallet handle
PASS walk reaches 14,-13
PASS camera switch retains quarry-grade
PASS walk reaches 7,5
PASS only completed route can be dispatched
PASS explicit dispatch keeps payment unpaid
PASS reload preserves story and unpaid entitlement at valley checkpoint
PASS walk reaches 0,23
PASS walk reaches 0,10
PASS walk reaches 0,-43
PASS arrival is visible before payment
PASS reload preserves story and unpaid entitlement at valley checkpoint
PASS walk reaches 0,23
PASS walk reaches 0,10
PASS walk reaches 0,-43
PASS fresh-bow-quarry one exact payment
PASS fresh-bow-quarry only declared timber cost
PASS fresh-bow-quarry gear and prior systems unchanged
PASS fresh-bow-quarry changed request cannot repay
PASS reload preserves story and unpaid entitlement at valley checkpoint
PASS walk reaches 0,23
PASS walk reaches 0,10
PASS fresh-bow-quarry paid story survives reload
PASS walk reaches 0,23
PASS walk reaches 0,10
PASS walk reaches 7,5
PASS veteran-mill contract declares all routes, cost, reward and escort method
PASS veteran-mill inspection grants no hidden progress
PASS veteran-mill explicit accept preserves inventory
PASS reload preserves story and unpaid entitlement at valley checkpoint
PASS walk reaches 0,23
PASS walk reaches 0,10
PASS walk reaches 7,5
PASS task navigation uses real path to mill-root
PASS accepted local interaction completes mill-root
PASS camera switch retains mill-root
PASS reload preserves story and unpaid entitlement at valley checkpoint
PASS walk reaches 0,23
PASS walk reaches 0,10
PASS walk reaches 7,5
PASS task navigation uses real path to mill-gate
PASS Ansel retains his supported reachable mill anchor
PASS dedicated apron cap and square submit finite actor parts within budget
PASS actor drawing cannot replay repair or payment
PASS actual millwright body produces isolated pixels in perspective
PASS actual held square contributes isolated pixels in perspective
PASS actual millwright body produces isolated pixels in orthographic
PASS actual held square contributes isolated pixels in orthographic
PASS isolated millwright framebuffer has no WebGL error
PASS gate remains jammed after root clearance
PASS mapped gate has five vertical planks and three fixed members
PASS gate details stay out of camera and walking authority
PASS repair comparison identifies present and proposed change with explicit cost
PASS inspection and camera selection grant no repair
PASS accepted local interaction completes mill-gate
PASS accepted repair raises leaf and adds braced hardware
PASS completed comparison does not offer another timber spend
PASS completed introduction recognizes repaired gate
PASS local watch restores game focus and prior running state
PASS watch changes no earned state or camera preferences
PASS walk reaches 9.7,-4.8
PASS millwright presentation stays submitted in third
PASS millwright presentation stays submitted in diorama
PASS walk reaches 7,-7
PASS watch preserves an explicitly paused game
PASS camera switch retains mill-gate
PASS normal-time actor page is visible before sampling
PASS normal-time watch advances the actually submitted repaired wheel
PASS normal-time Ansel adjusts the actually submitted hand and square frame
PASS repair dialog pauses the complete millwright stance
PASS normal-time explicit pause freezes the submitted wheel
PASS explicit pause freezes the complete millwright frame
PASS normal-time reduced motion freezes the repaired silhouette
PASS reduced motion holds one connected millwright stance
PASS normal-time visible Fenna moves the actually submitted hand and coil
PASS delivery dialog pauses the whole drover and load
PASS explicit pause freezes whole drover and load
PASS reduced motion holds one complete drover stance
PASS ordinary visible app RAF moves submitted quarry hands and mallet
PASS task dialog freezes the whole connected quarry stance
PASS explicit pause freezes quarry tool and hands
PASS reduced motion retains one complete quarry stance
PASS walk reaches 7,5
PASS remote repaired-gate action offers actual walking rather than watch
PASS only completed route can be dispatched
PASS explicit dispatch keeps payment unpaid
PASS reload preserves story and unpaid entitlement at valley checkpoint
PASS walk reaches 0,23
PASS walk reaches 0,10
PASS walk reaches 0,-43
PASS arrival is visible before payment
PASS reload preserves story and unpaid entitlement at valley checkpoint
PASS walk reaches 0,23
PASS walk reaches 0,10
PASS walk reaches 0,-43
PASS veteran-mill one exact payment
PASS veteran-mill only declared timber cost
PASS veteran-mill gear and prior systems unchanged
PASS veteran-mill changed request cannot repay
PASS reload preserves story and unpaid entitlement at valley checkpoint
PASS walk reaches 0,23
PASS walk reaches 0,10
PASS veteran-mill paid story survives reload
PASS walk reaches 0,23
PASS walk reaches 0,10
PASS walk reaches 0,-43
PASS capacity-blocked UI preserves all inventory and unpaid story
PASS capacity refusal explains how to retry
PASS walk reaches 0,23
PASS walk reaches 0,10
PASS walk reaches 0,-43
PASS cleared capacity allows the same earned entitlement once
PASS new character inherits neither accepted work nor claimed reward
PASS returning character retains its own completed story
PASS walk reaches 0,23
PASS walk reaches 0,10
PASS compact story actions have no horizontal overflow
PASS millwright frame is absent outside its Earth scene
PASS drover frame is absent outside its Earth scene
PASS quarry diagnostic frame clears on leaving Earth
PASS no runtime errors
Road After Rain browser checks: 293/293; errors: 0
