test_actual_complete_cohort_has_three_exact_unaccepted_inputs (__main__.NativePreflight.test_actual_complete_cohort_has_three_exact_unaccepted_inputs) ... ok
test_actual_installed_core_eligibility_optional_migration_ui_and_support (__main__.NativePreflight.test_actual_installed_core_eligibility_optional_migration_ui_and_support) ... ok
test_altered_checkpoint_byte_link_refuses (__main__.NativePreflight.test_altered_checkpoint_byte_link_refuses) ... ok
test_bow_cannot_be_certified_by_aggregate_or_companion_damage (__main__.NativePreflight.test_bow_cannot_be_certified_by_aggregate_or_companion_damage) ... ok
test_changed_choice_and_prepared_plan_refuse (__main__.NativePreflight.test_changed_choice_and_prepared_plan_refuse) ... ok
test_checkpoint_escaping_source_root_refuses_even_with_real_hash (__main__.NativePreflight.test_checkpoint_escaping_source_root_refuses_even_with_real_hash) ... ok
test_cleanup_remains_inside_playwright_and_failed_completion_is_not_pooled (__main__.NativePreflight.test_cleanup_remains_inside_playwright_and_failed_completion_is_not_pooled) ... ok
test_cohort_hash_is_mandatory_before_any_browser_import (__main__.NativePreflight.test_cohort_hash_is_mandatory_before_any_browser_import) ... ok
test_embedded_native_javascript_compiles_without_executing_a_client (__main__.NativePreflight.test_embedded_native_javascript_compiles_without_executing_a_client) ... ok
test_every_link_and_actual_source_stays_unchanged_through_cpu_preparation (__main__.NativePreflight.test_every_link_and_actual_source_stays_unchanged_through_cpu_preparation) ... ok
test_exact_observer_attributes_real_key_attack_without_payload_target (__main__.NativePreflight.test_exact_observer_attributes_real_key_attack_without_payload_target) ... ok
test_existing_or_nested_output_never_overwrites_evidence (__main__.NativePreflight.test_existing_or_nested_output_never_overwrites_evidence) ... ok
test_import_is_inert_and_cli_help_never_loads_playwright (__main__.NativePreflight.test_import_is_inert_and_cli_help_never_loads_playwright) ... ok
test_missing_cold_boundary_or_failed_snapshot_refuses (__main__.NativePreflight.test_missing_cold_boundary_or_failed_snapshot_refuses) ... ok
test_missing_integer_zero_and_boolean_impostor_refuse (__main__.NativePreflight.test_missing_integer_zero_and_boolean_impostor_refuse) ... ok
test_missing_normal_ai_tell_or_weapon_impact_refuses (__main__.NativePreflight.test_missing_normal_ai_tell_or_weapon_impact_refuses) ... ok
test_native_earned_path_has_no_test_ledger_damage_pose_or_camera_grants (__main__.NativePreflight.test_native_earned_path_has_no_test_ledger_damage_pose_or_camera_grants) ... ok
test_only_six_explicit_profile_names_and_no_parent_escape (__main__.NativePreflight.test_only_six_explicit_profile_names_and_no_parent_escape) ... ok
test_portable_fixture_contract_rejects_changed_origin_or_source_delta (__main__.NativePreflight.test_portable_fixture_contract_rejects_changed_origin_or_source_delta) ... ok
test_preflight_only_never_calls_browser_or_creates_output (__main__.NativePreflight.test_preflight_only_never_calls_browser_or_creates_output) ... ok
test_refused_exhaustion_and_derivatives_are_separate_not_earned_flags (__main__.NativePreflight.test_refused_exhaustion_and_derivatives_are_separate_not_earned_flags) ... ok
test_same_named_strongest_inputs_never_replace_earth_final (__main__.NativePreflight.test_same_named_strongest_inputs_never_replace_earth_final) ... ok
test_seed_only_or_failed_earned_receipt_refuses (__main__.NativePreflight.test_seed_only_or_failed_earned_receipt_refuses) ... ok
test_unearned_or_synthetic_gameplay_receipt_refuses (__main__.NativePreflight.test_unearned_or_synthetic_gameplay_receipt_refuses) ... ok
test_wrong_cohort_hash_refuses_before_any_runtime_import (__main__.NativePreflight.test_wrong_cohort_hash_refuses_before_any_runtime_import) ... ok
test_wrong_link_size_refuses (__main__.NativePreflight.test_wrong_link_size_refuses) ... ok

----------------------------------------------------------------------
Ran 26 tests in 0.664s

OK
{"status": "prepared-preflight-passed", "browser_executed": false, "variants": ["blade", "bow", "strongest"], "frozen_files": 201, "profile_limit": 6, "videos": 0, "html_sha256": "ccfc2782a33d21e3a75cd93201d5d9b5d89eef41e6397036c13c2f06bda91f9b"}
