PASS exact frozen HTML served
PASS actual WebGL2 is available
PASS requested renderer is observed
PASS genuinely fresh world has no kit, claims or accepted local work
PASS native Enter expands later requests
PASS expanded locked Read control visible earth-homecoming-open
PASS expanded locked Read control visible cosmos-campaign-open
PASS expanded locked Read control visible atlantis-campaign-open
PASS expanded locked Read control visible heaven-campaign-open
PASS expanded locked Read control visible hell-campaign-open
PASS native Tab reaches retained locked Read control
PASS keyboard Read opens a retained request workspace
PASS native touch expands later requests
PASS native touch Read opens Hell request
PASS production planner accepts Oren
PASS actual movement arrives Oren
PASS native E receives actual Oren kit
PASS production planner accepts Roads of Light
PASS actual movement arrives Roads of Light
PASS native crossing enters Atlantis
PASS production planner accepts Sahra
PASS actual movement arrives Sahra
PASS native UI accepts existing Bellglass trail
PASS native deliberate commission choice retained unpaid
PASS simulation time preserves all work owners while observing homestead
PASS actual selected tracker remains homestead
PASS manual homestead tracker opens Journal in local realm
PASS simulation time preserves all work owners while observing story
PASS actual selected tracker remains story
PASS manual story tracker opens Journal in local realm
PASS simulation time preserves all work owners while observing homestead
PASS actual selected tracker remains homestead
PASS manual homestead tracker opens Journal in local realm
PASS simulation time preserves all work owners while observing local-life
PASS actual selected tracker remains local-life
PASS actual commission title replaces Homestead
PASS commission tracker opens retained local-work page
PASS native new Simulation ignores previous manual Homestead
PASS only two ephemeral native characters exist
PASS new character has no accepted local work
PASS original legacy save remains byte-identical after managed creation
PASS fresh second character has deliberately selected Homestead
PASS exact frozen HTML served
PASS actual WebGL2 is available
PASS requested renderer is observed
PASS cold actual UI uses Story default, no persisted manual Homestead
PASS whole browser loads same selected second character
PASS legacy key unchanged across whole-browser restart
PASS switch resumes the accepted unpaid commission and chosen arrangement
PASS switch retains all old quest/equipment/history owners
PASS old defaults choose pending Local life rather than old Homestead preference
PASS source epoch is unchanged
PASS no browser/console errors hidden
{
  "status": "passed",
  "counts": {
    "checks": 53,
    "passed": 53,
    "failed": 0,
    "reachedStages": 12,
    "completedStages": 12,
    "plannedStages": 12
  },
  "output": "D:\\07-GAMES\\Firstlight\\artifacts\\whole-draft-onboarding-20261005\\remote-full05-browser\\onboarding_browser"
}
