PASS exact current production sources are embedded
PASS blade served exact native software build
PASS blade native imported reward is owned/equipped
PASS accepted production route [-5, 11.5]
PASS blade actual dynamic submission has exactly four supported non-solid practice pieces
PASS blade actual geometry/colors and physical actor radius remain unchanged
PASS native orbit/zoom selects third presentation
PASS blade-third Tab selects actual practice actor
PASS blade-third real F produces exact confirmed blade damage
PASS blade-third practice actor/player health and rewards remain unchanged
PASS blade-third production attack command is accepted
PASS blade-third actual target HUD and confirmed-hit number remain visible
PASS blade-third actual dynamic flags affect main only with fresh reflections
PASS blade-third actual target contributes main pixels without authority mutation
PASS blade-third source practice geometry has a fresh reflection positive control
PASS blade-third controlled reveal preserves reflection and disabled preference
PASS blade-third actual-camera blue subject is positively revealed
PASS native orbit/zoom selects diorama presentation
PASS blade-diorama Tab selects actual practice actor
PASS blade-diorama real F produces exact confirmed blade damage
PASS blade-diorama practice actor/player health and rewards remain unchanged
PASS blade-diorama production attack command is accepted
PASS blade-diorama actual target HUD and confirmed-hit number remain visible
PASS blade-diorama actual dynamic flags affect main only with fresh reflections
PASS blade-diorama actual target contributes main pixels without authority mutation
PASS blade-diorama source practice geometry has a fresh reflection positive control
PASS blade-diorama controlled reveal preserves reflection and disabled preference
PASS native orbit/zoom selects third presentation
PASS blade-reduced-motion-third actual dynamic flags affect main only with fresh reflections
PASS blade-reduced-motion-third actual target contributes main pixels without authority mutation
PASS blade-reduced-motion-third source practice geometry has a fresh reflection positive control
PASS blade-reduced-motion-third controlled reveal preserves reflection and disabled preference
PASS blade-reduced-motion-third actual-camera blue subject is positively revealed
PASS blade-reduced-motion-third reduced-motion main/reflection pixels freeze
PASS native orbit/zoom selects diorama presentation
PASS blade-reduced-motion-diorama actual dynamic flags affect main only with fresh reflections
PASS blade-reduced-motion-diorama actual target contributes main pixels without authority mutation
PASS blade-reduced-motion-diorama source practice geometry has a fresh reflection positive control
PASS blade-reduced-motion-diorama controlled reveal preserves reflection and disabled preference
PASS blade-reduced-motion-diorama reduced-motion main/reflection pixels freeze
PASS native orbit/zoom selects third presentation
PASS blade native disabled preference keeps the original opaque target
PASS blade all dynamic part flags/matrices and render writer restore exactly
PASS blade repeated actual impacts award no XP/coins/ore/loot/defeat or progression
PASS blade all delegated input/hit/movement observer hooks restore
PASS blade actual southern path returns with unchanged rewards/history
PASS blade cold native reload retains exact paid weapon/history without practice payout
PASS blade old command receipts survive and accepted input receipts reload exactly
PASS blade no errors or external requests
PASS bow served exact native software build
PASS bow native imported reward is owned/equipped
PASS accepted production route [-5, 11.5]
PASS bow actual dynamic submission has exactly four supported non-solid practice pieces
PASS bow actual geometry/colors and physical actor radius remain unchanged
PASS native orbit/zoom selects third presentation
PASS bow-third Tab selects actual practice actor
PASS bow-third real F produces exact confirmed bow damage
PASS bow-third practice actor/player health and rewards remain unchanged
PASS bow-third production attack command is accepted
PASS bow-third accepted bow creates a real travelling projectile
PASS bow-third actual target HUD and confirmed-hit number remain visible
PASS bow-third actual dynamic flags affect main only with fresh reflections
PASS bow-third actual target contributes main pixels without authority mutation
PASS bow-third source practice geometry has a fresh reflection positive control
PASS bow-third controlled reveal preserves reflection and disabled preference
PASS bow-third actual-camera blue subject is positively revealed
PASS native orbit/zoom selects diorama presentation
PASS bow-diorama Tab selects actual practice actor
PASS bow-diorama real F produces exact confirmed bow damage
PASS bow-diorama practice actor/player health and rewards remain unchanged
PASS bow-diorama production attack command is accepted
PASS bow-diorama accepted bow creates a real travelling projectile
PASS bow-diorama actual target HUD and confirmed-hit number remain visible
PASS bow-diorama actual dynamic flags affect main only with fresh reflections
PASS bow-diorama actual target contributes main pixels without authority mutation
PASS bow-diorama source practice geometry has a fresh reflection positive control
PASS bow-diorama controlled reveal preserves reflection and disabled preference
PASS native orbit/zoom selects third presentation
PASS bow-reduced-motion-third actual dynamic flags affect main only with fresh reflections
PASS bow-reduced-motion-third actual target contributes main pixels without authority mutation
PASS bow-reduced-motion-third source practice geometry has a fresh reflection positive control
PASS bow-reduced-motion-third controlled reveal preserves reflection and disabled preference
PASS bow-reduced-motion-third actual-camera blue subject is positively revealed
PASS bow-reduced-motion-third reduced-motion main/reflection pixels freeze
PASS native orbit/zoom selects diorama presentation
PASS bow-reduced-motion-diorama actual dynamic flags affect main only with fresh reflections
PASS bow-reduced-motion-diorama actual target contributes main pixels without authority mutation
PASS bow-reduced-motion-diorama source practice geometry has a fresh reflection positive control
PASS bow-reduced-motion-diorama controlled reveal preserves reflection and disabled preference
PASS bow-reduced-motion-diorama reduced-motion main/reflection pixels freeze
PASS native orbit/zoom selects third presentation
PASS bow native disabled preference keeps the original opaque target
PASS bow all dynamic part flags/matrices and render writer restore exactly
PASS bow repeated actual impacts award no XP/coins/ore/loot/defeat or progression
PASS bow all delegated input/hit/movement observer hooks restore
PASS bow actual southern path returns with unchanged rewards/history
PASS bow cold native reload retains exact paid weapon/history without practice payout
PASS bow old command receipts survive and accepted input receipts reload exactly
PASS bow no errors or external requests
