PASS offline HTML embeds the current runtime and trail sources
PASS regenerated command-earned fresh-blade source
PASS fresh-blade source has no grants, manual damage or drift
PASS regenerated command-earned fresh-bow source
PASS fresh-bow source has no grants, manual damage or drift
PASS exact current offline HTML served over isolated loopback
PASS fresh-blade uses muted reduced-motion actual UI setting
PASS physical walk 18,6
PASS heaven travel needs its visible confirmation
PASS travel enters heaven without implicit acceptance
PASS heaven giver has a supported readable 1.7 m approach
PASS physical walk -14,6.7
PASS heaven acceptance terms disclose exact reward, danger, free return and no allegiance
PASS heaven travel alone did not accept work
PASS heaven explicit acceptance preserves equipment, inventory and older history
PASS physical walk -8,-88
PASS visible physical action records relay-west
PASS heaven declared encounter spawn gate 1
PASS heaven accepted partial preparation saves native origin
PASS heaven accepted partial preparation native reload retains ledger and canonical property
PASS heaven accepted partial preparation resumes the home checkpoint
PASS physical walk 18,6
PASS heaven travel needs its visible confirmation
PASS travel enters heaven without implicit acceptance
PASS heaven accepted partial preparation retains expected unpaid/paid status
PASS physical walk 8,-88
PASS visible physical action records relay-east
PASS heaven declared encounter spawn gate 2
PASS physical walk 0,-102
PASS visible physical action records relay-crown
PASS heaven declared encounter spawn gate 3
PASS physical walk 0,-83
PASS physical walk 0,-93.9
PASS heaven normal Tab selects the actual story actor
PASS heaven actual windup AI window occurs
PASS heaven visible windup cue mirrors AI
PASS heaven actual recover AI window occurs
PASS heaven visible recover cue mirrors AI
PASS unprepared Choir real recovery is 1.8 seconds
PASS physical walk 25,-15
PASS visible physical action records spillway
PASS physical optional spillway extends future real recovery to 2.6 without replacing health
PASS physical walk 0,-83
PASS physical walk 0,-93.9
PASS heaven normal Tab selects the actual story actor
PASS heaven actual windup AI window occurs
PASS heaven visible windup cue mirrors AI
PASS windup tells muted player to Brace or move
PASS normal Brace button arms real mitigation
PASS heaven actual recover AI window occurs
PASS heaven visible recover cue mirrors AI
PASS prepared Choir actual recovery timer and visible cue are 2.6 seconds
PASS recovery explicitly invites a real opening strike
PASS normal autoattack button enables production intent
PASS heaven blade earns actual actor defeat through timed combat
PASS fight includes multiple real impacts and AI warning/recovery
PASS all successful bearing damage lands only in real recovery
PASS story defeat gives no older XP, drop or defeated reward
PASS physical walk 0,-1
PASS visible physical action records garden-repair
PASS heaven giver has a supported readable 1.7 m approach
PASS physical walk -14,6.7
PASS heaven-blade complete but unpaid UI has explicit claim
PASS heaven-blade ready saves native origin
PASS heaven-blade ready native reload retains ledger and canonical property
PASS heaven-blade ready resumes the home checkpoint
PASS physical walk 18,6
PASS heaven travel needs its visible confirmation
PASS travel enters heaven without implicit acceptance
PASS heaven-blade ready retains expected unpaid/paid status
PASS heaven-blade disabled story actor stays absent after reload
PASS heaven giver has a supported readable 1.7 m approach
PASS physical walk -14,6.7
PASS heaven-blade native explicit claim pays the exact declared fee once
PASS heaven-blade paid UI replaces claim with completion
PASS heaven-blade different request cannot replay reward
PASS heaven-blade paid saves native origin
PASS heaven-blade paid native reload retains ledger and canonical property
PASS heaven-blade paid resumes the home checkpoint
PASS physical walk 18,6
PASS heaven travel needs its visible confirmation
PASS travel enters heaven without implicit acceptance
PASS heaven-blade paid retains expected unpaid/paid status
PASS heaven giver has a supported readable 1.7 m approach
PASS physical walk -14,6.7
PASS heaven-blade native reload keeps visible paid recognition and no claim control
PASS heaven-blade V reaches diorama
PASS heaven-blade V returns to third person
PASS heaven-blade free home return preserves work and balance
PASS physical walk 18,6
PASS hell travel needs its visible confirmation
PASS travel enters hell without implicit acceptance
PASS hell giver has a supported readable 1.7 m approach
PASS physical walk -10,25.7
PASS hell acceptance terms disclose exact reward, danger, free return and no allegiance
PASS hell travel alone did not accept work
PASS hell explicit acceptance preserves equipment, inventory and older history
PASS physical walk -36,-102
PASS visible physical action records contact-neris
PASS hell declared encounter spawn gate 1
PASS hell accepted partial preparation saves native origin
PASS hell accepted partial preparation native reload retains ledger and canonical property
PASS hell accepted partial preparation resumes the home checkpoint
PASS physical walk 18,6
PASS hell travel needs its visible confirmation
PASS travel enters hell without implicit acceptance
PASS hell accepted partial preparation retains expected unpaid/paid status
PASS physical walk -34,-70
PASS visible physical action records cooling
PASS hell declared encounter spawn gate 2
PASS physical walk -30,-86
PASS visible physical action records clamp-west
PASS hell declared encounter spawn gate 3
PASS physical walk 14,-100
PASS visible physical action records clamp-east
PASS hell declared encounter spawn gate 4
PASS physical walk -35,-78
PASS physical walk -35,-88.9
PASS hell normal Tab selects the actual story actor
PASS hell actual windup AI window occurs
PASS hell visible windup cue mirrors AI
PASS windup tells muted player to Brace or move
PASS normal Brace button arms real mitigation
PASS hell actual recover AI window occurs
PASS hell visible recover cue mirrors AI
PASS recovery explicitly invites a real opening strike
PASS normal autoattack button enables production intent
PASS hell blade earns actual actor defeat through timed combat
PASS fight includes multiple real impacts and AI warning/recovery
PASS story defeat gives no older XP, drop or defeated reward
PASS physical walk -36,-102
PASS visible physical action records escort-start
PASS Wait labels Neris immediately while the menu still pauses the world
PASS native Wait stops the actual ally without earning arrival
PASS Resume labels follow immediately before simulation resumes
PASS physical walk -31,-83
PASS Neris really follows to the first safe checkpoint
PASS Neris partial escorted route saves native origin
PASS Neris partial escorted route native reload retains ledger and canonical property
PASS Neris partial escorted route resumes the home checkpoint
PASS physical walk 18,6
PASS hell travel needs its visible confirmation
PASS travel enters hell without implicit acceptance
PASS Neris partial escorted route retains expected unpaid/paid status
PASS cold browser reload reconstructs Neris at the durable safe checkpoint
PASS physical walk -12,27
PASS player reaching Refuge alone cannot complete Neris arrival
PASS physical walk -31,-83
PASS real Neris walks the supported route into Refuge with no assisted extraction
PASS hell giver has a supported readable 1.7 m approach
PASS physical walk -10,25.7
PASS hell-blade complete but unpaid UI has explicit claim
PASS hell-blade ready saves native origin
PASS hell-blade ready native reload retains ledger and canonical property
PASS hell-blade ready resumes the home checkpoint
PASS physical walk 18,6
PASS hell travel needs its visible confirmation
PASS travel enters hell without implicit acceptance
PASS hell-blade ready retains expected unpaid/paid status
PASS hell-blade disabled story actor stays absent after reload
PASS hell giver has a supported readable 1.7 m approach
PASS physical walk -10,25.7
PASS hell-blade native explicit claim pays the exact declared fee once
PASS hell-blade paid UI replaces claim with completion
PASS hell-blade different request cannot replay reward
PASS hell-blade paid saves native origin
PASS hell-blade paid native reload retains ledger and canonical property
PASS hell-blade paid resumes the home checkpoint
PASS physical walk 18,6
PASS hell travel needs its visible confirmation
PASS travel enters hell without implicit acceptance
PASS hell-blade paid retains expected unpaid/paid status
PASS hell giver has a supported readable 1.7 m approach
PASS physical walk -10,25.7
PASS hell-blade native reload keeps visible paid recognition and no claim control
PASS hell-blade V reaches diorama
PASS hell-blade V returns to third person
PASS hell-blade free home return preserves work and balance
PASS fresh-bow uses muted reduced-motion actual UI setting
PASS physical walk 18,6
PASS heaven travel needs its visible confirmation
PASS travel enters heaven without implicit acceptance
PASS heaven giver has a supported readable 1.7 m approach
PASS physical walk -14,6.7
PASS heaven acceptance terms disclose exact reward, danger, free return and no allegiance
PASS heaven travel alone did not accept work
PASS heaven explicit acceptance preserves equipment, inventory and older history
PASS physical walk -8,-88
PASS visible physical action records relay-west
PASS heaven declared encounter spawn gate 1
PASS heaven accepted partial preparation saves native origin
PASS heaven accepted partial preparation native reload retains ledger and canonical property
PASS heaven accepted partial preparation resumes the home checkpoint
PASS physical walk 18,6
PASS heaven travel needs its visible confirmation
PASS travel enters heaven without implicit acceptance
PASS heaven accepted partial preparation retains expected unpaid/paid status
PASS physical walk 8,-88
PASS visible physical action records relay-east
PASS heaven declared encounter spawn gate 2
PASS physical walk 0,-102
PASS visible physical action records relay-crown
PASS heaven declared encounter spawn gate 3
PASS physical walk 25,-15
PASS visible physical action records spillway
PASS physical walk 0,-83
PASS physical walk 0,-91
PASS heaven normal Tab selects the actual story actor
PASS heaven actual windup AI window occurs
PASS heaven visible windup cue mirrors AI
PASS windup tells muted player to Brace or move
PASS normal Brace button arms real mitigation
PASS closed-bearing regression launches an actual bow shot
PASS closed bearing has one obstruction cue, no success cue and no damage
PASS closed arrow emits no displayed damage number
PASS heaven actual recover AI window occurs
PASS heaven visible recover cue mirrors AI
PASS prepared Choir actual recovery timer and visible cue are 2.6 seconds
PASS recovery explicitly invites a real opening strike
PASS normal autoattack button enables production intent
PASS heaven bow earns actual actor defeat through timed combat
PASS fight includes multiple real impacts and AI warning/recovery
PASS all successful bearing damage lands only in real recovery
PASS bow defeat includes actual in-flight projectiles
PASS story defeat gives no older XP, drop or defeated reward
PASS physical walk 0,-1
PASS visible physical action records garden-repair
PASS heaven giver has a supported readable 1.7 m approach
PASS physical walk -14,6.7
PASS heaven-bow complete but unpaid UI has explicit claim
PASS heaven-bow ready saves native origin
PASS heaven-bow ready native reload retains ledger and canonical property
PASS heaven-bow ready resumes the home checkpoint
PASS physical walk 18,6
PASS heaven travel needs its visible confirmation
PASS travel enters heaven without implicit acceptance
PASS heaven-bow ready retains expected unpaid/paid status
PASS heaven-bow disabled story actor stays absent after reload
PASS heaven giver has a supported readable 1.7 m approach
PASS physical walk -14,6.7
PASS heaven-bow native explicit claim pays the exact declared fee once
PASS heaven-bow paid UI replaces claim with completion
PASS heaven-bow different request cannot replay reward
PASS heaven-bow paid saves native origin
PASS heaven-bow paid native reload retains ledger and canonical property
PASS heaven-bow paid resumes the home checkpoint
PASS physical walk 18,6
PASS heaven travel needs its visible confirmation
PASS travel enters heaven without implicit acceptance
PASS heaven-bow paid retains expected unpaid/paid status
PASS heaven giver has a supported readable 1.7 m approach
PASS physical walk -14,6.7
PASS heaven-bow native reload keeps visible paid recognition and no claim control
PASS heaven-bow V reaches diorama
PASS heaven-bow V returns to third person
PASS heaven-bow free home return preserves work and balance
PASS all camera/claim/reload cases keep sound muted and reduced motion on
PASS no browser runtime or diagnostics errors
PASS offline HTML remained stable throughout this focused run
