Input #0, matroska,webm, from 'D:\07-GAMES\Firstlight\artifacts\coastward-expedition-20261003\native-bow-take01\1dc0d6d461d4f3b779883279879da320.webm':
  Metadata:
    ENCODER         : Lavf61.1.100
  Duration: 00:04:09.88, start: 0.000000, bitrate: 1001 kb/s
  Stream #0:0: Video: vp8, yuv420p(progressive), 1440x900, SAR 1:1 DAR 8:5, 25 fps, 25 tbr, 1k tbn
      Metadata:
        ENCODER         : Lavc61.3.100 libvpx
        DURATION        : 00:04:09.880000000
Stream mapping:
  Stream #0:0 (vp8) -> select:default
  setpts:default -> Stream #0:0 (libx264)
[libx264 @ 000002269a2e7fc0] using SAR=1/1
[libx264 @ 000002269a2e7fc0] using cpu capabilities: MMX2 SSE2Fast SSSE3 SSE4.2 AVX FMA3 BMI2 AVX2 AVX512
[libx264 @ 000002269a2e7fc0] profile High, level 4.0, 4:2:0, 8-bit
[libx264 @ 000002269a2e7fc0] 264 - core 164 r3192 c24e06c - H.264/MPEG-4 AVC codec - Copyleft 2003-2024 - http://www.videolan.org/x264.html - options: cabac=1 ref=2 deblock=1:0:0 analyse=0x3:0x113 me=hex subme=6 psy=1 psy_rd=1.00:0.00 mixed_ref=1 me_range=16 chroma_me=1 trellis=1 8x8dct=1 cqm=0 deadzone=21,11 fast_pskip=1 chroma_qp_offset=-2 threads=4 lookahead_threads=1 sliced_threads=0 nr=0 decimate=1 interlaced=0 bluray_compat=0 constrained_intra=0 bframes=0 weightp=1 keyint=250 keyint_min=25 scenecut=40 intra_refresh=0 rc_lookahead=30 rc=crf mbtree=1 crf=24.0 qcomp=0.60 qpmin=0 qpmax=69 qpstep=4 ip_ratio=1.40 aq=1:1.00
Output #0, mp4, to 'D:\07-GAMES\Firstlight\artifacts\coastward-expedition-20261003\MOBILE_GAMEPLAY_TAKE05.mp4':
  Metadata:
    encoder         : Lavf61.7.100
  Stream #0:0: Video: h264 (avc1 / 0x31637661), yuv420p(tv, bt470bg/unknown/unknown, progressive), 1440x900 [SAR 1:1 DAR 8:5], q=2-31, 25 fps, 12800 tbn
      Metadata:
        encoder         : Lavc61.19.100 libx264
      Side data:
        cpb: bitrate max/min/avg: 0/0/0 buffer size: 0 vbv_delay: N/A
frame=    0 fps=0.0 q=0.0 size=       0KiB time=N/A bitrate=N/A speed=N/A    frame=   88 fps= 86 q=29.0 size=     768KiB time=00:00:03.52 bitrate=1787.5kbits/s speed=3.44x    frame=  192 fps=125 q=29.0 size=    1536KiB time=00:00:07.68 bitrate=1638.5kbits/s speed=   5x    frame=  304 fps=147 q=29.0 size=    1792KiB time=00:00:12.16 bitrate=1207.3kbits/s speed=5.89x    frame=  452 fps=175 q=29.0 size=    2816KiB time=00:00:18.08 bitrate=1275.9kbits/s speed=7.02x    frame=  537 fps=174 q=29.0 size=    3328KiB time=00:00:21.48 bitrate=1269.2kbits/s speed=6.95x    frame=  608 fps=169 q=29.0 size=    4864KiB time=00:00:24.32 bitrate=1638.4kbits/s speed=6.76x    frame=  692 fps=168 q=29.0 size=    5632KiB time=00:00:27.68 bitrate=1666.8kbits/s speed=6.73x    frame=  765 fps=165 q=29.0 size=    6144KiB time=00:00:30.60 bitrate=1644.8kbits/s speed= 6.6x    frame=  839 fps=163 q=29.0 size=    6912KiB time=00:00:33.56 bitrate=1687.2kbits/s speed=6.52x    frame=  932 fps=165 q=29.0 size=    7424KiB time=00:00:37.28 bitrate=1631.4kbits/s speed=6.58x    frame= 1008 fps=163 q=29.0 size=    8192KiB time=00:00:40.32 bitrate=1664.4kbits/s speed=6.53x    frame= 1094 fps=163 q=29.0 size=    8960KiB time=00:00:43.76 bitrate=1677.3kbits/s speed=6.54x    frame= 1145 fps=159 q=29.0 size=    9216KiB time=00:00:45.80 bitrate=1648.4kbits/s speed=6.35x    frame= 1226 fps=159 q=29.0 size=    9984KiB time=00:00:49.04 bitrate=1667.8kbits/s speed=6.35x    frame= 1317 fps=160 q=29.0 size=   11008KiB time=00:00:52.68 bitrate=1711.8kbits/s speed= 6.4x    frame= 1395 fps=159 q=29.0 size=   11776KiB time=00:00:55.80 bitrate=1728.8kbits/s speed=6.38x    frame= 1468 fps=158 q=29.0 size=   12800KiB time=00:00:58.72 bitrate=1785.7kbits/s speed=6.33x    frame= 1542 fps=157 q=29.0 size=   13312KiB time=00:01:01.68 bitrate=1768.0kbits/s speed= 6.3x    frame= 1634 fps=159 q=29.0 size=   14080KiB time=00:01:05.36 bitrate=1764.7kbits/s speed=6.34x    [mp4 @ 000002269a2f8f00] Starting second pass: moving the moov atom to the beginning of the file
[out#0/mp4 @ 000002269a2f8800] video:14656KiB audio:0KiB subtitle:0KiB other streams:0KiB global headers:0KiB muxing overhead: 0.052373%
frame= 1675 fps=158 q=-1.0 Lsize=   14664KiB time=00:01:07.00 bitrate=1792.9kbits/s speed=6.31x    
[libx264 @ 000002269a2e7fc0] frame I:32    Avg QP:20.25  size: 67901
[libx264 @ 000002269a2e7fc0] frame P:1643  Avg QP:22.70  size:  7811
[libx264 @ 000002269a2e7fc0] mb I  I16..4: 33.2% 42.2% 24.6%
[libx264 @ 000002269a2e7fc0] mb P  I16..4:  1.9%  2.3%  0.5%  P16..4: 21.7%  3.0%  1.7%  0.0%  0.0%    skip:68.9%
[libx264 @ 000002269a2e7fc0] 8x8 transform intra:47.0% inter:60.7%
[libx264 @ 000002269a2e7fc0] coded y,uvDC,uvAC intra: 29.5% 32.3% 11.3% inter: 7.4% 5.1% 0.2%
[libx264 @ 000002269a2e7fc0] i16 v,h,dc,p: 27% 43% 21%  9%
[libx264 @ 000002269a2e7fc0] i8 v,h,dc,ddl,ddr,vr,hd,vl,hu: 30% 24% 34%  2%  2%  2%  2%  2%  3%
[libx264 @ 000002269a2e7fc0] i4 v,h,dc,ddl,ddr,vr,hd,vl,hu: 33% 28% 18%  4%  4%  3%  4%  3%  4%
[libx264 @ 000002269a2e7fc0] i8c dc,h,v,p: 56% 27% 15%  3%
[libx264 @ 000002269a2e7fc0] Weighted P-Frames: Y:0.0% UV:0.0%
[libx264 @ 000002269a2e7fc0] ref P L0: 80.3% 19.7%
[libx264 @ 000002269a2e7fc0] kb/s:1791.89
