Input #0, mov,mp4,m4a,3gp,3g2,mj2, from 'D:/07-GAMES/Firstlight/artifacts/coastward-expedition-20261003/native-bow-take01/GAMEPLAY_PORTABLE.mp4':
  Metadata:
    major_brand     : isom
    minor_version   : 512
    compatible_brands: isomiso2avc1mp41
    encoder         : Lavf61.7.100
  Duration: 00:04:09.88, start: 0.000000, bitrate: 1058 kb/s
  Stream #0:0[0x1](und): Video: h264 (High) (avc1 / 0x31637661), yuv420p(tv, bt470bg/unknown/unknown, progressive), 1440x900 [SAR 1:1 DAR 8:5], 1055 kb/s, 25 fps, 25 tbr, 12800 tbn (default)
      Metadata:
        handler_name    : VideoHandler
        vendor_id       : [0][0][0][0]
        encoder         : Lavc61.19.100 libx264
Stream mapping:
  Stream #0:0 -> #0:0 (h264 (native) -> png (native))
Output #0, image2, to 'D:/07-GAMES/Firstlight/artifacts/coastward-expedition-20261003/PORTABLE_BOW_VISUAL.png':
  Metadata:
    major_brand     : isom
    minor_version   : 512
    compatible_brands: isomiso2avc1mp41
    encoder         : Lavf61.7.100
  Stream #0:0(und): Video: png, rgb24(pc, gbr/unknown/unknown, progressive), 1440x900 [SAR 1:1 DAR 8:5], q=2-31, 200 kb/s, 25 fps, 25 tbn (default)
      Metadata:
        handler_name    : VideoHandler
        vendor_id       : [0][0][0][0]
        encoder         : Lavc61.19.100 png
[image2 @ 000002985b618140] The specified filename 'D:/07-GAMES/Firstlight/artifacts/coastward-expedition-20261003/PORTABLE_BOW_VISUAL.png' does not contain an image sequence pattern or a pattern is invalid.
[image2 @ 000002985b618140] Use a pattern such as %03d for an image sequence or use the -update option (with -frames:v 1 if needed) to write a single image.
[out#0/image2 @ 000002985b689d00] video:785KiB audio:0KiB subtitle:0KiB other streams:0KiB global headers:0KiB muxing overhead: unknown
frame=    1 fps=0.0 q=-0.0 Lsize=N/A time=00:00:00.04 bitrate=N/A speed=0.538x    
