PASS fresh-blade command-earned seed
PASS fresh-blade exact standalone HTML
PASS fresh-blade additive migration preserves old systems and old key
PASS fresh-blade supported walking (18, 6)
PASS fresh-blade deliberate checkpoint crossing
PASS fresh-blade supported walking (0, 16)
PASS fresh-blade supported walking (14, -34)
PASS fresh-blade supported walking (4, -41)
PASS fresh-blade supported walking (-6, -68)
PASS fresh-blade exact terms and both choices visible before consent
PASS fresh-blade quota-refused acceptance is unchanged
PASS fresh-blade deliberate acceptance
PASS fresh-blade production storage before accepted
PASS fresh-blade exact standalone HTML
PASS fresh-blade exact latest successful native write at raw startup accepted
PASS fresh-blade loaded full durable checkpoint accepted
PASS fresh-blade supported walking (18, 6)
PASS fresh-blade deliberate checkpoint crossing
PASS fresh-blade supported walking (0, 16)
PASS fresh-blade supported walking (14, -34)
PASS fresh-blade supported walking (4, -41)
PASS fresh-blade supported walking (-6, -68)
PASS fresh-blade supported walking (14, -34)
PASS fresh-blade supported walking (0, 16)
PASS fresh-blade supported walking (0, 96)
PASS fresh-blade supported walking (-7, 97)
PASS fresh-blade production storage before carried fittings
PASS fresh-blade exact standalone HTML
PASS fresh-blade exact latest successful native write at raw startup carried fittings
PASS fresh-blade loaded full durable checkpoint carried fittings
PASS fresh-blade supported walking (18, 6)
PASS fresh-blade deliberate checkpoint crossing
PASS fresh-blade supported walking (0, 16)
PASS fresh-blade supported walking (14, -34)
PASS fresh-blade supported walking (4, -41)
PASS fresh-blade supported walking (-6, -68)
PASS fresh-blade supported walking (-9, -63.5)
PASS fresh-blade wrong assembly retains carried state
PASS fresh-blade production storage before fitted but uninspected
PASS fresh-blade exact standalone HTML
PASS fresh-blade exact latest successful native write at raw startup fitted but uninspected
PASS fresh-blade loaded full durable checkpoint fitted but uninspected
PASS fresh-blade supported walking (18, 6)
PASS fresh-blade deliberate checkpoint crossing
PASS fresh-blade supported walking (0, 16)
PASS fresh-blade supported walking (14, -34)
PASS fresh-blade supported walking (4, -41)
PASS fresh-blade supported walking (-6, -68)
PASS fresh-blade supported walking (-9, -63.5)
PASS fresh-blade requested shoulder distance remains usable shelter
PASS fresh-blade actual shelter pixels third-person
PASS fresh-blade requested shoulder distance remains usable shelter
PASS fresh-blade actual shelter pixels diorama
PASS fresh-blade production storage before complete unpaid
PASS fresh-blade exact standalone HTML
PASS fresh-blade exact latest successful native write at raw startup complete unpaid
PASS fresh-blade loaded full durable checkpoint complete unpaid
PASS fresh-blade supported walking (18, 6)
PASS fresh-blade deliberate checkpoint crossing
PASS fresh-blade supported walking (0, 16)
PASS fresh-blade supported walking (14, -34)
PASS fresh-blade supported walking (4, -41)
PASS fresh-blade supported walking (-6, -68)
PASS fresh-blade quota-refused whole fee is unchanged
PASS fresh-blade capacity-refused whole fee is unchanged
PASS fresh-blade declared fee and prior history retained
PASS fresh-blade new request ID cannot duplicate fee
PASS fresh-blade production storage before paid before crafting
PASS fresh-blade exact standalone HTML
PASS fresh-blade exact latest successful native write at raw startup paid before crafting
PASS fresh-blade loaded full durable checkpoint paid before crafting
PASS fresh-blade supported walking (11, 9)
PASS fresh-blade deliberate exact-cost home board
PASS fresh-blade production storage before board crafted
PASS fresh-blade exact standalone HTML
PASS fresh-blade exact latest successful native write at raw startup board crafted
PASS fresh-blade loaded full durable checkpoint board crafted
PASS fresh-blade supported walking (37, 0)
PASS fresh-blade deliberate layout places exactly one board
PASS fresh-blade requested shoulder distance remains usable home
PASS fresh-blade actual home board pixels third-person
PASS fresh-blade requested shoulder distance remains usable home
PASS fresh-blade actual home board pixels diorama
PASS fresh-blade production storage before board placed
PASS fresh-blade exact standalone HTML
PASS fresh-blade exact latest successful native write at raw startup board placed
PASS fresh-blade loaded full durable checkpoint board placed
PASS fresh-bow command-earned seed
PASS fresh-bow exact standalone HTML
PASS fresh-bow additive migration preserves old systems and old key
PASS fresh-bow supported walking (18, 6)
PASS fresh-bow deliberate checkpoint crossing
PASS fresh-bow supported walking (0, 16)
PASS fresh-bow supported walking (14, -34)
PASS fresh-bow supported walking (4, -41)
PASS fresh-bow supported walking (-6, -68)
PASS fresh-bow exact terms and both choices visible before consent
PASS fresh-bow quota-refused acceptance is unchanged
PASS fresh-bow deliberate acceptance
PASS fresh-bow production storage before accepted
PASS fresh-bow exact standalone HTML
PASS fresh-bow exact latest successful native write at raw startup accepted
PASS fresh-bow loaded full durable checkpoint accepted
PASS fresh-bow supported walking (18, 6)
PASS fresh-bow deliberate checkpoint crossing
PASS fresh-bow supported walking (0, 16)
PASS fresh-bow supported walking (14, -34)
PASS fresh-bow supported walking (4, -41)
PASS fresh-bow supported walking (-6, -68)
PASS fresh-bow supported walking (14, -34)
PASS fresh-bow supported walking (0, 16)
PASS fresh-bow supported walking (0, 96)
PASS fresh-bow supported walking (-7, 97)
PASS fresh-bow production storage before carried fittings
PASS fresh-bow exact standalone HTML
PASS fresh-bow exact latest successful native write at raw startup carried fittings
PASS fresh-bow loaded full durable checkpoint carried fittings
PASS fresh-bow supported walking (18, 6)
PASS fresh-bow deliberate checkpoint crossing
PASS fresh-bow supported walking (0, 16)
PASS fresh-bow supported walking (14, -19)
PASS fresh-bow supported walking (30, -20)
PASS fresh-bow wrong assembly retains carried state
PASS fresh-bow production storage before fitted but uninspected
PASS fresh-bow exact standalone HTML
PASS fresh-bow exact latest successful native write at raw startup fitted but uninspected
PASS fresh-bow loaded full durable checkpoint fitted but uninspected
PASS fresh-bow supported walking (18, 6)
PASS fresh-bow deliberate checkpoint crossing
PASS fresh-bow supported walking (0, 16)
PASS fresh-bow supported walking (14, -19)
PASS fresh-bow supported walking (30, -20)
PASS fresh-bow requested shoulder distance remains usable river-lookout
PASS fresh-bow actual river-lookout pixels third-person
PASS fresh-bow requested shoulder distance remains usable river-lookout
PASS fresh-bow actual river-lookout pixels diorama
PASS fresh-bow production storage before complete unpaid
PASS fresh-bow exact standalone HTML
PASS fresh-bow exact latest successful native write at raw startup complete unpaid
PASS fresh-bow loaded full durable checkpoint complete unpaid
PASS fresh-bow supported walking (18, 6)
PASS fresh-bow deliberate checkpoint crossing
PASS fresh-bow supported walking (0, 16)
PASS fresh-bow supported walking (14, -34)
PASS fresh-bow supported walking (4, -41)
PASS fresh-bow supported walking (-6, -68)
PASS fresh-bow quota-refused whole fee is unchanged
PASS fresh-bow capacity-refused whole fee is unchanged
PASS fresh-bow declared fee and prior history retained
PASS fresh-bow new request ID cannot duplicate fee
PASS fresh-bow production storage before paid before crafting
PASS fresh-bow exact standalone HTML
PASS fresh-bow exact latest successful native write at raw startup paid before crafting
PASS fresh-bow loaded full durable checkpoint paid before crafting
PASS fresh-bow supported walking (11, 9)
PASS fresh-bow deliberate exact-cost home board
PASS fresh-bow production storage before board crafted
PASS fresh-bow exact standalone HTML
PASS fresh-bow exact latest successful native write at raw startup board crafted
PASS fresh-bow loaded full durable checkpoint board crafted
PASS fresh-bow supported walking (37, 0)
PASS fresh-bow deliberate layout places exactly one board
PASS fresh-bow requested shoulder distance remains usable home
PASS fresh-bow actual home board pixels third-person
PASS fresh-bow requested shoulder distance remains usable home
PASS fresh-bow actual home board pixels diorama
PASS fresh-bow production storage before board placed
PASS fresh-bow exact standalone HTML
PASS fresh-bow exact latest successful native write at raw startup board placed
PASS fresh-bow loaded full durable checkpoint board placed
PASS returning-strongest command-earned seed
PASS returning-strongest exact standalone HTML
PASS returning-strongest additive migration preserves old systems and old key
PASS returning-strongest supported walking (18, 6)
PASS returning-strongest deliberate checkpoint crossing
PASS returning-strongest supported walking (0, 16)
PASS returning-strongest supported walking (14, -34)
PASS returning-strongest supported walking (4, -41)
PASS returning-strongest supported walking (-6, -68)
PASS returning-strongest exact terms and both choices visible before consent
PASS returning-strongest quota-refused acceptance is unchanged
PASS returning-strongest deliberate acceptance
PASS returning-strongest production storage before accepted
PASS returning-strongest exact standalone HTML
PASS returning-strongest exact latest successful native write at raw startup accepted
PASS returning-strongest loaded full durable checkpoint accepted
PASS returning-strongest supported walking (18, 6)
PASS returning-strongest deliberate checkpoint crossing
PASS returning-strongest supported walking (0, 16)
PASS returning-strongest supported walking (14, -34)
PASS returning-strongest supported walking (4, -41)
PASS returning-strongest supported walking (-6, -68)
PASS returning-strongest supported walking (14, -34)
PASS returning-strongest supported walking (0, 16)
PASS returning-strongest supported walking (0, 96)
PASS returning-strongest supported walking (-7, 97)
PASS returning-strongest production storage before carried fittings
PASS returning-strongest exact standalone HTML
PASS returning-strongest exact latest successful native write at raw startup carried fittings
PASS returning-strongest loaded full durable checkpoint carried fittings
PASS returning-strongest supported walking (18, 6)
PASS returning-strongest deliberate checkpoint crossing
PASS returning-strongest supported walking (0, 16)
PASS returning-strongest supported walking (14, -34)
PASS returning-strongest supported walking (4, -41)
PASS returning-strongest supported walking (-6, -68)
PASS returning-strongest supported walking (-9, -63.5)
PASS returning-strongest wrong assembly retains carried state
PASS returning-strongest production storage before fitted but uninspected
PASS returning-strongest exact standalone HTML
PASS returning-strongest exact latest successful native write at raw startup fitted but uninspected
PASS returning-strongest loaded full durable checkpoint fitted but uninspected
PASS returning-strongest supported walking (18, 6)
PASS returning-strongest deliberate checkpoint crossing
PASS returning-strongest supported walking (0, 16)
PASS returning-strongest supported walking (14, -34)
PASS returning-strongest supported walking (4, -41)
PASS returning-strongest supported walking (-6, -68)
PASS returning-strongest supported walking (-9, -63.5)
PASS returning-strongest requested shoulder distance remains usable shelter
PASS returning-strongest actual shelter pixels third-person
PASS returning-strongest requested shoulder distance remains usable shelter
PASS returning-strongest actual shelter pixels diorama
PASS returning-strongest production storage before complete unpaid
PASS returning-strongest exact standalone HTML
PASS returning-strongest exact latest successful native write at raw startup complete unpaid
PASS returning-strongest loaded full durable checkpoint complete unpaid
PASS returning-strongest supported walking (18, 6)
PASS returning-strongest deliberate checkpoint crossing
PASS returning-strongest supported walking (0, 16)
PASS returning-strongest supported walking (14, -34)
PASS returning-strongest supported walking (4, -41)
PASS returning-strongest supported walking (-6, -68)
PASS returning-strongest quota-refused whole fee is unchanged
PASS returning-strongest capacity-refused whole fee is unchanged
PASS returning-strongest declared fee and prior history retained
PASS returning-strongest new request ID cannot duplicate fee
PASS returning-strongest production storage before paid before crafting
PASS returning-strongest exact standalone HTML
PASS returning-strongest exact latest successful native write at raw startup paid before crafting
PASS returning-strongest loaded full durable checkpoint paid before crafting
PASS returning-strongest supported walking (11, 9)
PASS returning-strongest deliberate exact-cost home board
PASS returning-strongest production storage before board crafted
PASS returning-strongest exact standalone HTML
PASS returning-strongest exact latest successful native write at raw startup board crafted
PASS returning-strongest loaded full durable checkpoint board crafted
PASS returning-strongest supported walking (37, 0)
PASS returning-strongest deliberate layout places exactly one board
PASS returning-strongest requested shoulder distance remains usable home
PASS returning-strongest actual home board pixels third-person
PASS returning-strongest requested shoulder distance remains usable home
PASS returning-strongest actual home board pixels diorama
PASS returning-strongest production storage before board placed
PASS returning-strongest exact standalone HTML
PASS returning-strongest exact latest successful native write at raw startup board placed
PASS returning-strongest loaded full durable checkpoint board placed
PASS sources and both generated HTML remain identical
PASS no browser runtime errors
{
  "status": "passed",
  "passed": 259,
  "failed": 0,
  "out": "D:\\07-GAMES\\Firstlight\\artifacts\\atlantis-harbour-campaign-20261005\\full02-browser\\bridge_community_browser"
}
