{
  "status": "passed",
  "variant": "fresh-blade",
  "seed": "D:\\07-GAMES\\Firstlight\\artifacts\\atlantis-harbour-campaign-20261005\\full02-browser\\hell_campaign_browser-sources\\fresh-blade\\00_EARNED_SEED.json"
}
{
  "status": "passed",
  "variant": "fresh-bow",
  "seed": "D:\\07-GAMES\\Firstlight\\artifacts\\atlantis-harbour-campaign-20261005\\full02-browser\\hell_campaign_browser-sources\\fresh-bow\\00_EARNED_SEED.json"
}
{
  "status": "passed",
  "variant": "returning-strongest",
  "seed": "D:\\07-GAMES\\Firstlight\\artifacts\\atlantis-harbour-campaign-20261005\\full02-browser\\hell_campaign_browser-sources\\returning-strongest\\00_EARNED_SEED.json"
}
PASS assembled offline HTML embeds each exact current campaign/caller source
PASS both checked-in HTML copies are byte-identical
PASS fresh-blade · exact frozen HTML is served over isolated loopback
PASS fresh-blade · actual WebGL2 client is available
PASS fresh-blade · software renderer is explicitly observed
PASS fresh-blade · earned seed has claimed Open Cage and no planted new campaign
PASS fresh-blade · visible import adds the complete earned character without replacing the original slot
PASS fresh-blade · travel has a visible saved-checkpoint confirmation
PASS fresh-blade · native confirmed travel reaches Hell without implicit campaign acceptance
PASS fresh-blade · visible terms disclose fixed combat, equal fee and bounded choice consequences
PASS fresh-blade · reading does not accept work or spend anything
PASS fresh-blade · production walking reaches Istra · return keeper
PASS fresh-blade · native explicit acceptance keeps older systems and equipped gear
PASS fresh-blade · accepted saves through the production native store
PASS fresh-blade · accepted stores the full actual campaign and belongings
PASS fresh-blade · accepted observed last successful write remains a valid owned library
PASS fresh-blade · exact frozen HTML is served over isolated loopback
PASS fresh-blade · actual WebGL2 client is available
PASS fresh-blade · software renderer is explicitly observed
PASS fresh-blade · accepted cold startup bytes equal the actual last successful native write
PASS fresh-blade · accepted whole-Chromium restart loads production storage without imported replacement
PASS fresh-blade · travel has a visible saved-checkpoint confirmation
PASS fresh-blade · native confirmed travel reaches Hell without implicit campaign acceptance
PASS fresh-blade · map visibly distinguishes supported accepted W actions
PASS fresh-blade · map inspection grants no saved work or payment
PASS fresh-blade · production walking reaches Hear Neris’s complete route record
PASS fresh-blade · visible physical action records witness-record
PASS fresh-blade · production walking reaches Compare Tovan’s maintenance account
PASS fresh-blade · visible physical action records tovan-account
PASS fresh-blade · production walking reaches Read the Bell Yard service writ
PASS fresh-blade · visible physical action records read-service-writ
PASS fresh-blade · partial-records saves through the production native store
PASS fresh-blade · partial-records stores the full actual campaign and belongings
PASS fresh-blade · partial-records observed last successful write remains a valid owned library
PASS fresh-blade · exact frozen HTML is served over isolated loopback
PASS fresh-blade · actual WebGL2 client is available
PASS fresh-blade · software renderer is explicitly observed
PASS fresh-blade · partial-records cold startup bytes equal the actual last successful native write
PASS fresh-blade · partial-records whole-Chromium restart loads production storage without imported replacement
PASS fresh-blade · travel has a visible saved-checkpoint confirmation
PASS fresh-blade · native confirmed travel reaches Hell without implicit campaign acceptance
PASS fresh-blade · production walking reaches Set the west recovery shunt
PASS fresh-blade · visible physical action records west-shunt
PASS fresh-blade · production walking reaches Seat the east writ-line brace
PASS fresh-blade · visible physical action records east-brace
PASS fresh-blade · production walking reaches Challenge Veyr on the open apron
PASS fresh-blade · visible physical action records challenge-veyr
PASS fresh-blade · production route is accepted for actual Veyr weapon range
PASS fresh-blade · production walking reaches actual Veyr weapon range
PASS fresh-blade · physical arrival has no actor teleport for actual Veyr weapon range
PASS fresh-blade · native Tab selects the canonical campaign actor
PASS fresh-blade · actual AI enters sweep locked warning
PASS fresh-blade · fixed 120 health and 12 damage are retained
PASS fresh-blade · selected target has a visible shape/text warning
PASS fresh-blade · native Brace button sets actual production mitigation
PASS fresh-blade · sweep-warning uses actual adventure camera
PASS fresh-blade · sweep-warning actual framebuffer contribution and exact restoration in adventure
PASS fresh-blade · sweep-warning uses actual follow camera
PASS fresh-blade · sweep-warning actual framebuffer contribution and exact restoration in follow
PASS fresh-blade · empty-geometry positive control detects the actual fresh framebuffer
PASS fresh-blade · actual AI enters line locked warning
PASS fresh-blade · optional supports lengthen only the matching actual recovery
PASS fresh-blade · line-warning uses actual adventure camera
PASS fresh-blade · line-warning actual framebuffer contribution and exact restoration in adventure
PASS fresh-blade · line-warning uses actual follow camera
PASS fresh-blade · line-warning actual framebuffer contribution and exact restoration in follow
PASS fresh-blade · actual-warden uses actual adventure camera
PASS fresh-blade · actual-warden actual framebuffer contribution and exact restoration in adventure
PASS fresh-blade · actual-warden uses actual follow camera
PASS fresh-blade · actual-warden actual framebuffer contribution and exact restoration in follow
PASS fresh-blade · native Autoattack enables production combat intent
PASS fresh-blade · actual combat with attributable owned weapon impacts earns Warden resolution
PASS fresh-blade · all confirmed actual damage and attributable weapon impacts occur during real recovery
PASS fresh-blade · starter equipment exercises multiple accepted owned weapon impacts
PASS fresh-blade · resolved combat intent is stopped without changing the owned equipment
PASS fresh-blade · the Warden grants no independent enemy XP, ore, coins or loot
PASS fresh-blade · warden-resolved saves through the production native store
PASS fresh-blade · warden-resolved stores the full actual campaign and belongings
PASS fresh-blade · warden-resolved observed last successful write remains a valid owned library
PASS fresh-blade · exact frozen HTML is served over isolated loopback
PASS fresh-blade · actual WebGL2 client is available
PASS fresh-blade · software renderer is explicitly observed
PASS fresh-blade · warden-resolved cold startup bytes equal the actual last successful native write
PASS fresh-blade · warden-resolved whole-Chromium restart loads production storage without imported replacement
PASS fresh-blade · travel has a visible saved-checkpoint confirmation
PASS fresh-blade · native confirmed travel reaches Hell without implicit campaign acceptance
PASS fresh-blade · Hell reentry cannot reconstruct the resolved Warden in the actual runtime
PASS fresh-blade · production walking reaches Stabilize the exterior service engine
PASS fresh-blade · visible physical action records stabilize-service-engine
PASS fresh-blade · first-stage choice preview is visible and grants no disposition
PASS fresh-blade · cancel preserves the undecided saved campaign
PASS fresh-blade · native explicit second-stage confirmation records the chosen local deed
PASS fresh-blade · unbind-actual-engine uses actual adventure camera
PASS fresh-blade · unbind-actual-engine actual framebuffer contribution and exact restoration in adventure
PASS fresh-blade · unbind-actual-engine uses actual follow camera
PASS fresh-blade · unbind-actual-engine actual framebuffer contribution and exact restoration in follow
PASS fresh-blade · production walking reaches Verify the selected release at the plate
PASS fresh-blade · unbind-actual-plate uses actual adventure camera
PASS fresh-blade · unbind-actual-plate actual framebuffer contribution and exact restoration in adventure
PASS fresh-blade · unbind-actual-plate uses actual follow camera
PASS fresh-blade · unbind-actual-plate actual framebuffer contribution and exact restoration in follow
PASS fresh-blade · engine and plate show the chosen physical outcome
PASS fresh-blade · chosen saves through the production native store
PASS fresh-blade · chosen stores the full actual campaign and belongings
PASS fresh-blade · chosen observed last successful write remains a valid owned library
PASS fresh-blade · exact frozen HTML is served over isolated loopback
PASS fresh-blade · actual WebGL2 client is available
PASS fresh-blade · software renderer is explicitly observed
PASS fresh-blade · chosen cold startup bytes equal the actual last successful native write
PASS fresh-blade · chosen whole-Chromium restart loads production storage without imported replacement
PASS fresh-blade · travel has a visible saved-checkpoint confirmation
PASS fresh-blade · native confirmed travel reaches Hell without implicit campaign acceptance
PASS fresh-blade · Hell reentry cannot reconstruct the resolved Warden in the actual runtime
PASS fresh-blade · production walking reaches Verify the selected release at the plate
PASS fresh-blade · visible physical action records verify-route
PASS fresh-blade · verified local choice has real visible Istra, Tovan and Neris recognition
PASS fresh-blade · completed campaign remains explicitly unpaid
PASS fresh-blade · ready-unpaid saves through the production native store
PASS fresh-blade · ready-unpaid stores the full actual campaign and belongings
PASS fresh-blade · ready-unpaid observed last successful write remains a valid owned library
PASS fresh-blade · exact frozen HTML is served over isolated loopback
PASS fresh-blade · actual WebGL2 client is available
PASS fresh-blade · software renderer is explicitly observed
PASS fresh-blade · ready-unpaid cold startup bytes equal the actual last successful native write
PASS fresh-blade · ready-unpaid whole-Chromium restart loads production storage without imported replacement
PASS fresh-blade · travel has a visible saved-checkpoint confirmation
PASS fresh-blade · native confirmed travel reaches Hell without implicit campaign acceptance
PASS fresh-blade · Hell reentry cannot reconstruct the resolved Warden in the actual runtime
PASS fresh-blade · production walking reaches Istra · return keeper
PASS fresh-blade · synthetic refused native write preserves actual ready/unpaid world and bytes
PASS fresh-blade · separate synthetic capacity clone refuses the whole fee without any live edit
PASS fresh-blade · native explicit claim credits exactly the complete fixed fee within existing XP cap
PASS fresh-blade · claim preserves the baseline gear, sockets, choices and older ledgers
PASS fresh-blade · the entire expedition spends no ordinary inventory or existing fee balance
PASS fresh-blade · changed request cannot replay an already paid campaign
PASS fresh-blade · paid saves through the production native store
PASS fresh-blade · paid stores the full actual campaign and belongings
PASS fresh-blade · paid observed last successful write remains a valid owned library
PASS fresh-blade · exact frozen HTML is served over isolated loopback
PASS fresh-blade · actual WebGL2 client is available
PASS fresh-blade · software renderer is explicitly observed
PASS fresh-blade · paid cold startup bytes equal the actual last successful native write
PASS fresh-blade · paid whole-Chromium restart loads production storage without imported replacement
PASS fresh-blade · paid native restart retains the exact chosen disposition and fixed credited balances
PASS fresh-blade · no actual runtime diagnostics errors
PASS fresh-bow · exact frozen HTML is served over isolated loopback
PASS fresh-bow · actual WebGL2 client is available
PASS fresh-bow · software renderer is explicitly observed
PASS fresh-bow · earned seed has claimed Open Cage and no planted new campaign
PASS fresh-bow · visible import adds the complete earned character without replacing the original slot
PASS fresh-bow · travel has a visible saved-checkpoint confirmation
PASS fresh-bow · native confirmed travel reaches Hell without implicit campaign acceptance
PASS fresh-bow · visible terms disclose fixed combat, equal fee and bounded choice consequences
PASS fresh-bow · reading does not accept work or spend anything
PASS fresh-bow · production walking reaches Istra · return keeper
PASS fresh-bow · native explicit acceptance keeps older systems and equipped gear
PASS fresh-bow · accepted saves through the production native store
PASS fresh-bow · accepted stores the full actual campaign and belongings
PASS fresh-bow · accepted observed last successful write remains a valid owned library
PASS fresh-bow · exact frozen HTML is served over isolated loopback
PASS fresh-bow · actual WebGL2 client is available
PASS fresh-bow · software renderer is explicitly observed
PASS fresh-bow · accepted cold startup bytes equal the actual last successful native write
PASS fresh-bow · accepted whole-Chromium restart loads production storage without imported replacement
PASS fresh-bow · travel has a visible saved-checkpoint confirmation
PASS fresh-bow · native confirmed travel reaches Hell without implicit campaign acceptance
PASS fresh-bow · map visibly distinguishes supported accepted W actions
PASS fresh-bow · map inspection grants no saved work or payment
PASS fresh-bow · production walking reaches Hear Neris’s complete route record
PASS fresh-bow · visible physical action records witness-record
PASS fresh-bow · production walking reaches Compare Tovan’s maintenance account
PASS fresh-bow · visible physical action records tovan-account
PASS fresh-bow · production walking reaches Read the Bell Yard service writ
PASS fresh-bow · visible physical action records read-service-writ
PASS fresh-bow · partial-records saves through the production native store
PASS fresh-bow · partial-records stores the full actual campaign and belongings
PASS fresh-bow · partial-records observed last successful write remains a valid owned library
PASS fresh-bow · exact frozen HTML is served over isolated loopback
PASS fresh-bow · actual WebGL2 client is available
PASS fresh-bow · software renderer is explicitly observed
PASS fresh-bow · partial-records cold startup bytes equal the actual last successful native write
PASS fresh-bow · partial-records whole-Chromium restart loads production storage without imported replacement
PASS fresh-bow · travel has a visible saved-checkpoint confirmation
PASS fresh-bow · native confirmed travel reaches Hell without implicit campaign acceptance
PASS fresh-bow · production walking reaches Set the west recovery shunt
PASS fresh-bow · visible physical action records west-shunt
PASS fresh-bow · production walking reaches Seat the east writ-line brace
PASS fresh-bow · visible physical action records east-brace
PASS fresh-bow · production walking reaches Challenge Veyr on the open apron
PASS fresh-bow · visible physical action records challenge-veyr
PASS fresh-bow · production route is accepted for actual Veyr weapon range
PASS fresh-bow · production walking reaches actual Veyr weapon range
PASS fresh-bow · physical arrival has no actor teleport for actual Veyr weapon range
PASS fresh-bow · native Tab selects the canonical campaign actor
PASS fresh-bow · actual AI enters sweep locked warning
PASS fresh-bow · fixed 120 health and 12 damage are retained
PASS fresh-bow · selected target has a visible shape/text warning
PASS fresh-bow · native Brace button sets actual production mitigation
PASS fresh-bow · sweep-warning uses actual adventure camera
PASS fresh-bow · sweep-warning actual framebuffer contribution and exact restoration in adventure
PASS fresh-bow · sweep-warning uses actual follow camera
PASS fresh-bow · sweep-warning actual framebuffer contribution and exact restoration in follow
PASS fresh-bow · empty-geometry positive control detects the actual fresh framebuffer
PASS fresh-bow · real closed-window projectile rejects damage and confirmed-hit cues
PASS fresh-bow · actual AI enters line locked warning
PASS fresh-bow · optional supports lengthen only the matching actual recovery
PASS fresh-bow · line-warning uses actual adventure camera
PASS fresh-bow · line-warning actual framebuffer contribution and exact restoration in adventure
PASS fresh-bow · line-warning uses actual follow camera
PASS fresh-bow · line-warning actual framebuffer contribution and exact restoration in follow
PASS fresh-bow · actual-warden uses actual adventure camera
PASS fresh-bow · actual-warden actual framebuffer contribution and exact restoration in adventure
PASS fresh-bow · actual-warden uses actual follow camera
PASS fresh-bow · actual-warden actual framebuffer contribution and exact restoration in follow
PASS fresh-bow · native Autoattack enables production combat intent
PASS fresh-bow · actual combat with attributable owned weapon impacts earns Warden resolution
PASS fresh-bow · all confirmed actual damage and attributable weapon impacts occur during real recovery
PASS fresh-bow · starter equipment exercises multiple accepted owned weapon impacts
PASS fresh-bow · bow victory contains real production projectiles and attributable exposed contacts
PASS fresh-bow · resolved combat intent is stopped without changing the owned equipment
PASS fresh-bow · the Warden grants no independent enemy XP, ore, coins or loot
PASS fresh-bow · warden-resolved saves through the production native store
PASS fresh-bow · warden-resolved stores the full actual campaign and belongings
PASS fresh-bow · warden-resolved observed last successful write remains a valid owned library
PASS fresh-bow · exact frozen HTML is served over isolated loopback
PASS fresh-bow · actual WebGL2 client is available
PASS fresh-bow · software renderer is explicitly observed
PASS fresh-bow · warden-resolved cold startup bytes equal the actual last successful native write
PASS fresh-bow · warden-resolved whole-Chromium restart loads production storage without imported replacement
PASS fresh-bow · travel has a visible saved-checkpoint confirmation
PASS fresh-bow · native confirmed travel reaches Hell without implicit campaign acceptance
PASS fresh-bow · Hell reentry cannot reconstruct the resolved Warden in the actual runtime
PASS fresh-bow · production walking reaches Stabilize the exterior service engine
PASS fresh-bow · visible physical action records stabilize-service-engine
PASS fresh-bow · first-stage choice preview is visible and grants no disposition
PASS fresh-bow · cancel preserves the undecided saved campaign
PASS fresh-bow · native explicit second-stage confirmation records the chosen local deed
PASS fresh-bow · divert-actual-engine uses actual adventure camera
PASS fresh-bow · divert-actual-engine actual framebuffer contribution and exact restoration in adventure
PASS fresh-bow · divert-actual-engine uses actual follow camera
PASS fresh-bow · divert-actual-engine actual framebuffer contribution and exact restoration in follow
PASS fresh-bow · production walking reaches Verify the selected release at the plate
PASS fresh-bow · divert-actual-plate uses actual adventure camera
PASS fresh-bow · divert-actual-plate actual framebuffer contribution and exact restoration in adventure
PASS fresh-bow · divert-actual-plate uses actual follow camera
PASS fresh-bow · divert-actual-plate actual framebuffer contribution and exact restoration in follow
PASS fresh-bow · engine and plate show the chosen physical outcome
PASS fresh-bow · chosen saves through the production native store
PASS fresh-bow · chosen stores the full actual campaign and belongings
PASS fresh-bow · chosen observed last successful write remains a valid owned library
PASS fresh-bow · exact frozen HTML is served over isolated loopback
PASS fresh-bow · actual WebGL2 client is available
PASS fresh-bow · software renderer is explicitly observed
PASS fresh-bow · chosen cold startup bytes equal the actual last successful native write
PASS fresh-bow · chosen whole-Chromium restart loads production storage without imported replacement
PASS fresh-bow · travel has a visible saved-checkpoint confirmation
PASS fresh-bow · native confirmed travel reaches Hell without implicit campaign acceptance
PASS fresh-bow · Hell reentry cannot reconstruct the resolved Warden in the actual runtime
PASS fresh-bow · production walking reaches Verify the selected release at the plate
PASS fresh-bow · visible physical action records verify-route
PASS fresh-bow · verified local choice has real visible Istra, Tovan and Neris recognition
PASS fresh-bow · completed campaign remains explicitly unpaid
PASS fresh-bow · ready-unpaid saves through the production native store
PASS fresh-bow · ready-unpaid stores the full actual campaign and belongings
PASS fresh-bow · ready-unpaid observed last successful write remains a valid owned library
PASS fresh-bow · exact frozen HTML is served over isolated loopback
PASS fresh-bow · actual WebGL2 client is available
PASS fresh-bow · software renderer is explicitly observed
PASS fresh-bow · ready-unpaid cold startup bytes equal the actual last successful native write
PASS fresh-bow · ready-unpaid whole-Chromium restart loads production storage without imported replacement
PASS fresh-bow · travel has a visible saved-checkpoint confirmation
PASS fresh-bow · native confirmed travel reaches Hell without implicit campaign acceptance
PASS fresh-bow · Hell reentry cannot reconstruct the resolved Warden in the actual runtime
PASS fresh-bow · production walking reaches Istra · return keeper
PASS fresh-bow · synthetic refused native write preserves actual ready/unpaid world and bytes
PASS fresh-bow · separate synthetic capacity clone refuses the whole fee without any live edit
PASS fresh-bow · native explicit claim credits exactly the complete fixed fee within existing XP cap
PASS fresh-bow · claim preserves the baseline gear, sockets, choices and older ledgers
PASS fresh-bow · the entire expedition spends no ordinary inventory or existing fee balance
PASS fresh-bow · changed request cannot replay an already paid campaign
PASS fresh-bow · paid saves through the production native store
PASS fresh-bow · paid stores the full actual campaign and belongings
PASS fresh-bow · paid observed last successful write remains a valid owned library
PASS fresh-bow · exact frozen HTML is served over isolated loopback
PASS fresh-bow · actual WebGL2 client is available
PASS fresh-bow · software renderer is explicitly observed
PASS fresh-bow · paid cold startup bytes equal the actual last successful native write
PASS fresh-bow · paid whole-Chromium restart loads production storage without imported replacement
PASS fresh-bow · paid native restart retains the exact chosen disposition and fixed credited balances
PASS fresh-bow · no actual runtime diagnostics errors
PASS returning-strongest · exact frozen HTML is served over isolated loopback
PASS returning-strongest · actual WebGL2 client is available
PASS returning-strongest · software renderer is explicitly observed
PASS returning-strongest · earned seed has claimed Open Cage and no planted new campaign
PASS returning-strongest · visible import adds the complete earned character without replacing the original slot
PASS returning-strongest · travel has a visible saved-checkpoint confirmation
PASS returning-strongest · native confirmed travel reaches Hell without implicit campaign acceptance
PASS returning-strongest · visible terms disclose fixed combat, equal fee and bounded choice consequences
PASS returning-strongest · reading does not accept work or spend anything
PASS returning-strongest · production walking reaches Istra · return keeper
PASS returning-strongest · native explicit acceptance keeps older systems and equipped gear
PASS returning-strongest · accepted saves through the production native store
PASS returning-strongest · accepted stores the full actual campaign and belongings
PASS returning-strongest · accepted observed last successful write remains a valid owned library
PASS returning-strongest · exact frozen HTML is served over isolated loopback
PASS returning-strongest · actual WebGL2 client is available
PASS returning-strongest · software renderer is explicitly observed
PASS returning-strongest · accepted cold startup bytes equal the actual last successful native write
PASS returning-strongest · accepted whole-Chromium restart loads production storage without imported replacement
PASS returning-strongest · travel has a visible saved-checkpoint confirmation
PASS returning-strongest · native confirmed travel reaches Hell without implicit campaign acceptance
PASS returning-strongest · map visibly distinguishes supported accepted W actions
PASS returning-strongest · map inspection grants no saved work or payment
PASS returning-strongest · production walking reaches Hear Neris’s complete route record
PASS returning-strongest · visible physical action records witness-record
PASS returning-strongest · production walking reaches Compare Tovan’s maintenance account
PASS returning-strongest · visible physical action records tovan-account
PASS returning-strongest · production walking reaches Read the Bell Yard service writ
PASS returning-strongest · visible physical action records read-service-writ
PASS returning-strongest · partial-records saves through the production native store
PASS returning-strongest · partial-records stores the full actual campaign and belongings
PASS returning-strongest · partial-records observed last successful write remains a valid owned library
PASS returning-strongest · exact frozen HTML is served over isolated loopback
PASS returning-strongest · actual WebGL2 client is available
PASS returning-strongest · software renderer is explicitly observed
PASS returning-strongest · partial-records cold startup bytes equal the actual last successful native write
PASS returning-strongest · partial-records whole-Chromium restart loads production storage without imported replacement
PASS returning-strongest · travel has a visible saved-checkpoint confirmation
PASS returning-strongest · native confirmed travel reaches Hell without implicit campaign acceptance
PASS returning-strongest · production walking reaches Set the west recovery shunt
PASS returning-strongest · visible physical action records west-shunt
PASS returning-strongest · production walking reaches Seat the east writ-line brace
PASS returning-strongest · visible physical action records east-brace
PASS returning-strongest · production walking reaches Challenge Veyr on the open apron
PASS returning-strongest · visible physical action records challenge-veyr
PASS returning-strongest · production route is accepted for actual Veyr weapon range
PASS returning-strongest · production walking reaches actual Veyr weapon range
PASS returning-strongest · physical arrival has no actor teleport for actual Veyr weapon range
PASS returning-strongest · native Tab selects the canonical campaign actor
PASS returning-strongest · actual AI enters sweep locked warning
PASS returning-strongest · fixed 120 health and 12 damage are retained
PASS returning-strongest · selected target has a visible shape/text warning
PASS returning-strongest · native Brace button sets actual production mitigation
PASS returning-strongest · sweep-warning uses actual adventure camera
PASS returning-strongest · sweep-warning actual framebuffer contribution and exact restoration in adventure
PASS returning-strongest · sweep-warning uses actual follow camera
PASS returning-strongest · sweep-warning actual framebuffer contribution and exact restoration in follow
PASS returning-strongest · empty-geometry positive control detects the actual fresh framebuffer
PASS returning-strongest · actual AI enters line locked warning
PASS returning-strongest · optional supports lengthen only the matching actual recovery
PASS returning-strongest · line-warning uses actual adventure camera
PASS returning-strongest · line-warning actual framebuffer contribution and exact restoration in adventure
PASS returning-strongest · line-warning uses actual follow camera
PASS returning-strongest · line-warning actual framebuffer contribution and exact restoration in follow
PASS returning-strongest · actual-warden uses actual adventure camera
PASS returning-strongest · actual-warden actual framebuffer contribution and exact restoration in adventure
PASS returning-strongest · actual-warden uses actual follow camera
PASS returning-strongest · actual-warden actual framebuffer contribution and exact restoration in follow
PASS returning-strongest · native Autoattack enables production combat intent
PASS returning-strongest · actual combat with attributable owned weapon impacts earns Warden resolution
PASS returning-strongest · all confirmed actual damage and attributable weapon impacts occur during real recovery
PASS returning-strongest · resolved combat intent is stopped without changing the owned equipment
PASS returning-strongest · the Warden grants no independent enemy XP, ore, coins or loot
PASS returning-strongest · warden-resolved saves through the production native store
PASS returning-strongest · warden-resolved stores the full actual campaign and belongings
PASS returning-strongest · warden-resolved observed last successful write remains a valid owned library
PASS returning-strongest · exact frozen HTML is served over isolated loopback
PASS returning-strongest · actual WebGL2 client is available
PASS returning-strongest · software renderer is explicitly observed
PASS returning-strongest · warden-resolved cold startup bytes equal the actual last successful native write
PASS returning-strongest · warden-resolved whole-Chromium restart loads production storage without imported replacement
PASS returning-strongest · travel has a visible saved-checkpoint confirmation
PASS returning-strongest · native confirmed travel reaches Hell without implicit campaign acceptance
PASS returning-strongest · Hell reentry cannot reconstruct the resolved Warden in the actual runtime
PASS returning-strongest · production walking reaches Stabilize the exterior service engine
PASS returning-strongest · visible physical action records stabilize-service-engine
PASS returning-strongest · first-stage choice preview is visible and grants no disposition
PASS returning-strongest · cancel preserves the undecided saved campaign
PASS returning-strongest · native explicit second-stage confirmation records the chosen local deed
PASS returning-strongest · license-actual-engine uses actual adventure camera
PASS returning-strongest · license-actual-engine actual framebuffer contribution and exact restoration in adventure
PASS returning-strongest · license-actual-engine uses actual follow camera
PASS returning-strongest · license-actual-engine actual framebuffer contribution and exact restoration in follow
PASS returning-strongest · production walking reaches Verify the selected release at the plate
PASS returning-strongest · license-actual-plate uses actual adventure camera
PASS returning-strongest · license-actual-plate actual framebuffer contribution and exact restoration in adventure
PASS returning-strongest · license-actual-plate uses actual follow camera
PASS returning-strongest · license-actual-plate actual framebuffer contribution and exact restoration in follow
PASS returning-strongest · engine and plate show the chosen physical outcome
PASS returning-strongest · chosen saves through the production native store
PASS returning-strongest · chosen stores the full actual campaign and belongings
PASS returning-strongest · chosen observed last successful write remains a valid owned library
PASS returning-strongest · exact frozen HTML is served over isolated loopback
PASS returning-strongest · actual WebGL2 client is available
PASS returning-strongest · software renderer is explicitly observed
PASS returning-strongest · chosen cold startup bytes equal the actual last successful native write
PASS returning-strongest · chosen whole-Chromium restart loads production storage without imported replacement
PASS returning-strongest · travel has a visible saved-checkpoint confirmation
PASS returning-strongest · native confirmed travel reaches Hell without implicit campaign acceptance
PASS returning-strongest · Hell reentry cannot reconstruct the resolved Warden in the actual runtime
PASS returning-strongest · production walking reaches Verify the selected release at the plate
PASS returning-strongest · visible physical action records verify-route
PASS returning-strongest · verified local choice has real visible Istra, Tovan and Neris recognition
PASS returning-strongest · completed campaign remains explicitly unpaid
PASS returning-strongest · ready-unpaid saves through the production native store
PASS returning-strongest · ready-unpaid stores the full actual campaign and belongings
PASS returning-strongest · ready-unpaid observed last successful write remains a valid owned library
PASS returning-strongest · exact frozen HTML is served over isolated loopback
PASS returning-strongest · actual WebGL2 client is available
PASS returning-strongest · software renderer is explicitly observed
PASS returning-strongest · ready-unpaid cold startup bytes equal the actual last successful native write
PASS returning-strongest · ready-unpaid whole-Chromium restart loads production storage without imported replacement
PASS returning-strongest · travel has a visible saved-checkpoint confirmation
PASS returning-strongest · native confirmed travel reaches Hell without implicit campaign acceptance
PASS returning-strongest · Hell reentry cannot reconstruct the resolved Warden in the actual runtime
PASS returning-strongest · production walking reaches Istra · return keeper
PASS returning-strongest · synthetic refused native write preserves actual ready/unpaid world and bytes
PASS returning-strongest · separate synthetic capacity clone refuses the whole fee without any live edit
PASS returning-strongest · native explicit claim credits exactly the complete fixed fee within existing XP cap
PASS returning-strongest · claim preserves the baseline gear, sockets, choices and older ledgers
PASS returning-strongest · the entire expedition spends no ordinary inventory or existing fee balance
PASS returning-strongest · changed request cannot replay an already paid campaign
PASS returning-strongest · paid saves through the production native store
PASS returning-strongest · paid stores the full actual campaign and belongings
PASS returning-strongest · paid observed last successful write remains a valid owned library
PASS returning-strongest · exact frozen HTML is served over isolated loopback
PASS returning-strongest · actual WebGL2 client is available
PASS returning-strongest · software renderer is explicitly observed
PASS returning-strongest · paid cold startup bytes equal the actual last successful native write
PASS returning-strongest · paid whole-Chromium restart loads production storage without imported replacement
PASS returning-strongest · paid native restart retains the exact chosen disposition and fixed credited balances
PASS returning-strongest · no actual runtime diagnostics errors
PASS all runtime/HTML/harness input hashes stay frozen throughout the native suite
PASS no browser or console runtime error was hidden
Hell campaign browser: 434/434 checks; passed
