test_all_eight_whole_browser_checkpoint_callers_remain_in_earned_path (test_atlantis_campaign_browser_storage.AtlantisBrowserStorageTests.test_all_eight_whole_browser_checkpoint_callers_remain_in_earned_path) ... ok
test_bow_requires_projectile_callers_not_aggregate_hp_loss (test_atlantis_campaign_browser_storage.AtlantisBrowserStorageTests.test_bow_requires_projectile_callers_not_aggregate_hp_loss) ... ok
test_checkpoint_identity_cannot_escape_family (test_atlantis_campaign_browser_storage.AtlantisBrowserStorageTests.test_checkpoint_identity_cannot_escape_family) ... ok
test_cli_refuses_incomplete_provenance_before_output_or_browser_loading (test_atlantis_campaign_browser_storage.AtlantisBrowserStorageTests.test_cli_refuses_incomplete_provenance_before_output_or_browser_loading) ... ok
test_complete_current_cohort_freezes_all_receipt_bytes (test_atlantis_campaign_browser_storage.AtlantisBrowserStorageTests.test_complete_current_cohort_freezes_all_receipt_bytes) ... ok
test_d_drive_guard_refuses_relative_c_and_unc_targets (test_atlantis_campaign_browser_storage.AtlantisBrowserStorageTests.test_d_drive_guard_refuses_relative_c_and_unc_targets) ... ok
test_earned_browser_methods_use_native_controls_without_pose_hp_or_fact_writes (test_atlantis_campaign_browser_storage.AtlantisBrowserStorageTests.test_earned_browser_methods_use_native_controls_without_pose_hp_or_fact_writes) ... ok
test_earned_seed_requires_real_kit_claimed_chart_and_empty_campaign (test_atlantis_campaign_browser_storage.AtlantisBrowserStorageTests.test_earned_seed_requires_real_kit_claimed_chart_and_empty_campaign) ... ok
test_embedded_native_expressions_compile_without_execution (test_atlantis_campaign_browser_storage.AtlantisBrowserStorageTests.test_embedded_native_expressions_compile_without_execution) ... ok
test_every_injection_counter_is_present_integer_zero_in_both_receipts (test_atlantis_campaign_browser_storage.AtlantisBrowserStorageTests.test_every_injection_counter_is_present_integer_zero_in_both_receipts) ... ok
test_imports_are_browser_server_and_subprocess_free (test_atlantis_campaign_browser_storage.AtlantisBrowserStorageTests.test_imports_are_browser_server_and_subprocess_free) ... ok
test_malformed_nonobject_json_cannot_be_receipt (test_atlantis_campaign_browser_storage.AtlantisBrowserStorageTests.test_malformed_nonobject_json_cannot_be_receipt) ... ok
test_native_sources_and_output_are_distinct_and_never_overwritten (test_atlantis_campaign_browser_storage.AtlantisBrowserStorageTests.test_native_sources_and_output_are_distinct_and_never_overwritten) ... ok
test_new_json_receipts_refuse_existing_bytes (test_atlantis_campaign_browser_storage.AtlantisBrowserStorageTests.test_new_json_receipts_refuse_existing_bytes) ... ok
test_no_current_pass_claim_without_complete_branches_or_preservation (test_atlantis_campaign_browser_storage.AtlantisBrowserStorageTests.test_no_current_pass_claim_without_complete_branches_or_preservation) ... ok
test_prior_history_guard_allows_real_resource_time_but_detects_gear_and_home_edits (test_atlantis_campaign_browser_storage.AtlantisBrowserStorageTests.test_prior_history_guard_allows_real_resource_time_but_detects_gear_and_home_edits) ... ok
test_profiles_have_exact_family_membership_and_new_owned_paths (test_atlantis_campaign_browser_storage.AtlantisBrowserStorageTests.test_profiles_have_exact_family_membership_and_new_owned_paths) ... ok
test_required_checkpoint_hashes_cannot_be_omitted (test_atlantis_campaign_browser_storage.AtlantisBrowserStorageTests.test_required_checkpoint_hashes_cannot_be_omitted) ... ok
test_roots_are_refused_and_actual_containment_is_component_based (test_atlantis_campaign_browser_storage.AtlantisBrowserStorageTests.test_roots_are_refused_and_actual_containment_is_component_based) ... ok
test_seed_only_cannot_qualify_native_play (test_atlantis_campaign_browser_storage.AtlantisBrowserStorageTests.test_seed_only_cannot_qualify_native_play) ... ok
test_stale_changed_or_added_source_membership_is_rejected (test_atlantis_campaign_browser_storage.AtlantisBrowserStorageTests.test_stale_changed_or_added_source_membership_is_rejected) ... ok
test_unlinked_or_tampered_checkpoint_bytes_are_rejected (test_atlantis_campaign_browser_storage.AtlantisBrowserStorageTests.test_unlinked_or_tampered_checkpoint_bytes_are_rejected) ... ok
test_veteran_canonical_fixture_bytes_and_both_identity_receipts_are_linked (test_atlantis_campaign_browser_storage.AtlantisBrowserStorageTests.test_veteran_canonical_fixture_bytes_and_both_identity_receipts_are_linked) ... ok
test_wrapper_plans_three_complete_journeys_without_launching (test_atlantis_campaign_browser_storage.AtlantisBrowserStorageTests.test_wrapper_plans_three_complete_journeys_without_launching) ... ok
test_wrapper_refuses_existing_source_and_profile_targets (test_atlantis_campaign_browser_storage.AtlantisBrowserStorageTests.test_wrapper_refuses_existing_source_and_profile_targets) ... ok
test_actual_normalized_chord_moves_safely_from_recorded_failure (test_atlantis_capture_controller.ProductionGeometry.test_actual_normalized_chord_moves_safely_from_recorded_failure) ... ok
test_all_remaining_ordinary_key_waypoints_keep_actual_clearance (test_atlantis_capture_controller.ProductionGeometry.test_all_remaining_ordinary_key_waypoints_keep_actual_clearance) ... ok
test_four_direction_policy_reproduces_stall_but_eight_direction_reaches (test_atlantis_capture_controller.ProductionGeometry.test_four_direction_policy_reproduces_stall_but_eight_direction_reaches) ... ok
test_recorded_failure_four_direction_step_is_correctly_blocked (test_atlantis_capture_controller.ProductionGeometry.test_recorded_failure_four_direction_step_is_correctly_blocked) ... ok
test_case_duplicate_refused (test_checkout_import.ImportRules.test_case_duplicate_refused) ... ok
test_conflict_refused (test_checkout_import.ImportRules.test_conflict_refused) ... ok
test_dirty_refused (test_checkout_import.ImportRules.test_dirty_refused) ... ok
test_dry_run_only (test_checkout_import.ImportRules.test_dry_run_only) ... ok
test_identical_preserved (test_checkout_import.ImportRules.test_identical_preserved) ... ok
test_main_refused (test_checkout_import.ImportRules.test_main_refused) ... ok
test_source_corruption_refused (test_checkout_import.ImportRules.test_source_corruption_refused) ... ok
test_symlink_refused (test_checkout_import.ImportRules.test_symlink_refused) ... skipped 'Windows account lacks symlink privilege; real symlink refusal is exercised on Linux CI'
test_unsafe_path_refused (test_checkout_import.ImportRules.test_unsafe_path_refused) ... ok
test_wrong_remote_refused (test_checkout_import.ImportRules.test_wrong_remote_refused) ... ok
test_empty_samples_and_invalid_fraction_cannot_be_reported (test_frame_measurement.FrameMeasurementTests.test_empty_samples_and_invalid_fraction_cannot_be_reported) ... ok
test_nearest_rank_matches_six_hundred_frame_acceptance_report (test_frame_measurement.FrameMeasurementTests.test_nearest_rank_matches_six_hundred_frame_acceptance_report) ... ok
test_small_sample_and_extremes_stay_in_the_observed_distribution (test_frame_measurement.FrameMeasurementTests.test_small_sample_and_extremes_stay_in_the_observed_distribution) ... ok
test_default_generation_satisfies_actual_complete_journey_preflight_for_all_variants (test_heaven_campaign_browser_wrapper.HeavenBrowserWrapperContract.test_default_generation_satisfies_actual_complete_journey_preflight_for_all_variants) ... ok
test_existing_output_or_default_sources_refuse_before_any_process_and_preserve_prior_bytes (test_heaven_campaign_browser_wrapper.HeavenBrowserWrapperContract.test_existing_output_or_default_sources_refuse_before_any_process_and_preserve_prior_bytes) ... ok
test_failed_journey_stops_before_native_launch_and_keeps_its_failure_receipt (test_heaven_campaign_browser_wrapper.HeavenBrowserWrapperContract.test_failed_journey_stops_before_native_launch_and_keeps_its_failure_receipt) ... ok
test_supplied_sources_are_reused_without_generating_or_replacing_evidence (test_heaven_campaign_browser_wrapper.HeavenBrowserWrapperContract.test_supplied_sources_are_reused_without_generating_or_replacing_evidence) ... ok
test_build_is_consistent_while_source_files_are_rebuilt (test_play_local.LocalPlayTests.test_build_is_consistent_while_source_files_are_rebuilt) ... ok
test_does_not_serve_repository_or_neighbor_files (test_play_local.LocalPlayTests.test_does_not_serve_repository_or_neighbor_files) ... ok
test_existing_origin_cannot_redirect_build_verification_elsewhere (test_play_local.LocalPlayTests.test_existing_origin_cannot_redirect_build_verification_elsewhere) ... ok
test_refuses_an_occupied_origin_with_different_bytes (test_play_local.LocalPlayTests.test_refuses_an_occupied_origin_with_different_bytes) ... ok
test_refuses_missing_or_mismatched_generated_outputs (test_play_local.LocalPlayTests.test_refuses_missing_or_mismatched_generated_outputs) ... ok
test_reuses_an_existing_matching_build (test_play_local.LocalPlayTests.test_reuses_an_existing_matching_build) ... ok
test_serves_identical_game_bytes_on_loopback_only (test_play_local.LocalPlayTests.test_serves_identical_game_bytes_on_loopback_only) ... ok
test_different_main_refused (test_publication.PublicationRules.test_different_main_refused) ... ok
test_empty_remote (test_publication.PublicationRules.test_empty_remote) ... ok
test_firstlight_allowed (test_publication.PublicationRules.test_firstlight_allowed) ... ok
test_heaven_allowed (test_publication.PublicationRules.test_heaven_allowed) ... ok
test_identical_main (test_publication.PublicationRules.test_identical_main) ... ok
test_invalid_response_refused (test_publication.PublicationRules.test_invalid_response_refused) ... ok
test_nonempty_extra_ref_refused (test_publication.PublicationRules.test_nonempty_extra_ref_refused) ... ok
test_other_branch_refused (test_publication.PublicationRules.test_other_branch_refused) ... ok
test_other_owner_refused (test_publication.PublicationRules.test_other_owner_refused) ... ok
test_other_repo_refused (test_publication.PublicationRules.test_other_repo_refused) ... ok
test_actual_grayscale_png_dimensions (test_surface_assets.SurfaceAssetTests.test_actual_grayscale_png_dimensions) ... ok
test_actual_jpeg_dimensions (test_surface_assets.SurfaceAssetTests.test_actual_jpeg_dimensions) ... ok
test_color_space_receipt_refused (test_surface_assets.SurfaceAssetTests.test_color_space_receipt_refused) ... ok
test_combined_budget_refused_even_when_each_map_fits (test_surface_assets.SurfaceAssetTests.test_combined_budget_refused_even_when_each_map_fits) ... ok
test_derivative_hash_mismatch_refused (test_surface_assets.SurfaceAssetTests.test_derivative_hash_mismatch_refused) ... ok
test_embedded_script_terminator_refused (test_surface_assets.SurfaceAssetTests.test_embedded_script_terminator_refused) ... ok
test_external_image_resource_refused (test_surface_assets.SurfaceAssetTests.test_external_image_resource_refused) ... ok
test_external_script_resource_refused (test_surface_assets.SurfaceAssetTests.test_external_script_resource_refused) ... ok
test_jpeg_frame_wrong_dimensions_refused (test_surface_assets.SurfaceAssetTests.test_jpeg_frame_wrong_dimensions_refused) ... ok
test_jpeg_grayscale_refused (test_surface_assets.SurfaceAssetTests.test_jpeg_grayscale_refused) ... ok
test_missing_module_placeholder_refused (test_surface_assets.SurfaceAssetTests.test_missing_module_placeholder_refused) ... ok
test_nonfinite_calibration_refused (test_surface_assets.SurfaceAssetTests.test_nonfinite_calibration_refused) ... ok
test_normal_map_receipt_refused (test_surface_assets.SurfaceAssetTests.test_normal_map_receipt_refused) ... ok
test_offline_assembly_is_identical_repeatable_and_precedes_engine (test_surface_assets.SurfaceAssetTests.test_offline_assembly_is_identical_repeatable_and_precedes_engine) ... ok
test_png_alpha_refused (test_surface_assets.SurfaceAssetTests.test_png_alpha_refused) ... ok
test_png_checksum_refused (test_surface_assets.SurfaceAssetTests.test_png_checksum_refused) ... ok
test_png_filter_refused (test_surface_assets.SurfaceAssetTests.test_png_filter_refused) ... ok
test_png_gamma_metadata_refused (test_surface_assets.SurfaceAssetTests.test_png_gamma_metadata_refused) ... ok
test_png_rgb_refused (test_surface_assets.SurfaceAssetTests.test_png_rgb_refused) ... ok
test_png_trailing_content_refused (test_surface_assets.SurfaceAssetTests.test_png_trailing_content_refused) ... ok
test_png_wrong_dimensions_refused (test_surface_assets.SurfaceAssetTests.test_png_wrong_dimensions_refused) ... ok
test_png_wrong_sample_count_refused (test_surface_assets.SurfaceAssetTests.test_png_wrong_sample_count_refused) ... ok
test_receipt_combined_bytes_mismatch_refused (test_surface_assets.SurfaceAssetTests.test_receipt_combined_bytes_mismatch_refused) ... ok
test_source_hash_mismatch_refused (test_surface_assets.SurfaceAssetTests.test_source_hash_mismatch_refused) ... ok
test_source_manifest_mismatch_refused (test_surface_assets.SurfaceAssetTests.test_source_manifest_mismatch_refused) ... ok
test_truncated_jpeg_refused (test_surface_assets.SurfaceAssetTests.test_truncated_jpeg_refused) ... ok
test_unknown_image_placeholder_refused (test_surface_assets.SurfaceAssetTests.test_unknown_image_placeholder_refused) ... ok
test_default_commands_and_environment_remain_unchanged (test_verify_browser_storage.BrowserStorage.test_default_commands_and_environment_remain_unchanged) ... ok
test_default_output_mode_routes_only_suites_with_existing_windows_drive_guards (test_verify_browser_storage.BrowserStorage.test_default_output_mode_routes_only_suites_with_existing_windows_drive_guards) ... ok
test_earned_sources_copy_byte_exactly_without_overwriting_prior_evidence (test_verify_browser_storage.BrowserStorage.test_earned_sources_copy_byte_exactly_without_overwriting_prior_evidence) ... ok
test_evidence_root_is_claimed_once_without_overwriting_old_reports (test_verify_browser_storage.BrowserStorage.test_evidence_root_is_claimed_once_without_overwriting_old_reports) ... ok
test_explicit_output_uses_supported_cli_and_env_contracts (test_verify_browser_storage.BrowserStorage.test_explicit_output_uses_supported_cli_and_env_contracts) ... ok

----------------------------------------------------------------------
Ran 95 tests in 11.517s

OK (skipped=1)
