{
  "status": "passed",
  "variant": "fresh-bow",
  "method": "production accepted commands, actual navigation, comparator preview owner and deliberate recorded readings; accelerated ticks and in-memory persistence",
  "humanPacing": false,
  "browserPersistence": false,
  "positionEdits": 0,
  "inventoryGrants": 0,
  "manualDamage": 0,
  "plantedDefeats": 0,
  "source": null,
  "readings": [
    {
      "station": "west-sight",
      "setting": 63.85469061425735,
      "target": 63.85469061425735,
      "relativeAuthoredImage": true
    },
    {
      "station": "east-sight",
      "setting": 11.183849541231728,
      "target": 11.183849541231728,
      "relativeAuthoredImage": true
    }
  ],
  "reward": {
    "xp": 25,
    "coins": 10,
    "ore": 2
  },
  "fitting": null,
  "walkedLegs": 16,
  "saveCount": 15,
  "canonicalPreservation": true
}
