Python: 3.13.15; Node: v24.18.0
Logs: D:\07-GAMES\Firstlight\artifacts\final-remote-07f9e08-20261003\commands
Running build...
PASS: build
HTML: 2606830 bytes; SHA-256 95dfcff4c5f062dae11759912f35d6dc97515ba90cac487092925e33f5d9a925
Running syntax-adventure-art...
PASS: syntax-adventure-art
Running syntax-adventure-ui...
PASS: syntax-adventure-ui
Running syntax-adventure...
PASS: syntax-adventure
Running syntax-app...
PASS: syntax-app
Running syntax-arsenal-art...
PASS: syntax-arsenal-art
Running syntax-arsenal-ui...
PASS: syntax-arsenal-ui
Running syntax-arsenal...
PASS: syntax-arsenal
Running syntax-beacon-art...
PASS: syntax-beacon-art
Running syntax-beacon...
PASS: syntax-beacon
Running syntax-bridge-art...
PASS: syntax-bridge-art
Running syntax-bridge-moment-view...
PASS: syntax-bridge-moment-view
Running syntax-characters-ui...
PASS: syntax-characters-ui
Running syntax-characters...
PASS: syntax-characters
Running syntax-classes-ui...
PASS: syntax-classes-ui
Running syntax-classes...
PASS: syntax-classes
Running syntax-coastward-settlement-art...
PASS: syntax-coastward-settlement-art
Running syntax-coastward-woodland-art...
PASS: syntax-coastward-woodland-art
Running syntax-combat...
PASS: syntax-combat
Running syntax-companion-art...
PASS: syntax-companion-art
Running syntax-core...
PASS: syntax-core
Running syntax-cosmos-art...
PASS: syntax-cosmos-art
Running syntax-cosmos-ui...
PASS: syntax-cosmos-ui
Running syntax-cosmos...
PASS: syntax-cosmos
Running syntax-creative...
PASS: syntax-creative
Running syntax-crossing-art...
PASS: syntax-crossing-art
Running syntax-crossing-ui...
PASS: syntax-crossing-ui
Running syntax-crossing...
PASS: syntax-crossing
Running syntax-drover-art...
PASS: syntax-drover-art
Running syntax-earth-art...
PASS: syntax-earth-art
Running syntax-earth-expedition-art...
PASS: syntax-earth-expedition-art
Running syntax-earth-expedition-beast-art...
PASS: syntax-earth-expedition-beast-art
Running syntax-earth-expedition-dialogue...
PASS: syntax-earth-expedition-dialogue
Running syntax-earth-expedition-ui...
PASS: syntax-earth-expedition-ui
Running syntax-earth-expedition...
PASS: syntax-earth-expedition
Running syntax-earth-notes-art...
PASS: syntax-earth-notes-art
Running syntax-earth-notes-ui...
PASS: syntax-earth-notes-ui
Running syntax-earth-notes...
PASS: syntax-earth-notes
Running syntax-earth-shoulder-art...
PASS: syntax-earth-shoulder-art
Running syntax-earth-story-ui...
PASS: syntax-earth-story-ui
Running syntax-earth-story...
PASS: syntax-earth-story
Running syntax-earth-ui...
PASS: syntax-earth-ui
Running syntax-earth...
PASS: syntax-earth
Running syntax-elderweald-trail-art...
PASS: syntax-elderweald-trail-art
Running syntax-elderweald-world...
PASS: syntax-elderweald-world
Running syntax-engine...
PASS: syntax-engine
Running syntax-experience...
PASS: syntax-experience
Running syntax-gathering-adapter...
PASS: syntax-gathering-adapter
Running syntax-gathering-art...
PASS: syntax-gathering-art
Running syntax-gathering-music...
PASS: syntax-gathering-music
Running syntax-gathering-ui...
PASS: syntax-gathering-ui
Running syntax-gathering...
PASS: syntax-gathering
Running syntax-mill-gate-art...
PASS: syntax-mill-gate-art
Running syntax-millwright-art...
PASS: syntax-millwright-art
Running syntax-pursuit-ui...
PASS: syntax-pursuit-ui
Running syntax-pursuit...
PASS: syntax-pursuit
Running syntax-quarry-art...
PASS: syntax-quarry-art
Running syntax-realm-art-data...
PASS: syntax-realm-art-data
Running syntax-realm-atlas-ui...
PASS: syntax-realm-atlas-ui
Running syntax-realm-craft...
PASS: syntax-realm-craft
Running syntax-realm-givers-art...
PASS: syntax-realm-givers-art
Running syntax-realm-trails-art...
PASS: syntax-realm-trails-art
Running syntax-realm-trails-cosmos...
PASS: syntax-realm-trails-cosmos
Running syntax-realm-trails-north...
PASS: syntax-realm-trails-north
Running syntax-realm-trails-south...
PASS: syntax-realm-trails-south
Running syntax-realm-trails-ui...
PASS: syntax-realm-trails-ui
Running syntax-realm-trails...
PASS: syntax-realm-trails
Running syntax-road-art...
PASS: syntax-road-art
Running syntax-road...
PASS: syntax-road
Running syntax-rpg-ui...
PASS: syntax-rpg-ui
Running syntax-sandbox-art...
PASS: syntax-sandbox-art
Running syntax-sandbox-ui...
PASS: syntax-sandbox-ui
Running syntax-sandbox...
PASS: syntax-sandbox
Running syntax-skitter-art...
PASS: syntax-skitter-art
Running syntax-soundscape...
PASS: syntax-soundscape
Running syntax-starter-art...
PASS: syntax-starter-art
Running syntax-starter-ui...
PASS: syntax-starter-ui
Running syntax-starter...
PASS: syntax-starter
Running syntax-surface-assets...
PASS: syntax-surface-assets
Running syntax-traveler-art...
PASS: syntax-traveler-art
Running syntax-traveler-equipment-art...
PASS: syntax-traveler-equipment-art
Running syntax-workshop-transactions...
PASS: syntax-workshop-transactions
Running syntax-world-atlantis-earth...
PASS: syntax-world-atlantis-earth
Running syntax-world-foundations-art...
PASS: syntax-world-foundations-art
Running syntax-world-foundations-ui...
PASS: syntax-world-foundations-ui
Running syntax-world-foundations...
PASS: syntax-world-foundations
Running syntax-world-ground-coalescing...
PASS: syntax-world-ground-coalescing
Running syntax-world-heaven-hell...
PASS: syntax-world-heaven-hell
Running syntax-world...
PASS: syntax-world
Running rules...
PASS: rules
1..1082
# tests 1082
# suites 0
# pass 1082
# fail 0
# cancelled 0
# skipped 0
# todo 0
# duration_ms 5726.8296
Running python...
PASS: python

----------------------------------------------------------------------
Ran 57 tests in 16.010s

OK (skipped=1)
Running crossing-blade...
PASS: crossing-blade
Running crossing-bow...
PASS: crossing-bow
Running starter-blade...
PASS: starter-blade
Running starter-bow...
PASS: starter-bow
Running starter-veteran...
PASS: starter-veteran
Running pursuit-blade...
PASS: pursuit-blade
Running pursuit-bow...
PASS: pursuit-bow
Running pursuit-veteran...
PASS: pursuit-veteran
Running characters-journey...
PASS: characters-journey
Running classes-journey...
PASS: classes-journey
Running cosmos-journey...
PASS: cosmos-journey
Running earth-journey...
PASS: earth-journey
Running earth-outing-blade...
PASS: earth-outing-blade
Running earth-outing-bow...
PASS: earth-outing-bow
Running earth-outing-veteran...
PASS: earth-outing-veteran
Running earth-story-blade...
PASS: earth-story-blade
Running earth-story-bow...
PASS: earth-story-bow
Running earth-story-veteran...
PASS: earth-story-veteran
Running earth-notes-blade...
PASS: earth-notes-blade
Running earth-notes-bow...
PASS: earth-notes-bow
Running earth-notes-veteran...
PASS: earth-notes-veteran
Running gathering-blade...
PASS: gathering-blade
Running gathering-bow...
PASS: gathering-bow
Running gathering-veteran...
PASS: gathering-veteran
Running world-foundations-blade...
PASS: world-foundations-blade
Running world-foundations-bow...
PASS: world-foundations-bow
Running world-foundations-veteran...
PASS: world-foundations-veteran
Running realm-trails-blade...
PASS: realm-trails-blade
Running realm-trails-bow...
PASS: realm-trails-bow
Running realm-trails-south-blade...
PASS: realm-trails-south-blade
Running realm-trails-south-bow...
PASS: realm-trails-south-bow
Running realm-comparator-blade...
PASS: realm-comparator-blade
Running realm-comparator-bow...
PASS: realm-comparator-bow
Running realm-comparator-veteran...
PASS: realm-comparator-veteran
Running earth-expedition-blade...
PASS: earth-expedition-blade
Running earth-expedition-bow...
PASS: earth-expedition-bow
Running earth-expedition-veteran...
PASS: earth-expedition-veteran
Running crossing_browser...
PASS: crossing_browser
Running regression09_browser...
PASS: regression09_browser
Running cutaway_browser...
PASS: cutaway_browser
Running reflection_browser...
PASS: reflection_browser
Running native_origin_browser...
PASS: native_origin_browser
Running starter_browser...
PASS: starter_browser
Running camera_browser...
PASS: camera_browser
Running pursuit_browser...
PASS: pursuit_browser
Running characters_browser...
PASS: characters_browser
Running classes_browser...
PASS: classes_browser
Running cosmos_browser...
PASS: cosmos_browser
Running earth_browser...
PASS: earth_browser
Running earth_story_browser...
PASS: earth_story_browser
Running earth_notes_browser...
PASS: earth_notes_browser
Running gathering_browser...
PASS: gathering_browser
Running realm_atlas_browser...
PASS: realm_atlas_browser
Running timber_browser...
PASS: timber_browser
Running traveler_browser...
PASS: traveler_browser
Running bridge_browser...
PASS: bridge_browser
Running combat_cue_browser...
PASS: combat_cue_browser
Running world_foundations_browser...
PASS: world_foundations_browser
Running world_cutaway_browser...
PASS: world_cutaway_browser
Running realm_trails_browser...
PASS: realm_trails_browser
Running realm_trails_north_browser...
PASS: realm_trails_north_browser
Running realm_trails_cosmos_browser...
PASS: realm_trails_cosmos_browser
Running soundscape_browser...
PASS: soundscape_browser
Running journey_usability_browser...
PASS: journey_usability_browser
Running workshop_transactions_browser...
PASS: workshop_transactions_browser
Running companion_presentation_browser...
PASS: companion_presentation_browser
Running skitter_presentation_browser...
PASS: skitter_presentation_browser
Running coastward_scenery_browser...
PASS: coastward_scenery_browser
Running realm_givers_browser...
PASS: realm_givers_browser
Running earth_story_transactions_browser...
PASS: earth_story_transactions_browser
Running coastward_bridge_posts_browser...
PASS: coastward_bridge_posts_browser
Running practice_visibility_browser...
PASS: practice_visibility_browser
Running realm_work_presentation_browser...
PASS: realm_work_presentation_browser
Running earth_expedition_browser...
PASS: earth_expedition_browser
Running earth_ground_material_browser...
PASS exact assembled source loads
PASS fresh-blade real crossing terms permit earned source
PASS actual Earth renderer and observer ready
PASS fresh-blade-camp-adventure-work exact state/camera/collision/batch restoration
PASS fresh-blade-camp-adventure-work contributes actual visible pixels
PASS fresh-blade-camp-adventure-raw-ground exact state/camera/collision/batch restoration
PASS fresh-blade-camp-adventure-raw-ground stable explicit-ground material stays within measured raster bound
PASS actual Earth renderer and observer ready
PASS fresh-blade-camp-follow-work exact state/camera/collision/batch restoration
FAIL fresh-blade-camp-follow-work contributes actual visible pixels
Traceback (most recent call last):
  File "D:\07-GAMES\Firstlight\authoring\coastward-remote-07f9e08-20261003\tools\inspect_earth_expedition_presentation.py", line 75, in main
    if control not in ['raw-ground','old-coordinate-fog']:check(label+' contributes actual visible pixels',result['removed']>0 and result['main']['changedPixels']>0,result['main'])
                                                          ~~~~~^^^^^^^^^^^^^^^^^^^^^^^^^^^^^^^^^^^^^^^^^^^^^^^^^^^^^^^^^^^^^^^^^^^^^^^^^^^^^^^^^^^^^^^^^^^^^^^^^^^^^^^^^^^^^^^^^^^^^
  File "D:\07-GAMES\Firstlight\authoring\coastward-remote-07f9e08-20261003\tools\inspect_earth_expedition_presentation.py", line 56, in check
    if not ok:raise AssertionError(name)
              ^^^^^^^^^^^^^^^^^^^^^^^^^^
AssertionError: fresh-blade-camp-follow-work contributes actual visible pixels

{
  "status": "failed",
  "checks": 10,
  "output": "D:\\07-GAMES\\Firstlight\\authoring\\coastward-remote-07f9e08-20261003\\evidence10\\earth-ground-material-browser\\frames"
}
Traceback (most recent call last):
  File "D:\07-GAMES\Firstlight\authoring\coastward-remote-07f9e08-20261003\tests\earth_ground_material_browser.py", line 12, in <module>
    subprocess.run([sys.executable,str(ROOT/'tools/inspect_earth_expedition_presentation.py'),'--earned-dir',str(OUT/'earned'),'--output',str(OUT/'frames'),'--quality','low','--variant','fresh-blade'],cwd=ROOT,check=True,timeout=180)
    ~~~~~~~~~~~~~~^^^^^^^^^^^^^^^^^^^^^^^^^^^^^^^^^^^^^^^^^^^^^^^^^^^^^^^^^^^^^^^^^^^^^^^^^^^^^^^^^^^^^^^^^^^^^^^^^^^^^^^^^^^^^^^^^^^^^^^^^^^^^^^^^^^^^^^^^^^^^^^^^^^^^^^^^^^^^^^^^^^^^^^^^^^^^^^^^^^^^^^^^^^^^^^^^^^^^^^^^^^^^^^^^^^^^^^
  File "C:\Users\Dom\AppData\Local\Programs\Python\Python313\Lib\subprocess.py", line 577, in run
    raise CalledProcessError(retcode, process.args,
                             output=stdout, stderr=stderr)
subprocess.CalledProcessError: Command '['C:\\dev\\firstlight-artifacts\\bootstrap-2026-09-12\\browser-env\\Scripts\\python.exe', 'D:\\07-GAMES\\Firstlight\\authoring\\coastward-remote-07f9e08-20261003\\tools\\inspect_earth_expedition_presentation.py', '--earned-dir', 'D:\\07-GAMES\\Firstlight\\authoring\\coastward-remote-07f9e08-20261003\\evidence10\\earth-ground-material-browser\\earned', '--output', 'D:\\07-GAMES\\Firstlight\\authoring\\coastward-remote-07f9e08-20261003\\evidence10\\earth-ground-material-browser\\frames', '--quality', 'low', '--variant', 'fresh-blade']' returned non-zero exit status 1.

FAILED: earth_ground_material_browser (exit 1); see D:\07-GAMES\Firstlight\artifacts\final-remote-07f9e08-20261003\commands\earth_ground_material_browser.log
