✔ fresh world is valid and round trips (5.6386ms)
✔ seeded world decoration is repeatable (0.1948ms)
✔ water and nonfinite ground are not walkable (0.1281ms)
✔ buildings and the spring are obstacles (0.1174ms)
✔ every landmark has walkable admission (0.3427ms)
✔ all 121 landmark routes exist and sampled segments avoid obstacles (1029.3669ms)
✔ valley path checker rejects the actual sub-sample listening-room corner crossing (0.6159ms)
✔ all repaired landmark routes pass an independent one-centimetre walkability sweep (1287.1885ms)
✔ island-to-pier sub-sample gap is refused in both directions and repaired outdoor travel arrives (40.4331ms)
✔ support proof preserves authored outdoor bridge and frontier access with actual placed blockers (1.3443ms)
✔ resident evening-to-Morning routes and later schedule changes remain valid without losing progress (169.2791ms)
✔ invalid segment endpoints are refused rather than skipping the sampler (0.1438ms)
✔ click movement arrives without overshooting (1.6915ms)
✔ manual motion is bounded at terrain edge (2.772ms)
✔ invalid move does not replace current route (0.2396ms)
✔ invalid tick cannot corrupt time (0.1956ms)
✔ pause stops simulation (0.5571ms)
✔ time flow setting stops only the clock (0.9377ms)
✔ day rolls over with a new event (23.1608ms)
✔ all three share home during supper (0.1264ms)
✔ daytime projects have different destinations (0.0547ms)
✔ routines travel to the shared house (26.6015ms)
✔ enter requires proximity (0.4427ms)
✔ enter, save and leave preserve outside position (2.4299ms)
✔ interior table and walls collide (0.1163ms)
✔ non-interior locations cannot be entered (0.2246ms)
✔ planting requires being in the garden (0.3536ms)
✔ twelve flowers are bounded and recoverable (3.3512ms)
✔ duplicate accepted command does not duplicate a note (0.2676ms)
✔ same id with changed payload conflicts (0.1808ms)
✔ duplicate refusal remains refusal (2.0414ms)
✔ notes are data, not markup (0.1617ms)
✔ notebook enforces length and capacity (0.3092ms)
✔ authored conversation records encounter without a network request (0.2762ms)
✔ unknown resident is rejected (0.2511ms)
✔ journal retains 200 ordered entries (0.5111ms)
✔ save and load accept acknowledged storage (0.7396ms)
✔ quota refusal is not a saved success (0.3372ms)
✔ corrupt storage is preserved rather than overwritten on load (0.412ms)
✔ import rejects invalid locations and malformed versions (0.4346ms)
✔ import roster is exact and extra prototype properties are discarded (0.3902ms)
✔ import cannot enable audio and rejects invalid event sequence (0.3257ms)
✔ actual third-person Look clears canonical padded wall/cap and preserves current branded view (49.2958ms)
✔ diorama and wide framing stay inside actual saved camera-profile bounds (68.6538ms)
✔ desktop and portrait framing contain actual member corners and five receiving sockets (257.1861ms)
✔ actual framing rejects cloned/expired authority and unrelated recorded-looking characters (12.9987ms)
✔ actual movement/owner synchronization releases framing while synthetic raw revision observations preserve it (13.7233ms)
ℹ tests 47
ℹ suites 0
ℹ pass 47
ℹ fail 0
ℹ cancelled 0
ℹ skipped 0
ℹ todo 0
ℹ duration_ms 2698.7601
