✔ the grounded brute pursues outside its short physical sweep instead of striking remotely (12.214ms)
✔ warning locks the physical lane; turning and moving later cannot chase the target (6.1402ms)
✔ contact hits inside the locked lane exactly once, Brace halves actual damage (17.3012ms)
✔ the full warning has no early contact and the full recovery remains an attack-free opening (8.2222ms)
✔ footprint rotates in world space, includes body edge and excludes sides/rear/far (0.6273ms)
✔ only exact accepted encounter identities use a bank sweep, generic sentinels keep their owner (0.4951ms)
✔ pause freezes warning and damage; returning/free-home removes transient strike (0.7095ms)
✔ selected threat names the actual sweep and recovery without writing progression (3.1278ms)
✔ a real wall blocks contact even when the player body lies within the sweep (0.8384ms)
✔ visible warning follows locked frame; reduced motion keeps the complete rectangle and no moving deadline (0.5042ms)
✔ saved clearance stages only the first brace; a new patrol does not inherit a cleared inspection tag (3.0905ms)
✔ refused actual defeat saves leave no clearance or supplied kit and can be retried (2.9438ms)
PASS deep-frozen finite catalogue and branch allocations
PASS stable finite IDs, physical anchors, and required ordered DAG
PASS only optional missing world ledger migrates to fresh
PASS all story subsets enforce real prerequisites, allocation, acceptance and claim
PASS patrol accepted identity is exactly lastClaim plus one and follows its own DAG
PASS progress exposes only reachable next actions and both physical choices without mutation
PASS required binding validates canonical owned weapons, exact shape and paired nulls
PASS bonus follows selected equipped weapon and never mutates HP, sockets or old fittings
PASS enemy catalogue is accepted-phase/run-qualified and never a legacy payout
PASS Core contract either fails closed before integration or saves before live adoption
PASS real Core migrates Adventure11 only and rejects missing/current/future/crossfield records
PASS real integrated anchor support and objective-to-giver production paths
PASS accepted physical actions enforce kit, realm, proximity, branch and DAG
PASS complete payment capacity rejects every overflowing currency/material before saver
PASS successful physical work confirms the completed action and keeps payment unclaimed
PASS ready payment survives refused and throwing durable savers, then cap-bound XP pays zero once
PASS defeat requires actual accepted actor identity and zero HP; refused death recovers one HP
PASS same-room accepted roster changes preserve actual live HP, projectiles and combat state
PASS patrol stale accept/step/claim cannot start or pay a different run
PASS binding costs/once-only/owned station/health and equipment state are atomic
{"status":"passed","checks":20,"method":"pure schema/topology/bonus and explicitly labelled adversarial fixtures; physical production journey separate"}
✔ tests\earth_expedition.test.cjs (1189.2652ms)
✔ installed brace actually contacts the east wall outer face and clears the open passage (6.726ms)
✔ delivered boards rest on the real glade rack and stack without unsupported gaps (55.4905ms)
✔ managed allocation material rests on ground and connects its prepared bands (0.6259ms)
✔ both shape-valid allocation histories project only their recorded steps and explicit claim (16.7742ms)
✔ worksite actual mesh stays supported and full-body routes/choice/work/foe anchors remain clear (259.2201ms)
✔ grounded board/posts and shallow readable record layers keep connected construction (0.8004ms)
✔ actual static caller emits coalesced floor, unchanged seventy banks and one box per physical solid (101.9071ms)
✔ worn path quads use actual support and undergrowth intersects soil without blocking bodies (189.9529ms)
✔ binding attaches to actual production rig across every weapon/carry/combat/reduced-motion phase and preserves older parts (992.0716ms)
✔ binding presentation belongs only to an actual selected owned item, never another character or equipped item (1.0441ms)
✔ actual WorldArt dynamic timber caller submits recorded work and resets scene/fog ownership (24.6527ms)
✔ production fog frame has finite translation-relative focus, no non-Earth ownership and strict guards (6.3603ms)
✔ borrowed kit belongs to exact active inspection, restores its checked form and never backfills paid runs (4.7091ms)
PASS only existing exact person identities and frozen API are exported
PASS unknown people refuse without aliasing protected/old residents or deriving a speaker from input
PASS fresh optional presentation neither accepts work nor assumes a prior visit or repair
PASS every accepted story stage and both retained choices have short deterministic quiet readings
PASS all story subsets reject false prerequisite, allocation and claim histories before composing speech
PASS unpaid deliveries recognize the actual allocation and require a separate explicit camp claim
PASS only claimed stories recognize exact paid currency/materials and existing support, without guessing XP or current balance
PASS active and ready patrol readings preserve first repair, allocation and exact run without claiming new payment
PASS paid patrol and finite record boundary do not promise another repair or an unavailable next circuit
PASS binding recognition follows canonical committed record, never equipment, inventory or a granted new option
PASS specific route and encounter advice matches current anchors and distinct real weapon constraints
PASS presentation leaves an entire production world and its accepted/paid/bound records byte-identical
PASS browser IIFE and CommonJS return identical pure readings with no DOM or runtime globals
PASS CommonJS canonical lookup remains pure when the already-loaded Adventure global is absent
Earth expedition dialogue: 14 focused cases passed; 318 frozen output checks. Synthetic presentation fixtures, not native dialogue or earned progression.
✔ tests\earth_expedition_dialogue.test.cjs (132.2161ms)
PASS completed unpaid patrol gives one current return instruction
PASS patrol terms and accepted final action remember either actual allocation
PASS old ready run claim refusal retains its checked kit and successful claim settles it once
PASS fresh invitation exposes both exact allocations, fixed danger, binding cost and deliberate consent
PASS actual RPG dispatch gives near expedition priority and closing clears an unspent preview
PASS missing optional ledger migrates to read-only fresh UI while malformed/current/future records never reach it
PASS real UI delegates acceptance and physical branch work; remote, premature and forged defeat clicks grant nothing
PASS all valid story stages expose only current DAG routes; legend never performs remote work
PASS walk dispatch is current-route filtered, physically supported and never grants objective credit
PASS ready UI requires explicit local claim and preserves complete reward on save refusal
PASS rendered patrol metadata fences stale accept/work/claim including missing and malformed run fields
PASS production comparison retains bow behavior, socket, current XP and earlier fits without auto-equipping
PASS binding preview refuses changed character, simulation, adventure revision and weapon; cancellation spends nothing
PASS real CharacterStore saver refuses an external write between binding preview and confirmation atomically
PASS explicit binding confirmation spends once at actual station, leaves equipment/HP/XP and socket intact
PASS capped and near-cap acceptance cards disclose actual credit and real claim agrees
PASS actual RPG tick leaves expedition ready/paid/patrol tracker last over concurrent survey and trail
PASS hydrated expedition restores over an older pinned project once, then respects manual tracking
PASS actual app applyWorld restore selects accepted or ready expedition and active patrol without losing history
PASS actual app worldContext installs synchronous savers on fresh restored Sim before active expedition combat
Earth expedition CPU UI: 20/20 cases passed; 0 failed.
✔ tests\earth_expedition_ui.test.cjs (354.5314ms)
✔ canonical four sections conserve the independently measured old span and fixed east face (1.3866ms)
✔ all preparations are transient and produce no durable write or payout (20.633ms)
✔ root, passage face, drain and substituted section receivers never authorize seating (4.9103ms)
✔ finite preview bounds, wrong direction and actual endpoint distance are checked (3.5132ms)
✔ bounded numeric yaw/pitch court uses an independent chord-length oracle (148.6829ms)
✔ immutable useful preview bounds reject out-of-domain values without silent clamping or epoch changes (2.7857ms)
✔ every legal extreme pose preserves sectional length, rises above soil and points to the east side (3.1719ms)
✔ forged plans, cloned tickets and incomplete assembly are rejected (4.1508ms)
✔ views are immutable, branded, live and invalidated by subsequent adjustments (2.002ms)
✔ stale fitting refuses different active character without further durable mutation (3.8166ms)
✔ stale fitting refuses invalid roster revision without further durable mutation (2.7254ms)
✔ stale fitting refuses missing context lease without further durable mutation (2.6857ms)
✔ stale fitting refuses copied context lease without further durable mutation (2.8688ms)
✔ stale fitting refuses replaced Simulation lease without further durable mutation (2.6844ms)
✔ stale fitting refuses replaced lease on otherwise identical owner without further durable mutation (2.4674ms)
✔ stale fitting refuses changed adventure revision without further durable mutation (2.0703ms)
✔ stale fitting refuses different Simulation without further durable mutation (2.7318ms)
✔ stale fitting refuses in-place imported state without further durable mutation (2.485ms)
✔ stale fitting refuses replaced adventure owner without further durable mutation (2.3684ms)
✔ stale fitting refuses new trip with identical fields without further durable mutation (2.2018ms)
✔ stale fitting refuses changed trip contents without further durable mutation (2.2811ms)
✔ stale fitting refuses other Earth travel owner without further durable mutation (2.2709ms)
✔ stale fitting refuses wrong room without further durable mutation (2.4276ms)
✔ stale fitting refuses underwater without further durable mutation (2.9835ms)
✔ stale fitting refuses fallen without further durable mutation (2.4204ms)
✔ stale fitting refuses death followed by recovered health without further durable mutation (2.2788ms)
✔ stale fitting refuses non-finite health without further durable mutation (2.5364ms)
✔ stale fitting refuses changed home checkpoint without further durable mutation (2.8761ms)
✔ stale fitting refuses outside work range without further durable mutation (3.2594ms)
✔ stale fitting refuses blocked east wall without further durable mutation (2.757ms)
✔ stale fitting refuses changed job branch without further durable mutation (2.8347ms)
✔ stale fitting refuses changed prerequisites without further durable mutation (3.3267ms)
✔ bad owner, unaccepted or malformed histories cannot begin a fitting (1.1103ms)
✔ only a matching caller-owned frozen opaque lease can begin; rules never stamp or persist it (1.8677ms)
✔ real Store.save time and camera writes change real roster revisions without ending the same fitting (8.7985ms)
✔ lease renewal rejects identical in-place import lifecycle even when durable bytes and references match (3.1533ms)
✔ real Store identical import and switch replace app lease/Simulation; old fitting cannot follow (4.858ms)
✔ real Store quota refusal keeps fitted authority usable and retries the existing durable commit once (4.8947ms)
✔ real Store.checkSource rejects a stale writer despite a matching local fitting lease (3.0653ms)
✔ real Store missing editing lock refuses fastening; restored real writer can retry (3.4387ms)
✔ save refusal retains usable authority; real commit records once and consumption follows it (4.4883ms)
✔ throwing saver does not consume the fitted ticket or mutate accepted work (2.7331ms)
✔ missing physical east support rejects the otherwise complete fitting (2.6984ms)
✔ cancel, superseding plan and cold restart retain accepted work but discard partial fitting (3.2541ms)
✔ older completed and paid histories keep existing duplicate ordering, zero writes and exact history (1.3648ms)
✔ integrated generic incomplete brace step refuses without proof and changes no durable state (0.7602ms)
✔ actual four-section timber exactly covers the legacy support without a dimension or material change (5.9133ms)
✔ supplied members each lie flat in supported soil without intersections or buried corners (4.936ms)
✔ supplied collar kits rest on soil and preserve the same real plate dimensions when fitted (29.5964ms)
✔ real collars contact both adjacent sections, have open timber centres and visible attached scarf seams (61.8351ms)
✔ actual permanent receivers and members attach only to the east wall outer face (20.5906ms)
✔ real-mesh contact oracle rejects separated collars and diagonally separated boxes (2.4246ms)
✔ production normal transform agrees with actual transformed triangle normals in each physical pose (9.9466ms)
✔ ledger authority and old completed or paid patrol histories produce the same permanent support (2.1435ms)
✔ only real live projections move supplied members, and ready fitting remains temporary before saved fastening (7.6715ms)
✔ cached preview loses display authority on scene, state, death, revision and work-point changes (6.1908ms)
✔ real stamped lease preserves art across fresh save revisions and rejects missing, copied or invalid owners (2.8567ms)
✔ legal wrong-pose extrema keep each actual active section above soil and at the outer wall flank (913.8444ms)
✔ all supplied, fitting and permanent actual meshes keep root routes, full bodies and original work anchors clear (121.5917ms)
✔ real Core/Adventure/schema owners retain existing versions and transient lease stays outside saves (12.4236ms)
✔ actual integrated E.command rejects bare incomplete brace step without saving (3.5089ms)
✔ missing fitting module or consume method fails closed before durable saver (9.2247ms)
✔ forged, copied and incomplete authorities cannot authorize the command (9.7183ms)
✔ wrong root/drain receiving faces and unseated wrong geometry cannot produce command authority (2.6943ms)
✔ a real complete ticket from another identical synthetic owner cannot cross simulations (3.7619ms)
✔ existing prerequisite and proximity checks run before the new proof gate (1.6895ms)
✔ throwing or asynchronous validation is refused without mutation (4.5925ms)
✔ actual command rejects stale fitting: Adventure revision (3.3297ms)
✔ actual command rejects stale fitting: renewed identical-owner lease (3.4005ms)
✔ actual command rejects stale fitting: missing lease (3.0354ms)
✔ actual command rejects stale fitting: copied lease (2.7511ms)
✔ actual command rejects stale fitting: changed active character (3.0804ms)
✔ actual command rejects stale fitting: changed trip identity (3.6356ms)
✔ actual command rejects stale fitting: changed original checkpoint (3.1093ms)
✔ actual command rejects stale fitting: identical imported state identity (3.7705ms)
✔ actual command rejects stale fitting: job phase (3.5812ms)
✔ actual command rejects stale fitting: death generation (3.6537ms)
✔ actual command rejects stale fitting: dead owner (2.7974ms)
✔ actual command rejects stale fitting: travel away (2.6524ms)
✔ actual command rejects stale fitting: unsupported work point (2.9815ms)
✔ cancelled ready ticket rejects and beginning again requires another actual fitting (7.2249ms)
✔ successful stormfall-recovery fastening saves once, consumes before sync, and pays nothing (6.3366ms)
✔ successful managed-coppice fastening saves once, consumes before sync, and pays nothing (4.6096ms)
✔ synchronous real Store quota refusal keeps same ready ticket and retry commits once (5.152ms)
✔ throwing saver and promise saver refuse without consuming a valid ticket (3.6251ms)
✔ record capacity refusal leaves the same ticket ready and makes no saver call (3.1969ms)
✔ real Store saves of time and both camera preferences advance real revisions without ending fitting (4.6417ms)
✔ actual Store source guard rejects a stale writer independently of a valid fitting ticket (3.2385ms)
✔ actual Store missing writer lock refuses; restored writer retries the same fitted authority (4.4631ms)
✔ reloaded completed and old paid histories duplicate before fitting availability (2.4556ms)
✔ first-story delivery and once-only fee remain their existing separate actual commands (6.392ms)
✔ existing payment capacity refusal retains complete unpaid work with no fitting dependency (1.6827ms)
✔ existing accepted patrol glade inspection and payment remain independent of brace fitting (1.8164ms)
✔ postcommit consume-return preserves actual saved completion and reports a warning (4.2768ms)
✔ postcommit consume-throw preserves actual saved completion and reports a warning (3.9298ms)
✔ postcommit sync-return preserves actual saved completion and reports a warning (4.4293ms)
✔ postcommit sync-throw preserves actual saved completion and reports a warning (4.2915ms)
✔ postcommit both-throw preserves actual saved completion and reports a warning (4.1069ms)
✔ rendered child routing begins real transient fitting and keeps expedition authority separate (19.061ms)
✔ wrong fits, missing inspection, stale section controls and illegal numeric poses grant no progress (12.8067ms)
✔ native-style input routing updates feedback and counterpart controls in place without repaint (4.5807ms)
✔ four real sections require deliberate inspect and seat; reuse changes only orientation (9.2466ms)
✔ save refusal preserves ready ticket; explicit retry commits real expedition once and consumes after success (14.1064ms)
✔ controller refuses unconfirmed free success and thrown saver without discarding current fitting (9.9987ms)
✔ confirmed saved completion keeps a distinct postcommit warning visible without offering another fasten (11.5684ms)
✔ real managed Store observation/camera/time saves and menu resets retain fitting with fresh context (8.2817ms)
✔ explicit cancel/restart discard only transient work and invalidate previous branded views (4.9409ms)
✔ real owner, scene, death, imported state and work-range expiry reject final action and revoke old art (47.7746ms)
✔ generic ExpeditionUI step cannot bypass the integrated proof gate or use child DOM as proof (2.2983ms)
✔ old completed/paid histories expose retained repair and cold partial reload exposes fresh supplied kit (5.8842ms)
✔ optional receiving-face action only delegates a real branded view and never chooses camera or seats work (2.0082ms)
✔ unconfirmed receiving-face callback fails closed and leaves workspace/fitting current (1.4714ms)
✔ recorded-support look delegates null only to the supplied framing owner and closes on confirmation (0.8458ms)
# Scope: actual Core/commands/moveTo/tick and UI owners; DOM string/attribute sink, validated RAM save acknowledgement. No native/browser/pixel proof.
# Setup counters: 27 production movement legs; 940 production ticks. Late-history cases are labelled synthetic derivatives of the installed fixture.
✔ fresh actual Journal prioritizes usable Chapter I and retains all locked requests (16.893ms)
✔ actual kit, crossing and accepted trail retain manual Homestead (22.4126ms)
✔ manual Story keeps actual chapter and its visible tracker opens Journal in a local realm (9.573ms)
✔ a different explicit tracker choice replaces the transient selection (7.95ms)
✔ real accepted commission card Track replaces Homestead without changing any saved facts (10.0731ms)
✔ failed actual project pin does not create a manual preference or alter the current tracker (1.3257ms)
✔ passive acceptance projection cannot steal a manual choice; no preference is saved (7.4269ms)
✔ actual continuation acceptance retains manual Homestead and appears outside the locked Journal group (synthetic late history) (11.0726ms)
✔ claimed campaign stays visibly completed after a prior explicit track (labelled synthetic late history) (7.1948ms)
✔ actual legacy Cosmos and Hearthwater visits cannot overwrite a manually selected Homestead (19.0101ms)
✔ no manual preference survives a new Simulation body or a cold UI constructor (7.5011ms)
✔ realm concept catalogue accurately names installed local arcs without promising full realms (0.2369ms)
ℹ tests 153
ℹ suites 0
ℹ pass 153
ℹ fail 0
ℹ cancelled 0
ℹ skipped 0
ℹ todo 0
ℹ duration_ms 1783.3554
