PASS exact assembled source loads
PASS fresh-blade real crossing terms permit earned source
PASS actual Earth renderer and observer ready
PASS fresh-blade-camp-adventure-work exact state/camera/collision/batch restoration
PASS fresh-blade-camp-adventure-work contributes actual visible pixels
PASS fresh-blade-camp-adventure-raw-ground exact state/camera/collision/batch restoration
PASS fresh-blade-camp-adventure-raw-ground stable explicit-ground material stays within measured raster bound
PASS actual Earth renderer and observer ready
PASS fresh-blade-camp-follow-work exact state/camera/collision/batch restoration
PASS fresh-blade-camp-follow-work contributes actual visible pixels
PASS fresh-blade-camp-follow-raw-ground exact state/camera/collision/batch restoration
PASS fresh-blade-camp-follow-raw-ground stable explicit-ground material stays within measured raster bound
PASS actual Earth renderer and observer ready
PASS fresh-blade-wetland-adventure-raw-ground exact state/camera/collision/batch restoration
PASS fresh-blade-wetland-adventure-raw-ground stable explicit-ground material stays within measured raster bound
PASS fresh-blade-wetland-adventure-old-coordinate-fog exact state/camera/collision/batch restoration
PASS actual Earth renderer and observer ready
PASS fresh-blade-wetland-follow-raw-ground exact state/camera/collision/batch restoration
PASS fresh-blade-wetland-follow-raw-ground stable explicit-ground material stays within measured raster bound
PASS fresh-blade-wetland-follow-old-coordinate-fog exact state/camera/collision/batch restoration
PASS actual Earth renderer and observer ready
PASS fresh-blade-brace-adventure-brace exact state/camera/collision/batch restoration
PASS fresh-blade-brace-adventure-brace contributes actual visible pixels
PASS fresh-blade-brace-adventure-raw-ground exact state/camera/collision/batch restoration
PASS fresh-blade-brace-adventure-raw-ground stable explicit-ground material stays within measured raster bound
PASS actual Earth renderer and observer ready
PASS fresh-blade-brace-follow-brace exact state/camera/collision/batch restoration
PASS fresh-blade-brace-follow-brace contributes actual visible pixels
PASS fresh-blade-brace-follow-raw-ground exact state/camera/collision/batch restoration
PASS fresh-blade-brace-follow-raw-ground stable explicit-ground material stays within measured raster bound
PASS actual Earth renderer and observer ready
PASS fresh-blade-glade-adventure-delivery exact state/camera/collision/batch restoration
PASS fresh-blade-glade-adventure-delivery contributes actual visible pixels
PASS fresh-blade-glade-adventure-binding exact state/camera/collision/batch restoration
PASS fresh-blade-glade-adventure-binding contributes actual visible pixels
PASS fresh-blade-glade-adventure-raw-ground exact state/camera/collision/batch restoration
PASS fresh-blade-glade-adventure-raw-ground stable explicit-ground material stays within measured raster bound
PASS actual Earth renderer and observer ready
PASS fresh-blade-glade-follow-delivery exact state/camera/collision/batch restoration
PASS fresh-blade-glade-follow-delivery contributes actual visible pixels
PASS fresh-blade-glade-follow-binding exact state/camera/collision/batch restoration
PASS fresh-blade-glade-follow-binding contributes actual visible pixels
PASS fresh-blade-glade-follow-raw-ground exact state/camera/collision/batch restoration
PASS fresh-blade-glade-follow-raw-ground stable explicit-ground material stays within measured raster bound
PASS runtime sources and identical HTML stayed fixed
PASS no runtime browser errors
{
  "status": "passed",
  "checks": 46,
  "output": "D:\\07-GAMES\\Firstlight\\authoring\\home-history-remote-4240d9e-20261003\\evidence10\\earth-ground-material-browser\\frames"
}
