PASS browser served exact candidate artifact
PASS actual caller supports all five exact Earth-story actions
PASS accepted production path reaches (0, 23)
PASS accepted production path reaches (0, 10)
PASS accepted production path reaches (7, 5)
PASS Consent native button is actionable
PASS Consent baseline saves normally
PASS Consent reaches actual refused saver
PASS Consent preserves the entire canonical world and receipts
PASS Consent preserves exact native durable bytes
PASS Consent refusal preserves live scene, actor epoch, path, player and clock
PASS Consent restores deliberate modal pause
PASS Consent refusal is frontmost in actual dialog
PASS Consent retries the exact native refused request ID
PASS Consent acceptance preserves live scene, actor epoch, path, player and clock
PASS Consent saves exact adopted checkpoint
PASS Consent same successful request cannot replay
PASS Consent same ID with changed terms refuses
PASS consent preserves all materials and explicit path choice
PASS accepted production path reaches (6, -3)
PASS preparation is earned through native root-clearance interaction
PASS accepted production path reaches (7, -7)
PASS Repair native button is actionable
PASS Repair baseline saves normally
PASS Repair reaches actual refused saver
PASS Repair preserves the entire canonical world and receipts
PASS Repair preserves exact native durable bytes
PASS Repair refusal preserves live scene, actor epoch, path, player and clock
PASS Repair restores deliberate modal pause
PASS Repair refusal is frontmost in actual dialog
PASS Repair normal native UI retry commits
PASS Repair acceptance preserves live scene, actor epoch, path, player and clock
PASS Repair saves exact adopted checkpoint
PASS Repair same successful request cannot replay
PASS Repair same ID with changed terms refuses
PASS repair charges exactly the declared 2 timber once
PASS successful gate status follows saved repair
PASS native reload preserves paid timber cost and gate work
PASS reload resumes at the established home checkpoint
PASS accepted production path reaches (0, 23)
PASS accepted production path reaches (0, 10)
PASS accepted production path reaches (7, 5)
PASS Dispatch native button is actionable
PASS Dispatch baseline saves normally
PASS Dispatch reaches actual refused saver
PASS Dispatch preserves the entire canonical world and receipts
PASS Dispatch preserves exact native durable bytes
PASS Dispatch refusal preserves live scene, actor epoch, path, player and clock
PASS Dispatch restores deliberate modal pause
PASS Dispatch refusal is frontmost in actual dialog
PASS Dispatch normal native UI retry commits
PASS Dispatch acceptance preserves live scene, actor epoch, path, player and clock
PASS Dispatch saves exact adopted checkpoint
PASS Dispatch same successful request cannot replay
PASS Dispatch same ID with changed terms refuses
PASS accepted production path reaches (0, -43)
PASS Arrival native button is actionable
PASS Arrival baseline saves normally
PASS Arrival reaches actual refused saver
PASS Arrival preserves the entire canonical world and receipts
PASS Arrival preserves exact native durable bytes
PASS Arrival refusal preserves live scene, actor epoch, path, player and clock
PASS Arrival restores deliberate modal pause
PASS Arrival refusal is frontmost in actual dialog
PASS Arrival normal native UI retry commits
PASS Arrival acceptance preserves live scene, actor epoch, path, player and clock
PASS Arrival saves exact adopted checkpoint
PASS Arrival same successful request cannot replay
PASS Arrival same ID with changed terms refuses
PASS Payment native button is actionable
PASS Payment baseline saves normally
PASS Payment reaches actual refused saver
PASS Payment preserves the entire canonical world and receipts
PASS Payment preserves exact native durable bytes
PASS Payment refusal preserves live scene, actor epoch, path, player and clock
PASS Payment restores deliberate modal pause
PASS Payment refusal is frontmost in actual dialog
PASS Payment normal native UI retry commits
PASS Payment acceptance preserves live scene, actor epoch, path, player and clock
PASS Payment saves exact adopted checkpoint
PASS Payment same successful request cannot replay
PASS Payment same ID with changed terms refuses
PASS native once-only payout is exactly 3 copper, 4 sunmarks and 2 fibre
PASS story payout awards no XP and changes no class, gear or companion
PASS changed request ID cannot pay completed delivery again
PASS native reload preserves payment, repair and exact balances
PASS schemas and storage identity remain unchanged
PASS no browser application errors or external requests
{"passed": true, "checks": 88, "errors": 0, "report": "D:\\07-GAMES\\Firstlight\\authoring\\home-history-remote-4240d9e-20261003\\evidence10\\earth-story-transactions-browser\\REPORT.json"}
