PASS exact generated game loaded
PASS normal client owns current adventure schema
PASS physical walk reaches 0,23
PASS physical walk reaches 0,-43
PASS fresh-blade-detour unpaid delivery prompt remains accessible
PASS physical walk reaches 4,-42.5
PASS fresh-blade-detour nearby keyboard interaction opens actual gathering UI
PASS reading does not accept or turn on sound
PASS table dialog consumes camera shortcuts
PASS physical walk reaches 4,-43.5
PASS visible tabletop is inside rule reach and opens invitation
PASS native reload preserves gathering and unpaid delivery
PASS physical walk reaches 0,23
PASS physical walk reaches -3,-40.5
PASS actual game prepares cloth
PASS physical walk reaches -5.8,-35
PASS actual game prepares lantern
PASS physical walk reaches 4,-42.5
PASS actual game prepares stand
PASS physical walk reaches 4,-42.5
PASS all arrangements require a separate choice
PASS consideration focuses explicit confirmation
PASS cancel restores arrangement focus
PASS real adventure revision change refuses stale arrangement confirmation
PASS normal world restore clears pending arrangement
PASS physical walk reaches 0,23
PASS physical walk reaches 4,-42.5
PASS fresh-blade-detour keyboard confirms selected arrangement
PASS silent sharing leaves sound disabled
PASS no XP money equipment campaign or delivery reward
PASS personal notes music home and inventory preserved
PASS native reload preserves gathering and unpaid delivery
PASS physical walk reaches 0,23
PASS physical walk reaches 4,-42.5
PASS kept memory is readable after native reload
PASS compact table page has no horizontal overflow
PASS rendered gathering preserves follow view
PASS rendered gathering preserves adventure view
PASS physical walk reaches 0,23
PASS physical walk reaches 0,-43
PASS fresh-bow-quarry unpaid delivery prompt remains accessible
PASS physical walk reaches 4,-42.5
PASS fresh-bow-quarry nearby keyboard interaction opens actual gathering UI
PASS reading does not accept or turn on sound
PASS table dialog consumes camera shortcuts
PASS physical walk reaches 4,-43.5
PASS visible tabletop is inside rule reach and opens invitation
PASS native reload preserves gathering and unpaid delivery
PASS physical walk reaches 0,23
PASS physical walk reaches -3,-40.5
PASS actual game prepares cloth
PASS physical walk reaches -5.8,-35
PASS actual game prepares lantern
PASS physical walk reaches 4,-42.5
PASS actual game prepares stand
PASS physical walk reaches 4,-42.5
PASS all arrangements require a separate choice
PASS consideration focuses explicit confirmation
PASS cancel restores arrangement focus
PASS fresh-bow-quarry keyboard confirms selected arrangement
PASS silent sharing leaves sound disabled
PASS no XP money equipment campaign or delivery reward
PASS personal notes music home and inventory preserved
PASS native reload preserves gathering and unpaid delivery
PASS physical walk reaches 0,23
PASS physical walk reaches 4,-42.5
PASS kept memory is readable after native reload
PASS physical walk reaches 0,23
PASS physical walk reaches 0,-43
PASS veteran-mill unpaid delivery prompt remains accessible
PASS physical walk reaches 4,-42.5
PASS veteran-mill nearby keyboard interaction opens actual gathering UI
PASS reading does not accept or turn on sound
PASS table dialog consumes camera shortcuts
PASS physical walk reaches 4,-43.5
PASS visible tabletop is inside rule reach and opens invitation
PASS native reload preserves gathering and unpaid delivery
PASS physical walk reaches 0,23
PASS physical walk reaches -3,-40.5
PASS actual game prepares cloth
PASS physical walk reaches -5.8,-35
PASS actual game prepares lantern
PASS physical walk reaches 4,-42.5
PASS actual game prepares stand
PASS physical walk reaches 4,-42.5
PASS all arrangements require a separate choice
PASS consideration focuses explicit confirmation
PASS cancel restores arrangement focus
PASS veteran-mill keyboard confirms selected arrangement
PASS silent sharing leaves sound disabled
PASS no XP money equipment campaign or delivery reward
PASS personal notes music home and inventory preserved
PASS native reload preserves gathering and unpaid delivery
PASS physical walk reaches 0,23
PASS physical walk reaches 4,-42.5
PASS kept memory is readable after native reload
PASS personal composition continues after its desk closes
PASS physical walk reaches 0,23
PASS physical walk reaches 4,-42.5
PASS native Earth travel preserves the already playing personal composition
PASS explicit roadside listening hands off from the personal composition and survives a frame
PASS explicit personal Play takes back audio and leaves the roadside preview stopped
PASS remembered gathering remains reachable from the normal journal
PASS explicit listening starts real Web Audio without changing kept choice
PASS stop releases actual preview
PASS Escape closes game panel and releases preview
PASS normal menu change releases preview
PASS window blur releases actual preview
PASS hidden document releases actual preview
PASS application mute immediately releases actual preview
PASS departure during pending resume cannot start late audio
PASS physical walk reaches 0,23
PASS physical walk reaches 4,-42.5
PASS character menu cancels pending outgoing preview
PASS character switch during pending resume refuses late outgoing audio
PASS new character has no inherited gathering or delivery
PASS native character switch restores its own table notebook and score
PASS no unhandled browser errors
Gathering browser checks: 118/118; errors: 0
