Input #0, matroska,webm, from 'D:\07-GAMES\Firstlight\artifacts\heaven-arrival-campaign-20261004\capture-blade02\8c9f0d58f63970a059663f0c8980c5f4.webm':
  Metadata:
    ENCODER         : Lavf61.1.100
  Duration: 00:02:42.96, start: 0.000000, bitrate: 991 kb/s
  Stream #0:0: Video: vp8, yuv420p(progressive), 1440x900, SAR 1:1 DAR 8:5, 25 fps, 25 tbr, 1k tbn
      Metadata:
        ENCODER         : Lavc61.3.100 libvpx
        DURATION        : 00:02:42.960000000
Stream mapping:
  Stream #0:0 -> #0:0 (vp8 (native) -> h264 (libx264))
[libx264 @ 0000026cd1dca100] using SAR=1/1
[libx264 @ 0000026cd1dca100] using cpu capabilities: MMX2 SSE2Fast SSSE3 SSE4.2 AVX FMA3 BMI2 AVX2 AVX512
[libx264 @ 0000026cd1dca100] profile High, level 4.0, 4:2:0, 8-bit
[libx264 @ 0000026cd1dca100] 264 - core 164 r3192 c24e06c - H.264/MPEG-4 AVC codec - Copyleft 2003-2024 - http://www.videolan.org/x264.html - options: cabac=1 ref=3 deblock=1:0:0 analyse=0x3:0x113 me=hex subme=7 psy=1 psy_rd=1.00:0.00 mixed_ref=1 me_range=16 chroma_me=1 trellis=1 8x8dct=1 cqm=0 deadzone=21,11 fast_pskip=1 chroma_qp_offset=-2 threads=28 lookahead_threads=4 sliced_threads=0 nr=0 decimate=1 interlaced=0 bluray_compat=0 constrained_intra=0 bframes=3 b_pyramid=2 b_adapt=1 b_bias=0 direct=1 weightb=1 open_gop=0 weightp=2 keyint=250 keyint_min=25 scenecut=40 intra_refresh=0 rc_lookahead=40 rc=crf mbtree=1 crf=20.0 qcomp=0.60 qpmin=0 qpmax=69 qpstep=4 ip_ratio=1.40 aq=1:1.00
Output #0, mp4, to 'D:\07-GAMES\Firstlight\artifacts\heaven-arrival-campaign-20261004\media\cut-03.mp4':
  Metadata:
    encoder         : Lavf61.7.100
  Stream #0:0: Video: h264 (avc1 / 0x31637661), yuv420p(tv, bt470bg/unknown/unknown, progressive), 1440x900 [SAR 1:1 DAR 8:5], q=2-31, 25 fps, 12800 tbn
      Metadata:
        DURATION        : 00:02:42.960000000
        encoder         : Lavc61.19.100 libx264
      Side data:
        cpb: bitrate max/min/avg: 0/0/0 buffer size: 0 vbv_delay: N/A
frame=   87 fps=0.0 q=25.0 size=     768KiB time=00:00:03.40 bitrate=1850.5kbits/s speed=6.59x    
[mp4 @ 0000026cd1dc7340] Starting second pass: moving the moov atom to the beginning of the file
[out#0/mp4 @ 0000026cd1dc7240] video:1969KiB audio:0KiB subtitle:0KiB other streams:0KiB global headers:0KiB muxing overhead: 0.146641%
frame=  175 fps=148 q=-1.0 Lsize=    1972KiB time=00:00:06.92 bitrate=2334.6kbits/s speed=5.87x    
[libx264 @ 0000026cd1dca100] frame I:1     Avg QP:17.01  size: 77588
[libx264 @ 0000026cd1dca100] frame P:48    Avg QP:17.58  size: 25770
[libx264 @ 0000026cd1dca100] frame B:126   Avg QP:20.25  size:  5565
[libx264 @ 0000026cd1dca100] consecutive B-frames:  2.3%  2.3%  8.6% 86.9%
[libx264 @ 0000026cd1dca100] mb I  I16..4: 22.9% 51.9% 25.2%
[libx264 @ 0000026cd1dca100] mb P  I16..4:  2.8%  5.1%  1.2%  P16..4: 44.7% 17.6%  6.6%  0.0%  0.0%    skip:22.1%
[libx264 @ 0000026cd1dca100] mb B  I16..4:  0.1%  0.1%  0.0%  B16..8: 42.5%  2.5%  0.3%  direct: 0.8%  skip:53.7%  L0:53.3% L1:43.9% BI: 2.8%
[libx264 @ 0000026cd1dca100] 8x8 transform intra:54.4% inter:74.7%
[libx264 @ 0000026cd1dca100] coded y,uvDC,uvAC intra: 47.9% 35.8% 20.5% inter: 12.2% 7.3% 1.2%
[libx264 @ 0000026cd1dca100] i16 v,h,dc,p: 20% 28% 21% 30%
[libx264 @ 0000026cd1dca100] i8 v,h,dc,ddl,ddr,vr,hd,vl,hu: 26% 25% 34%  2%  2%  2%  3%  2%  4%
[libx264 @ 0000026cd1dca100] i4 v,h,dc,ddl,ddr,vr,hd,vl,hu: 38% 25% 20%  3%  3%  2%  3%  2%  3%
[libx264 @ 0000026cd1dca100] i8c dc,h,v,p: 62% 22% 13%  2%
[libx264 @ 0000026cd1dca100] Weighted P-Frames: Y:0.0% UV:0.0%
[libx264 @ 0000026cd1dca100] ref P L0: 63.4%  8.1% 20.3%  8.2%
[libx264 @ 0000026cd1dca100] ref B L0: 88.2%  9.6%  2.2%
[libx264 @ 0000026cd1dca100] ref B L1: 96.7%  3.3%
[libx264 @ 0000026cd1dca100] kb/s:2303.76
