Input #0, matroska,webm, from 'D:\07-GAMES\Firstlight\artifacts\heaven-arrival-campaign-20261004\capture-blade02\8c9f0d58f63970a059663f0c8980c5f4.webm':
  Metadata:
    ENCODER         : Lavf61.1.100
  Duration: 00:02:42.96, start: 0.000000, bitrate: 991 kb/s
  Stream #0:0: Video: vp8, yuv420p(progressive), 1440x900, SAR 1:1 DAR 8:5, 25 fps, 25 tbr, 1k tbn
      Metadata:
        ENCODER         : Lavc61.3.100 libvpx
        DURATION        : 00:02:42.960000000
Stream mapping:
  Stream #0:0 -> #0:0 (vp8 (native) -> h264 (libx264))
[libx264 @ 0000015aeb48a100] using SAR=1/1
[libx264 @ 0000015aeb48a100] using cpu capabilities: MMX2 SSE2Fast SSSE3 SSE4.2 AVX FMA3 BMI2 AVX2 AVX512
[libx264 @ 0000015aeb48a100] profile High, level 4.0, 4:2:0, 8-bit
[libx264 @ 0000015aeb48a100] 264 - core 164 r3192 c24e06c - H.264/MPEG-4 AVC codec - Copyleft 2003-2024 - http://www.videolan.org/x264.html - options: cabac=1 ref=3 deblock=1:0:0 analyse=0x3:0x113 me=hex subme=7 psy=1 psy_rd=1.00:0.00 mixed_ref=1 me_range=16 chroma_me=1 trellis=1 8x8dct=1 cqm=0 deadzone=21,11 fast_pskip=1 chroma_qp_offset=-2 threads=28 lookahead_threads=4 sliced_threads=0 nr=0 decimate=1 interlaced=0 bluray_compat=0 constrained_intra=0 bframes=3 b_pyramid=2 b_adapt=1 b_bias=0 direct=1 weightb=1 open_gop=0 weightp=2 keyint=250 keyint_min=25 scenecut=40 intra_refresh=0 rc_lookahead=40 rc=crf mbtree=1 crf=20.0 qcomp=0.60 qpmin=0 qpmax=69 qpstep=4 ip_ratio=1.40 aq=1:1.00
Output #0, mp4, to 'D:\07-GAMES\Firstlight\artifacts\heaven-arrival-campaign-20261004\media\cut-05.mp4':
  Metadata:
    encoder         : Lavf61.7.100
  Stream #0:0: Video: h264 (avc1 / 0x31637661), yuv420p(tv, bt470bg/unknown/unknown, progressive), 1440x900 [SAR 1:1 DAR 8:5], q=2-31, 25 fps, 12800 tbn
      Metadata:
        DURATION        : 00:02:42.960000000
        encoder         : Lavc61.19.100 libx264
      Side data:
        cpb: bitrate max/min/avg: 0/0/0 buffer size: 0 vbv_delay: N/A
frame=   67 fps=0.0 q=25.0 size=     768KiB time=00:00:02.60 bitrate=2419.9kbits/s speed=   5x    
[mp4 @ 0000015aeb487340] Starting second pass: moving the moov atom to the beginning of the file
[out#0/mp4 @ 0000015aeb487240] video:1926KiB audio:0KiB subtitle:0KiB other streams:0KiB global headers:0KiB muxing overhead: 0.132722%
frame=  150 fps=0.0 q=-1.0 Lsize=    1928KiB time=00:00:05.92 bitrate=2668.1kbits/s speed=6.83x    
[libx264 @ 0000015aeb48a100] frame I:5     Avg QP:15.47  size: 77585
[libx264 @ 0000015aeb48a100] frame P:46    Avg QP:17.57  size: 23993
[libx264 @ 0000015aeb48a100] frame B:99    Avg QP:21.11  size:  4844
[libx264 @ 0000015aeb48a100] consecutive B-frames:  8.0%  8.0% 12.0% 72.0%
[libx264 @ 0000015aeb48a100] mb I  I16..4: 30.4% 40.1% 29.5%
[libx264 @ 0000015aeb48a100] mb P  I16..4:  6.1% 10.0%  3.9%  P16..4: 24.3%  7.8%  3.1%  0.0%  0.0%    skip:44.7%
[libx264 @ 0000015aeb48a100] mb B  I16..4:  0.7%  0.9%  0.1%  B16..8: 27.8%  2.4%  0.2%  direct: 1.8%  skip:66.1%  L0:47.3% L1:49.7% BI: 3.0%
[libx264 @ 0000015aeb48a100] 8x8 transform intra:47.1% inter:61.9%
[libx264 @ 0000015aeb48a100] coded y,uvDC,uvAC intra: 40.9% 37.2% 23.9% inter: 8.6% 8.4% 1.1%
[libx264 @ 0000015aeb48a100] i16 v,h,dc,p: 27% 42% 19% 12%
[libx264 @ 0000015aeb48a100] i8 v,h,dc,ddl,ddr,vr,hd,vl,hu: 30% 32% 27%  2%  1%  1%  2%  1%  3%
[libx264 @ 0000015aeb48a100] i4 v,h,dc,ddl,ddr,vr,hd,vl,hu: 38% 34% 13%  2%  2%  2%  3%  2%  4%
[libx264 @ 0000015aeb48a100] i8c dc,h,v,p: 53% 29% 15%  3%
[libx264 @ 0000015aeb48a100] Weighted P-Frames: Y:0.0% UV:0.0%
[libx264 @ 0000015aeb48a100] ref P L0: 72.8% 10.0% 12.7%  4.4%
[libx264 @ 0000015aeb48a100] ref B L0: 89.5%  8.9%  1.6%
[libx264 @ 0000015aeb48a100] ref B L1: 95.6%  4.4%
[libx264 @ 0000015aeb48a100] kb/s:2628.14
