Input #0, matroska,webm, from 'D:\07-GAMES\Firstlight\artifacts\heaven-arrival-campaign-20261004\capture-blade02\8c9f0d58f63970a059663f0c8980c5f4.webm':
  Metadata:
    ENCODER         : Lavf61.1.100
  Duration: 00:02:42.96, start: 0.000000, bitrate: 991 kb/s
  Stream #0:0: Video: vp8, yuv420p(progressive), 1440x900, SAR 1:1 DAR 8:5, 25 fps, 25 tbr, 1k tbn
      Metadata:
        ENCODER         : Lavc61.3.100 libvpx
        DURATION        : 00:02:42.960000000
Stream mapping:
  Stream #0:0 -> #0:0 (vp8 (native) -> h264 (libx264))
[libx264 @ 000001fd415da100] using SAR=1/1
[libx264 @ 000001fd415da100] using cpu capabilities: MMX2 SSE2Fast SSSE3 SSE4.2 AVX FMA3 BMI2 AVX2 AVX512
[libx264 @ 000001fd415da100] profile High, level 4.0, 4:2:0, 8-bit
[libx264 @ 000001fd415da100] 264 - core 164 r3192 c24e06c - H.264/MPEG-4 AVC codec - Copyleft 2003-2024 - http://www.videolan.org/x264.html - options: cabac=1 ref=3 deblock=1:0:0 analyse=0x3:0x113 me=hex subme=7 psy=1 psy_rd=1.00:0.00 mixed_ref=1 me_range=16 chroma_me=1 trellis=1 8x8dct=1 cqm=0 deadzone=21,11 fast_pskip=1 chroma_qp_offset=-2 threads=28 lookahead_threads=4 sliced_threads=0 nr=0 decimate=1 interlaced=0 bluray_compat=0 constrained_intra=0 bframes=3 b_pyramid=2 b_adapt=1 b_bias=0 direct=1 weightb=1 open_gop=0 weightp=2 keyint=250 keyint_min=25 scenecut=40 intra_refresh=0 rc_lookahead=40 rc=crf mbtree=1 crf=20.0 qcomp=0.60 qpmin=0 qpmax=69 qpstep=4 ip_ratio=1.40 aq=1:1.00
Output #0, mp4, to 'D:\07-GAMES\Firstlight\artifacts\heaven-arrival-campaign-20261004\media\cut-01.mp4':
  Metadata:
    encoder         : Lavf61.7.100
  Stream #0:0: Video: h264 (avc1 / 0x31637661), yuv420p(tv, bt470bg/unknown/unknown, progressive), 1440x900 [SAR 1:1 DAR 8:5], q=2-31, 25 fps, 12800 tbn
      Metadata:
        DURATION        : 00:02:42.960000000
        encoder         : Lavc61.19.100 libx264
      Side data:
        cpb: bitrate max/min/avg: 0/0/0 buffer size: 0 vbv_delay: N/A
frame=   92 fps=0.0 q=25.0 size=    1024KiB time=00:00:03.60 bitrate=2330.3kbits/s speed=7.04x    
[mp4 @ 000001fd415d7340] Starting second pass: moving the moov atom to the beginning of the file
[out#0/mp4 @ 000001fd415d7240] video:2235KiB audio:0KiB subtitle:0KiB other streams:0KiB global headers:0KiB muxing overhead: 0.155230%
frame=  225 fps=0.0 q=-1.0 Lsize=    2239KiB time=00:00:08.92 bitrate=2056.0kbits/s speed=9.01x    
[libx264 @ 000001fd415da100] frame I:2     Avg QP:16.96  size: 76834
[libx264 @ 000001fd415da100] frame P:61    Avg QP:16.93  size: 23554
[libx264 @ 000001fd415da100] frame B:162   Avg QP:21.49  size:  4307
[libx264 @ 000001fd415da100] consecutive B-frames:  2.7%  1.8%  6.7% 88.9%
[libx264 @ 000001fd415da100] mb I  I16..4: 23.8% 50.3% 25.9%
[libx264 @ 000001fd415da100] mb P  I16..4:  5.2%  8.0%  2.8%  P16..4: 26.8%  8.7%  3.9%  0.0%  0.0%    skip:44.6%
[libx264 @ 000001fd415da100] mb B  I16..4:  0.4%  0.4%  0.1%  B16..8: 25.1%  1.9%  0.3%  direct: 1.1%  skip:70.8%  L0:51.4% L1:45.8% BI: 2.8%
[libx264 @ 000001fd415da100] 8x8 transform intra:49.8% inter:64.6%
[libx264 @ 000001fd415da100] coded y,uvDC,uvAC intra: 42.0% 43.6% 28.5% inter: 7.8% 6.9% 1.1%
[libx264 @ 000001fd415da100] i16 v,h,dc,p: 26% 41% 17% 16%
[libx264 @ 000001fd415da100] i8 v,h,dc,ddl,ddr,vr,hd,vl,hu: 28% 29% 28%  2%  2%  2%  3%  2%  4%
[libx264 @ 000001fd415da100] i4 v,h,dc,ddl,ddr,vr,hd,vl,hu: 35% 32% 16%  3%  3%  3%  4%  2%  3%
[libx264 @ 000001fd415da100] i8c dc,h,v,p: 54% 28% 15%  3%
[libx264 @ 000001fd415da100] Weighted P-Frames: Y:1.6% UV:1.6%
[libx264 @ 000001fd415da100] ref P L0: 68.4%  9.7% 15.9%  5.9%
[libx264 @ 000001fd415da100] ref B L0: 88.0% 10.0%  1.9%
[libx264 @ 000001fd415da100] ref B L1: 95.5%  4.5%
[libx264 @ 000001fd415da100] kb/s:2033.94
