PASS fresh-blade exact assembled HTML loads
PASS fresh-blade native import adds separate complete earned character
PASS fresh-blade crosses through visible saved-checkpoint terms
PASS fresh-blade terms expose route danger rewards choices and binding cost
PASS fresh-blade reading never accepts or spends
PASS fresh-blade visible route Rill
PASS fresh-blade explicit acceptance preserves campaign and equipment
PASS fresh-blade switching restores the living-road tracker
PASS fresh-blade accepted expedition durable before closing
PASS fresh-blade exact assembled HTML loads
PASS fresh-blade whole Chromium restart retains accepted expedition
PASS fresh-blade restored active tracker stays deliberate
PASS fresh-blade player can switch back to Story
PASS fresh-blade Living road button restores deliberate tracking
PASS fresh-blade crosses through visible saved-checkpoint terms
PASS fresh-blade visible route Read the camp load board
PASS fresh-blade visible field action assess-load
PASS fresh-blade visible route material preparation
PASS fresh-blade deliberate allocation persists
PASS fresh-blade chosen supply and partial work durable before closing
PASS fresh-blade exact assembled HTML loads
PASS fresh-blade whole Chromium restart retains chosen supply and partial work
PASS fresh-blade restored active tracker stays deliberate
PASS fresh-blade crosses through visible saved-checkpoint terms
PASS fresh-blade visible route Check the wetland watercourse
PASS fresh-blade visible field action read-water
PASS fresh-blade visible route Clear the crossing infestation
PASS fresh-blade accepted phase owns actual enemy
PASS fresh-blade actual walk earth-stormfall-crossing-v1 approach
PASS fresh-blade Tab selects earth-stormfall-crossing-v1
PASS fresh-blade actual AI tell occurs
PASS fresh-blade muted visible tell invites Brace or movement
PASS fresh-blade visible Brace arms mitigation
PASS fresh-blade visible autoattack enables stationary intent
PASS fresh-blade real impacts record accepted defeat
PASS fresh-blade quest combat grants no legacy loot
PASS fresh-blade accepted production target-clear
PASS fresh-blade visible route Read the living root anchor
PASS fresh-blade visible field action read-root-load
PASS fresh-blade visible route Clear the root-bank infestation
PASS fresh-blade accepted phase owns actual enemy
PASS fresh-blade actual walk earth-stormfall-root-v1 approach
PASS fresh-blade Tab selects earth-stormfall-root-v1
PASS fresh-blade actual AI tell occurs
PASS fresh-blade muted visible tell invites Brace or movement
PASS fresh-blade explicit frame makes actual foe feet/body clear of HUD at FOV 45
PASS fresh-blade framing preserves actual combat/player/inventory 45
PASS fresh-blade explicit frame makes actual foe feet/body clear of HUD at FOV 60
PASS fresh-blade framing preserves actual combat/player/inventory 60
PASS fresh-blade explicit frame makes actual foe feet/body clear of HUD at FOV 80
PASS fresh-blade framing preserves actual combat/player/inventory 80
PASS fresh-blade subsequent player-follow render never chases target yaw
PASS fresh-blade manual camera rotation remains available
PASS fresh-blade actual threat names grounded bank sweep
PASS fresh-blade real locked-lane pixels follow normal
PASS fresh-blade real locked-lane pixels follow reduced
PASS fresh-blade real locked-lane pixels adventure normal
PASS fresh-blade real locked-lane pixels adventure reduced
PASS fresh-blade actual supported lateral movement avoids committed contact
PASS fresh-blade second real tell remains available for Brace
PASS fresh-blade visible Brace arms mitigation
PASS fresh-blade visible autoattack enables stationary intent
PASS fresh-blade real impacts record accepted defeat
PASS fresh-blade quest combat grants no legacy loot
PASS fresh-blade saved defeat has correct finite/repeat worksite consequence
PASS fresh-blade accepted production target-clear
PASS fresh-blade visible route Fit the alternate route brace
PASS fresh-blade first brace has no free generic work button
PASS fresh-blade unique native fitting control begin
PASS fresh-blade unique native fitting control inspect1
PASS fresh-blade native yaw range keeps same focused input
PASS fresh-blade native pitch number keeps same focused input
PASS fresh-blade unique native fitting control seat1
PASS fresh-blade inspected wrong pose refuses seat with real socket-gap feedback
PASS fresh-blade unique native fitting control look
PASS fresh-blade deliberate wrong Look closes workspace and preserves follow
PASS fresh-blade actual wrong WorldArt member pixels follow
PASS fresh-blade wrong actual transformed members and sockets clear viewport/HUD follow
PASS fresh-blade unique native fitting control look
PASS fresh-blade deliberate wrong Look closes workspace and preserves adventure
FAIL fresh-blade actual wrong WorldArt member pixels adventure
Traceback (most recent call last):
  File "D:\07-GAMES\Firstlight\authoring\atlantis-harbour-campaign-20261004\tests\earth_expedition_browser.py", line 205, in <module>
    for step in definition['steps'][2:]:objective(step)
                                        ~~~~~~~~~^^^^^^
  File "D:\07-GAMES\Firstlight\authoring\atlantis-harbour-campaign-20261004\tests\earth_expedition_browser.py", line 172, in objective
    if run is None and step['id']=='brace-root-channel':fit_support()
                                                        ~~~~~~~~~~~^^
  File "D:\07-GAMES\Firstlight\authoring\atlantis-harbour-campaign-20261004\tests\earth_expedition_browser.py", line 143, in fit_support
    fieldcraft_pixels('wrong');workspace('expedition');fieldcraft_edit('yaw',0,'range');fieldcraft_edit('pitch',14.6)
    ~~~~~~~~~~~~~~~~~^^^^^^^^^
  File "D:\07-GAMES\Firstlight\authoring\atlantis-harbour-campaign-20261004\tests\earth_expedition_browser.py", line 133, in fieldcraft_pixels
    check(variant+' actual '+label+' WorldArt member pixels '+view,data['roles'].get(wanted)==expected and data['memberPixels']>10 and data['changed']>10 and data['delta']==0 and data['stateUnchanged'] and data['restored'] and data['glError']==0,data)
    ~~~~~^^^^^^^^^^^^^^^^^^^^^^^^^^^^^^^^^^^^^^^^^^^^^^^^^^^^^^^^^^^^^^^^^^^^^^^^^^^^^^^^^^^^^^^^^^^^^^^^^^^^^^^^^^^^^^^^^^^^^^^^^^^^^^^^^^^^^^^^^^^^^^^^^^^^^^^^^^^^^^^^^^^^^^^^^^^^^^^^^^^^^^^^^^^^^^^^^^^^^^^^^^^^^^^^^^^^^^^^^^^^^^^^^^^^^^^^^^^^^^^^^^
  File "D:\07-GAMES\Firstlight\authoring\atlantis-harbour-campaign-20261004\tests\earth_expedition_browser.py", line 28, in check
    raise AssertionError(name)
AssertionError: fresh-blade actual wrong WorldArt member pixels adventure

{
  "status": "failed",
  "passed": 80,
  "failed": 1,
  "out": "D:\\07-GAMES\\Firstlight\\artifacts\\living-road-fieldcraft-20261006\\native01"
}
