PASS fresh-blade exact assembled HTML loads
PASS fresh-blade native import adds separate complete earned character
PASS fresh-blade crosses through visible saved-checkpoint terms
PASS fresh-blade terms expose route danger rewards choices and binding cost
PASS fresh-blade reading never accepts or spends
PASS fresh-blade visible route Rill
PASS fresh-blade explicit acceptance preserves campaign and equipment
PASS fresh-blade switching restores the living-road tracker
PASS fresh-blade accepted expedition durable before closing
PASS fresh-blade exact assembled HTML loads
PASS fresh-blade whole Chromium restart retains accepted expedition
PASS fresh-blade restored active tracker stays deliberate
PASS fresh-blade player can switch back to Story
PASS fresh-blade Living road button restores deliberate tracking
PASS fresh-blade crosses through visible saved-checkpoint terms
PASS fresh-blade visible route Read the camp load board
PASS fresh-blade visible field action assess-load
PASS fresh-blade visible route material preparation
PASS fresh-blade deliberate allocation persists
PASS fresh-blade chosen supply and partial work durable before closing
PASS fresh-blade exact assembled HTML loads
PASS fresh-blade whole Chromium restart retains chosen supply and partial work
PASS fresh-blade restored active tracker stays deliberate
PASS fresh-blade crosses through visible saved-checkpoint terms
PASS fresh-blade visible route Check the wetland watercourse
PASS fresh-blade visible field action read-water
PASS fresh-blade visible route Clear the crossing infestation
PASS fresh-blade accepted phase owns actual enemy
PASS fresh-blade actual walk earth-stormfall-crossing-v1 approach
PASS fresh-blade Tab selects earth-stormfall-crossing-v1
PASS fresh-blade actual AI tell occurs
PASS fresh-blade muted visible tell invites Brace or movement
PASS fresh-blade visible Brace arms mitigation
PASS fresh-blade visible autoattack enables stationary intent
PASS fresh-blade real impacts record accepted defeat
PASS fresh-blade quest combat grants no legacy loot
PASS fresh-blade accepted production target-clear
PASS fresh-blade visible route Read the living root anchor
PASS fresh-blade visible field action read-root-load
PASS fresh-blade visible route Clear the root-bank infestation
PASS fresh-blade accepted phase owns actual enemy
PASS fresh-blade actual walk earth-stormfall-root-v1 approach
PASS fresh-blade Tab selects earth-stormfall-root-v1
PASS fresh-blade actual AI tell occurs
PASS fresh-blade muted visible tell invites Brace or movement
PASS fresh-blade explicit frame makes actual foe feet/body clear of HUD at FOV 45
PASS fresh-blade framing preserves actual combat/player/inventory 45
PASS fresh-blade explicit frame makes actual foe feet/body clear of HUD at FOV 60
PASS fresh-blade framing preserves actual combat/player/inventory 60
PASS fresh-blade explicit frame makes actual foe feet/body clear of HUD at FOV 80
PASS fresh-blade framing preserves actual combat/player/inventory 80
PASS fresh-blade subsequent player-follow render never chases target yaw
PASS fresh-blade manual camera rotation remains available
PASS fresh-blade actual threat names grounded bank sweep
PASS fresh-blade real locked-lane pixels follow normal
PASS fresh-blade real locked-lane pixels follow reduced
PASS fresh-blade real locked-lane pixels adventure normal
PASS fresh-blade real locked-lane pixels adventure reduced
PASS fresh-blade actual supported lateral movement avoids committed contact
PASS fresh-blade second real tell remains available for Brace
PASS fresh-blade visible Brace arms mitigation
PASS fresh-blade visible autoattack enables stationary intent
PASS fresh-blade real impacts record accepted defeat
PASS fresh-blade quest combat grants no legacy loot
PASS fresh-blade saved defeat has correct finite/repeat worksite consequence
PASS fresh-blade accepted production target-clear
PASS fresh-blade visible route Fit the alternate route brace
PASS fresh-blade first brace has no free generic work button
PASS fresh-blade unique native fitting control begin
PASS fresh-blade unique native fitting control inspect1
PASS fresh-blade native yaw range keeps same focused input
PASS fresh-blade native pitch number keeps same focused input
PASS fresh-blade unique native fitting control seat1
PASS fresh-blade inspected wrong pose refuses seat with real socket-gap feedback
PASS fresh-blade unique native fitting control look
PASS fresh-blade deliberate wrong Look closes workspace and preserves follow
PASS fresh-blade actual validated native Store retains wrong framing profile follow
PASS fresh-blade actual wrong WorldArt member pixels follow
PASS fresh-blade wrong actual transformed members and sockets clear viewport/HUD follow
PASS fresh-blade unique native fitting control look
PASS fresh-blade deliberate wrong Look closes workspace and preserves adventure
PASS fresh-blade actual validated native Store retains wrong framing profile adventure
PASS fresh-blade actual wrong WorldArt member pixels adventure
PASS fresh-blade wrong actual transformed members and sockets clear viewport/HUD adventure
PASS fresh-blade native yaw range keeps same focused input
PASS fresh-blade native pitch number keeps same focused input
PASS fresh-blade unique native fitting control seat1
PASS fresh-blade native fine pose meets inspected socket
PASS fresh-blade unique native fitting control look
PASS fresh-blade deliberate correct Look closes workspace and preserves follow
PASS fresh-blade actual validated native Store retains correct framing profile follow
PASS fresh-blade actual correct WorldArt member pixels follow
PASS fresh-blade correct actual transformed members and sockets clear viewport/HUD follow
PASS fresh-blade unique native fitting control look
PASS fresh-blade deliberate correct Look closes workspace and preserves adventure
PASS fresh-blade actual validated native Store retains correct framing profile adventure
PASS fresh-blade actual correct WorldArt member pixels adventure
PASS fresh-blade correct actual transformed members and sockets clear viewport/HUD adventure
PASS fresh-blade both-view actual wrong/correct pixels differ
PASS fresh-blade actual clock save advances Store revision and retains fitting owner
PASS fresh-blade unique native fitting control seat1
PASS fresh-blade one seated section is still unpaid and unrecorded
PASS fresh-blade unfastened section and durable cleared-root prefix durable before closing
PASS fresh-blade exact assembled HTML loads
PASS fresh-blade whole Chromium restart retains unfastened section and durable cleared-root prefix
PASS fresh-blade restored active tracker stays deliberate
PASS fresh-blade cold restart discards transient fitting
PASS fresh-blade crosses through visible saved-checkpoint terms
PASS fresh-blade visible route resume root support
PASS fresh-blade cold worksite restores all four supplied members
PASS fresh-blade unique native fitting control begin
PASS fresh-blade unique native fitting control inspect1
PASS fresh-blade native yaw range keeps same focused input
PASS fresh-blade native pitch number keeps same focused input
PASS fresh-blade unique native fitting control seat1
PASS fresh-blade unique native fitting control inspect2
PASS fresh-blade unique native fitting control inspect2
PASS fresh-blade native yaw range keeps same focused input
PASS fresh-blade native pitch number keeps same focused input
PASS fresh-blade unique native fitting control seat2
PASS fresh-blade 390px fitting controls have width and no horizontal overflow
PASS fresh-blade unique native fitting control seat2
PASS fresh-blade 390px native seat advances only the current section
PASS fresh-blade unique native fitting control inspect3
PASS fresh-blade unique native fitting control seat3
PASS fresh-blade next section needs pose 3
PASS fresh-blade unique native fitting control reuse3
PASS fresh-blade unique native fitting control seat3
PASS fresh-blade reused orientation is explicit, inspected and seatable 3
PASS fresh-blade unique native fitting control seat3
PASS fresh-blade section 3 remains temporary
PASS fresh-blade unique native fitting control inspect4
PASS fresh-blade unique native fitting control seat4
PASS fresh-blade next section needs pose 4
PASS fresh-blade unique native fitting control reuse4
PASS fresh-blade unique native fitting control seat4
PASS fresh-blade reused orientation is explicit, inspected and seatable 4
PASS fresh-blade unique native fitting control seat4
PASS fresh-blade section 4 remains temporary
PASS fresh-blade all four seated remain ready and unpaid
PASS fresh-blade unique native fitting control look
PASS fresh-blade deliberate ready Look closes workspace and preserves follow
PASS fresh-blade actual validated native Store retains ready framing profile follow
PASS fresh-blade actual ready WorldArt member pixels follow
PASS fresh-blade ready actual transformed members and sockets clear viewport/HUD follow
PASS fresh-blade unique native fitting control look
PASS fresh-blade deliberate ready Look closes workspace and preserves adventure
PASS fresh-blade actual validated native Store retains ready framing profile adventure
PASS fresh-blade actual ready WorldArt member pixels adventure
PASS fresh-blade ready actual transformed members and sockets clear viewport/HUD adventure
PASS fresh-blade unique native fitting control fasten
PASS fresh-blade unique native fitting control fasten
PASS fresh-blade actual Store quota refusal retains ready UI and exact old bytes
PASS fresh-blade unique native fitting control fasten
PASS fresh-blade deliberate fastening records existing step without payment
PASS fresh-blade actual native Store contains only durable completed brace
PASS fresh-blade unique native fitting control look
PASS fresh-blade deliberate permanent Look closes workspace and preserves follow
PASS fresh-blade actual validated native Store retains permanent framing profile follow
PASS fresh-blade actual permanent WorldArt member pixels follow
PASS fresh-blade permanent actual transformed members and sockets clear viewport/HUD follow
PASS fresh-blade unique native fitting control look
PASS fresh-blade deliberate permanent Look closes workspace and preserves adventure
PASS fresh-blade actual validated native Store retains permanent framing profile adventure
PASS fresh-blade actual permanent WorldArt member pixels adventure
PASS fresh-blade permanent actual transformed members and sockets clear viewport/HUD adventure
PASS fresh-blade visible field action brace-root-channel
PASS fresh-blade visible route Deliver the chosen allocation
PASS fresh-blade visible field action deliver-allocation
PASS fresh-blade objectives complete and unpaid durable before closing
PASS fresh-blade exact assembled HTML loads
PASS fresh-blade whole Chromium restart retains objectives complete and unpaid
PASS fresh-blade restored active tracker stays deliberate
PASS fresh-blade crosses through visible saved-checkpoint terms
PASS fresh-blade visible route story return
PASS fresh-blade visible claim pays exact story currency
PASS fresh-blade reward keeps equipment and sockets
PASS fresh-blade giver recognizes completion
PASS fresh-blade claimed story payment durable before closing
PASS fresh-blade exact assembled HTML loads
PASS fresh-blade whole Chromium restart retains claimed story payment
PASS fresh-blade restored active tracker stays deliberate
PASS fresh-blade crosses through visible saved-checkpoint terms
PASS fresh-blade visible route patrol acceptance
PASS fresh-blade new patrol owns run 1
PASS fresh-blade visible route Inspect the wetland course
PASS fresh-blade visible field action inspect-water
PASS fresh-blade visible route Clear the patrol crossing pocket
PASS fresh-blade accepted phase owns actual enemy
PASS fresh-blade actual walk earth-living-road-patrol-v1-run-1-crossing approach
PASS fresh-blade Tab selects earth-living-road-patrol-v1-run-1-crossing
PASS fresh-blade actual AI tell occurs
PASS fresh-blade muted visible tell invites Brace or movement
PASS fresh-blade visible Brace arms mitigation
PASS fresh-blade visible autoattack enables stationary intent
PASS fresh-blade real impacts record accepted defeat
PASS fresh-blade quest combat grants no legacy loot
PASS fresh-blade accepted production target-clear
PASS fresh-blade visible route Inspect the supported root passage
PASS fresh-blade visible field action inspect-root
PASS fresh-blade visible route Clear the patrol bank pocket
PASS fresh-blade accepted phase owns actual enemy
PASS fresh-blade actual walk earth-living-road-patrol-v1-run-1-root approach
PASS fresh-blade Tab selects earth-living-road-patrol-v1-run-1-root
PASS fresh-blade actual AI tell occurs
PASS fresh-blade muted visible tell invites Brace or movement
PASS fresh-blade visible Brace arms mitigation
PASS fresh-blade visible autoattack enables stationary intent
PASS fresh-blade real impacts record accepted defeat
PASS fresh-blade quest combat grants no legacy loot
PASS fresh-blade saved defeat has correct finite/repeat worksite consequence
PASS fresh-blade accepted production target-clear
PASS fresh-blade visible route Record the return glade
PASS fresh-blade actual supplied pending kit pixels follow
PASS fresh-blade actual supplied pending kit pixels adventure
PASS fresh-blade visible field action inspect-glade
PASS fresh-blade actual supplied checked kit pixels follow
PASS fresh-blade actual supplied checked kit pixels adventure
PASS fresh-blade visible route patrol return
PASS fresh-blade patrol 1 pays exact package
PASS fresh-blade changed request cannot duplicate payment
PASS fresh-blade visible route patrol acceptance
PASS fresh-blade new patrol owns run 2
PASS fresh-blade visible route Inspect the wetland course
PASS fresh-blade visible field action inspect-water
PASS fresh-blade visible route Clear the patrol crossing pocket
PASS fresh-blade accepted phase owns actual enemy
PASS fresh-blade actual walk earth-living-road-patrol-v1-run-2-crossing approach
PASS fresh-blade Tab selects earth-living-road-patrol-v1-run-2-crossing
PASS fresh-blade actual AI tell occurs
PASS fresh-blade muted visible tell invites Brace or movement
PASS fresh-blade visible Brace arms mitigation
PASS fresh-blade visible autoattack enables stationary intent
PASS fresh-blade real impacts record accepted defeat
PASS fresh-blade quest combat grants no legacy loot
PASS fresh-blade accepted production target-clear
PASS fresh-blade visible route Inspect the supported root passage
PASS fresh-blade visible field action inspect-root
PASS fresh-blade visible route Clear the patrol bank pocket
PASS fresh-blade accepted phase owns actual enemy
PASS fresh-blade actual walk earth-living-road-patrol-v1-run-2-root approach
PASS fresh-blade Tab selects earth-living-road-patrol-v1-run-2-root
PASS fresh-blade actual AI tell occurs
PASS fresh-blade muted visible tell invites Brace or movement
PASS fresh-blade visible Brace arms mitigation
PASS fresh-blade visible autoattack enables stationary intent
PASS fresh-blade real impacts record accepted defeat
PASS fresh-blade quest combat grants no legacy loot
PASS fresh-blade saved defeat has correct finite/repeat worksite consequence
PASS fresh-blade accepted production target-clear
PASS fresh-blade visible route Record the return glade
PASS fresh-blade actual supplied pending kit pixels follow
PASS fresh-blade actual supplied pending kit pixels adventure
PASS fresh-blade visible field action inspect-glade
PASS fresh-blade actual supplied checked kit pixels follow
PASS fresh-blade actual supplied checked kit pixels adventure
PASS fresh-blade visible route patrol return
PASS fresh-blade patrol 2 pays exact package
PASS fresh-blade changed request cannot duplicate payment
PASS fresh-blade two independently paid patrols durable before closing
PASS fresh-blade exact assembled HTML loads
PASS fresh-blade whole Chromium restart retains two independently paid patrols
PASS fresh-blade restored active tracker stays deliberate
PASS fresh-blade actual walk home workbench
PASS fresh-blade binding preview compares without spending
PASS fresh-blade binding costs are exact without healing or autoequip
PASS fresh-blade finite bound stats are correct
PASS fresh-blade finite binding applied durable before closing
PASS fresh-blade exact assembled HTML loads
PASS fresh-blade whole Chromium restart retains finite binding applied
PASS fresh-blade restored active tracker stays deliberate
PASS fresh-blade binding cannot be spent twice
PASS fresh-blade actual walk Roads of Light
PASS fresh-blade crosses through visible saved-checkpoint terms
PASS fresh-blade visible route new unpaid patrol
PASS fresh-blade next intentional run is three
PASS fresh-blade stale rendered contract cannot change later run
PASS fresh-blade visible route Inspect the wetland course
PASS fresh-blade visible field action inspect-water
PASS fresh-blade accepted phase owns actual enemy
PASS fresh-blade actual walk earth-living-road-patrol-v1-run-3-crossing approach
PASS fresh-blade Tab selects earth-living-road-patrol-v1-run-3-crossing
PASS fresh-blade actual AI tell occurs
PASS fresh-blade muted visible tell invites Brace or movement
PASS fresh-blade visible Brace arms mitigation
PASS fresh-blade visible autoattack enables stationary intent
PASS fresh-blade real impacts record accepted defeat
PASS fresh-blade quest combat grants no legacy loot
PASS fresh-blade accepted production target-clear
PASS fresh-blade retains adventure camera
PASS fresh-blade retains follow camera
PASS fresh-blade free return keeps the home checkpoint
PASS fresh-blade bound weapon and unpaid third patrol durable before closing
PASS fresh-blade exact assembled HTML loads
PASS fresh-blade whole Chromium restart retains bound weapon and unpaid third patrol
PASS fresh-blade restored active tracker stays deliberate
PASS fresh-blade all original systems and story history remain
PASS fresh-blade no runtime error
PASS fresh-bow exact assembled HTML loads
PASS fresh-bow native import adds separate complete earned character
PASS fresh-bow crosses through visible saved-checkpoint terms
PASS fresh-bow terms expose route danger rewards choices and binding cost
PASS fresh-bow reading never accepts or spends
PASS fresh-bow visible route Rill
PASS fresh-bow explicit acceptance preserves campaign and equipment
PASS fresh-bow switching restores the living-road tracker
PASS fresh-bow accepted expedition durable before closing
PASS fresh-bow exact assembled HTML loads
PASS fresh-bow whole Chromium restart retains accepted expedition
PASS fresh-bow restored active tracker stays deliberate
PASS fresh-bow player can switch back to Story
PASS fresh-bow Living road button restores deliberate tracking
PASS fresh-bow crosses through visible saved-checkpoint terms
PASS fresh-bow visible route Read the camp load board
PASS fresh-bow visible field action assess-load
PASS fresh-bow visible route material preparation
PASS fresh-bow deliberate allocation persists
PASS fresh-bow chosen supply and partial work durable before closing
PASS fresh-bow exact assembled HTML loads
PASS fresh-bow whole Chromium restart retains chosen supply and partial work
PASS fresh-bow restored active tracker stays deliberate
PASS fresh-bow crosses through visible saved-checkpoint terms
PASS fresh-bow visible route Check the wetland watercourse
PASS fresh-bow visible field action read-water
PASS fresh-bow visible route Clear the crossing infestation
PASS fresh-bow accepted phase owns actual enemy
PASS fresh-bow actual walk earth-stormfall-crossing-v1 approach
PASS fresh-bow Tab selects earth-stormfall-crossing-v1
PASS fresh-bow actual AI tell occurs
PASS fresh-bow muted visible tell invites Brace or movement
PASS fresh-bow visible Brace arms mitigation
PASS fresh-bow visible autoattack enables stationary intent
PASS fresh-bow real impacts record accepted defeat
PASS fresh-bow quest combat grants no legacy loot
PASS fresh-bow bow launches actual projectiles
PASS fresh-bow accepted production target-clear
PASS fresh-bow visible route Read the living root anchor
PASS fresh-bow visible field action read-root-load
PASS fresh-bow visible route Clear the root-bank infestation
PASS fresh-bow accepted phase owns actual enemy
PASS fresh-bow actual walk earth-stormfall-root-v1 approach
PASS fresh-bow Tab selects earth-stormfall-root-v1
PASS fresh-bow actual AI tell occurs
PASS fresh-bow muted visible tell invites Brace or movement
PASS fresh-bow explicit frame makes actual foe feet/body clear of HUD at FOV 45
PASS fresh-bow framing preserves actual combat/player/inventory 45
PASS fresh-bow explicit frame makes actual foe feet/body clear of HUD at FOV 60
PASS fresh-bow framing preserves actual combat/player/inventory 60
PASS fresh-bow explicit frame makes actual foe feet/body clear of HUD at FOV 80
PASS fresh-bow framing preserves actual combat/player/inventory 80
PASS fresh-bow subsequent player-follow render never chases target yaw
PASS fresh-bow manual camera rotation remains available
PASS fresh-bow actual threat names grounded bank sweep
PASS fresh-bow real locked-lane pixels follow normal
PASS fresh-bow real locked-lane pixels follow reduced
PASS fresh-bow real locked-lane pixels adventure normal
PASS fresh-bow real locked-lane pixels adventure reduced
PASS fresh-bow actual supported lateral movement avoids committed contact
PASS fresh-bow second real tell remains available for Brace
PASS fresh-bow visible Brace arms mitigation
PASS fresh-bow visible autoattack enables stationary intent
PASS fresh-bow real impacts record accepted defeat
PASS fresh-bow quest combat grants no legacy loot
PASS fresh-bow bow launches actual projectiles
PASS fresh-bow saved defeat has correct finite/repeat worksite consequence
PASS fresh-bow accepted production target-clear
PASS fresh-bow visible route Fit the alternate route brace
PASS fresh-bow first brace has no free generic work button
PASS fresh-bow unique native fitting control begin
PASS fresh-bow unique native fitting control inspect1
PASS fresh-bow native yaw range keeps same focused input
PASS fresh-bow native pitch number keeps same focused input
PASS fresh-bow unique native fitting control seat1
PASS fresh-bow inspected wrong pose refuses seat with real socket-gap feedback
PASS fresh-bow unique native fitting control look
PASS fresh-bow deliberate wrong Look closes workspace and preserves follow
PASS fresh-bow actual validated native Store retains wrong framing profile follow
PASS fresh-bow actual wrong WorldArt member pixels follow
PASS fresh-bow wrong actual transformed members and sockets clear viewport/HUD follow
PASS fresh-bow unique native fitting control look
PASS fresh-bow deliberate wrong Look closes workspace and preserves adventure
PASS fresh-bow actual validated native Store retains wrong framing profile adventure
PASS fresh-bow actual wrong WorldArt member pixels adventure
PASS fresh-bow wrong actual transformed members and sockets clear viewport/HUD adventure
PASS fresh-bow native yaw range keeps same focused input
PASS fresh-bow native pitch number keeps same focused input
PASS fresh-bow unique native fitting control seat1
PASS fresh-bow native fine pose meets inspected socket
PASS fresh-bow unique native fitting control look
PASS fresh-bow deliberate correct Look closes workspace and preserves follow
PASS fresh-bow actual validated native Store retains correct framing profile follow
PASS fresh-bow actual correct WorldArt member pixels follow
PASS fresh-bow correct actual transformed members and sockets clear viewport/HUD follow
PASS fresh-bow unique native fitting control look
PASS fresh-bow deliberate correct Look closes workspace and preserves adventure
PASS fresh-bow actual validated native Store retains correct framing profile adventure
PASS fresh-bow actual correct WorldArt member pixels adventure
PASS fresh-bow correct actual transformed members and sockets clear viewport/HUD adventure
PASS fresh-bow both-view actual wrong/correct pixels differ
PASS fresh-bow actual clock save advances Store revision and retains fitting owner
PASS fresh-bow unique native fitting control seat1
PASS fresh-bow one seated section is still unpaid and unrecorded
PASS fresh-bow unique native fitting control inspect2
PASS fresh-bow unique native fitting control seat2
PASS fresh-bow next section needs pose 2
PASS fresh-bow unique native fitting control reuse2
PASS fresh-bow unique native fitting control seat2
PASS fresh-bow reused orientation is explicit, inspected and seatable 2
PASS fresh-bow unique native fitting control seat2
PASS fresh-bow section 2 remains temporary
PASS fresh-bow unique native fitting control inspect3
PASS fresh-bow unique native fitting control seat3
PASS fresh-bow next section needs pose 3
PASS fresh-bow unique native fitting control reuse3
PASS fresh-bow unique native fitting control seat3
PASS fresh-bow reused orientation is explicit, inspected and seatable 3
PASS fresh-bow unique native fitting control seat3
PASS fresh-bow section 3 remains temporary
PASS fresh-bow unique native fitting control inspect4
PASS fresh-bow unique native fitting control seat4
PASS fresh-bow next section needs pose 4
PASS fresh-bow unique native fitting control reuse4
PASS fresh-bow unique native fitting control seat4
PASS fresh-bow reused orientation is explicit, inspected and seatable 4
PASS fresh-bow unique native fitting control seat4
PASS fresh-bow section 4 remains temporary
PASS fresh-bow all four seated remain ready and unpaid
PASS fresh-bow unique native fitting control look
PASS fresh-bow deliberate ready Look closes workspace and preserves follow
PASS fresh-bow actual validated native Store retains ready framing profile follow
PASS fresh-bow actual ready WorldArt member pixels follow
PASS fresh-bow ready actual transformed members and sockets clear viewport/HUD follow
PASS fresh-bow unique native fitting control look
PASS fresh-bow deliberate ready Look closes workspace and preserves adventure
PASS fresh-bow actual validated native Store retains ready framing profile adventure
PASS fresh-bow actual ready WorldArt member pixels adventure
PASS fresh-bow ready actual transformed members and sockets clear viewport/HUD adventure
PASS fresh-bow unique native fitting control fasten
PASS fresh-bow deliberate fastening records existing step without payment
PASS fresh-bow actual native Store contains only durable completed brace
PASS fresh-bow unique native fitting control look
PASS fresh-bow deliberate permanent Look closes workspace and preserves follow
PASS fresh-bow actual validated native Store retains permanent framing profile follow
PASS fresh-bow actual permanent WorldArt member pixels follow
PASS fresh-bow permanent actual transformed members and sockets clear viewport/HUD follow
PASS fresh-bow unique native fitting control look
PASS fresh-bow deliberate permanent Look closes workspace and preserves adventure
PASS fresh-bow actual validated native Store retains permanent framing profile adventure
PASS fresh-bow actual permanent WorldArt member pixels adventure
PASS fresh-bow permanent actual transformed members and sockets clear viewport/HUD adventure
PASS fresh-bow visible field action brace-root-channel
Traceback (most recent call last):
  File "D:\07-GAMES\Firstlight\authoring\atlantis-harbour-campaign-20261004\tests\earth_expedition_browser.py", line 207, in <module>
    for step in definition['steps'][2:]:objective(step)
                                        ~~~~~~~~~^^^^^^
  File "D:\07-GAMES\Firstlight\authoring\atlantis-harbour-campaign-20261004\tests\earth_expedition_browser.py", line 170, in objective
    walk_button(step['id'],step,step['name'])
    ~~~~~~~~~~~^^^^^^^^^^^^^^^^^^^^^^^^^^^^^^
  File "D:\07-GAMES\Firstlight\authoring\atlantis-harbour-campaign-20261004\tests\earth_expedition_browser.py", line 43, in walk_button
    r=ev('''p=>{let frames=0;for(;frames<18000&&Realm.test.path.length;frames++){Realm.test.step(.05);if(Realm.state.adventure.hp<=0)return{ok:false,error:'Traveler died'};}Realm.test.render();const q=Realm.diagnostics.adventure.player;return{ok:Math.hypot(q.x-p.x,q.z-p.z)<=2.8,frames,player:q,hp:Realm.state.adventure.hp};}''',target);check(variant+' visible route '+label,r.get('ok'),r);record['walks'].append({'label':label,**r})
  File "D:\07-GAMES\Firstlight\authoring\atlantis-harbour-campaign-20261004\tests\earth_expedition_browser.py", line 29, in ev
    def ev(js,arg=None):return page.evaluate(js,arg)
                               ~~~~~~~~~~~~~^^^^^^^^
  File "C:\dev\firstlight-artifacts\bootstrap-2026-09-12\browser-env\Lib\site-packages\playwright\sync_api\_generated.py", line 8562, in evaluate
    self._sync(
    ~~~~~~~~~~^
        self._impl_obj.evaluate(expression=expression, arg=mapping.to_impl(arg))
        ^^^^^^^^^^^^^^^^^^^^^^^^^^^^^^^^^^^^^^^^^^^^^^^^^^^^^^^^^^^^^^^^^^^^^^^^
    )
    ^
  File "C:\dev\firstlight-artifacts\bootstrap-2026-09-12\browser-env\Lib\site-packages\playwright\_impl\_sync_base.py", line 115, in _sync
    return task.result()
           ~~~~~~~~~~~^^
  File "C:\dev\firstlight-artifacts\bootstrap-2026-09-12\browser-env\Lib\site-packages\playwright\_impl\_page.py", line 464, in evaluate
    return await self._main_frame.evaluate(expression, arg)
           ^^^^^^^^^^^^^^^^^^^^^^^^^^^^^^^^^^^^^^^^^^^^^^^^
  File "C:\dev\firstlight-artifacts\bootstrap-2026-09-12\browser-env\Lib\site-packages\playwright\_impl\_frame.py", line 320, in evaluate
    await self._channel.send(
    ...<6 lines>...
    )
  File "C:\dev\firstlight-artifacts\bootstrap-2026-09-12\browser-env\Lib\site-packages\playwright\_impl\_connection.py", line 69, in send
    return await self._connection.wrap_api_call(
           ^^^^^^^^^^^^^^^^^^^^^^^^^^^^^^^^^^^^^
    ...<3 lines>...
    )
    ^
  File "C:\dev\firstlight-artifacts\bootstrap-2026-09-12\browser-env\Lib\site-packages\playwright\_impl\_connection.py", line 559, in wrap_api_call
    raise rewrite_error(error, f"{parsed_st['apiName']}: {error}") from None
playwright._impl._errors.Error: Page.evaluate: Error: Invalid save: inhabitant
    at no (http://127.0.0.1:62120/:7829:541)
    at http://127.0.0.1:62120/:7829:4354
    at Array.map (<anonymous>)
    at validate (http://127.0.0.1:62120/:7829:4155)
    at Simulation.snapshot (http://127.0.0.1:62120/:7835:102)
    at get state (http://127.0.0.1:62120/:12719:38)
    at eval (eval at evaluate (:290:30), <anonymous>:1:100)
    at UtilityScript.evaluate (<anonymous>:297:18)
    at UtilityScript.<anonymous> (<anonymous>:1:44)

{
  "status": "failed",
  "passed": 451,
  "failed": 0,
  "out": "D:\\07-GAMES\\Firstlight\\artifacts\\living-road-fieldcraft-20261006\\native02"
}
