
Input #0, mov,mp4,m4a,3gp,3g2,mj2, from 'D:\07-GAMES\Firstlight\artifacts\home-remembers-20261003\normal-ui-rtx-01\HOME_NORMAL_UI.mp4':
  Metadata:
    major_brand     : isom
    minor_version   : 512
    compatible_brands: isomiso2avc1mp41
    encoder         : Lavf61.7.100
  Duration: 00:01:05.76, start: 0.000000, bitrate: 1091 kb/s
  Stream #0:0[0x1](und): Video: h264 (High) (avc1 / 0x31637661), yuv420p(tv, bt470bg/unknown/unknown, progressive), 1280x800 [SAR 1:1 DAR 8:5], 1089 kb/s, 25 fps, 25 tbr, 12800 tbn (default)
      Metadata:
        handler_name    : VideoHandler
        vendor_id       : [0][0][0][0]
        encoder         : Lavc61.19.100 libx264
Stream mapping:
  Stream #0:0 -> #0:0 (h264 (native) -> h264 (libx264))
Press [q] to stop, [?] for help
[libx264 @ 000001c0e1749040] using SAR=1/1
[libx264 @ 000001c0e1749040] using cpu capabilities: MMX2 SSE2Fast SSSE3 SSE4.2 AVX FMA3 BMI2 AVX2 AVX512
[libx264 @ 000001c0e1749040] profile High, level 3.2, 4:2:0, 8-bit
[libx264 @ 000001c0e1749040] 264 - core 164 r3192 c24e06c - H.264/MPEG-4 AVC codec - Copyleft 2003-2024 - http://www.videolan.org/x264.html - options: cabac=1 ref=2 deblock=1:0:0 analyse=0x3:0x113 me=hex subme=6 psy=1 psy_rd=1.00:0.00 mixed_ref=1 me_range=16 chroma_me=1 trellis=1 8x8dct=1 cqm=0 deadzone=21,11 fast_pskip=1 chroma_qp_offset=-2 threads=4 lookahead_threads=1 sliced_threads=0 nr=0 decimate=1 interlaced=0 bluray_compat=0 constrained_intra=0 bframes=3 b_pyramid=2 b_adapt=1 b_bias=0 direct=1 weightb=1 open_gop=0 weightp=1 keyint=250 keyint_min=25 scenecut=40 intra_refresh=0 rc_lookahead=30 rc=crf mbtree=1 crf=24.0 qcomp=0.60 qpmin=0 qpmax=69 qpstep=4 ip_ratio=1.40 aq=1:1.00
Output #0, mp4, to 'D:\07-GAMES\Firstlight\artifacts\home-remembers-20261003\normal-ui-rtx-01\MOBILE_HOME.mp4':
  Metadata:
    major_brand     : isom
    minor_version   : 512
    compatible_brands: isomiso2avc1mp41
    encoder         : Lavf61.7.100
  Stream #0:0(und): Video: h264 (avc1 / 0x31637661), yuv420p(tv, bt470bg/unknown/unknown, progressive), 1280x800 [SAR 1:1 DAR 8:5], q=2-31, 25 fps, 12800 tbn (default)
      Metadata:
        handler_name    : VideoHandler
        vendor_id       : [0][0][0][0]
        encoder         : Lavc61.19.100 libx264
      Side data:
        cpb: bitrate max/min/avg: 0/0/0 buffer size: 0 vbv_delay: N/A
[mp4 @ 000001c0e12e21c0] Starting second pass: moving the moov atom to the beginning of the file
[out#0/mp4 @ 000001c0e12e0080] video:8240KiB audio:0KiB subtitle:0KiB other streams:0KiB global headers:0KiB muxing overhead: 0.227607%
frame= 1625 fps=264 q=-1.0 Lsize=    8258KiB time=00:01:04.92 bitrate=1042.1kbits/s speed=10.5x    
[libx264 @ 000001c0e1749040] frame I:27    Avg QP:17.94  size: 53262
[libx264 @ 000001c0e1749040] frame P:629   Avg QP:20.57  size:  8307
[libx264 @ 000001c0e1749040] frame B:969   Avg QP:19.92  size:  1830
[libx264 @ 000001c0e1749040] consecutive B-frames: 12.2% 21.5% 10.2% 56.1%
[libx264 @ 000001c0e1749040] mb I  I16..4: 44.8% 30.9% 24.3%
[libx264 @ 000001c0e1749040] mb P  I16..4:  4.4%  6.6%  1.0%  P16..4: 23.2%  3.7%  1.5%  0.0%  0.0%    skip:59.6%
[libx264 @ 000001c0e1749040] mb B  I16..4:  2.0%  1.0%  0.1%  B16..8:  9.0%  1.2%  0.0%  direct: 2.6%  skip:84.0%  L0:52.8% L1:43.8% BI: 3.4%
[libx264 @ 000001c0e1749040] 8x8 transform intra:45.0% inter:55.3%
[libx264 @ 000001c0e1749040] coded y,uvDC,uvAC intra: 21.3% 40.0% 13.3% inter: 3.8% 6.7% 0.4%
[libx264 @ 000001c0e1749040] i16 v,h,dc,p: 38% 38% 20%  5%
[libx264 @ 000001c0e1749040] i8 v,h,dc,ddl,ddr,vr,hd,vl,hu: 31% 21% 36%  2%  2%  2%  2%  2%  3%
[libx264 @ 000001c0e1749040] i4 v,h,dc,ddl,ddr,vr,hd,vl,hu: 33% 29% 18%  3%  3%  3%  4%  3%  4%
[libx264 @ 000001c0e1749040] i8c dc,h,v,p: 54% 27% 17%  3%
[libx264 @ 000001c0e1749040] Weighted P-Frames: Y:0.6% UV:0.3%
[libx264 @ 000001c0e1749040] ref P L0: 83.3% 16.7%
[libx264 @ 000001c0e1749040] ref B L0: 86.3% 13.7%
[libx264 @ 000001c0e1749040] ref B L1: 97.9%  2.1%
[libx264 @ 000001c0e1749040] kb/s:1038.36
