
Input #0, matroska,webm, from 'D:\07-GAMES\Firstlight\artifacts\home-remembers-20261003\normal-ui-rtx-01\HOME_NORMAL_UI.webm':
  Metadata:
    ENCODER         : Lavf61.1.100
  Duration: 00:01:05.76, start: 0.000000, bitrate: 672 kb/s
  Stream #0:0: Video: vp8, yuv420p(progressive), 1280x800, SAR 1:1 DAR 8:5, 25 fps, 25 tbr, 1k tbn
      Metadata:
        ENCODER         : Lavc61.3.100 libvpx
        DURATION        : 00:01:05.760000000
Stream mapping:
  Stream #0:0 -> #0:0 (vp8 (native) -> h264 (libx264))
Press [q] to stop, [?] for help
[libx264 @ 0000024fa83667c0] using SAR=1/1
[libx264 @ 0000024fa83667c0] using cpu capabilities: MMX2 SSE2Fast SSSE3 SSE4.2 AVX FMA3 BMI2 AVX2 AVX512
[libx264 @ 0000024fa83667c0] profile High, level 3.2, 4:2:0, 8-bit
[libx264 @ 0000024fa83667c0] 264 - core 164 r3192 c24e06c - H.264/MPEG-4 AVC codec - Copyleft 2003-2024 - http://www.videolan.org/x264.html - options: cabac=1 ref=2 deblock=1:0:0 analyse=0x3:0x113 me=hex subme=6 psy=1 psy_rd=1.00:0.00 mixed_ref=1 me_range=16 chroma_me=1 trellis=1 8x8dct=1 cqm=0 deadzone=21,11 fast_pskip=1 chroma_qp_offset=-2 threads=4 lookahead_threads=1 sliced_threads=0 nr=0 decimate=1 interlaced=0 bluray_compat=0 constrained_intra=0 bframes=3 b_pyramid=2 b_adapt=1 b_bias=0 direct=1 weightb=1 open_gop=0 weightp=1 keyint=250 keyint_min=25 scenecut=40 intra_refresh=0 rc_lookahead=30 rc=crf mbtree=1 crf=24.0 qcomp=0.60 qpmin=0 qpmax=69 qpstep=4 ip_ratio=1.40 aq=1:1.00
Output #0, mp4, to 'D:\07-GAMES\Firstlight\artifacts\home-remembers-20261003\normal-ui-rtx-01\HOME_NORMAL_UI.mp4':
  Metadata:
    encoder         : Lavf61.7.100
  Stream #0:0: Video: h264 (avc1 / 0x31637661), yuv420p(tv, bt470bg/unknown/unknown, progressive), 1280x800 [SAR 1:1 DAR 8:5], q=2-31, 25 fps, 12800 tbn
      Metadata:
        DURATION        : 00:01:05.760000000
        encoder         : Lavc61.19.100 libx264
      Side data:
        cpb: bitrate max/min/avg: 0/0/0 buffer size: 0 vbv_delay: N/A
[mp4 @ 0000024fa8377640] Starting second pass: moving the moov atom to the beginning of the file
[out#0/mp4 @ 0000024fa8361d80] video:8743KiB audio:0KiB subtitle:0KiB other streams:0KiB global headers:0KiB muxing overhead: 0.215743%
frame= 1644 fps=229 q=-1.0 Lsize=    8762KiB time=00:01:05.68 bitrate=1092.9kbits/s speed=9.14x    
[libx264 @ 0000024fa83667c0] frame I:30    Avg QP:17.82  size: 48589
[libx264 @ 0000024fa83667c0] frame P:602   Avg QP:20.85  size:  9307
[libx264 @ 0000024fa83667c0] frame B:1012  Avg QP:20.12  size:  1870
[libx264 @ 0000024fa83667c0] consecutive B-frames: 13.7%  9.0% 10.6% 66.7%
[libx264 @ 0000024fa83667c0] mb I  I16..4: 46.9% 30.8% 22.3%
[libx264 @ 0000024fa83667c0] mb P  I16..4:  4.7%  6.4%  1.1%  P16..4: 23.6%  4.0%  2.1%  0.0%  0.0%    skip:58.1%
[libx264 @ 0000024fa83667c0] mb B  I16..4:  2.1%  0.8%  0.1%  B16..8:  8.9%  1.2%  0.0%  direct: 2.9%  skip:84.0%  L0:52.5% L1:43.9% BI: 3.7%
[libx264 @ 0000024fa83667c0] 8x8 transform intra:41.8% inter:51.0%
[libx264 @ 0000024fa83667c0] coded y,uvDC,uvAC intra: 21.6% 36.9% 14.1% inter: 4.5% 6.4% 0.5%
[libx264 @ 0000024fa83667c0] i16 v,h,dc,p: 40% 37% 20%  4%
[libx264 @ 0000024fa83667c0] i8 v,h,dc,ddl,ddr,vr,hd,vl,hu: 31% 21% 36%  2%  2%  2%  2%  2%  3%
[libx264 @ 0000024fa83667c0] i4 v,h,dc,ddl,ddr,vr,hd,vl,hu: 32% 28% 19%  3%  3%  3%  4%  3%  4%
[libx264 @ 0000024fa83667c0] i8c dc,h,v,p: 55% 26% 16%  2%
[libx264 @ 0000024fa83667c0] Weighted P-Frames: Y:1.2% UV:1.0%
[libx264 @ 0000024fa83667c0] ref P L0: 82.1% 17.9%
[libx264 @ 0000024fa83667c0] ref B L0: 86.9% 13.1%
[libx264 @ 0000024fa83667c0] ref B L1: 97.0%  3.0%
[libx264 @ 0000024fa83667c0] kb/s:1089.12
