PASS Browser loaded the exact generated build
PASS Fresh character has no assigned class
PASS Both identities, one-time choice and workshop route are visible
PASS No-kit character can compare but cannot confirm
PASS Walked actual route to 11,9
PASS Accepted production command: start
PASS Oren offers a direct optional class path
PASS Choice screen shows exact initial blade spell and mark values
PASS Preview alone leaves identity and story unchosen
PASS Cancelling retains unassigned state
PASS Explicit confirmation chooses Magician
PASS Choice retains gear, XP, soul, companion and project history
PASS Chosen path offers the existing practice route and equipment guide
PASS Chosen view names actual technique and has no second choice
PASS Practice link walks to the real sign without teleporting
PASS E enters riverbank after the practice walk
PASS Practice link inside the scene follows the actual route
PASS Accepted production command: target-select
PASS New technique has its own visible X button
PASS X invokes actual spell damage on practice
PASS Spell spends exact stamina and records cooldown
PASS Cooldown disables visible technique button
PASS Native reload preserves class and paid cooldown
PASS Both camera styles remain switchable with chosen identity
PASS X inside class menu cannot fire a technique
PASS Class page stays within narrow viewport
PASS Typing X stays in notebook and does not use class stamina
PASS New roster character stays unassigned
PASS Switching restores original Magician identity
PASS Equipment identifies the chosen class independently of weapon
PASS Roster shows each saved life with its own class
PASS Walked actual route to 11,9
PASS Earned bow character chooses Hunter without weapon substitution
PASS Accepted production command: pursuit-start
PASS Active survey counts appear once with useful route guidance
PASS Walked actual route to 15,7
PASS Accepted production command: starter-enter
PASS Inside survey HUD keeps one objective tally and map guidance
PASS Walked actual route to -5,6
PASS Accepted production command: target-select
PASS Hunter mark appears before any new impact
PASS Accepted production command: attack
PASS Real travelling bow impact consumes mark with correct bonus
PASS Eight combat buttons stay within narrow screen
PASS No unhandled browser errors
RESULT 45 True
