PASS Served build identity
PASS Accepted walk 11,9
PASS Reached 11,9
PASS Kit earned via E
PASS Survey accepted from visible field guide
PASS Accepted walk 15,7
PASS Reached 15,7
PASS Accepted walk 5,-3
PASS Reached 5,-3
PASS Accepted target-select
PASS Accepted close approach
PASS Actual Reedback warning visible
PASS HP and player readiness retained
PASS Countdown follows real positive timer
PASS Earned close Reedback third person actual rendered owner has projected body
PASS Earned close Reedback third person whole projected body lies in viewport
PASS Earned close Reedback third person target HUD does not cover actual projected body
PASS Diorama retains live cue
PASS Earned close Reedback diorama actual rendered owner has projected body
PASS Earned close Reedback diorama whole projected body lies in viewport
PASS Earned close Reedback diorama target HUD does not cover actual projected body
PASS Pause clears cue and retains Paused readiness
PASS Pause freezes actual enemy timer
PASS Resume restores same actual warning
PASS Accepted UI Brace gives honest active defense copy
PASS Actual recovery opening visible
PASS Warning/recovery projection does not award or equip
PASS Accepted target-clear
PASS Cleared selection removes stale cue
PASS Synthetic owner copy Wide ring
PASS Owner cue retains actual HP/readiness Wide ring
PASS Synthetic owner copy Inner strike
PASS Owner cue retains actual HP/readiness Inner strike
PASS Synthetic owner copy Beacon strike
PASS Owner cue retains actual HP/readiness Beacon strike
PASS Synthetic owner copy Charging
PASS Owner cue retains actual HP/readiness Charging
PASS Live charge does not invent countdown
PASS Positive last fraction never shows zero deadline
PASS Compact target panel stays inside screen
PASS Compact cue has no text overflow
PASS Synthetic visible ward clears target at 390
PASS Synthetic visible ward clears target at 820
PASS Synthetic desktop right rail clears central combat corridor at 821
PASS Synthetic desktop free return clears target at 821
PASS Synthetic desktop ward clears target at 821
PASS Synthetic desktop target controls remain visible at 821
PASS Synthetic desktop right rail clears central combat corridor at 1024
PASS Synthetic desktop free return clears target at 1024
PASS Synthetic desktop ward clears target at 1024
PASS Synthetic desktop target controls remain visible at 1024
PASS Synthetic desktop right rail clears central combat corridor at 1280
PASS Synthetic desktop free return clears target at 1280
PASS Synthetic desktop ward clears target at 1280
PASS Synthetic desktop target controls remain visible at 1280
PASS Synthetic desktop right rail clears central combat corridor at 1440
PASS Synthetic desktop free return clears target at 1440
PASS Synthetic desktop ward clears target at 1440
PASS Synthetic desktop target controls remain visible at 1440
PASS Synthetic short desktop arrival at 821 long cue is legible
PASS Synthetic short desktop arrival at 821 ward stays below target
PASS Synthetic short desktop arrival at 821 populated ward and focus clear skills
PASS Synthetic short desktop arrival at 821 retains legible full text and control
PASS Synthetic short desktop ready at 821 long cue is legible
PASS Synthetic short desktop ready at 821 ward stays below target
PASS Synthetic short desktop ready at 821 populated ward and focus clear skills
PASS Synthetic short desktop ready at 821 retains legible full text and control
PASS Synthetic short desktop assault at 821 long cue is legible
PASS Synthetic short desktop assault at 821 ward stays below target
PASS Synthetic short desktop assault at 821 populated ward and focus clear skills
PASS Synthetic short desktop assault at 821 retains legible full text and control
PASS Synthetic short desktop intermission at 821 long cue is legible
PASS Synthetic short desktop intermission at 821 ward stays below target
PASS Synthetic short desktop intermission at 821 populated ward and focus clear skills
PASS Synthetic short desktop intermission at 821 retains legible full text and control
PASS Synthetic short desktop failed at 821 long cue is legible
PASS Synthetic short desktop failed at 821 ward stays below target
PASS Synthetic short desktop failed at 821 populated ward and focus clear skills
PASS Synthetic short desktop failed at 821 retains legible full text and control
PASS Synthetic short desktop won at 821 long cue is legible
PASS Synthetic short desktop won at 821 ward stays below target
PASS Synthetic short desktop won at 821 populated ward and focus clear skills
PASS Synthetic short desktop won at 821 retains legible full text and control
PASS Synthetic short desktop other at 821 long cue is legible
PASS Synthetic short desktop other at 821 ward stays below target
PASS Synthetic short desktop other at 821 populated ward and focus clear skills
PASS Synthetic short desktop other at 821 retains legible full text and control
PASS Synthetic short desktop arrival at 1024 long cue is legible
PASS Synthetic short desktop arrival at 1024 ward stays below target
PASS Synthetic short desktop arrival at 1024 populated ward and focus clear skills
PASS Synthetic short desktop arrival at 1024 retains legible full text and control
PASS Synthetic short desktop ready at 1024 long cue is legible
PASS Synthetic short desktop ready at 1024 ward stays below target
PASS Synthetic short desktop ready at 1024 populated ward and focus clear skills
PASS Synthetic short desktop ready at 1024 retains legible full text and control
PASS Synthetic short desktop assault at 1024 long cue is legible
PASS Synthetic short desktop assault at 1024 ward stays below target
PASS Synthetic short desktop assault at 1024 populated ward and focus clear skills
PASS Synthetic short desktop assault at 1024 retains legible full text and control
PASS Synthetic short desktop intermission at 1024 long cue is legible
PASS Synthetic short desktop intermission at 1024 ward stays below target
PASS Synthetic short desktop intermission at 1024 populated ward and focus clear skills
PASS Synthetic short desktop intermission at 1024 retains legible full text and control
PASS Synthetic short desktop failed at 1024 long cue is legible
PASS Synthetic short desktop failed at 1024 ward stays below target
PASS Synthetic short desktop failed at 1024 populated ward and focus clear skills
PASS Synthetic short desktop failed at 1024 retains legible full text and control
PASS Synthetic short desktop won at 1024 long cue is legible
PASS Synthetic short desktop won at 1024 ward stays below target
PASS Synthetic short desktop won at 1024 populated ward and focus clear skills
PASS Synthetic short desktop won at 1024 retains legible full text and control
PASS Synthetic short desktop other at 1024 long cue is legible
PASS Synthetic short desktop other at 1024 ward stays below target
PASS Synthetic short desktop other at 1024 populated ward and focus clear skills
PASS Synthetic short desktop other at 1024 retains legible full text and control
PASS Synthetic short desktop arrival at 1100 long cue is legible
PASS Synthetic short desktop arrival at 1100 ward stays below target
PASS Synthetic short desktop arrival at 1100 populated ward and focus clear skills
PASS Synthetic short desktop arrival at 1100 retains legible full text and control
PASS Synthetic short desktop ready at 1100 long cue is legible
PASS Synthetic short desktop ready at 1100 ward stays below target
PASS Synthetic short desktop ready at 1100 populated ward and focus clear skills
PASS Synthetic short desktop ready at 1100 retains legible full text and control
PASS Synthetic short desktop assault at 1100 long cue is legible
PASS Synthetic short desktop assault at 1100 ward stays below target
PASS Synthetic short desktop assault at 1100 populated ward and focus clear skills
PASS Synthetic short desktop assault at 1100 retains legible full text and control
PASS Synthetic short desktop intermission at 1100 long cue is legible
PASS Synthetic short desktop intermission at 1100 ward stays below target
PASS Synthetic short desktop intermission at 1100 populated ward and focus clear skills
PASS Synthetic short desktop intermission at 1100 retains legible full text and control
PASS Synthetic short desktop failed at 1100 long cue is legible
PASS Synthetic short desktop failed at 1100 ward stays below target
PASS Synthetic short desktop failed at 1100 populated ward and focus clear skills
PASS Synthetic short desktop failed at 1100 retains legible full text and control
PASS Synthetic short desktop won at 1100 long cue is legible
PASS Synthetic short desktop won at 1100 ward stays below target
PASS Synthetic short desktop won at 1100 populated ward and focus clear skills
PASS Synthetic short desktop won at 1100 retains legible full text and control
PASS Synthetic short desktop other at 1100 long cue is legible
PASS Synthetic short desktop other at 1100 ward stays below target
PASS Synthetic short desktop other at 1100 populated ward and focus clear skills
PASS Synthetic short desktop other at 1100 retains legible full text and control
PASS Native Settings retains keyboard focus in drawer
PASS Native Settings drawer is open above selected target controls
PASS Reduced motion retains static legible cue
PASS Death removes cue immediately
PASS Accepted walk 15,7
PASS Reached 15,7
PASS Accepted walk 5,-3
PASS Reached 5,-3
PASS Accepted target-select
PASS fresh-bow accepted close approach
PASS fresh-bow actual warning with original equipped family
PASS fresh-bow actual selected Reedback third person actual rendered owner has projected body
PASS fresh-bow actual selected Reedback third person whole projected body lies in viewport
PASS fresh-bow actual selected Reedback third person target HUD does not cover actual projected body
PASS fresh-bow actual selected Reedback diorama actual rendered owner has projected body
PASS fresh-bow actual selected Reedback diorama whole projected body lies in viewport
PASS fresh-bow actual selected Reedback diorama target HUD does not cover actual projected body
PASS fresh-bow actual opening keeps HP and readiness
PASS fresh-bow owns no extra reward from viewing phases
PASS Accepted target-clear
PASS fresh-bow leaves no stale opening
PASS Accepted walk 15,7
PASS Reached 15,7
PASS Accepted walk 5,-3
PASS Reached 5,-3
PASS Accepted target-select
PASS veteran accepted close approach
PASS veteran actual warning with original equipped family
PASS veteran actual selected Reedback third person actual rendered owner has projected body
PASS veteran actual selected Reedback third person whole projected body lies in viewport
PASS veteran actual selected Reedback third person target HUD does not cover actual projected body
PASS veteran actual selected Reedback diorama actual rendered owner has projected body
PASS veteran actual selected Reedback diorama whole projected body lies in viewport
PASS veteran actual selected Reedback diorama target HUD does not cover actual projected body
PASS veteran actual opening keeps HP and readiness
PASS veteran owns no extra reward from viewing phases
PASS Accepted target-clear
PASS veteran leaves no stale opening
PASS No browser errors
