PASS served HTML matches the exact source-pinned integration artifact
PASS actual app exposes only a read-only companion draw snapshot
PASS earned Chapter I checkpoint legitimately starts bonded in follow mode
PASS Firstlight earned home emits Briar only for the actual runtime scene owner
PASS Firstlight earned home roots the rig at the real physical support height
PASS Firstlight earned home retains the bounded 33-part bonded rig
PASS Firstlight earned home grounds all four feet without embedding a paw
PASS read-only draw snapshot cannot change canonical state or caller cache
PASS actual production path accepts 0,23
PASS actual production path arrives alive at 0,23
PASS actual Hearthwater marker crosses into physical country
PASS actual production path accepts 13,-13
PASS actual production path arrives alive at 13,-13
PASS actual production path accepts 12,-26
PASS actual production path arrives alive at 12,-26
PASS Hearthwater quarry road emits Briar only for the actual runtime scene owner
PASS Hearthwater quarry road roots the rig at the real physical support height
PASS Hearthwater quarry road retains the bounded 33-part bonded rig
PASS Hearthwater quarry road grounds all four feet without embedding a paw
PASS Hearthwater quarry road actually reached raised terrain
PASS Hearthwater raised ground actual DOM label follows the same physical support as the rig
PASS short gait walk is accepted by production pathfinding
PASS accepted companion displacement drives gait in the actual draw
PASS walking paws articulate only while accepted movement supplies blend
PASS actual production path accepts 14,-24
PASS actual production path arrives alive at 14,-24
PASS settled companion has no moving flag or new stride phase
PASS solid quarry-stack path refuses actual movement intent
PASS refused movement intent advances no companion stride or position
PASS actual open dialog pauses world and ignores keyboard movement
PASS paused draw preserves phase time and every posed part
PASS closing actual dialog restores prior running policy
PASS actual S keyboard control moves the existing character
PASS actual follow runtime continues to own its physical scene
PASS actual stay control retains Briar and changes canonical mode
PASS actual stay command retains prior receipts and records only its real terms
PASS actual production path accepts 13,-13
PASS actual production path arrives alive at 13,-13
PASS Stay leaves actual companion position unchanged while the player walks
PASS Stay in the old scene draws no fox in Firstlight
PASS actual follow control retains Briar and changes canonical mode
PASS actual follow command retains prior receipts and records only its real terms
PASS Recalled Firstlight follow emits Briar only for the actual runtime scene owner
PASS Recalled Firstlight follow roots the rig at the real physical support height
PASS Recalled Firstlight follow retains the bounded 33-part bonded rig
PASS Recalled Firstlight follow grounds all four feet without embedding a paw
PASS actual production path accepts 14,-5
PASS actual production path arrives alive at 14,-5
PASS actual observatory invitation enters Cosmos
PASS actual production path accepts 13,-6
PASS actual production path arrives alive at 13,-6
PASS actual production path accepts 15,-30
PASS actual production path arrives alive at 15,-30
PASS actual production path accepts 13,-34
PASS actual production path arrives alive at 13,-34
PASS Cosmos raised road emits Briar only for the actual runtime scene owner
PASS Cosmos raised road roots the rig at the real physical support height
PASS Cosmos raised road retains the bounded 33-part bonded rig
PASS Cosmos raised road grounds all four feet without embedding a paw
PASS Cosmos raised road actually reached raised terrain
PASS Cosmos raised ground actual DOM label follows the same physical support as the rig
PASS Cosmos opposite camera emits Briar only for the actual runtime scene owner
PASS Cosmos opposite camera roots the rig at the real physical support height
PASS Cosmos opposite camera retains the bounded 33-part bonded rig
PASS Cosmos opposite camera grounds all four feet without embedding a paw
PASS V toggles a real projection without changing companion placement
PASS actual reduced-motion setting reaches companion pose and motion
PASS reduced motion removes body bob head idle ears and tail sway
PASS reduced motion retains readable accepted walking gait
PASS actual production path accepts 18,6
PASS actual production path arrives alive at 18,6
PASS actual crossing enters earthlands
PASS actual production path accepts 0,88
PASS actual production path arrives alive at 0,88
PASS Coastward actual channel bridge emits Briar only for the actual runtime scene owner
PASS Coastward actual channel bridge roots the rig at the real physical support height
PASS Coastward actual channel bridge retains the bounded 33-part bonded rig
PASS Coastward actual channel bridge grounds all four feet without embedding a paw
PASS actual realm return restores Firstlight
PASS actual production path accepts 18,6
PASS actual production path arrives alive at 18,6
PASS actual crossing enters atlantis
PASS actual production path accepts 0,28
PASS actual production path arrives alive at 0,28
PASS Atlantis dry safe quay emits Briar only for the actual runtime scene owner
PASS Atlantis dry safe quay roots the rig at the real physical support height
PASS Atlantis dry safe quay retains the bounded 33-part bonded rig
PASS Atlantis dry safe quay grounds all four feet without embedding a paw
PASS actual realm return restores Firstlight
PASS optional travel and presentation grants no new economic or quest outcomes
PASS only deliberate Follow Stay commands add their actual receipts
PASS actual stay control retains Briar and changes canonical mode
PASS actual stay command retains prior receipts and records only its real terms
PASS actual save keeps the legitimate bond and deliberate Stay mode
PASS native new character has no inherited bond or rendered home companion
PASS Native original character restored emits Briar only for the actual runtime scene owner
PASS Native original character restored roots the rig at the real physical support height
PASS Native original character restored retains the bounded 33-part bonded rig
PASS Native original character restored grounds all four feet without embedding a paw
PASS native switching retains canonical bonded Stay and earned belongings
PASS native switching starts a fresh runtime gait sample
PASS Native saved character reopened emits Briar only for the actual runtime scene owner
PASS Native saved character reopened roots the rig at the real physical support height
PASS Native saved character reopened retains the bounded 33-part bonded rig
PASS Native saved character reopened grounds all four feet without embedding a paw
PASS native reload retains active identity and canonical companion policy
PASS native reload resumes safe home with no obsolete gait phase
PASS served HTML matches the exact source-pinned integration artifact
PASS actual app exposes only a read-only companion draw snapshot
PASS earned starting checkpoint has no invented Briar bond
PASS actual production path accepts 0,-48
PASS actual production path arrives alive at 0,-48
PASS actual mine entry uses earned kit bridge and pickaxe
PASS actual injured mine caller retains the 30-part unbonded fox
PASS injured pose retains a stable still silhouette
PASS injured fox stays at its actual cave anchor and physical cave floor
PASS actual source retains a separate warm injured marker above the fox
PASS actual mine draw emits the separate warm injured marker unchanged
PASS focused companion journeys produce no application page errors
