test_actual_full_report_binds_ordered_prepared_checkpoint_without_output (__main__.ActualEarnedPreflight.test_actual_full_report_binds_ordered_prepared_checkpoint_without_output) ... ok
test_claimed_checkpoint_cannot_resume_a_fake_live_encounter (__main__.ActualEarnedPreflight.test_claimed_checkpoint_cannot_resume_a_fake_live_encounter) ... ok
test_existing_output_and_source_checkout_are_not_overwritten (__main__.ActualEarnedPreflight.test_existing_output_and_source_checkout_are_not_overwritten) ... ok
test_nonblade_take_is_refused_without_equipping_or_profiles (__main__.ActualEarnedPreflight.test_nonblade_take_is_refused_without_equipping_or_profiles) ... ok
test_preflight_only_has_no_capture_server_or_profile_side_effect (__main__.ActualEarnedPreflight.test_preflight_only_has_no_capture_server_or_profile_side_effect) ... ok
test_prepared_path_must_be_exact_full_journey_link (__main__.ActualEarnedPreflight.test_prepared_path_must_be_exact_full_journey_link) ... ok
test_prepared_sha_is_rechecked_even_after_linked_report_validation (__main__.ActualEarnedPreflight.test_prepared_sha_is_rechecked_even_after_linked_report_validation) ... ok
test_wrong_cohort_sha_rejected_before_new_take (__main__.ActualEarnedPreflight.test_wrong_cohort_sha_rejected_before_new_take) ... ok
test_brace_consumes_real_production_cooldown_schema (__main__.ActualProductionController.test_brace_consumes_real_production_cooldown_schema) ... ok
test_raf_observer_only_timestamps_bounded_callbacks_and_never_reads_game (__main__.ActualProductionController.test_raf_observer_only_timestamps_bounded_callbacks_and_never_reads_game) ... ok
test_requested_camera_projection_matches_exact_installed_camera_dispatch (__main__.ActualProductionController.test_requested_camera_projection_matches_exact_installed_camera_dispatch) ... ok
test_steering_chords_advance_actual_core_using_exact_frame_expression (__main__.ActualProductionController.test_steering_chords_advance_actual_core_using_exact_frame_expression) ... ok
test_animation_and_callback_arrival_clocks_have_different_retained_distributions (__main__.CallbackArrivalRepair.test_animation_and_callback_arrival_clocks_have_different_retained_distributions) ... ok
test_paired_clocks_refuse_nonfinite_unequal_or_nonadvancing_samples (__main__.CallbackArrivalRepair.test_paired_clocks_refuse_nonfinite_unequal_or_nonadvancing_samples) ... ok
test_same_bounded_observer_pairs_arrivals_with_animation_samples_without_game_read (__main__.CallbackArrivalRepair.test_same_bounded_observer_pairs_arrivals_with_animation_samples_without_game_read) ... ok
test_cleanup_keeps_playwright_alive_until_video_is_finalized (__main__.ControllerResourceBoundaries.test_cleanup_keeps_playwright_alive_until_video_is_finalized) ... ok
test_cleanup_stops_service_even_when_movie_finalize_fails (__main__.ControllerResourceBoundaries.test_cleanup_stops_service_even_when_movie_finalize_fails) ... ok
test_declared_play_bound_does_not_stop_or_scale_game_time (__main__.ControllerResourceBoundaries.test_declared_play_bound_does_not_stop_or_scale_game_time) ... ok
test_failed_interval_observation_still_preserves_the_raw_take (__main__.ControllerResourceBoundaries.test_failed_interval_observation_still_preserves_the_raw_take) ... ok
test_failed_key_hold_releases_every_native_chord (__main__.ControllerResourceBoundaries.test_failed_key_hold_releases_every_native_chord) ... ok
test_stored_home_snapshot_is_committed_after_native_pause (__main__.ControllerResourceBoundaries.test_stored_home_snapshot_is_committed_after_native_pause) ... ok
test_latest_six_warning_pairs_survive_general_failure_and_cleanup_failure (__main__.FailedReportRepair.test_latest_six_warning_pairs_survive_general_failure_and_cleanup_failure) ... ok
test_completed_or_reordered_work_cannot_be_called_prepared (__main__.InitialBoundaries.test_completed_or_reordered_work_cannot_be_called_prepared) ... ok
test_damage_bands_require_real_hp_change_at_boundary (__main__.InitialBoundaries.test_damage_bands_require_real_hp_change_at_boundary) ... ok
test_eight_headings_at_unrotated_camera (__main__.InitialBoundaries.test_eight_headings_at_unrotated_camera) ... ok
test_interval_percentiles_count_stutters_without_fps_claim (__main__.InitialBoundaries.test_interval_percentiles_count_stutters_without_fps_claim) ... ok
test_invalid_intervals_are_not_silently_dropped_from_statistics (__main__.InitialBoundaries.test_invalid_intervals_are_not_silently_dropped_from_statistics) ... ok
test_nonfinite_diagnostics_are_refused_before_keyboard_input (__main__.InitialBoundaries.test_nonfinite_diagnostics_are_refused_before_keyboard_input) ... ok
test_only_physical_interactions_have_a_step_selector (__main__.InitialBoundaries.test_only_physical_interactions_have_a_step_selector) ... ok
test_partial_return_cannot_be_reported_as_completed_homecoming (__main__.InitialBoundaries.test_partial_return_cannot_be_reported_as_completed_homecoming) ... ok
test_preparation_is_read_only (__main__.InitialBoundaries.test_preparation_is_read_only) ... ok
test_rotated_camera_and_near_diagonal_choose_native_chord (__main__.InitialBoundaries.test_rotated_camera_and_near_diagonal_choose_native_chord) ... ok
test_threshold_counts_are_strict_with_no_invented_intervals (__main__.InitialBoundaries.test_threshold_counts_are_strict_with_no_invented_intervals) ... ok
test_invalid_or_looser_tolerance_is_refused_before_inputs (__main__.QuietControllerRepair.test_invalid_or_looser_tolerance_is_refused_before_inputs) ... ok
test_real_quiet_response_moves_recorded_pose_and_actual_ring_contact_misses_in_both_camera_frames (__main__.QuietControllerRepair.test_real_quiet_response_moves_recorded_pose_and_actual_ring_contact_misses_in_both_camera_frames) ... ok
test_recorded_old_stop_is_inside_actual_danger_despite_default_destination_acceptance (__main__.QuietControllerRepair.test_recorded_old_stop_is_inside_actual_danger_despite_default_destination_acceptance) ... ok
test_tighter_destination_has_strict_body_clearance_and_boundary_retains_real_contact (__main__.QuietControllerRepair.test_tighter_destination_has_strict_body_clearance_and_boundary_retains_real_contact) ... ok

----------------------------------------------------------------------
Ran 37 tests in 1.035s

OK
