PASS exact offline build loads
PASS production walk reaches 11,9
PASS initial kit is command-earned before any chapter
PASS production walk reaches 18,6
PASS production walk reaches 0,27
PASS Lantern Pier rest remains independent
PASS remote invitation cannot cross
PASS production walk reaches 18,6
PASS heaven terms show objectives, kit requirement, exact rewards and free return
PASS heaven has explicit crossing confirmation
PASS heaven crossing preserves canonical saved state
PASS heaven physically supported scene opens
PASS heaven tracked opening reads its local work before acceptance
PASS production walk reaches -14,5
PASS heaven explicit UI accepts first run without paying
PASS production walk reaches 0,-1
PASS heaven UI records objective first
PASS heaven native reload retains partial work at home checkpoint
PASS heaven terms show objectives, kit requirement, exact rewards and free return
PASS heaven has explicit crossing confirmation
PASS heaven crossing preserves canonical saved state
PASS heaven physically supported scene opens
PASS production walk reaches -35,-31
PASS heaven UI records objective second
PASS production walk reaches 0,-79
PASS heaven UI records objective third
PASS production walk reaches -14,5
PASS heaven UI pays exact first reward once
PASS heaven payout never auto-equips
PASS heaven new request identity cannot duplicate payout
PASS heaven local giver recognizes completed work
PASS heaven UI approach leaves a readable conversation distance
PASS heaven diorama follows supported body
PASS heaven third person retains perspective
PASS heaven free return reaches home
PASS hell terms show objectives, kit requirement, exact rewards and free return
PASS hell has explicit crossing confirmation
PASS hell crossing preserves canonical saved state
PASS hell physically supported scene opens
PASS hell tracked opening reads its local work before acceptance
PASS production walk reaches -10,24
PASS hell explicit UI accepts first run without paying
PASS production walk reaches 24,-41
PASS hell UI records objective first
PASS hell native reload retains partial work at home checkpoint
PASS hell terms show objectives, kit requirement, exact rewards and free return
PASS hell has explicit crossing confirmation
PASS hell crossing preserves canonical saved state
PASS hell physically supported scene opens
PASS production walk reaches -31,-43
PASS hell UI records objective second
PASS production walk reaches -12,-95
PASS hell UI records objective third
PASS production walk reaches -10,24
PASS hell UI pays exact first reward once
PASS hell payout never auto-equips
PASS hell new request identity cannot duplicate payout
PASS hell local giver recognizes completed work
PASS hell UI approach leaves a readable conversation distance
PASS hell diorama follows supported body
PASS hell third person retains perspective
PASS hell free return reaches home
PASS earthlands terms show objectives, kit requirement, exact rewards and free return
PASS earthlands has explicit crossing confirmation
PASS earthlands crossing preserves canonical saved state
PASS earthlands physically supported scene opens
PASS earthlands tracked opening reads its local work before acceptance
PASS production walk reaches -6,-68
PASS earthlands explicit UI accepts first run without paying
PASS production walk reaches -15,-46
PASS earthlands UI records objective first
PASS earthlands native reload retains partial work at home checkpoint
PASS earthlands terms show objectives, kit requirement, exact rewards and free return
PASS earthlands has explicit crossing confirmation
PASS earthlands crossing preserves canonical saved state
PASS earthlands physically supported scene opens
PASS production walk reaches 13,-54
PASS earthlands UI records objective second
PASS production walk reaches 8,-69
PASS earthlands UI records objective third
PASS production walk reaches -6,-68
PASS earthlands UI pays exact first reward once
PASS earthlands payout never auto-equips
PASS earthlands new request identity cannot duplicate payout
PASS earthlands local giver recognizes completed work
PASS earthlands UI approach leaves a readable conversation distance
PASS earthlands diorama follows supported body
PASS earthlands third person retains perspective
PASS earthlands free return reaches home
PASS atlantis terms show objectives, kit requirement, exact rewards and free return
PASS atlantis has explicit crossing confirmation
PASS atlantis crossing preserves canonical saved state
PASS atlantis physically supported scene opens
PASS atlantis tracked opening reads its local work before acceptance
PASS production walk reaches -3,22
PASS atlantis explicit UI accepts first run without paying
PASS production walk reaches -7,-6
PASS atlantis UI records objective first
PASS atlantis native reload retains partial work at home checkpoint
PASS atlantis terms show objectives, kit requirement, exact rewards and free return
PASS atlantis has explicit crossing confirmation
PASS atlantis crossing preserves canonical saved state
PASS atlantis physically supported scene opens
PASS production walk reaches 7,-12
PASS atlantis UI records objective second
PASS production walk reaches 0,-18
PASS atlantis UI records objective third
PASS production walk reaches -3,22
PASS atlantis UI pays exact first reward once
PASS atlantis payout never auto-equips
PASS atlantis new request identity cannot duplicate payout
PASS atlantis local giver recognizes completed work
PASS atlantis UI approach leaves a readable conversation distance
PASS atlantis diorama follows supported body
PASS atlantis third person retains perspective
PASS atlantis free return reaches home
PASS cosmos terms show objectives, kit requirement, exact rewards and free return
PASS cosmos has explicit crossing confirmation
PASS cosmos crossing preserves canonical saved state
PASS cosmos physically supported scene opens
PASS Roads Cosmos has one presentation owner
PASS cosmos tracked opening reads its local work before acceptance
PASS production walk reaches 3,7
PASS cosmos explicit UI accepts first run without paying
PASS production walk reaches -14,-3
PASS cosmos UI records objective first
PASS cosmos native reload retains partial work at home checkpoint
PASS cosmos terms show objectives, kit requirement, exact rewards and free return
PASS cosmos has explicit crossing confirmation
PASS cosmos crossing preserves canonical saved state
PASS cosmos physically supported scene opens
PASS Roads Cosmos has one presentation owner
PASS production walk reaches 13,-6
PASS cosmos UI records objective second
PASS production walk reaches 3,-43
PASS cosmos UI records objective third
PASS production walk reaches 3,7
PASS cosmos UI pays exact first reward once
PASS cosmos payout never auto-equips
PASS cosmos new request identity cannot duplicate payout
PASS cosmos local giver recognizes completed work
PASS cosmos UI approach leaves a readable conversation distance
PASS cosmos diorama follows supported body
PASS cosmos third person retains perspective
PASS cosmos free return reaches home
PASS production walk reaches 14,-5
PASS legacy Cosmos invitation remains separate
PASS legacy entry grants no work consent or payout
PASS legacy Cosmos retains one original presentation owner
PASS production walk reaches 3,7
PASS explicit work acceptance hands Cosmos presentation to Roads
PASS adopted legacy trip returns through its original saved checkpoint
PASS production walk reaches 18,6
PASS atlantis terms show objectives, kit requirement, exact rewards and free return
PASS atlantis has explicit crossing confirmation
PASS atlantis crossing preserves canonical saved state
PASS atlantis physically supported scene opens
PASS production walk reaches 8,-16
PASS gallery invitation declares F/G, hold and no air timer
PASS explicit gallery entry creates real depth
PASS production 3D swim reaches 8,-2.4,-25
PASS released depth holds without floating camera authority
PASS submerged camera is measured independently
PASS gallery diorama retains actual body height and enabled cutaway
PASS gallery map explains actual wet lane, air court and depth controls
PASS gallery map offers landmark reading instead of impossible dry walking
PASS gallery exit can be inspected without teleporting
PASS wet local work has no dry movement or turn-in actions
PASS reading gallery entry while wet offers no second entry
PASS production 3D swim reaches 8,-2.7,-34
PASS submerged court has actual air body volume
PASS production 3D swim reaches 8,-2.7,-28
PASS production 3D swim reaches 12,-1.8,-29
PASS production 3D swim reaches 12,-1.4,-39.3
PASS gallery landing returns to supported dry quay
PASS production walk reaches 18,6
PASS hell terms show objectives, kit requirement, exact rewards and free return
PASS hell has explicit crossing confirmation
PASS hell crossing preserves canonical saved state
PASS hell physically supported scene opens
PASS production walk reaches -10,24
PASS production walk reaches 24,-41
PASS production walk reaches 44,-92.9
PASS actual sentinel hits open the fallen dialog
PASS fallen dialog consumes camera and attack shortcuts
PASS actual revive returns to the spring and clears the trip
PASS revive preserves the partial accepted repeat and paid history
PASS native reload keeps revived home and partial realm work
PASS browser has no runtime error
PASS atlantis terms show objectives, kit requirement, exact rewards and free return
PASS atlantis has explicit crossing confirmation
PASS atlantis normal crossing preserves ownership while its clock runs
PASS atlantis physically supported scene opens
PASS production walk reaches 8,-16
PASS gallery normal frame loop is unpaused
PASS G actually descends through production held-key frames
PASS released G holds physical depth
PASS F actually ascends through production held-key frames
PASS W actually swims using camera-relative input
PASS gallery journal pauses simulation
PASS modal consumes depth and camera shortcuts
PASS camera exchange preserves physical swimmer depth
PASS compact gallery rejection displays a real transient toast
PASS compact depth information stays inside the viewport
PASS compact depth information and transient toast occupy separate space
PASS Escape freely returns swimmer home
PASS normal frame controls have no runtime errors
