
Input #0, matroska,webm, from 'D:\07-GAMES\Firstlight\artifacts\local-life-20261003\normal-ui-rtx-03\LOCAL_LIFE_NORMAL_UI.webm':
  Metadata:
    ENCODER         : Lavf61.1.100
  Duration: 00:01:53.44, start: 0.000000, bitrate: 881 kb/s
  Stream #0:0: Video: vp8, yuv420p(progressive), 1280x800, SAR 1:1 DAR 8:5, 25 fps, 25 tbr, 1k tbn
      Metadata:
        ENCODER         : Lavc61.3.100 libvpx
        DURATION        : 00:01:53.440000000
Stream mapping:
  Stream #0:0 -> #0:0 (vp8 (native) -> h264 (libx264))
Press [q] to stop, [?] for help
[libx264 @ 000001b883cc67c0] using SAR=1/1
[libx264 @ 000001b883cc67c0] using cpu capabilities: MMX2 SSE2Fast SSSE3 SSE4.2 AVX FMA3 BMI2 AVX2 AVX512
[libx264 @ 000001b883cc67c0] profile High, level 3.2, 4:2:0, 8-bit
[libx264 @ 000001b883cc67c0] 264 - core 164 r3192 c24e06c - H.264/MPEG-4 AVC codec - Copyleft 2003-2024 - http://www.videolan.org/x264.html - options: cabac=1 ref=2 deblock=1:0:0 analyse=0x3:0x113 me=hex subme=6 psy=1 psy_rd=1.00:0.00 mixed_ref=1 me_range=16 chroma_me=1 trellis=1 8x8dct=1 cqm=0 deadzone=21,11 fast_pskip=1 chroma_qp_offset=-2 threads=4 lookahead_threads=1 sliced_threads=0 nr=0 decimate=1 interlaced=0 bluray_compat=0 constrained_intra=0 bframes=3 b_pyramid=2 b_adapt=1 b_bias=0 direct=1 weightb=1 open_gop=0 weightp=1 keyint=250 keyint_min=25 scenecut=40 intra_refresh=0 rc_lookahead=30 rc=crf mbtree=1 crf=24.0 qcomp=0.60 qpmin=0 qpmax=69 qpstep=4 ip_ratio=1.40 aq=1:1.00
Output #0, mp4, to 'D:\07-GAMES\Firstlight\artifacts\local-life-20261003\normal-ui-rtx-03\LOCAL_LIFE_NORMAL_UI.mp4':
  Metadata:
    encoder         : Lavf61.7.100
  Stream #0:0: Video: h264 (avc1 / 0x31637661), yuv420p(tv, bt470bg/unknown/unknown, progressive), 1280x800 [SAR 1:1 DAR 8:5], q=2-31, 25 fps, 12800 tbn
      Metadata:
        DURATION        : 00:01:53.440000000
        encoder         : Lavc61.19.100 libx264
      Side data:
        cpb: bitrate max/min/avg: 0/0/0 buffer size: 0 vbv_delay: N/A
[mp4 @ 000001b883cd7640] Starting second pass: moving the moov atom to the beginning of the file
[out#0/mp4 @ 000001b883cc1d80] video:18456KiB audio:0KiB subtitle:0KiB other streams:0KiB global headers:0KiB muxing overhead: 0.181321%
frame= 2836 fps=138 q=-1.0 Lsize=   18490KiB time=00:01:53.36 bitrate=1336.2kbits/s speed=5.51x    
[libx264 @ 000001b883cc67c0] frame I:30    Avg QP:18.79  size: 53079
[libx264 @ 000001b883cc67c0] frame P:827   Avg QP:22.09  size: 13330
[libx264 @ 000001b883cc67c0] frame B:1979  Avg QP:24.70  size:  3175
[libx264 @ 000001b883cc67c0] consecutive B-frames:  4.8%  4.2%  7.0% 84.1%
[libx264 @ 000001b883cc67c0] mb I  I16..4: 37.0% 37.4% 25.6%
[libx264 @ 000001b883cc67c0] mb P  I16..4:  4.6%  6.4%  1.5%  P16..4: 29.5%  7.6%  3.8%  0.0%  0.0%    skip:46.8%
[libx264 @ 000001b883cc67c0] mb B  I16..4:  2.0%  0.8%  0.1%  B16..8: 18.9%  2.8%  0.1%  direct: 3.6%  skip:71.7%  L0:54.2% L1:41.5% BI: 4.3%
[libx264 @ 000001b883cc67c0] 8x8 transform intra:41.9% inter:47.2%
[libx264 @ 000001b883cc67c0] coded y,uvDC,uvAC intra: 23.5% 32.3% 10.3% inter: 6.2% 6.2% 0.2%
[libx264 @ 000001b883cc67c0] i16 v,h,dc,p: 30% 39% 25%  6%
[libx264 @ 000001b883cc67c0] i8 v,h,dc,ddl,ddr,vr,hd,vl,hu: 29% 20% 37%  2%  2%  2%  2%  2%  3%
[libx264 @ 000001b883cc67c0] i4 v,h,dc,ddl,ddr,vr,hd,vl,hu: 31% 27% 21%  4%  3%  4%  4%  3%  4%
[libx264 @ 000001b883cc67c0] i8c dc,h,v,p: 59% 24% 14%  2%
[libx264 @ 000001b883cc67c0] Weighted P-Frames: Y:0.7% UV:0.5%
[libx264 @ 000001b883cc67c0] ref P L0: 72.3% 27.7%
[libx264 @ 000001b883cc67c0] ref B L0: 86.3% 13.7%
[libx264 @ 000001b883cc67c0] ref B L1: 96.1%  3.9%
[libx264 @ 000001b883cc67c0] kb/s:1332.75
