
Input #0, mov,mp4,m4a,3gp,3g2,mj2, from 'D:\07-GAMES\Firstlight\artifacts\local-life-20261003\normal-ui-rtx-03\LOCAL_LIFE_NORMAL_UI.mp4':
  Metadata:
    major_brand     : isom
    minor_version   : 512
    compatible_brands: isomiso2avc1mp41
    encoder         : Lavf61.7.100
  Duration: 00:01:53.44, start: 0.000000, bitrate: 1335 kb/s
  Stream #0:0[0x1](und): Video: h264 (High) (avc1 / 0x31637661), yuv420p(tv, bt470bg/unknown/unknown, progressive), 1280x800 [SAR 1:1 DAR 8:5], 1332 kb/s, 25 fps, 25 tbr, 12800 tbn (default)
      Metadata:
        handler_name    : VideoHandler
        vendor_id       : [0][0][0][0]
        encoder         : Lavc61.19.100 libx264
Stream mapping:
  Stream #0:0 -> #0:0 (h264 (native) -> h264 (libx264))
Press [q] to stop, [?] for help
[libx264 @ 0000022f762b13c0] using SAR=1/1
[libx264 @ 0000022f762b13c0] using cpu capabilities: MMX2 SSE2Fast SSSE3 SSE4.2 AVX FMA3 BMI2 AVX2 AVX512
[libx264 @ 0000022f762b13c0] profile High, level 3.2, 4:2:0, 8-bit
[libx264 @ 0000022f762b13c0] 264 - core 164 r3192 c24e06c - H.264/MPEG-4 AVC codec - Copyleft 2003-2024 - http://www.videolan.org/x264.html - options: cabac=1 ref=2 deblock=1:0:0 analyse=0x3:0x113 me=hex subme=6 psy=1 psy_rd=1.00:0.00 mixed_ref=1 me_range=16 chroma_me=1 trellis=1 8x8dct=1 cqm=0 deadzone=21,11 fast_pskip=1 chroma_qp_offset=-2 threads=4 lookahead_threads=1 sliced_threads=0 nr=0 decimate=1 interlaced=0 bluray_compat=0 constrained_intra=0 bframes=3 b_pyramid=2 b_adapt=1 b_bias=0 direct=1 weightb=1 open_gop=0 weightp=1 keyint=250 keyint_min=25 scenecut=40 intra_refresh=0 rc_lookahead=30 rc=crf mbtree=1 crf=24.0 qcomp=0.60 qpmin=0 qpmax=69 qpstep=4 ip_ratio=1.40 aq=1:1.00
Output #0, mp4, to 'D:\07-GAMES\Firstlight\artifacts\local-life-20261003\normal-ui-rtx-03\MOBILE_LOCAL_LIFE.mp4':
  Metadata:
    major_brand     : isom
    minor_version   : 512
    compatible_brands: isomiso2avc1mp41
    encoder         : Lavf61.7.100
  Stream #0:0(und): Video: h264 (avc1 / 0x31637661), yuv420p(tv, bt470bg/unknown/unknown, progressive), 1280x800 [SAR 1:1 DAR 8:5], q=2-31, 25 fps, 12800 tbn (default)
      Metadata:
        handler_name    : VideoHandler
        vendor_id       : [0][0][0][0]
        encoder         : Lavc61.19.100 libx264
      Side data:
        cpb: bitrate max/min/avg: 0/0/0 buffer size: 0 vbv_delay: N/A
[mp4 @ 0000022f7660a040] Starting second pass: moving the moov atom to the beginning of the file
[out#0/mp4 @ 0000022f762b6680] video:8365KiB audio:0KiB subtitle:0KiB other streams:0KiB global headers:0KiB muxing overhead: 0.236043%
frame= 1625 fps=168 q=-1.0 Lsize=    8385KiB time=00:01:04.92 bitrate=1058.1kbits/s speed=6.69x    
[libx264 @ 0000022f762b13c0] frame I:15    Avg QP:17.78  size: 62585
[libx264 @ 0000022f762b13c0] frame P:484   Avg QP:21.10  size: 10430
[libx264 @ 0000022f762b13c0] frame B:1126  Avg QP:24.07  size:  2290
[libx264 @ 0000022f762b13c0] consecutive B-frames:  3.1% 12.2%  3.7% 81.0%
[libx264 @ 0000022f762b13c0] mb I  I16..4: 37.3% 33.0% 29.7%
[libx264 @ 0000022f762b13c0] mb P  I16..4:  2.7%  3.3%  0.8%  P16..4: 26.9%  6.7%  2.9%  0.0%  0.0%    skip:56.8%
[libx264 @ 0000022f762b13c0] mb B  I16..4:  0.9%  0.5%  0.0%  B16..8: 14.8%  2.2%  0.1%  direct: 2.8%  skip:78.7%  L0:52.7% L1:42.8% BI: 4.5%
[libx264 @ 0000022f762b13c0] 8x8 transform intra:41.0% inter:48.4%
[libx264 @ 0000022f762b13c0] coded y,uvDC,uvAC intra: 27.6% 43.3% 14.5% inter: 4.6% 5.5% 0.2%
[libx264 @ 0000022f762b13c0] i16 v,h,dc,p: 29% 40% 22%  9%
[libx264 @ 0000022f762b13c0] i8 v,h,dc,ddl,ddr,vr,hd,vl,hu: 24% 20% 40%  3%  2%  2%  3%  2%  3%
[libx264 @ 0000022f762b13c0] i4 v,h,dc,ddl,ddr,vr,hd,vl,hu: 30% 29% 19%  4%  4%  3%  4%  3%  4%
[libx264 @ 0000022f762b13c0] i8c dc,h,v,p: 58% 25% 13%  3%
[libx264 @ 0000022f762b13c0] Weighted P-Frames: Y:0.0% UV:0.0%
[libx264 @ 0000022f762b13c0] ref P L0: 72.8% 27.2%
[libx264 @ 0000022f762b13c0] ref B L0: 85.2% 14.8%
[libx264 @ 0000022f762b13c0] ref B L1: 97.5%  2.5%
[libx264 @ 0000022f762b13c0] kb/s:1054.22
