frame=2836
fps=0.00
stream_0_0_q=-0.0
bitrate=N/A
total_size=N/A
out_time_us=113440000
out_time_ms=113440000
out_time=00:01:53.440000
dup_frames=0
drop_frames=0
speed= 287x
progress=end

Input #0, matroska,webm, from 'D:\07-GAMES\Firstlight\artifacts\local-life-20261003\normal-ui-rtx-03\LOCAL_LIFE_NORMAL_UI.webm':
  Metadata:
    ENCODER         : Lavf61.1.100
  Duration: 00:01:53.44, start: 0.000000, bitrate: 881 kb/s
  Stream #0:0: Video: vp8, yuv420p(progressive), 1280x800, SAR 1:1 DAR 8:5, 25 fps, 25 tbr, 1k tbn
      Metadata:
        ENCODER         : Lavc61.3.100 libvpx
        DURATION        : 00:01:53.440000000
Stream mapping:
  Stream #0:0 -> #0:0 (vp8 (native) -> wrapped_avframe (native))
Press [q] to stop, [?] for help
Output #0, null, to 'pipe:':
  Metadata:
    encoder         : Lavf61.7.100
  Stream #0:0: Video: wrapped_avframe, yuv420p(tv, bt470bg/unknown/unknown, progressive), 1280x800 [SAR 1:1 DAR 8:5], q=2-31, 200 kb/s, 25 fps, 25 tbn
      Metadata:
        DURATION        : 00:01:53.440000000
        encoder         : Lavc61.19.100 wrapped_avframe
[out#0/null @ 000002a0685a0880] video:1219KiB audio:0KiB subtitle:0KiB other streams:0KiB global headers:0KiB muxing overhead: unknown
frame= 2836 fps=0.0 q=-0.0 Lsize=N/A time=00:01:53.44 bitrate=N/A speed= 287x    
