{
  "status": "passed",
  "variant": "fresh-blade",
  "choice": "accessible-assist",
  "fights": 3,
  "escortFrames": 1113,
  "sourceDrift": false
}
{
  "status": "passed",
  "variant": "fresh-bow",
  "choice": "broadened-activation",
  "fights": 3,
  "escortFrames": 1113,
  "sourceDrift": false
}
{
  "status": "passed",
  "variant": "returning-strongest",
  "choice": "accessible-assist",
  "fights": 3,
  "escortFrames": 1113,
  "sourceDrift": false
}
PASS fresh-blade seed receipt matches every recorded current source input
PASS fresh-blade whole earned journey uses the exact same frozen source epoch
PASS fresh-bow seed receipt matches every recorded current source input
PASS fresh-bow whole earned journey uses the exact same frozen source epoch
PASS returning-strongest seed receipt matches every recorded current source input
PASS returning-strongest whole earned journey uses the exact same frozen source epoch
PASS assembled offline HTML embeds exact current campaign and production callers
PASS both checked-in HTML copies are byte-identical
PASS fresh-blade · exact frozen HTML is served over isolated loopback
PASS fresh-blade · actual WebGL2 client is available
PASS fresh-blade · software renderer is explicitly observed
PASS fresh-blade · earned seed claims the actual Broken Choir and contains no accepted Heaven continuation
PASS fresh-blade · visible import adds a character and preserves original legacy save bytes
PASS fresh-blade · native import preserves the complete owned kit, sockets, choices and older ledgers
PASS fresh-blade · travel has a visible saved-checkpoint confirmation
PASS fresh-blade · native confirmed travel reaches Heaven without implicit campaign acceptance
PASS fresh-blade · Heaven reentry cannot reconstruct a resolved apparatus
PASS fresh-blade · visible terms disclose both distinct fixed threats, real escort, exact fee and public access
PASS fresh-blade · reading terms does not accept work or spend anything
PASS fresh-blade · production walking reaches Rielle · bellwright
PASS fresh-blade · native explicit acceptance preserves all older owned systems and balances
PASS fresh-blade · accepted saves through the production native store
PASS fresh-blade · accepted stores the full actual campaign and belongings
PASS fresh-blade · accepted preserves the full other original native character slot value
PASS fresh-blade · accepted observed last successful write remains a valid owned library
PASS fresh-blade · exact frozen HTML is served over isolated loopback
PASS fresh-blade · actual WebGL2 client is available
PASS fresh-blade · software renderer is explicitly observed
PASS fresh-blade · accepted cold startup bytes equal the actual last successful native write
PASS fresh-blade · accepted whole-Chromium restart loads production storage without imported replacement
PASS fresh-blade · accepted cold load preserves the full other original native character slot value
PASS fresh-blade · travel has a visible saved-checkpoint confirmation
PASS fresh-blade · native confirmed travel reaches Heaven without implicit campaign acceptance
PASS fresh-blade · Heaven reentry cannot reconstruct a resolved apparatus
PASS fresh-blade · map visibly distinguishes supported accepted Garden actions
PASS fresh-blade · map inspection grants no saved work or payment
PASS fresh-blade · production walking reaches native atlas Walk link to the waiting witness
PASS fresh-blade · native atlas Walk reaches the physical witness without recording its account
PASS fresh-blade · current physical location already reaches Hear the waiting courier’s account
PASS fresh-blade · accepted opening witness is the actual single waiting courier
PASS fresh-blade · actual-waiting-courier uses actual adventure camera
PASS fresh-blade · actual-waiting-courier actual framebuffer contribution and exact restoration in adventure
PASS fresh-blade · actual-waiting-courier uses actual follow camera
PASS fresh-blade · actual-waiting-courier actual framebuffer contribution and exact restoration in follow
PASS fresh-blade · current physical location already reaches Hear the waiting courier’s account
PASS fresh-blade · visible physical action records witness-account
PASS fresh-blade · production walking reaches Compare the Arcade arrival marks
PASS fresh-blade · visible physical action records compare-arrival-marks
PASS fresh-blade · production walking reaches Inspect the borrowed rescue signal
PASS fresh-blade · visible physical action records inspect-false-relay
PASS fresh-blade · production walking reaches Ground the supplied warning mirror
PASS fresh-blade · supplied-loose-mirror uses actual adventure camera
PASS fresh-blade · supplied-loose-mirror actual framebuffer contribution and exact restoration in adventure
PASS fresh-blade · supplied-loose-mirror uses actual follow camera
PASS fresh-blade · supplied-loose-mirror actual framebuffer contribution and exact restoration in follow
PASS fresh-blade · current physical location already reaches Ground the supplied warning mirror
PASS fresh-blade · visible physical action records ground-mirror
PASS fresh-blade · deliberately-grounded-mirror uses actual adventure camera
PASS fresh-blade · deliberately-grounded-mirror actual framebuffer contribution and exact restoration in adventure
PASS fresh-blade · deliberately-grounded-mirror uses actual follow camera
PASS fresh-blade · deliberately-grounded-mirror actual framebuffer contribution and exact restoration in follow
PASS fresh-blade · production walking reaches Begin the warned approach watch
PASS fresh-blade · visible physical action records begin-watch
PASS fresh-blade · production route is accepted for actual Glasswing approach construct weapon range
PASS fresh-blade · production walking reaches actual Glasswing approach construct weapon range
PASS fresh-blade · physical arrival has no actor teleport for actual Glasswing approach construct weapon range
PASS fresh-blade · native Tab selects heaven-glasswing-sentinel-v1
PASS fresh-blade · actual AI enters the authored locked warning for heaven-glasswing-sentinel-v1
PASS fresh-blade · fixed authored health/damage and all-live damage policy are retained
PASS fresh-blade · supplied mirror changes only its authored beam warning
PASS fresh-blade · native selected target exposes an actual warning cue
PASS fresh-blade · native Brace provides actual mitigation
PASS fresh-blade · integrated actual apparatus and warning matrices use the real actor/locked frame
PASS fresh-blade · beam-locked-warning uses actual adventure camera
PASS fresh-blade · beam-locked-warning actual framebuffer contribution and exact restoration in adventure
PASS fresh-blade · glasswing-actual-apparatus uses actual adventure camera
PASS fresh-blade · glasswing-actual-apparatus actual framebuffer contribution and exact restoration in adventure
PASS fresh-blade · beam-locked-warning uses actual follow camera
PASS fresh-blade · beam-locked-warning actual framebuffer contribution and exact restoration in follow
PASS fresh-blade · glasswing-actual-apparatus uses actual follow camera
PASS fresh-blade · glasswing-actual-apparatus actual framebuffer contribution and exact restoration in follow
PASS fresh-blade · empty-geometry positive control detects the actual fresh framebuffer
PASS fresh-blade · native owned-weapon impact advance keeps the traveller alive
PASS fresh-blade · real owned weapon accepts contact during the actual warning, without a Hell armor window
PASS fresh-blade · native Autoattack enables production combat intent
PASS fresh-blade · actual combat records the separate authored apparatus defeat
PASS fresh-blade · attributable production weapon contacts contributed to the real defeat
PASS fresh-blade · apparatus defeat grants no independent currency, XP, loot or ordinary materials
PASS fresh-blade · beam-disabled-partial-enemies saves through the production native store
PASS fresh-blade · beam-disabled-partial-enemies stores the full actual campaign and belongings
PASS fresh-blade · beam-disabled-partial-enemies preserves the full other original native character slot value
PASS fresh-blade · beam-disabled-partial-enemies observed last successful write remains a valid owned library
PASS fresh-blade · exact frozen HTML is served over isolated loopback
PASS fresh-blade · actual WebGL2 client is available
PASS fresh-blade · software renderer is explicitly observed
PASS fresh-blade · beam-disabled-partial-enemies cold startup bytes equal the actual last successful native write
PASS fresh-blade · beam-disabled-partial-enemies whole-Chromium restart loads production storage without imported replacement
PASS fresh-blade · beam-disabled-partial-enemies cold load preserves the full other original native character slot value
PASS fresh-blade · travel has a visible saved-checkpoint confirmation
PASS fresh-blade · native confirmed travel reaches Heaven without implicit campaign acceptance
PASS fresh-blade · Heaven reentry cannot reconstruct a resolved apparatus
PASS fresh-blade · production route is accepted for actual Borrowed-road relay weapon range
PASS fresh-blade · production walking reaches actual Borrowed-road relay weapon range
PASS fresh-blade · physical arrival has no actor teleport for actual Borrowed-road relay weapon range
PASS fresh-blade · native Tab selects heaven-counterfeit-relay-v1
PASS fresh-blade · actual AI enters the authored locked warning for heaven-counterfeit-relay-v1
PASS fresh-blade · fixed authored health/damage and all-live damage policy are retained
PASS fresh-blade · supplied mirror changes only its authored beam warning
PASS fresh-blade · native selected target exposes an actual warning cue
PASS fresh-blade · native Brace provides actual mitigation
PASS fresh-blade · integrated actual apparatus and warning matrices use the real actor/locked frame
PASS fresh-blade · pulse-locked-warning uses actual adventure camera
PASS fresh-blade · pulse-locked-warning actual framebuffer contribution and exact restoration in adventure
PASS fresh-blade · relay-actual-apparatus uses actual adventure camera
PASS fresh-blade · relay-actual-apparatus actual framebuffer contribution and exact restoration in adventure
PASS fresh-blade · pulse-locked-warning uses actual follow camera
PASS fresh-blade · pulse-locked-warning actual framebuffer contribution and exact restoration in follow
PASS fresh-blade · relay-actual-apparatus uses actual follow camera
PASS fresh-blade · relay-actual-apparatus actual framebuffer contribution and exact restoration in follow
PASS fresh-blade · native owned-weapon impact advance keeps the traveller alive
PASS fresh-blade · real owned weapon accepts contact during the actual warning, without a Hell armor window
PASS fresh-blade · native Autoattack enables production combat intent
PASS fresh-blade · actual combat records the separate authored apparatus defeat
PASS fresh-blade · attributable production weapon contacts contributed to the real defeat
PASS fresh-blade · apparatus defeat grants no independent currency, XP, loot or ordinary materials
PASS fresh-blade · production walking reaches Secure the existing service passage
PASS fresh-blade · visible physical action records secure-service-route
PASS fresh-blade · production walking reaches Invite the courier onto the marked route
PASS fresh-blade · native deliberate invitation starts the same real courier without a fee or material grant
PASS fresh-blade · production route is accepted for deliberately walk ahead on the supported service loop
PASS fresh-blade · production walking reaches deliberately walk ahead on the supported service loop
PASS fresh-blade · physical arrival has no actor teleport for deliberately walk ahead on the supported service loop
PASS fresh-blade · the actual courier waits when the traveller exceeds the authored following range
PASS fresh-blade · elapsed waiting cannot move a lagged courier or manufacture actual arrival
PASS fresh-blade · production route is accepted for return to the courier’s actual waiting position
PASS fresh-blade · production walking reaches return to the courier’s actual waiting position
PASS fresh-blade · physical arrival has no actor teleport for return to the courier’s actual waiting position
PASS fresh-blade · production route is accepted for accompany the first real service segment
PASS fresh-blade · production walking reaches accompany the first real service segment
PASS fresh-blade · physical arrival has no actor teleport for accompany the first real service segment
PASS fresh-blade · unfinished escort contains an actual completed first route segment
PASS fresh-blade · unfinished-escort saves through the production native store
PASS fresh-blade · unfinished-escort stores the full actual campaign and belongings
PASS fresh-blade · unfinished-escort preserves the full other original native character slot value
PASS fresh-blade · unfinished-escort observed last successful write remains a valid owned library
PASS fresh-blade · exact frozen HTML is served over isolated loopback
PASS fresh-blade · actual WebGL2 client is available
PASS fresh-blade · software renderer is explicitly observed
PASS fresh-blade · unfinished-escort cold startup bytes equal the actual last successful native write
PASS fresh-blade · unfinished-escort whole-Chromium restart loads production storage without imported replacement
PASS fresh-blade · unfinished-escort cold load preserves the full other original native character slot value
PASS fresh-blade · travel has a visible saved-checkpoint confirmation
PASS fresh-blade · native confirmed travel reaches Heaven without implicit campaign acceptance
PASS fresh-blade · Heaven reentry cannot reconstruct a resolved apparatus
PASS fresh-blade · whole-browser restart retains invitation and resets only the unfinished transient walk
PASS fresh-blade · production walking reaches Invite the courier onto the marked route
PASS fresh-blade · courier-reset-after-native-restart uses actual adventure camera
PASS fresh-blade · courier-reset-after-native-restart actual framebuffer contribution and exact restoration in adventure
PASS fresh-blade · courier-reset-after-native-restart uses actual follow camera
PASS fresh-blade · courier-reset-after-native-restart actual framebuffer contribution and exact restoration in follow
PASS fresh-blade · current physical location already reaches Invite the courier onto the marked route
PASS fresh-blade · native deliberate invitation starts the same real courier without a fee or material grant
PASS fresh-blade · native reinvitation retains exactly the existing saved work
PASS fresh-blade · actual owned courier completes every supported service segment
PASS fresh-blade · observed actual escort starts at staging and visits every authored waypoint without actor edits
PASS fresh-blade · actual completed courier arrival records one fact without reward
PASS fresh-blade · actual-arrived-courier uses actual adventure camera
PASS fresh-blade · actual-arrived-courier actual framebuffer contribution and exact restoration in adventure
PASS fresh-blade · actual-arrived-courier uses actual follow camera
PASS fresh-blade · actual-arrived-courier actual framebuffer contribution and exact restoration in follow
PASS fresh-blade · actual-arrival saves through the production native store
PASS fresh-blade · actual-arrival stores the full actual campaign and belongings
PASS fresh-blade · actual-arrival preserves the full other original native character slot value
PASS fresh-blade · actual-arrival observed last successful write remains a valid owned library
PASS fresh-blade · exact frozen HTML is served over isolated loopback
PASS fresh-blade · actual WebGL2 client is available
PASS fresh-blade · software renderer is explicitly observed
PASS fresh-blade · actual-arrival cold startup bytes equal the actual last successful native write
PASS fresh-blade · actual-arrival whole-Chromium restart loads production storage without imported replacement
PASS fresh-blade · actual-arrival cold load preserves the full other original native character slot value
PASS fresh-blade · travel has a visible saved-checkpoint confirmation
PASS fresh-blade · native confirmed travel reaches Heaven without implicit campaign acceptance
PASS fresh-blade · Heaven reentry cannot reconstruct a resolved apparatus
PASS fresh-blade · production walking reaches Fit the public arrival assembly
PASS fresh-blade · visible physical action records fit-arrival-assist
PASS fresh-blade · native first-stage preview shows terms without saving a choice
PASS fresh-blade · native cancel preserves the undecided campaign
PASS fresh-blade · native explicit second-stage confirmation records the local arrangement
PASS fresh-blade · accessible-assist-whole-fitting uses actual adventure camera
PASS fresh-blade · accessible-assist-whole-fitting actual framebuffer contribution and exact restoration in adventure
PASS fresh-blade · accessible-assist-distinct-fitting-only uses actual adventure camera
PASS fresh-blade · accessible-assist-distinct-fitting-only actual framebuffer contribution and exact restoration in adventure
PASS fresh-blade · accessible-assist-whole-fitting uses actual follow camera
PASS fresh-blade · accessible-assist-whole-fitting actual framebuffer contribution and exact restoration in follow
PASS fresh-blade · accessible-assist-distinct-fitting-only uses actual follow camera
PASS fresh-blade · accessible-assist-distinct-fitting-only actual framebuffer contribution and exact restoration in follow
PASS fresh-blade · current physical location already reaches Fit the public arrival assembly
PASS fresh-blade · native explicit activation closes the workspace and grants no deed or payment
PASS fresh-blade · deliberate activation visibly projects its actual bounded transient stroke
PASS fresh-blade · instrument returns to quiet after 1.2 seconds with no persistent progression or payout
PASS fresh-blade · chosen saves through the production native store
PASS fresh-blade · chosen stores the full actual campaign and belongings
PASS fresh-blade · chosen preserves the full other original native character slot value
PASS fresh-blade · chosen observed last successful write remains a valid owned library
PASS fresh-blade · exact frozen HTML is served over isolated loopback
PASS fresh-blade · actual WebGL2 client is available
PASS fresh-blade · software renderer is explicitly observed
PASS fresh-blade · chosen cold startup bytes equal the actual last successful native write
PASS fresh-blade · chosen whole-Chromium restart loads production storage without imported replacement
PASS fresh-blade · chosen cold load preserves the full other original native character slot value
PASS fresh-blade · travel has a visible saved-checkpoint confirmation
PASS fresh-blade · native confirmed travel reaches Heaven without implicit campaign acceptance
PASS fresh-blade · Heaven reentry cannot reconstruct a resolved apparatus
PASS fresh-blade · production walking reaches Verify the route and selected welcome
PASS fresh-blade · visible physical action records verify-welcome
PASS fresh-blade · verified arrangement quotes all four actual authored recognition callers
PASS fresh-blade · verified campaign remains complete and unpaid
PASS fresh-blade · verified-unpaid saves through the production native store
PASS fresh-blade · verified-unpaid stores the full actual campaign and belongings
PASS fresh-blade · verified-unpaid preserves the full other original native character slot value
PASS fresh-blade · verified-unpaid observed last successful write remains a valid owned library
PASS fresh-blade · exact frozen HTML is served over isolated loopback
PASS fresh-blade · actual WebGL2 client is available
PASS fresh-blade · software renderer is explicitly observed
PASS fresh-blade · verified-unpaid cold startup bytes equal the actual last successful native write
PASS fresh-blade · verified-unpaid whole-Chromium restart loads production storage without imported replacement
PASS fresh-blade · verified-unpaid cold load preserves the full other original native character slot value
PASS fresh-blade · travel has a visible saved-checkpoint confirmation
PASS fresh-blade · native confirmed travel reaches Heaven without implicit campaign acceptance
PASS fresh-blade · Heaven reentry cannot reconstruct a resolved apparatus
PASS fresh-blade · production walking reaches Rielle · bellwright
PASS fresh-blade · native explicit claim credits the complete fixed fee once within the existing XP cap
PASS fresh-blade · the full expedition spends no ordinary materials, owned gear, sockets or older earned ledger
PASS fresh-blade · claimed UI offers no second payout button
PASS fresh-blade · claimed saves through the production native store
PASS fresh-blade · claimed stores the full actual campaign and belongings
PASS fresh-blade · claimed preserves the full other original native character slot value
PASS fresh-blade · claimed observed last successful write remains a valid owned library
PASS fresh-blade · exact frozen HTML is served over isolated loopback
PASS fresh-blade · actual WebGL2 client is available
PASS fresh-blade · software renderer is explicitly observed
PASS fresh-blade · claimed cold startup bytes equal the actual last successful native write
PASS fresh-blade · claimed whole-Chromium restart loads production storage without imported replacement
PASS fresh-blade · claimed cold load preserves the full other original native character slot value
PASS fresh-blade · travel has a visible saved-checkpoint confirmation
PASS fresh-blade · native confirmed travel reaches Heaven without implicit campaign acceptance
PASS fresh-blade · Heaven reentry cannot reconstruct a resolved apparatus
PASS fresh-blade · production walking reaches Fit the public arrival assembly
PASS fresh-blade · native explicit activation closes the workspace and grants no deed or payment
PASS fresh-blade · deliberate activation visibly projects its actual bounded transient stroke
PASS fresh-blade · instrument returns to quiet after 1.2 seconds with no persistent progression or payout
PASS fresh-blade · claimed and deliberately activated preserves the full other original native character slot value
PASS fresh-blade · native runtime diagnostics contain no actual error
PASS fresh-blade-SYNTHETIC-capacity · exact frozen HTML is served over isolated loopback
PASS fresh-blade-SYNTHETIC-capacity · actual WebGL2 client is available
PASS fresh-blade-SYNTHETIC-capacity · software renderer is explicitly observed
PASS fresh-blade-SYNTHETIC-capacity · visible import adds a character and preserves original legacy save bytes
PASS fresh-blade-SYNTHETIC-capacity · travel has a visible saved-checkpoint confirmation
PASS fresh-blade-SYNTHETIC-capacity · native confirmed travel reaches Heaven without implicit campaign acceptance
PASS fresh-blade-SYNTHETIC-capacity · Heaven reentry cannot reconstruct a resolved apparatus
PASS fresh-blade-SYNTHETIC-capacity · production walking reaches Rielle · bellwright
PASS fresh-blade-SYNTHETIC-capacity · separate synthetic capacity preserves actual unpaid state and native bytes
PASS fresh-blade-SYNTHETIC-capacity · refused isolated claim remains visibly complete and unpaid
PASS fresh-blade-SYNTHETIC-capacity · isolated synthetic probe preserves the full other original native character slot value
PASS fresh-blade-SYNTHETIC-claim-write-refusal · exact frozen HTML is served over isolated loopback
PASS fresh-blade-SYNTHETIC-claim-write-refusal · actual WebGL2 client is available
PASS fresh-blade-SYNTHETIC-claim-write-refusal · software renderer is explicitly observed
PASS fresh-blade-SYNTHETIC-claim-write-refusal · visible import adds a character and preserves original legacy save bytes
PASS fresh-blade-SYNTHETIC-claim-write-refusal · travel has a visible saved-checkpoint confirmation
PASS fresh-blade-SYNTHETIC-claim-write-refusal · native confirmed travel reaches Heaven without implicit campaign acceptance
PASS fresh-blade-SYNTHETIC-claim-write-refusal · Heaven reentry cannot reconstruct a resolved apparatus
PASS fresh-blade-SYNTHETIC-claim-write-refusal · production walking reaches Rielle · bellwright
PASS fresh-blade-SYNTHETIC-claim-write-refusal · separate synthetic claim-write-refusal preserves actual unpaid state and native bytes
PASS fresh-blade-SYNTHETIC-claim-write-refusal · refused isolated claim remains visibly complete and unpaid
PASS fresh-blade-SYNTHETIC-claim-write-refusal · native explicit claim credits the complete fixed fee once within the existing XP cap
PASS fresh-blade-SYNTHETIC-claim-write-refusal · restored isolated writer pays the same whole fee exactly once
PASS fresh-blade-SYNTHETIC-claim-write-refusal · isolated synthetic probe preserves the full other original native character slot value
PASS fresh-blade-SYNTHETIC-arrival-write-refusal · exact frozen HTML is served over isolated loopback
PASS fresh-blade-SYNTHETIC-arrival-write-refusal · actual WebGL2 client is available
PASS fresh-blade-SYNTHETIC-arrival-write-refusal · software renderer is explicitly observed
PASS fresh-blade-SYNTHETIC-arrival-write-refusal · visible import adds a character and preserves original legacy save bytes
PASS fresh-blade-SYNTHETIC-arrival-write-refusal · travel has a visible saved-checkpoint confirmation
PASS fresh-blade-SYNTHETIC-arrival-write-refusal · native confirmed travel reaches Heaven without implicit campaign acceptance
PASS fresh-blade-SYNTHETIC-arrival-write-refusal · Heaven reentry cannot reconstruct a resolved apparatus
PASS fresh-blade-SYNTHETIC-arrival-write-refusal · production walking reaches Invite the courier onto the marked route
PASS fresh-blade-SYNTHETIC-arrival-write-refusal · native deliberate invitation starts the same real courier without a fee or material grant
PASS fresh-blade-SYNTHETIC-arrival-write-refusal · native reinvitation retains exactly the existing saved work
PASS fresh-blade-SYNTHETIC-arrival-write-refusal · actual owned courier completes every supported service segment before a labelled arrival-save refusal
PASS fresh-blade-SYNTHETIC-arrival-write-refusal · observed actual escort starts at staging and visits every authored waypoint without actor edits
PASS fresh-blade-SYNTHETIC-arrival-write-refusal · separate refused arrival remains unrecorded and writer retry is bounded
PASS fresh-blade-SYNTHETIC-arrival-write-refusal · actual refused-arrival UI explains the wait without wrong reinvitation or manual arrival/payout
PASS fresh-blade-SYNTHETIC-arrival-write-refusal · SYNTHETIC-awaiting-save-real-courier uses actual adventure camera
PASS fresh-blade-SYNTHETIC-arrival-write-refusal · SYNTHETIC-awaiting-save-real-courier actual framebuffer contribution and exact restoration in adventure
PASS fresh-blade-SYNTHETIC-arrival-write-refusal · SYNTHETIC-awaiting-save-real-courier uses actual follow camera
PASS fresh-blade-SYNTHETIC-arrival-write-refusal · SYNTHETIC-awaiting-save-real-courier actual framebuffer contribution and exact restoration in follow
PASS fresh-blade-SYNTHETIC-arrival-write-refusal · refused arrival grants no fee, materials or new recorded action
PASS fresh-blade-SYNTHETIC-arrival-write-refusal · restoring the isolated writer permits the same actual complete courier arrival callback
PASS fresh-blade-SYNTHETIC-arrival-write-refusal · isolated synthetic probe preserves the full other original native character slot value
PASS fresh-bow · exact frozen HTML is served over isolated loopback
PASS fresh-bow · actual WebGL2 client is available
PASS fresh-bow · software renderer is explicitly observed
PASS fresh-bow · earned seed claims the actual Broken Choir and contains no accepted Heaven continuation
PASS fresh-bow · visible import adds a character and preserves original legacy save bytes
PASS fresh-bow · native import preserves the complete owned kit, sockets, choices and older ledgers
PASS fresh-bow · travel has a visible saved-checkpoint confirmation
PASS fresh-bow · native confirmed travel reaches Heaven without implicit campaign acceptance
PASS fresh-bow · Heaven reentry cannot reconstruct a resolved apparatus
PASS fresh-bow · visible terms disclose both distinct fixed threats, real escort, exact fee and public access
PASS fresh-bow · reading terms does not accept work or spend anything
PASS fresh-bow · production walking reaches Rielle · bellwright
PASS fresh-bow · native explicit acceptance preserves all older owned systems and balances
PASS fresh-bow · accepted saves through the production native store
PASS fresh-bow · accepted stores the full actual campaign and belongings
PASS fresh-bow · accepted preserves the full other original native character slot value
PASS fresh-bow · accepted observed last successful write remains a valid owned library
PASS fresh-bow · exact frozen HTML is served over isolated loopback
PASS fresh-bow · actual WebGL2 client is available
PASS fresh-bow · software renderer is explicitly observed
PASS fresh-bow · accepted cold startup bytes equal the actual last successful native write
PASS fresh-bow · accepted whole-Chromium restart loads production storage without imported replacement
PASS fresh-bow · accepted cold load preserves the full other original native character slot value
PASS fresh-bow · travel has a visible saved-checkpoint confirmation
PASS fresh-bow · native confirmed travel reaches Heaven without implicit campaign acceptance
PASS fresh-bow · Heaven reentry cannot reconstruct a resolved apparatus
PASS fresh-bow · map visibly distinguishes supported accepted Garden actions
PASS fresh-bow · map inspection grants no saved work or payment
PASS fresh-bow · production walking reaches native atlas Walk link to the waiting witness
PASS fresh-bow · native atlas Walk reaches the physical witness without recording its account
PASS fresh-bow · current physical location already reaches Hear the waiting courier’s account
PASS fresh-bow · accepted opening witness is the actual single waiting courier
PASS fresh-bow · actual-waiting-courier uses actual adventure camera
PASS fresh-bow · actual-waiting-courier actual framebuffer contribution and exact restoration in adventure
PASS fresh-bow · actual-waiting-courier uses actual follow camera
PASS fresh-bow · actual-waiting-courier actual framebuffer contribution and exact restoration in follow
PASS fresh-bow · current physical location already reaches Hear the waiting courier’s account
PASS fresh-bow · visible physical action records witness-account
PASS fresh-bow · production walking reaches Compare the Arcade arrival marks
PASS fresh-bow · visible physical action records compare-arrival-marks
PASS fresh-bow · production walking reaches Inspect the borrowed rescue signal
PASS fresh-bow · visible physical action records inspect-false-relay
PASS fresh-bow · production walking reaches Ground the supplied warning mirror
PASS fresh-bow · supplied-loose-mirror uses actual adventure camera
PASS fresh-bow · supplied-loose-mirror actual framebuffer contribution and exact restoration in adventure
PASS fresh-bow · supplied-loose-mirror uses actual follow camera
PASS fresh-bow · supplied-loose-mirror actual framebuffer contribution and exact restoration in follow
PASS fresh-bow · current physical location already reaches Ground the supplied warning mirror
PASS fresh-bow · visible physical action records ground-mirror
PASS fresh-bow · deliberately-grounded-mirror uses actual adventure camera
PASS fresh-bow · deliberately-grounded-mirror actual framebuffer contribution and exact restoration in adventure
PASS fresh-bow · deliberately-grounded-mirror uses actual follow camera
PASS fresh-bow · deliberately-grounded-mirror actual framebuffer contribution and exact restoration in follow
PASS fresh-bow · production walking reaches Begin the warned approach watch
PASS fresh-bow · visible physical action records begin-watch
PASS fresh-bow · production route is accepted for actual Glasswing approach construct weapon range
PASS fresh-bow · production walking reaches actual Glasswing approach construct weapon range
PASS fresh-bow · physical arrival has no actor teleport for actual Glasswing approach construct weapon range
PASS fresh-bow · native Tab selects heaven-glasswing-sentinel-v1
PASS fresh-bow · actual AI enters the authored locked warning for heaven-glasswing-sentinel-v1
PASS fresh-bow · fixed authored health/damage and all-live damage policy are retained
PASS fresh-bow · supplied mirror changes only its authored beam warning
PASS fresh-bow · native selected target exposes an actual warning cue
PASS fresh-bow · native Brace provides actual mitigation
PASS fresh-bow · integrated actual apparatus and warning matrices use the real actor/locked frame
PASS fresh-bow · beam-locked-warning uses actual adventure camera
PASS fresh-bow · beam-locked-warning actual framebuffer contribution and exact restoration in adventure
PASS fresh-bow · glasswing-actual-apparatus uses actual adventure camera
PASS fresh-bow · glasswing-actual-apparatus actual framebuffer contribution and exact restoration in adventure
PASS fresh-bow · beam-locked-warning uses actual follow camera
PASS fresh-bow · beam-locked-warning actual framebuffer contribution and exact restoration in follow
PASS fresh-bow · glasswing-actual-apparatus uses actual follow camera
PASS fresh-bow · glasswing-actual-apparatus actual framebuffer contribution and exact restoration in follow
PASS fresh-bow · empty-geometry positive control detects the actual fresh framebuffer
PASS fresh-bow · native owned-weapon impact advance keeps the traveller alive
PASS fresh-bow · real owned weapon accepts contact during the actual warning, without a Hell armor window
PASS fresh-bow · native Autoattack enables production combat intent
PASS fresh-bow · actual combat records the separate authored apparatus defeat
PASS fresh-bow · attributable production weapon contacts contributed to the real defeat
PASS fresh-bow · bow uses real traveling projectiles and attributed projectile contacts
PASS fresh-bow · apparatus defeat grants no independent currency, XP, loot or ordinary materials
PASS fresh-bow · beam-disabled-partial-enemies saves through the production native store
PASS fresh-bow · beam-disabled-partial-enemies stores the full actual campaign and belongings
PASS fresh-bow · beam-disabled-partial-enemies preserves the full other original native character slot value
PASS fresh-bow · beam-disabled-partial-enemies observed last successful write remains a valid owned library
PASS fresh-bow · exact frozen HTML is served over isolated loopback
PASS fresh-bow · actual WebGL2 client is available
PASS fresh-bow · software renderer is explicitly observed
PASS fresh-bow · beam-disabled-partial-enemies cold startup bytes equal the actual last successful native write
PASS fresh-bow · beam-disabled-partial-enemies whole-Chromium restart loads production storage without imported replacement
PASS fresh-bow · beam-disabled-partial-enemies cold load preserves the full other original native character slot value
PASS fresh-bow · travel has a visible saved-checkpoint confirmation
PASS fresh-bow · native confirmed travel reaches Heaven without implicit campaign acceptance
PASS fresh-bow · Heaven reentry cannot reconstruct a resolved apparatus
PASS fresh-bow · production route is accepted for actual Borrowed-road relay weapon range
PASS fresh-bow · production walking reaches actual Borrowed-road relay weapon range
PASS fresh-bow · physical arrival has no actor teleport for actual Borrowed-road relay weapon range
PASS fresh-bow · native Tab selects heaven-counterfeit-relay-v1
PASS fresh-bow · actual AI enters the authored locked warning for heaven-counterfeit-relay-v1
PASS fresh-bow · fixed authored health/damage and all-live damage policy are retained
PASS fresh-bow · supplied mirror changes only its authored beam warning
PASS fresh-bow · native selected target exposes an actual warning cue
PASS fresh-bow · native Brace provides actual mitigation
PASS fresh-bow · integrated actual apparatus and warning matrices use the real actor/locked frame
PASS fresh-bow · pulse-locked-warning uses actual adventure camera
PASS fresh-bow · pulse-locked-warning actual framebuffer contribution and exact restoration in adventure
PASS fresh-bow · relay-actual-apparatus uses actual adventure camera
PASS fresh-bow · relay-actual-apparatus actual framebuffer contribution and exact restoration in adventure
PASS fresh-bow · pulse-locked-warning uses actual follow camera
PASS fresh-bow · pulse-locked-warning actual framebuffer contribution and exact restoration in follow
PASS fresh-bow · relay-actual-apparatus uses actual follow camera
PASS fresh-bow · relay-actual-apparatus actual framebuffer contribution and exact restoration in follow
PASS fresh-bow · native owned-weapon impact advance keeps the traveller alive
PASS fresh-bow · real owned weapon accepts contact during the actual warning, without a Hell armor window
PASS fresh-bow · native Autoattack enables production combat intent
PASS fresh-bow · actual combat records the separate authored apparatus defeat
PASS fresh-bow · attributable production weapon contacts contributed to the real defeat
PASS fresh-bow · bow uses real traveling projectiles and attributed projectile contacts
PASS fresh-bow · apparatus defeat grants no independent currency, XP, loot or ordinary materials
PASS fresh-bow · production walking reaches Secure the existing service passage
PASS fresh-bow · visible physical action records secure-service-route
PASS fresh-bow · production walking reaches Invite the courier onto the marked route
PASS fresh-bow · native deliberate invitation starts the same real courier without a fee or material grant
PASS fresh-bow · production route is accepted for deliberately walk ahead on the supported service loop
PASS fresh-bow · production walking reaches deliberately walk ahead on the supported service loop
PASS fresh-bow · physical arrival has no actor teleport for deliberately walk ahead on the supported service loop
PASS fresh-bow · the actual courier waits when the traveller exceeds the authored following range
PASS fresh-bow · elapsed waiting cannot move a lagged courier or manufacture actual arrival
PASS fresh-bow · production route is accepted for return to the courier’s actual waiting position
PASS fresh-bow · production walking reaches return to the courier’s actual waiting position
PASS fresh-bow · physical arrival has no actor teleport for return to the courier’s actual waiting position
PASS fresh-bow · production route is accepted for accompany the first real service segment
PASS fresh-bow · production walking reaches accompany the first real service segment
PASS fresh-bow · physical arrival has no actor teleport for accompany the first real service segment
PASS fresh-bow · unfinished escort contains an actual completed first route segment
PASS fresh-bow · unfinished-escort saves through the production native store
PASS fresh-bow · unfinished-escort stores the full actual campaign and belongings
PASS fresh-bow · unfinished-escort preserves the full other original native character slot value
PASS fresh-bow · unfinished-escort observed last successful write remains a valid owned library
PASS fresh-bow · exact frozen HTML is served over isolated loopback
PASS fresh-bow · actual WebGL2 client is available
PASS fresh-bow · software renderer is explicitly observed
PASS fresh-bow · unfinished-escort cold startup bytes equal the actual last successful native write
PASS fresh-bow · unfinished-escort whole-Chromium restart loads production storage without imported replacement
PASS fresh-bow · unfinished-escort cold load preserves the full other original native character slot value
PASS fresh-bow · travel has a visible saved-checkpoint confirmation
PASS fresh-bow · native confirmed travel reaches Heaven without implicit campaign acceptance
PASS fresh-bow · Heaven reentry cannot reconstruct a resolved apparatus
PASS fresh-bow · whole-browser restart retains invitation and resets only the unfinished transient walk
PASS fresh-bow · production walking reaches Invite the courier onto the marked route
PASS fresh-bow · courier-reset-after-native-restart uses actual adventure camera
PASS fresh-bow · courier-reset-after-native-restart actual framebuffer contribution and exact restoration in adventure
PASS fresh-bow · courier-reset-after-native-restart uses actual follow camera
PASS fresh-bow · courier-reset-after-native-restart actual framebuffer contribution and exact restoration in follow
PASS fresh-bow · current physical location already reaches Invite the courier onto the marked route
PASS fresh-bow · native deliberate invitation starts the same real courier without a fee or material grant
PASS fresh-bow · native reinvitation retains exactly the existing saved work
PASS fresh-bow · actual owned courier completes every supported service segment
PASS fresh-bow · observed actual escort starts at staging and visits every authored waypoint without actor edits
PASS fresh-bow · actual completed courier arrival records one fact without reward
PASS fresh-bow · actual-arrived-courier uses actual adventure camera
PASS fresh-bow · actual-arrived-courier actual framebuffer contribution and exact restoration in adventure
PASS fresh-bow · actual-arrived-courier uses actual follow camera
PASS fresh-bow · actual-arrived-courier actual framebuffer contribution and exact restoration in follow
PASS fresh-bow · actual-arrival saves through the production native store
PASS fresh-bow · actual-arrival stores the full actual campaign and belongings
PASS fresh-bow · actual-arrival preserves the full other original native character slot value
PASS fresh-bow · actual-arrival observed last successful write remains a valid owned library
PASS fresh-bow · exact frozen HTML is served over isolated loopback
PASS fresh-bow · actual WebGL2 client is available
PASS fresh-bow · software renderer is explicitly observed
PASS fresh-bow · actual-arrival cold startup bytes equal the actual last successful native write
PASS fresh-bow · actual-arrival whole-Chromium restart loads production storage without imported replacement
PASS fresh-bow · actual-arrival cold load preserves the full other original native character slot value
PASS fresh-bow · travel has a visible saved-checkpoint confirmation
PASS fresh-bow · native confirmed travel reaches Heaven without implicit campaign acceptance
PASS fresh-bow · Heaven reentry cannot reconstruct a resolved apparatus
PASS fresh-bow · production walking reaches Fit the public arrival assembly
PASS fresh-bow · visible physical action records fit-arrival-assist
PASS fresh-bow · native first-stage preview shows terms without saving a choice
PASS fresh-bow · native cancel preserves the undecided campaign
PASS fresh-bow · native explicit second-stage confirmation records the local arrangement
PASS fresh-bow · broadened-activation-whole-fitting uses actual adventure camera
PASS fresh-bow · broadened-activation-whole-fitting actual framebuffer contribution and exact restoration in adventure
PASS fresh-bow · broadened-activation-distinct-fitting-only uses actual adventure camera
PASS fresh-bow · broadened-activation-distinct-fitting-only actual framebuffer contribution and exact restoration in adventure
PASS fresh-bow · broadened-activation-whole-fitting uses actual follow camera
PASS fresh-bow · broadened-activation-whole-fitting actual framebuffer contribution and exact restoration in follow
PASS fresh-bow · broadened-activation-distinct-fitting-only uses actual follow camera
PASS fresh-bow · broadened-activation-distinct-fitting-only actual framebuffer contribution and exact restoration in follow
PASS fresh-bow · current physical location already reaches Fit the public arrival assembly
PASS fresh-bow · native explicit activation closes the workspace and grants no deed or payment
PASS fresh-bow · deliberate activation visibly projects its actual bounded transient stroke
PASS fresh-bow · instrument returns to quiet after 1.2 seconds with no persistent progression or payout
PASS fresh-bow · chosen saves through the production native store
PASS fresh-bow · chosen stores the full actual campaign and belongings
PASS fresh-bow · chosen preserves the full other original native character slot value
PASS fresh-bow · chosen observed last successful write remains a valid owned library
PASS fresh-bow · exact frozen HTML is served over isolated loopback
PASS fresh-bow · actual WebGL2 client is available
PASS fresh-bow · software renderer is explicitly observed
PASS fresh-bow · chosen cold startup bytes equal the actual last successful native write
PASS fresh-bow · chosen whole-Chromium restart loads production storage without imported replacement
PASS fresh-bow · chosen cold load preserves the full other original native character slot value
PASS fresh-bow · travel has a visible saved-checkpoint confirmation
PASS fresh-bow · native confirmed travel reaches Heaven without implicit campaign acceptance
PASS fresh-bow · Heaven reentry cannot reconstruct a resolved apparatus
PASS fresh-bow · production walking reaches Verify the route and selected welcome
PASS fresh-bow · visible physical action records verify-welcome
PASS fresh-bow · verified arrangement quotes all four actual authored recognition callers
PASS fresh-bow · verified campaign remains complete and unpaid
PASS fresh-bow · verified-unpaid saves through the production native store
PASS fresh-bow · verified-unpaid stores the full actual campaign and belongings
PASS fresh-bow · verified-unpaid preserves the full other original native character slot value
PASS fresh-bow · verified-unpaid observed last successful write remains a valid owned library
PASS fresh-bow · exact frozen HTML is served over isolated loopback
PASS fresh-bow · actual WebGL2 client is available
PASS fresh-bow · software renderer is explicitly observed
PASS fresh-bow · verified-unpaid cold startup bytes equal the actual last successful native write
PASS fresh-bow · verified-unpaid whole-Chromium restart loads production storage without imported replacement
PASS fresh-bow · verified-unpaid cold load preserves the full other original native character slot value
PASS fresh-bow · travel has a visible saved-checkpoint confirmation
PASS fresh-bow · native confirmed travel reaches Heaven without implicit campaign acceptance
PASS fresh-bow · Heaven reentry cannot reconstruct a resolved apparatus
PASS fresh-bow · production walking reaches Rielle · bellwright
PASS fresh-bow · native explicit claim credits the complete fixed fee once within the existing XP cap
PASS fresh-bow · the full expedition spends no ordinary materials, owned gear, sockets or older earned ledger
PASS fresh-bow · claimed UI offers no second payout button
PASS fresh-bow · claimed saves through the production native store
PASS fresh-bow · claimed stores the full actual campaign and belongings
PASS fresh-bow · claimed preserves the full other original native character slot value
PASS fresh-bow · claimed observed last successful write remains a valid owned library
PASS fresh-bow · exact frozen HTML is served over isolated loopback
PASS fresh-bow · actual WebGL2 client is available
PASS fresh-bow · software renderer is explicitly observed
PASS fresh-bow · claimed cold startup bytes equal the actual last successful native write
PASS fresh-bow · claimed whole-Chromium restart loads production storage without imported replacement
PASS fresh-bow · claimed cold load preserves the full other original native character slot value
PASS fresh-bow · travel has a visible saved-checkpoint confirmation
PASS fresh-bow · native confirmed travel reaches Heaven without implicit campaign acceptance
PASS fresh-bow · Heaven reentry cannot reconstruct a resolved apparatus
PASS fresh-bow · production walking reaches Fit the public arrival assembly
PASS fresh-bow · native explicit activation closes the workspace and grants no deed or payment
PASS fresh-bow · deliberate activation visibly projects its actual bounded transient stroke
PASS fresh-bow · instrument returns to quiet after 1.2 seconds with no persistent progression or payout
PASS fresh-bow · claimed and deliberately activated preserves the full other original native character slot value
PASS fresh-bow · native runtime diagnostics contain no actual error
PASS fresh-bow-SYNTHETIC-capacity · exact frozen HTML is served over isolated loopback
PASS fresh-bow-SYNTHETIC-capacity · actual WebGL2 client is available
PASS fresh-bow-SYNTHETIC-capacity · software renderer is explicitly observed
PASS fresh-bow-SYNTHETIC-capacity · visible import adds a character and preserves original legacy save bytes
PASS fresh-bow-SYNTHETIC-capacity · travel has a visible saved-checkpoint confirmation
PASS fresh-bow-SYNTHETIC-capacity · native confirmed travel reaches Heaven without implicit campaign acceptance
PASS fresh-bow-SYNTHETIC-capacity · Heaven reentry cannot reconstruct a resolved apparatus
PASS fresh-bow-SYNTHETIC-capacity · production walking reaches Rielle · bellwright
PASS fresh-bow-SYNTHETIC-capacity · separate synthetic capacity preserves actual unpaid state and native bytes
PASS fresh-bow-SYNTHETIC-capacity · refused isolated claim remains visibly complete and unpaid
PASS fresh-bow-SYNTHETIC-capacity · isolated synthetic probe preserves the full other original native character slot value
PASS fresh-bow-SYNTHETIC-claim-write-refusal · exact frozen HTML is served over isolated loopback
PASS fresh-bow-SYNTHETIC-claim-write-refusal · actual WebGL2 client is available
PASS fresh-bow-SYNTHETIC-claim-write-refusal · software renderer is explicitly observed
PASS fresh-bow-SYNTHETIC-claim-write-refusal · visible import adds a character and preserves original legacy save bytes
PASS fresh-bow-SYNTHETIC-claim-write-refusal · travel has a visible saved-checkpoint confirmation
PASS fresh-bow-SYNTHETIC-claim-write-refusal · native confirmed travel reaches Heaven without implicit campaign acceptance
PASS fresh-bow-SYNTHETIC-claim-write-refusal · Heaven reentry cannot reconstruct a resolved apparatus
PASS fresh-bow-SYNTHETIC-claim-write-refusal · production walking reaches Rielle · bellwright
PASS fresh-bow-SYNTHETIC-claim-write-refusal · separate synthetic claim-write-refusal preserves actual unpaid state and native bytes
PASS fresh-bow-SYNTHETIC-claim-write-refusal · refused isolated claim remains visibly complete and unpaid
PASS fresh-bow-SYNTHETIC-claim-write-refusal · native explicit claim credits the complete fixed fee once within the existing XP cap
PASS fresh-bow-SYNTHETIC-claim-write-refusal · restored isolated writer pays the same whole fee exactly once
PASS fresh-bow-SYNTHETIC-claim-write-refusal · isolated synthetic probe preserves the full other original native character slot value
PASS fresh-bow-SYNTHETIC-arrival-write-refusal · exact frozen HTML is served over isolated loopback
PASS fresh-bow-SYNTHETIC-arrival-write-refusal · actual WebGL2 client is available
PASS fresh-bow-SYNTHETIC-arrival-write-refusal · software renderer is explicitly observed
PASS fresh-bow-SYNTHETIC-arrival-write-refusal · visible import adds a character and preserves original legacy save bytes
PASS fresh-bow-SYNTHETIC-arrival-write-refusal · travel has a visible saved-checkpoint confirmation
PASS fresh-bow-SYNTHETIC-arrival-write-refusal · native confirmed travel reaches Heaven without implicit campaign acceptance
PASS fresh-bow-SYNTHETIC-arrival-write-refusal · Heaven reentry cannot reconstruct a resolved apparatus
PASS fresh-bow-SYNTHETIC-arrival-write-refusal · production walking reaches Invite the courier onto the marked route
PASS fresh-bow-SYNTHETIC-arrival-write-refusal · native deliberate invitation starts the same real courier without a fee or material grant
PASS fresh-bow-SYNTHETIC-arrival-write-refusal · native reinvitation retains exactly the existing saved work
PASS fresh-bow-SYNTHETIC-arrival-write-refusal · actual owned courier completes every supported service segment before a labelled arrival-save refusal
PASS fresh-bow-SYNTHETIC-arrival-write-refusal · observed actual escort starts at staging and visits every authored waypoint without actor edits
PASS fresh-bow-SYNTHETIC-arrival-write-refusal · separate refused arrival remains unrecorded and writer retry is bounded
PASS fresh-bow-SYNTHETIC-arrival-write-refusal · actual refused-arrival UI explains the wait without wrong reinvitation or manual arrival/payout
PASS fresh-bow-SYNTHETIC-arrival-write-refusal · SYNTHETIC-awaiting-save-real-courier uses actual adventure camera
PASS fresh-bow-SYNTHETIC-arrival-write-refusal · SYNTHETIC-awaiting-save-real-courier actual framebuffer contribution and exact restoration in adventure
PASS fresh-bow-SYNTHETIC-arrival-write-refusal · SYNTHETIC-awaiting-save-real-courier uses actual follow camera
PASS fresh-bow-SYNTHETIC-arrival-write-refusal · SYNTHETIC-awaiting-save-real-courier actual framebuffer contribution and exact restoration in follow
PASS fresh-bow-SYNTHETIC-arrival-write-refusal · refused arrival grants no fee, materials or new recorded action
PASS fresh-bow-SYNTHETIC-arrival-write-refusal · restoring the isolated writer permits the same actual complete courier arrival callback
PASS fresh-bow-SYNTHETIC-arrival-write-refusal · isolated synthetic probe preserves the full other original native character slot value
PASS returning-strongest · exact frozen HTML is served over isolated loopback
PASS returning-strongest · actual WebGL2 client is available
PASS returning-strongest · software renderer is explicitly observed
PASS returning-strongest · earned seed claims the actual Broken Choir and contains no accepted Heaven continuation
PASS returning-strongest · visible import adds a character and preserves original legacy save bytes
PASS returning-strongest · native import preserves the complete owned kit, sockets, choices and older ledgers
PASS returning-strongest · travel has a visible saved-checkpoint confirmation
PASS returning-strongest · native confirmed travel reaches Heaven without implicit campaign acceptance
PASS returning-strongest · Heaven reentry cannot reconstruct a resolved apparatus
PASS returning-strongest · visible terms disclose both distinct fixed threats, real escort, exact fee and public access
PASS returning-strongest · reading terms does not accept work or spend anything
PASS returning-strongest · production walking reaches Rielle · bellwright
PASS returning-strongest · native explicit acceptance preserves all older owned systems and balances
PASS returning-strongest · accepted saves through the production native store
PASS returning-strongest · accepted stores the full actual campaign and belongings
PASS returning-strongest · accepted preserves the full other original native character slot value
PASS returning-strongest · accepted observed last successful write remains a valid owned library
PASS returning-strongest · exact frozen HTML is served over isolated loopback
PASS returning-strongest · actual WebGL2 client is available
PASS returning-strongest · software renderer is explicitly observed
PASS returning-strongest · accepted cold startup bytes equal the actual last successful native write
PASS returning-strongest · accepted whole-Chromium restart loads production storage without imported replacement
PASS returning-strongest · accepted cold load preserves the full other original native character slot value
PASS returning-strongest · travel has a visible saved-checkpoint confirmation
PASS returning-strongest · native confirmed travel reaches Heaven without implicit campaign acceptance
PASS returning-strongest · Heaven reentry cannot reconstruct a resolved apparatus
PASS returning-strongest · map visibly distinguishes supported accepted Garden actions
PASS returning-strongest · map inspection grants no saved work or payment
PASS returning-strongest · production walking reaches native atlas Walk link to the waiting witness
PASS returning-strongest · native atlas Walk reaches the physical witness without recording its account
PASS returning-strongest · current physical location already reaches Hear the waiting courier’s account
PASS returning-strongest · accepted opening witness is the actual single waiting courier
PASS returning-strongest · actual-waiting-courier uses actual adventure camera
PASS returning-strongest · actual-waiting-courier actual framebuffer contribution and exact restoration in adventure
PASS returning-strongest · actual-waiting-courier uses actual follow camera
PASS returning-strongest · actual-waiting-courier actual framebuffer contribution and exact restoration in follow
PASS returning-strongest · current physical location already reaches Hear the waiting courier’s account
PASS returning-strongest · visible physical action records witness-account
PASS returning-strongest · production walking reaches Compare the Arcade arrival marks
PASS returning-strongest · visible physical action records compare-arrival-marks
PASS returning-strongest · production walking reaches Inspect the borrowed rescue signal
PASS returning-strongest · visible physical action records inspect-false-relay
PASS returning-strongest · production walking reaches Ground the supplied warning mirror
PASS returning-strongest · supplied-loose-mirror uses actual adventure camera
PASS returning-strongest · supplied-loose-mirror actual framebuffer contribution and exact restoration in adventure
PASS returning-strongest · supplied-loose-mirror uses actual follow camera
PASS returning-strongest · supplied-loose-mirror actual framebuffer contribution and exact restoration in follow
PASS returning-strongest · current physical location already reaches Ground the supplied warning mirror
PASS returning-strongest · visible physical action records ground-mirror
PASS returning-strongest · deliberately-grounded-mirror uses actual adventure camera
PASS returning-strongest · deliberately-grounded-mirror actual framebuffer contribution and exact restoration in adventure
PASS returning-strongest · deliberately-grounded-mirror uses actual follow camera
PASS returning-strongest · deliberately-grounded-mirror actual framebuffer contribution and exact restoration in follow
PASS returning-strongest · production walking reaches Begin the warned approach watch
PASS returning-strongest · visible physical action records begin-watch
PASS returning-strongest · production route is accepted for actual Glasswing approach construct weapon range
PASS returning-strongest · production walking reaches actual Glasswing approach construct weapon range
PASS returning-strongest · physical arrival has no actor teleport for actual Glasswing approach construct weapon range
PASS returning-strongest · native Tab selects heaven-glasswing-sentinel-v1
PASS returning-strongest · actual AI enters the authored locked warning for heaven-glasswing-sentinel-v1
PASS returning-strongest · fixed authored health/damage and all-live damage policy are retained
PASS returning-strongest · supplied mirror changes only its authored beam warning
PASS returning-strongest · native selected target exposes an actual warning cue
PASS returning-strongest · native Brace provides actual mitigation
PASS returning-strongest · integrated actual apparatus and warning matrices use the real actor/locked frame
PASS returning-strongest · beam-locked-warning uses actual adventure camera
PASS returning-strongest · beam-locked-warning actual framebuffer contribution and exact restoration in adventure
PASS returning-strongest · glasswing-actual-apparatus uses actual adventure camera
PASS returning-strongest · glasswing-actual-apparatus actual framebuffer contribution and exact restoration in adventure
PASS returning-strongest · beam-locked-warning uses actual follow camera
PASS returning-strongest · beam-locked-warning actual framebuffer contribution and exact restoration in follow
PASS returning-strongest · glasswing-actual-apparatus uses actual follow camera
PASS returning-strongest · glasswing-actual-apparatus actual framebuffer contribution and exact restoration in follow
PASS returning-strongest · empty-geometry positive control detects the actual fresh framebuffer
PASS returning-strongest · native owned-weapon impact advance keeps the traveller alive
PASS returning-strongest · real owned weapon accepts contact during the actual warning, without a Hell armor window
PASS returning-strongest · native Autoattack enables production combat intent
PASS returning-strongest · actual combat records the separate authored apparatus defeat
PASS returning-strongest · attributable production weapon contacts contributed to the real defeat
PASS returning-strongest · apparatus defeat grants no independent currency, XP, loot or ordinary materials
PASS returning-strongest · beam-disabled-partial-enemies saves through the production native store
PASS returning-strongest · beam-disabled-partial-enemies stores the full actual campaign and belongings
PASS returning-strongest · beam-disabled-partial-enemies preserves the full other original native character slot value
PASS returning-strongest · beam-disabled-partial-enemies observed last successful write remains a valid owned library
PASS returning-strongest · exact frozen HTML is served over isolated loopback
PASS returning-strongest · actual WebGL2 client is available
PASS returning-strongest · software renderer is explicitly observed
PASS returning-strongest · beam-disabled-partial-enemies cold startup bytes equal the actual last successful native write
PASS returning-strongest · beam-disabled-partial-enemies whole-Chromium restart loads production storage without imported replacement
PASS returning-strongest · beam-disabled-partial-enemies cold load preserves the full other original native character slot value
PASS returning-strongest · travel has a visible saved-checkpoint confirmation
PASS returning-strongest · native confirmed travel reaches Heaven without implicit campaign acceptance
PASS returning-strongest · Heaven reentry cannot reconstruct a resolved apparatus
PASS returning-strongest · production route is accepted for actual Borrowed-road relay weapon range
PASS returning-strongest · production walking reaches actual Borrowed-road relay weapon range
PASS returning-strongest · physical arrival has no actor teleport for actual Borrowed-road relay weapon range
PASS returning-strongest · native Tab selects heaven-counterfeit-relay-v1
PASS returning-strongest · actual AI enters the authored locked warning for heaven-counterfeit-relay-v1
PASS returning-strongest · fixed authored health/damage and all-live damage policy are retained
PASS returning-strongest · supplied mirror changes only its authored beam warning
PASS returning-strongest · native selected target exposes an actual warning cue
PASS returning-strongest · native Brace provides actual mitigation
PASS returning-strongest · integrated actual apparatus and warning matrices use the real actor/locked frame
PASS returning-strongest · pulse-locked-warning uses actual adventure camera
PASS returning-strongest · pulse-locked-warning actual framebuffer contribution and exact restoration in adventure
PASS returning-strongest · relay-actual-apparatus uses actual adventure camera
PASS returning-strongest · relay-actual-apparatus actual framebuffer contribution and exact restoration in adventure
PASS returning-strongest · pulse-locked-warning uses actual follow camera
PASS returning-strongest · pulse-locked-warning actual framebuffer contribution and exact restoration in follow
PASS returning-strongest · relay-actual-apparatus uses actual follow camera
PASS returning-strongest · relay-actual-apparatus actual framebuffer contribution and exact restoration in follow
PASS returning-strongest · native owned-weapon impact advance keeps the traveller alive
PASS returning-strongest · real owned weapon accepts contact during the actual warning, without a Hell armor window
PASS returning-strongest · native Autoattack enables production combat intent
PASS returning-strongest · actual combat records the separate authored apparatus defeat
PASS returning-strongest · attributable production weapon contacts contributed to the real defeat
PASS returning-strongest · apparatus defeat grants no independent currency, XP, loot or ordinary materials
PASS returning-strongest · production walking reaches Secure the existing service passage
PASS returning-strongest · visible physical action records secure-service-route
PASS returning-strongest · production walking reaches Invite the courier onto the marked route
PASS returning-strongest · native deliberate invitation starts the same real courier without a fee or material grant
PASS returning-strongest · production route is accepted for deliberately walk ahead on the supported service loop
PASS returning-strongest · production walking reaches deliberately walk ahead on the supported service loop
PASS returning-strongest · physical arrival has no actor teleport for deliberately walk ahead on the supported service loop
PASS returning-strongest · the actual courier waits when the traveller exceeds the authored following range
PASS returning-strongest · elapsed waiting cannot move a lagged courier or manufacture actual arrival
PASS returning-strongest · production route is accepted for return to the courier’s actual waiting position
PASS returning-strongest · production walking reaches return to the courier’s actual waiting position
PASS returning-strongest · physical arrival has no actor teleport for return to the courier’s actual waiting position
PASS returning-strongest · production route is accepted for accompany the first real service segment
PASS returning-strongest · production walking reaches accompany the first real service segment
PASS returning-strongest · physical arrival has no actor teleport for accompany the first real service segment
PASS returning-strongest · unfinished escort contains an actual completed first route segment
PASS returning-strongest · unfinished-escort saves through the production native store
PASS returning-strongest · unfinished-escort stores the full actual campaign and belongings
PASS returning-strongest · unfinished-escort preserves the full other original native character slot value
PASS returning-strongest · unfinished-escort observed last successful write remains a valid owned library
PASS returning-strongest · exact frozen HTML is served over isolated loopback
PASS returning-strongest · actual WebGL2 client is available
PASS returning-strongest · software renderer is explicitly observed
PASS returning-strongest · unfinished-escort cold startup bytes equal the actual last successful native write
PASS returning-strongest · unfinished-escort whole-Chromium restart loads production storage without imported replacement
PASS returning-strongest · unfinished-escort cold load preserves the full other original native character slot value
PASS returning-strongest · travel has a visible saved-checkpoint confirmation
PASS returning-strongest · native confirmed travel reaches Heaven without implicit campaign acceptance
PASS returning-strongest · Heaven reentry cannot reconstruct a resolved apparatus
PASS returning-strongest · whole-browser restart retains invitation and resets only the unfinished transient walk
PASS returning-strongest · production walking reaches Invite the courier onto the marked route
PASS returning-strongest · courier-reset-after-native-restart uses actual adventure camera
PASS returning-strongest · courier-reset-after-native-restart actual framebuffer contribution and exact restoration in adventure
PASS returning-strongest · courier-reset-after-native-restart uses actual follow camera
PASS returning-strongest · courier-reset-after-native-restart actual framebuffer contribution and exact restoration in follow
PASS returning-strongest · current physical location already reaches Invite the courier onto the marked route
PASS returning-strongest · native deliberate invitation starts the same real courier without a fee or material grant
PASS returning-strongest · native reinvitation retains exactly the existing saved work
PASS returning-strongest · actual owned courier completes every supported service segment
PASS returning-strongest · observed actual escort starts at staging and visits every authored waypoint without actor edits
PASS returning-strongest · actual completed courier arrival records one fact without reward
PASS returning-strongest · actual-arrived-courier uses actual adventure camera
PASS returning-strongest · actual-arrived-courier actual framebuffer contribution and exact restoration in adventure
PASS returning-strongest · actual-arrived-courier uses actual follow camera
PASS returning-strongest · actual-arrived-courier actual framebuffer contribution and exact restoration in follow
PASS returning-strongest · actual-arrival saves through the production native store
PASS returning-strongest · actual-arrival stores the full actual campaign and belongings
PASS returning-strongest · actual-arrival preserves the full other original native character slot value
PASS returning-strongest · actual-arrival observed last successful write remains a valid owned library
PASS returning-strongest · exact frozen HTML is served over isolated loopback
PASS returning-strongest · actual WebGL2 client is available
PASS returning-strongest · software renderer is explicitly observed
PASS returning-strongest · actual-arrival cold startup bytes equal the actual last successful native write
PASS returning-strongest · actual-arrival whole-Chromium restart loads production storage without imported replacement
PASS returning-strongest · actual-arrival cold load preserves the full other original native character slot value
PASS returning-strongest · travel has a visible saved-checkpoint confirmation
PASS returning-strongest · native confirmed travel reaches Heaven without implicit campaign acceptance
PASS returning-strongest · Heaven reentry cannot reconstruct a resolved apparatus
PASS returning-strongest · production walking reaches Fit the public arrival assembly
PASS returning-strongest · visible physical action records fit-arrival-assist
PASS returning-strongest · native first-stage preview shows terms without saving a choice
PASS returning-strongest · native cancel preserves the undecided campaign
PASS returning-strongest · native explicit second-stage confirmation records the local arrangement
PASS returning-strongest · accessible-assist-whole-fitting uses actual adventure camera
PASS returning-strongest · accessible-assist-whole-fitting actual framebuffer contribution and exact restoration in adventure
PASS returning-strongest · accessible-assist-distinct-fitting-only uses actual adventure camera
PASS returning-strongest · accessible-assist-distinct-fitting-only actual framebuffer contribution and exact restoration in adventure
PASS returning-strongest · accessible-assist-whole-fitting uses actual follow camera
PASS returning-strongest · accessible-assist-whole-fitting actual framebuffer contribution and exact restoration in follow
PASS returning-strongest · accessible-assist-distinct-fitting-only uses actual follow camera
PASS returning-strongest · accessible-assist-distinct-fitting-only actual framebuffer contribution and exact restoration in follow
PASS returning-strongest · current physical location already reaches Fit the public arrival assembly
PASS returning-strongest · native explicit activation closes the workspace and grants no deed or payment
PASS returning-strongest · deliberate activation visibly projects its actual bounded transient stroke
PASS returning-strongest · instrument returns to quiet after 1.2 seconds with no persistent progression or payout
PASS returning-strongest · chosen saves through the production native store
PASS returning-strongest · chosen stores the full actual campaign and belongings
PASS returning-strongest · chosen preserves the full other original native character slot value
PASS returning-strongest · chosen observed last successful write remains a valid owned library
PASS returning-strongest · exact frozen HTML is served over isolated loopback
PASS returning-strongest · actual WebGL2 client is available
PASS returning-strongest · software renderer is explicitly observed
PASS returning-strongest · chosen cold startup bytes equal the actual last successful native write
PASS returning-strongest · chosen whole-Chromium restart loads production storage without imported replacement
PASS returning-strongest · chosen cold load preserves the full other original native character slot value
PASS returning-strongest · travel has a visible saved-checkpoint confirmation
PASS returning-strongest · native confirmed travel reaches Heaven without implicit campaign acceptance
PASS returning-strongest · Heaven reentry cannot reconstruct a resolved apparatus
PASS returning-strongest · production walking reaches Verify the route and selected welcome
PASS returning-strongest · visible physical action records verify-welcome
PASS returning-strongest · verified arrangement quotes all four actual authored recognition callers
PASS returning-strongest · verified campaign remains complete and unpaid
PASS returning-strongest · verified-unpaid saves through the production native store
PASS returning-strongest · verified-unpaid stores the full actual campaign and belongings
PASS returning-strongest · verified-unpaid preserves the full other original native character slot value
PASS returning-strongest · verified-unpaid observed last successful write remains a valid owned library
PASS returning-strongest · exact frozen HTML is served over isolated loopback
PASS returning-strongest · actual WebGL2 client is available
PASS returning-strongest · software renderer is explicitly observed
PASS returning-strongest · verified-unpaid cold startup bytes equal the actual last successful native write
PASS returning-strongest · verified-unpaid whole-Chromium restart loads production storage without imported replacement
PASS returning-strongest · verified-unpaid cold load preserves the full other original native character slot value
PASS returning-strongest · travel has a visible saved-checkpoint confirmation
PASS returning-strongest · native confirmed travel reaches Heaven without implicit campaign acceptance
PASS returning-strongest · Heaven reentry cannot reconstruct a resolved apparatus
PASS returning-strongest · production walking reaches Rielle · bellwright
PASS returning-strongest · native explicit claim credits the complete fixed fee once within the existing XP cap
PASS returning-strongest · the full expedition spends no ordinary materials, owned gear, sockets or older earned ledger
PASS returning-strongest · claimed UI offers no second payout button
PASS returning-strongest · claimed saves through the production native store
PASS returning-strongest · claimed stores the full actual campaign and belongings
PASS returning-strongest · claimed preserves the full other original native character slot value
PASS returning-strongest · claimed observed last successful write remains a valid owned library
PASS returning-strongest · exact frozen HTML is served over isolated loopback
PASS returning-strongest · actual WebGL2 client is available
PASS returning-strongest · software renderer is explicitly observed
PASS returning-strongest · claimed cold startup bytes equal the actual last successful native write
PASS returning-strongest · claimed whole-Chromium restart loads production storage without imported replacement
PASS returning-strongest · claimed cold load preserves the full other original native character slot value
PASS returning-strongest · travel has a visible saved-checkpoint confirmation
PASS returning-strongest · native confirmed travel reaches Heaven without implicit campaign acceptance
PASS returning-strongest · Heaven reentry cannot reconstruct a resolved apparatus
PASS returning-strongest · production walking reaches Fit the public arrival assembly
PASS returning-strongest · native explicit activation closes the workspace and grants no deed or payment
PASS returning-strongest · deliberate activation visibly projects its actual bounded transient stroke
PASS returning-strongest · instrument returns to quiet after 1.2 seconds with no persistent progression or payout
PASS returning-strongest · claimed and deliberately activated preserves the full other original native character slot value
PASS returning-strongest · native runtime diagnostics contain no actual error
PASS returning-strongest-SYNTHETIC-capacity · exact frozen HTML is served over isolated loopback
PASS returning-strongest-SYNTHETIC-capacity · actual WebGL2 client is available
PASS returning-strongest-SYNTHETIC-capacity · software renderer is explicitly observed
PASS returning-strongest-SYNTHETIC-capacity · visible import adds a character and preserves original legacy save bytes
PASS returning-strongest-SYNTHETIC-capacity · travel has a visible saved-checkpoint confirmation
PASS returning-strongest-SYNTHETIC-capacity · native confirmed travel reaches Heaven without implicit campaign acceptance
PASS returning-strongest-SYNTHETIC-capacity · Heaven reentry cannot reconstruct a resolved apparatus
PASS returning-strongest-SYNTHETIC-capacity · production walking reaches Rielle · bellwright
PASS returning-strongest-SYNTHETIC-capacity · separate synthetic capacity preserves actual unpaid state and native bytes
PASS returning-strongest-SYNTHETIC-capacity · refused isolated claim remains visibly complete and unpaid
PASS returning-strongest-SYNTHETIC-capacity · isolated synthetic probe preserves the full other original native character slot value
PASS returning-strongest-SYNTHETIC-claim-write-refusal · exact frozen HTML is served over isolated loopback
PASS returning-strongest-SYNTHETIC-claim-write-refusal · actual WebGL2 client is available
PASS returning-strongest-SYNTHETIC-claim-write-refusal · software renderer is explicitly observed
PASS returning-strongest-SYNTHETIC-claim-write-refusal · visible import adds a character and preserves original legacy save bytes
PASS returning-strongest-SYNTHETIC-claim-write-refusal · travel has a visible saved-checkpoint confirmation
PASS returning-strongest-SYNTHETIC-claim-write-refusal · native confirmed travel reaches Heaven without implicit campaign acceptance
PASS returning-strongest-SYNTHETIC-claim-write-refusal · Heaven reentry cannot reconstruct a resolved apparatus
PASS returning-strongest-SYNTHETIC-claim-write-refusal · production walking reaches Rielle · bellwright
PASS returning-strongest-SYNTHETIC-claim-write-refusal · separate synthetic claim-write-refusal preserves actual unpaid state and native bytes
PASS returning-strongest-SYNTHETIC-claim-write-refusal · refused isolated claim remains visibly complete and unpaid
PASS returning-strongest-SYNTHETIC-claim-write-refusal · native explicit claim credits the complete fixed fee once within the existing XP cap
PASS returning-strongest-SYNTHETIC-claim-write-refusal · restored isolated writer pays the same whole fee exactly once
PASS returning-strongest-SYNTHETIC-claim-write-refusal · isolated synthetic probe preserves the full other original native character slot value
PASS returning-strongest-SYNTHETIC-arrival-write-refusal · exact frozen HTML is served over isolated loopback
PASS returning-strongest-SYNTHETIC-arrival-write-refusal · actual WebGL2 client is available
PASS returning-strongest-SYNTHETIC-arrival-write-refusal · software renderer is explicitly observed
PASS returning-strongest-SYNTHETIC-arrival-write-refusal · visible import adds a character and preserves original legacy save bytes
PASS returning-strongest-SYNTHETIC-arrival-write-refusal · travel has a visible saved-checkpoint confirmation
PASS returning-strongest-SYNTHETIC-arrival-write-refusal · native confirmed travel reaches Heaven without implicit campaign acceptance
PASS returning-strongest-SYNTHETIC-arrival-write-refusal · Heaven reentry cannot reconstruct a resolved apparatus
PASS returning-strongest-SYNTHETIC-arrival-write-refusal · production walking reaches Invite the courier onto the marked route
PASS returning-strongest-SYNTHETIC-arrival-write-refusal · native deliberate invitation starts the same real courier without a fee or material grant
PASS returning-strongest-SYNTHETIC-arrival-write-refusal · native reinvitation retains exactly the existing saved work
PASS returning-strongest-SYNTHETIC-arrival-write-refusal · actual owned courier completes every supported service segment before a labelled arrival-save refusal
PASS returning-strongest-SYNTHETIC-arrival-write-refusal · observed actual escort starts at staging and visits every authored waypoint without actor edits
PASS returning-strongest-SYNTHETIC-arrival-write-refusal · separate refused arrival remains unrecorded and writer retry is bounded
PASS returning-strongest-SYNTHETIC-arrival-write-refusal · actual refused-arrival UI explains the wait without wrong reinvitation or manual arrival/payout
PASS returning-strongest-SYNTHETIC-arrival-write-refusal · SYNTHETIC-awaiting-save-real-courier uses actual adventure camera
PASS returning-strongest-SYNTHETIC-arrival-write-refusal · SYNTHETIC-awaiting-save-real-courier actual framebuffer contribution and exact restoration in adventure
PASS returning-strongest-SYNTHETIC-arrival-write-refusal · SYNTHETIC-awaiting-save-real-courier uses actual follow camera
PASS returning-strongest-SYNTHETIC-arrival-write-refusal · SYNTHETIC-awaiting-save-real-courier actual framebuffer contribution and exact restoration in follow
PASS returning-strongest-SYNTHETIC-arrival-write-refusal · refused arrival grants no fee, materials or new recorded action
PASS returning-strongest-SYNTHETIC-arrival-write-refusal · restoring the isolated writer permits the same actual complete courier arrival callback
PASS returning-strongest-SYNTHETIC-arrival-write-refusal · isolated synthetic probe preserves the full other original native character slot value
PASS all runtime/HTML/tool and earned provenance hashes stay frozen
PASS no browser or console runtime error was hidden
Heaven campaign browser: 882/882 checks; passed
