PASS served regenerated HTML matches the pinned artifact
PASS normal native scheduling has no test or capture hooks
PASS actual WebGL2 uses software SwiftShader
PASS native import previews a validated new slot without replacement
PASS Chapter I import retains kit, bond and deliberate unassigned class
PASS earthlands-unaccepted actual work matrices and meshes are finite, positive and renderer-supported
PASS earthlands-unaccepted work remains appearance-only without camera bounds
PASS earthlands actual submitted meshes clear complete authored dry/XYZ body routes
PASS earthlands actual submitted meshes clear unchanged step/giver body anchors
PASS unaccepted props show raw work and no completed packing
PASS earthlands-unaccepted-pack-third worksite has positive actual pixel contribution
PASS earthlands-unaccepted-pack-third one-frame ablation restores writer, batches, state, camera, collision and exact pixels
PASS earthlands-unaccepted-pack-diorama worksite has positive actual pixel contribution
PASS earthlands-unaccepted-pack-diorama one-frame ablation restores writer, batches, state, camera, collision and exact pixels
PASS earthlands-unaccepted-pack actual V changes camera without player, depth or progress changes
PASS earthlands-unaccepted-pack camera controls preserve economic/trail facts
PASS normal route reaches Vessa · bridge keeper alive
PASS explicit Coastward acceptance grants no supplies or earlier survey
PASS normal route reaches fallen-bough alive
PASS earthlands-fallen-bough-before actual work matrices and meshes are finite, positive and renderer-supported
PASS earthlands-fallen-bough-before work remains appearance-only without camera bounds
PASS earthlands-fallen-bough-before-third worksite has positive actual pixel contribution
PASS earthlands-fallen-bough-before-third one-frame ablation restores writer, batches, state, camera, collision and exact pixels
PASS earthlands-fallen-bough-before-diorama worksite has positive actual pixel contribution
PASS earthlands-fallen-bough-before-diorama one-frame ablation restores writer, batches, state, camera, collision and exact pixels
PASS earthlands-fallen-bough-before actual V changes camera without player, depth or progress changes
PASS earthlands-fallen-bough-before camera controls preserve economic/trail facts
PASS visible UI commits earthlands/fallen-bough
PASS earthlands-fallen-bough-recorded actual work matrices and meshes are finite, positive and renderer-supported
PASS earthlands-fallen-bough-recorded work remains appearance-only without camera bounds
PASS earthlands-fallen-bough-recorded-third worksite has positive actual pixel contribution
PASS earthlands-fallen-bough-recorded-third one-frame ablation restores writer, batches, state, camera, collision and exact pixels
PASS earthlands-fallen-bough-recorded-third-detail recorded detail has positive actual pixel contribution
PASS earthlands-fallen-bough-recorded-third-detail one-frame ablation restores writer, batches, state, camera, collision and exact pixels
PASS earthlands-fallen-bough-recorded-diorama worksite has positive actual pixel contribution
PASS earthlands-fallen-bough-recorded-diorama one-frame ablation restores writer, batches, state, camera, collision and exact pixels
PASS earthlands-fallen-bough-recorded-diorama-detail recorded detail has positive actual pixel contribution
PASS earthlands-fallen-bough-recorded-diorama-detail one-frame ablation restores writer, batches, state, camera, collision and exact pixels
PASS earthlands-fallen-bough-recorded actual V changes camera without player, depth or progress changes
PASS earthlands-fallen-bough-recorded camera controls preserve economic/trail facts
PASS fallen-bough actual prop geometry changes only after recorded work
PASS native reload retains exact trail ledger, inventory and equipment at home
PASS earthlands-bough-partial-reload actual work matrices and meshes are finite, positive and renderer-supported
PASS earthlands-bough-partial-reload work remains appearance-only without camera bounds
PASS native partial reload restores the actual prepared bough projection
PASS normal route reaches shore-reeds alive
PASS earthlands-shore-reeds-before actual work matrices and meshes are finite, positive and renderer-supported
PASS earthlands-shore-reeds-before work remains appearance-only without camera bounds
PASS earthlands-shore-reeds-before-third worksite has positive actual pixel contribution
PASS earthlands-shore-reeds-before-third one-frame ablation restores writer, batches, state, camera, collision and exact pixels
PASS earthlands-shore-reeds-before-diorama worksite has positive actual pixel contribution
PASS earthlands-shore-reeds-before-diorama one-frame ablation restores writer, batches, state, camera, collision and exact pixels
PASS earthlands-shore-reeds-before actual V changes camera without player, depth or progress changes
PASS earthlands-shore-reeds-before camera controls preserve economic/trail facts
PASS visible UI commits earthlands/shore-reeds
PASS earthlands-shore-reeds-recorded actual work matrices and meshes are finite, positive and renderer-supported
PASS earthlands-shore-reeds-recorded work remains appearance-only without camera bounds
PASS earthlands-shore-reeds-recorded-third worksite has positive actual pixel contribution
PASS earthlands-shore-reeds-recorded-third one-frame ablation restores writer, batches, state, camera, collision and exact pixels
PASS earthlands-shore-reeds-recorded-third-detail recorded detail has positive actual pixel contribution
PASS earthlands-shore-reeds-recorded-third-detail one-frame ablation restores writer, batches, state, camera, collision and exact pixels
PASS earthlands-shore-reeds-recorded-diorama worksite has positive actual pixel contribution
PASS earthlands-shore-reeds-recorded-diorama one-frame ablation restores writer, batches, state, camera, collision and exact pixels
PASS earthlands-shore-reeds-recorded-diorama-detail recorded detail has positive actual pixel contribution
PASS earthlands-shore-reeds-recorded-diorama-detail one-frame ablation restores writer, batches, state, camera, collision and exact pixels
PASS earthlands-shore-reeds-recorded actual V changes camera without player, depth or progress changes
PASS earthlands-shore-reeds-recorded camera controls preserve economic/trail facts
PASS shore-reeds actual prop geometry changes only after recorded work
PASS normal route reaches shore-stone alive
PASS earthlands-shore-stone-before actual work matrices and meshes are finite, positive and renderer-supported
PASS earthlands-shore-stone-before work remains appearance-only without camera bounds
PASS earthlands-shore-stone-before-third worksite has positive actual pixel contribution
PASS earthlands-shore-stone-before-third one-frame ablation restores writer, batches, state, camera, collision and exact pixels
PASS earthlands-shore-stone-before-diorama worksite has positive actual pixel contribution
PASS earthlands-shore-stone-before-diorama one-frame ablation restores writer, batches, state, camera, collision and exact pixels
PASS earthlands-shore-stone-before actual V changes camera without player, depth or progress changes
PASS earthlands-shore-stone-before camera controls preserve economic/trail facts
PASS visible UI commits earthlands/shore-stone
PASS earthlands-shore-stone-recorded actual work matrices and meshes are finite, positive and renderer-supported
PASS earthlands-shore-stone-recorded work remains appearance-only without camera bounds
PASS earthlands-shore-stone-recorded-third worksite has positive actual pixel contribution
PASS earthlands-shore-stone-recorded-third one-frame ablation restores writer, batches, state, camera, collision and exact pixels
PASS earthlands-shore-stone-recorded-third-detail recorded detail has positive actual pixel contribution
PASS earthlands-shore-stone-recorded-third-detail one-frame ablation restores writer, batches, state, camera, collision and exact pixels
PASS earthlands-shore-stone-recorded-diorama worksite has positive actual pixel contribution
PASS earthlands-shore-stone-recorded-diorama one-frame ablation restores writer, batches, state, camera, collision and exact pixels
PASS earthlands-shore-stone-recorded-diorama-detail recorded detail has positive actual pixel contribution
PASS earthlands-shore-stone-recorded-diorama-detail one-frame ablation restores writer, batches, state, camera, collision and exact pixels
PASS earthlands-shore-stone-recorded actual V changes camera without player, depth or progress changes
PASS earthlands-shore-stone-recorded camera controls preserve economic/trail facts
PASS shore-stone actual prop geometry changes only after recorded work
PASS normal route reaches road-pack alive
PASS earthlands-road-pack-before actual work matrices and meshes are finite, positive and renderer-supported
PASS earthlands-road-pack-before work remains appearance-only without camera bounds
PASS earthlands-road-pack-before-third worksite has positive actual pixel contribution
PASS earthlands-road-pack-before-third one-frame ablation restores writer, batches, state, camera, collision and exact pixels
PASS earthlands-road-pack-before-diorama worksite has positive actual pixel contribution
PASS earthlands-road-pack-before-diorama one-frame ablation restores writer, batches, state, camera, collision and exact pixels
PASS earthlands-road-pack-before actual V changes camera without player, depth or progress changes
PASS earthlands-road-pack-before camera controls preserve economic/trail facts
PASS visible UI commits earthlands/road-pack
PASS earthlands-road-pack-recorded actual work matrices and meshes are finite, positive and renderer-supported
PASS earthlands-road-pack-recorded work remains appearance-only without camera bounds
PASS earthlands-road-pack-recorded-third worksite has positive actual pixel contribution
PASS earthlands-road-pack-recorded-third one-frame ablation restores writer, batches, state, camera, collision and exact pixels
PASS earthlands-road-pack-recorded-third-detail recorded detail has positive actual pixel contribution
PASS earthlands-road-pack-recorded-third-detail one-frame ablation restores writer, batches, state, camera, collision and exact pixels
PASS earthlands-road-pack-recorded-diorama worksite has positive actual pixel contribution
PASS earthlands-road-pack-recorded-diorama one-frame ablation restores writer, batches, state, camera, collision and exact pixels
PASS earthlands-road-pack-recorded-diorama-detail recorded detail has positive actual pixel contribution
PASS earthlands-road-pack-recorded-diorama-detail one-frame ablation restores writer, batches, state, camera, collision and exact pixels
PASS earthlands-road-pack-recorded actual V changes camera without player, depth or progress changes
PASS earthlands-road-pack-recorded camera controls preserve economic/trail facts
PASS road-pack actual prop geometry changes only after recorded work
PASS earthlands-complete-unpaid actual work matrices and meshes are finite, positive and renderer-supported
PASS earthlands-complete-unpaid work remains appearance-only without camera bounds
PASS earthlands actual submitted meshes clear complete authored dry/XYZ body routes
PASS earthlands actual submitted meshes clear unchanged step/giver body anchors
PASS packed but unpaid work has no material transfer
PASS actual reduced-motion setting preserves the same completed work meshes while paused
PASS normal route reaches Vessa · bridge keeper alive
PASS real claim releases exact finite materials and fee
PASS earthlands-paid actual work matrices and meshes are finite, positive and renderer-supported
PASS earthlands-paid work remains appearance-only without camera bounds
PASS earthlands-paid-pack-third worksite has positive actual pixel contribution
PASS earthlands-paid-pack-third one-frame ablation restores writer, batches, state, camera, collision and exact pixels
PASS earthlands-paid-pack-diorama worksite has positive actual pixel contribution
PASS earthlands-paid-pack-diorama one-frame ablation restores writer, batches, state, camera, collision and exact pixels
PASS earthlands-paid-pack actual V changes camera without player, depth or progress changes
PASS earthlands-paid-pack camera controls preserve economic/trail facts
PASS native reload retains exact trail ledger, inventory and equipment at home
PASS earthlands-paid-reload actual work matrices and meshes are finite, positive and renderer-supported
PASS earthlands-paid-reload work remains appearance-only without camera bounds
PASS native paid reload restores completed work without another claim
PASS atlantis-unaccepted actual work matrices and meshes are finite, positive and renderer-supported
PASS atlantis-unaccepted work remains appearance-only without camera bounds
PASS atlantis actual submitted meshes clear complete authored dry/XYZ body routes
PASS atlantis actual submitted meshes clear unchanged step/giver body anchors
PASS unaccepted Bellglass preserves both depth scales and has no fitted marker
PASS normal route reaches Sahra · instrument-maker alive
PASS Sahra accepts through the physical dry UI
PASS normal route reaches tide-steps alive
PASS native keys reach upper-gauge within .15 m at settled real XYZ and valid full-body clearance
PASS atlantis-upper-gauge-before-third worksite has positive actual pixel contribution
PASS atlantis-upper-gauge-before-third one-frame ablation restores writer, batches, state, camera, collision and exact pixels
PASS atlantis-upper-gauge-before-diorama worksite has positive actual pixel contribution
PASS atlantis-upper-gauge-before-diorama one-frame ablation restores writer, batches, state, camera, collision and exact pixels
PASS atlantis-upper-gauge-before actual V changes camera without player, depth or progress changes
PASS atlantis-upper-gauge-before camera controls preserve economic/trail facts
PASS visible UI commits atlantis/upper-gauge
PASS atlantis-upper-gauge-recorded actual work matrices and meshes are finite, positive and renderer-supported
PASS atlantis-upper-gauge-recorded work remains appearance-only without camera bounds
PASS atlantis-upper-gauge-recorded-third worksite has positive actual pixel contribution
PASS atlantis-upper-gauge-recorded-third one-frame ablation restores writer, batches, state, camera, collision and exact pixels
PASS atlantis-upper-gauge-recorded-third-detail recorded detail has positive actual pixel contribution
PASS atlantis-upper-gauge-recorded-third-detail one-frame ablation restores writer, batches, state, camera, collision and exact pixels
PASS atlantis-upper-gauge-recorded-diorama worksite has positive actual pixel contribution
PASS atlantis-upper-gauge-recorded-diorama one-frame ablation restores writer, batches, state, camera, collision and exact pixels
PASS atlantis-upper-gauge-recorded-diorama-detail recorded detail has positive actual pixel contribution
PASS atlantis-upper-gauge-recorded-diorama-detail one-frame ablation restores writer, batches, state, camera, collision and exact pixels
PASS atlantis-upper-gauge-recorded actual V changes camera without player, depth or progress changes
PASS atlantis-upper-gauge-recorded camera controls preserve economic/trail facts
PASS native keys reach lower-masonry within .15 m at settled real XYZ and valid full-body clearance
PASS atlantis-lower-masonry-before-third worksite has positive actual pixel contribution
PASS atlantis-lower-masonry-before-third one-frame ablation restores writer, batches, state, camera, collision and exact pixels
PASS atlantis-lower-masonry-before-diorama worksite has positive actual pixel contribution
PASS atlantis-lower-masonry-before-diorama one-frame ablation restores writer, batches, state, camera, collision and exact pixels
PASS atlantis-lower-masonry-before actual V changes camera without player, depth or progress changes
PASS atlantis-lower-masonry-before camera controls preserve economic/trail facts
PASS visible UI commits atlantis/lower-masonry
PASS atlantis-lower-masonry-recorded actual work matrices and meshes are finite, positive and renderer-supported
PASS atlantis-lower-masonry-recorded work remains appearance-only without camera bounds
PASS atlantis-lower-masonry-recorded-third worksite has positive actual pixel contribution
PASS atlantis-lower-masonry-recorded-third one-frame ablation restores writer, batches, state, camera, collision and exact pixels
PASS atlantis-lower-masonry-recorded-third-detail recorded detail has positive actual pixel contribution
PASS atlantis-lower-masonry-recorded-third-detail one-frame ablation restores writer, batches, state, camera, collision and exact pixels
PASS atlantis-lower-masonry-recorded-diorama worksite has positive actual pixel contribution
PASS atlantis-lower-masonry-recorded-diorama one-frame ablation restores writer, batches, state, camera, collision and exact pixels
PASS atlantis-lower-masonry-recorded-diorama-detail recorded detail has positive actual pixel contribution
PASS atlantis-lower-masonry-recorded-diorama-detail one-frame ablation restores writer, batches, state, camera, collision and exact pixels
PASS atlantis-lower-masonry-recorded actual V changes camera without player, depth or progress changes
PASS atlantis-lower-masonry-recorded camera controls preserve economic/trail facts
PASS native keys reach doorway-approach within .15 m at settled real XYZ and valid full-body clearance
PASS native keys reach air-court-entry within .15 m at settled real XYZ and valid full-body clearance
PASS native keys reach depth-chart within .15 m at settled real XYZ and valid full-body clearance
PASS atlantis-chart-two-readings actual work matrices and meshes are finite, positive and renderer-supported
PASS atlantis-chart-two-readings work remains appearance-only without camera bounds
PASS true air-court medium and two recorded slips are visible without a corrected connection
PASS air-court begins with the imported cutaway preference enabled
PASS atlantis-court-roof-off obeys actual cutaway preference
PASS atlantis-court-roof-off visual-only ceiling control restores exact pixels and all authority
PASS atlantis-court-roof-on obeys actual cutaway preference
PASS atlantis-court-roof-on visual-only ceiling control restores exact pixels and all authority
PASS roof control restores preference and preserves body depth, ledger and belongings
PASS atlantis-chart-before-third worksite has positive actual pixel contribution
PASS atlantis-chart-before-third one-frame ablation restores writer, batches, state, camera, collision and exact pixels
PASS atlantis-chart-before-diorama worksite has positive actual pixel contribution
PASS atlantis-chart-before-diorama one-frame ablation restores writer, batches, state, camera, collision and exact pixels
PASS atlantis-chart-before actual V changes camera without player, depth or progress changes
PASS atlantis-chart-before camera controls preserve economic/trail facts
PASS wrong visible chart choice changes neither ledger nor prop projection
PASS labelled native quota refusal leaves chart facts and submitted appearance unchanged
PASS visible UI commits atlantis/depth-chart
PASS atlantis-chart-corrected actual work matrices and meshes are finite, positive and renderer-supported
PASS atlantis-chart-corrected work remains appearance-only without camera bounds
PASS atlantis-chart-corrected-third worksite has positive actual pixel contribution
PASS atlantis-chart-corrected-third one-frame ablation restores writer, batches, state, camera, collision and exact pixels
PASS atlantis-chart-corrected-third-detail recorded detail has positive actual pixel contribution
PASS atlantis-chart-corrected-third-detail one-frame ablation restores writer, batches, state, camera, collision and exact pixels
PASS atlantis-chart-corrected-diorama worksite has positive actual pixel contribution
PASS atlantis-chart-corrected-diorama one-frame ablation restores writer, batches, state, camera, collision and exact pixels
PASS atlantis-chart-corrected-diorama-detail recorded detail has positive actual pixel contribution
PASS atlantis-chart-corrected-diorama-detail one-frame ablation restores writer, batches, state, camera, collision and exact pixels
PASS atlantis-chart-corrected actual V changes camera without player, depth or progress changes
PASS atlantis-chart-corrected camera controls preserve economic/trail facts
PASS committed correct chart reveals both layers, connection and doorway without a payout
PASS native keys reach court-return within .15 m at settled real XYZ and valid full-body clearance
PASS native keys reach court-doorway-out within .15 m at settled real XYZ and valid full-body clearance
PASS native keys reach east-lane-depth within .15 m at settled real XYZ and valid full-body clearance
PASS native keys reach east-lane within .15 m at settled real XYZ and valid full-body clearance
PASS native keys reach modern-marker within .15 m at settled real XYZ and valid full-body clearance
PASS atlantis-marker-before-third worksite has positive actual pixel contribution
PASS atlantis-marker-before-third one-frame ablation restores writer, batches, state, camera, collision and exact pixels
PASS atlantis-marker-before-diorama worksite has positive actual pixel contribution
PASS atlantis-marker-before-diorama one-frame ablation restores writer, batches, state, camera, collision and exact pixels
PASS atlantis-marker-before actual V changes camera without player, depth or progress changes
PASS atlantis-marker-before camera controls preserve economic/trail facts
PASS visible UI commits atlantis/modern-marker
PASS atlantis-complete-unpaid actual work matrices and meshes are finite, positive and renderer-supported
PASS atlantis-complete-unpaid work remains appearance-only without camera bounds
PASS atlantis actual submitted meshes clear complete authored dry/XYZ body routes
PASS atlantis actual submitted meshes clear unchanged step/giver body anchors
PASS atlantis-marker-recorded-third worksite has positive actual pixel contribution
PASS atlantis-marker-recorded-third one-frame ablation restores writer, batches, state, camera, collision and exact pixels
PASS atlantis-marker-recorded-third-detail recorded detail has positive actual pixel contribution
PASS atlantis-marker-recorded-third-detail same-camera original west-only detail is hidden and the added face contributes pixels
PASS atlantis-marker-recorded-third-detail one-frame ablation restores writer, batches, state, camera, collision and exact pixels
PASS atlantis-marker-recorded-diorama worksite has positive actual pixel contribution
PASS atlantis-marker-recorded-diorama one-frame ablation restores writer, batches, state, camera, collision and exact pixels
PASS atlantis-marker-recorded-diorama-detail recorded detail has positive actual pixel contribution
PASS atlantis-marker-recorded-diorama-detail same-camera original west-only detail is hidden and the added face contributes pixels
PASS atlantis-marker-recorded-diorama-detail one-frame ablation restores writer, batches, state, camera, collision and exact pixels
PASS atlantis-marker-recorded actual V changes camera without player, depth or progress changes
PASS atlantis-marker-recorded camera controls preserve economic/trail facts
PASS actual final marker is fitted while older lower-road plate remains
PASS native keys reach far-gallery-landing within .15 m at settled real XYZ and valid full-body clearance
PASS real E exits to supported dry quay
PASS normal route reaches Sahra · instrument-maker alive
PASS actual Sahra claim pays exact finite reward once
PASS atlantis-paid actual work matrices and meshes are finite, positive and renderer-supported
PASS atlantis-paid work remains appearance-only without camera bounds
PASS native reload retains exact trail ledger, inventory and equipment at home
PASS atlantis-paid-reload actual work matrices and meshes are finite, positive and renderer-supported
PASS atlantis-paid-reload work remains appearance-only without camera bounds
PASS native paid reload restores chart, copied gauges and fitted marker exactly
PASS atlantis actual submitted meshes clear complete authored dry/XYZ body routes
PASS atlantis actual submitted meshes clear unchanged step/giver body anchors
PASS work preserves original gear, bond, class and separate survey history
PASS actual application and WebGL have no uncaught errors
