PASS Actual HTTP bytes match rebuilt HTML
PASS Accepted walking route 11,9
PASS Reached 11,9
PASS Initial kit collected through E
PASS Oren offers explicit outing acceptance
PASS Reward comparisons are visible before acceptance
PASS Every Oren reward comparison declares current-XP equipment scope
PASS Exact route and objective counts are disclosed
PASS World pauses for reward review
PASS Acceptance uses persistent quest state
PASS Native reload retains accepted outing
PASS Journal exposes optional outing
PASS Commons map exposes riverbank gate
PASS Accepted walking route 15,7
PASS Reached 15,7
PASS Initial-kit route reaches actual riverbank scene
PASS Scene is rendered in WebGL
PASS Accepted walking route -7,3
PASS Reached -7,3
PASS Visible pickup river-rope
PASS Native reload: partial objectives 1
PASS Accepted walking route 15,7
PASS Reached 15,7
PASS Re-enter riverbank
PASS Accepted walking route -7,3
PASS Reached -7,3
PASS Accepted target-select
PASS Stationary autoattack and actual damage defeat river-skitter-west
PASS Accepted target-clear
PASS Accepted walking route 5,-3
PASS Reached 5,-3
PASS Visible pickup river-tools
PASS Native reload: partial objectives 2
PASS Accepted walking route 15,7
PASS Reached 15,7
PASS Re-enter riverbank
PASS Accepted walking route 5,-3
PASS Reached 5,-3
PASS Accepted target-select
PASS Stationary autoattack and actual damage defeat river-skitter-east
PASS Accepted target-clear
PASS Accepted walking route -5,-11
PASS Reached -5,-11
PASS Visible pickup river-canvas
PASS Native reload: partial objectives 3
PASS Accepted walking route 15,7
PASS Reached 15,7
PASS Re-enter riverbank
PASS Accepted walking route -5,-11
PASS Reached -5,-11
PASS Accepted target-select
PASS Stationary autoattack and actual damage defeat river-old-bristle
PASS Accepted target-clear
PASS Native reload: objectives complete before turn-in
PASS Accepted walking route 11,9
PASS Reached 11,9
PASS Turn-in offers exact deliberate choices
PASS Reward never auto-equips
PASS Native reload: reward selected before equip
PASS Accepted walking route 11,9
PASS Reached 11,9
PASS Oren recognizes completion
PASS Explicit reward equip
PASS Native reload: reward equipped
PASS Accepted walking route 15,7
PASS Reached 15,7
PASS Re-enter riverbank
PASS Accepted walking route -5,11.5
PASS Reached -5,11.5
PASS Accepted target-select
PASS Equipped reward has confirmed practice impacts
PASS Weapon family is correct
PASS Accepted target-clear
PASS Accepted walking route 11,9
PASS Reached 11,9
PASS Accepted walking route 15,7
PASS Reached 15,7
PASS Re-enter riverbank
PASS Accepted walking route -7,3
PASS Reached -7,3
PASS Visible pickup river-rope
PASS Native reload: partial objectives 1
PASS Accepted walking route 15,7
PASS Reached 15,7
PASS Re-enter riverbank
PASS Accepted walking route -7,3
PASS Reached -7,3
PASS Accepted target-select
PASS Stationary autoattack and actual damage defeat river-skitter-west
PASS Accepted target-clear
PASS Accepted walking route 5,-3
PASS Reached 5,-3
PASS Visible pickup river-tools
PASS Native reload: partial objectives 2
PASS Accepted walking route 15,7
PASS Reached 15,7
PASS Re-enter riverbank
PASS Accepted walking route 5,-3
PASS Reached 5,-3
PASS Accepted target-select
PASS Stationary autoattack and actual damage defeat river-skitter-east
PASS Accepted target-clear
PASS Accepted walking route -5,-11
PASS Reached -5,-11
PASS Visible pickup river-canvas
PASS Native reload: partial objectives 3
PASS Accepted walking route 15,7
PASS Reached 15,7
PASS Re-enter riverbank
PASS Accepted walking route -5,-11
PASS Reached -5,-11
PASS Accepted target-select
PASS Stationary autoattack and actual damage defeat river-old-bristle
PASS Accepted target-clear
PASS Native reload: objectives complete before turn-in
PASS Accepted walking route 11,9
PASS Reached 11,9
PASS Turn-in offers exact deliberate choices
PASS Reward never auto-equips
PASS Native reload: reward selected before equip
PASS Accepted walking route 11,9
PASS Reached 11,9
PASS Oren recognizes completion
PASS Explicit reward equip
PASS Native reload: reward equipped
PASS Accepted walking route 15,7
PASS Reached 15,7
PASS Re-enter riverbank
PASS Accepted walking route -5,11.5
PASS Reached -5,11.5
PASS Accepted target-select
PASS Equipped reward has confirmed practice impacts
PASS Weapon family is correct
PASS Accepted target-clear
PASS Accepted target-select
PASS New bow skill launches a piercing projectile
PASS Piercing arrow produces a confirmed practice hit
PASS Accepted target-clear
PASS Accepted walking route 11,9
PASS Reached 11,9
PASS Strongest earned veteran has exact temper comparison
PASS Deliberate veteran temper keeps equipped identity
PASS Native reload: strongest veteran temper
PASS Accepted walking route 11,9
PASS Reached 11,9
PASS Capacity-blocked visible turn-in is atomic
PASS Refused reward remains available for retry
PASS No unhandled browser errors
RESULT 148 True
