PASS exact generated build loads
PASS production walk reaches (0, 23)
PASS entry remains explicit
PASS production walk reaches (0, 16)
PASS bridge text and optional side framing are legible
PASS camera shortcut is consumed inside marker dialog
PASS explicit framing keeps third-person style and closes ordinary pause dialog
PASS four vaults are actually submitted above the physical water plane
PASS bridge and mountain pieces retain camera-collision and generic-cutaway opt-outs
PASS production world enables the local aperture on the accepted span
PASS only the 44 eligible rail boxes occupy the dedicated production batch
PASS perspective side-1 x-1.29 z19.5 reveals actual lower-leg pixels where the rail obscures them
PASS perspective side-1 x-1.29 z19.5 preserves the exact reflection
PASS perspective side-1 x-1.29 z19.5 preserves the encoded solid shadow
PASS perspective side-1 x-1.29 z20.65 reveals actual lower-leg pixels where the rail obscures them
PASS perspective side-1 x-1.29 z20.65 preserves the exact reflection
PASS perspective side-1 x-1.29 z20.65 preserves the encoded solid shadow
PASS perspective side-1 x0 z19.5 reveals actual lower-leg pixels where the rail obscures them
PASS perspective side-1 x0 z19.5 preserves the exact reflection
PASS perspective side-1 x0 z19.5 preserves the encoded solid shadow
PASS perspective side-1 x0 z20.65 reveals actual lower-leg pixels where the rail obscures them
PASS perspective side-1 x0 z20.65 preserves the exact reflection
PASS perspective side-1 x0 z20.65 preserves the encoded solid shadow
PASS perspective side-1 x1.29 z19.5 reveals actual lower-leg pixels where the rail obscures them
PASS perspective side-1 x1.29 z19.5 preserves the exact reflection
PASS perspective side-1 x1.29 z19.5 preserves the encoded solid shadow
PASS perspective side-1 x1.29 z20.65 reveals actual lower-leg pixels where the rail obscures them
PASS perspective side-1 x1.29 z20.65 preserves the exact reflection
PASS perspective side-1 x1.29 z20.65 preserves the encoded solid shadow
PASS perspective side1 x-1.29 z19.5 reveals actual lower-leg pixels where the rail obscures them
PASS perspective side1 x-1.29 z19.5 preserves the exact reflection
PASS perspective side1 x-1.29 z19.5 preserves the encoded solid shadow
PASS perspective side1 x-1.29 z20.65 reveals actual lower-leg pixels where the rail obscures them
PASS perspective side1 x-1.29 z20.65 preserves the exact reflection
PASS perspective side1 x-1.29 z20.65 preserves the encoded solid shadow
PASS perspective side1 x0 z19.5 reveals actual lower-leg pixels where the rail obscures them
PASS perspective side1 x0 z19.5 preserves the exact reflection
PASS perspective side1 x0 z19.5 preserves the encoded solid shadow
PASS perspective side1 x0 z20.65 reveals actual lower-leg pixels where the rail obscures them
PASS perspective side1 x0 z20.65 preserves the exact reflection
PASS perspective side1 x0 z20.65 preserves the encoded solid shadow
PASS perspective side1 x1.29 z19.5 reveals actual lower-leg pixels where the rail obscures them
PASS perspective side1 x1.29 z19.5 preserves the exact reflection
PASS perspective side1 x1.29 z19.5 preserves the encoded solid shadow
PASS perspective side1 x1.29 z20.65 reveals actual lower-leg pixels where the rail obscures them
PASS perspective side1 x1.29 z20.65 preserves the exact reflection
PASS perspective side1 x1.29 z20.65 preserves the encoded solid shadow
PASS orthographic side-1 x-1.29 z19.5 reveals actual lower-leg pixels where the rail obscures them
PASS orthographic side-1 x-1.29 z19.5 preserves the exact reflection
PASS orthographic side-1 x-1.29 z19.5 preserves the encoded solid shadow
PASS orthographic side-1 x-1.29 z20.65 reveals actual lower-leg pixels where the rail obscures them
PASS orthographic side-1 x-1.29 z20.65 preserves the exact reflection
PASS orthographic side-1 x-1.29 z20.65 preserves the encoded solid shadow
PASS orthographic side-1 x0 z19.5 reveals actual lower-leg pixels where the rail obscures them
PASS orthographic side-1 x0 z19.5 preserves the exact reflection
PASS orthographic side-1 x0 z19.5 preserves the encoded solid shadow
PASS orthographic side-1 x0 z20.65 reveals actual lower-leg pixels where the rail obscures them
PASS orthographic side-1 x0 z20.65 preserves the exact reflection
PASS orthographic side-1 x0 z20.65 preserves the encoded solid shadow
PASS orthographic side-1 x1.29 z19.5 reveals actual lower-leg pixels where the rail obscures them
PASS orthographic side-1 x1.29 z19.5 preserves the exact reflection
PASS orthographic side-1 x1.29 z19.5 preserves the encoded solid shadow
PASS orthographic side-1 x1.29 z20.65 reveals actual lower-leg pixels where the rail obscures them
PASS orthographic side-1 x1.29 z20.65 preserves the exact reflection
PASS orthographic side-1 x1.29 z20.65 preserves the encoded solid shadow
PASS orthographic side1 x-1.29 z19.5 reveals actual lower-leg pixels where the rail obscures them
PASS orthographic side1 x-1.29 z19.5 preserves the exact reflection
PASS orthographic side1 x-1.29 z19.5 preserves the encoded solid shadow
PASS orthographic side1 x-1.29 z20.65 reveals actual lower-leg pixels where the rail obscures them
PASS orthographic side1 x-1.29 z20.65 preserves the exact reflection
PASS orthographic side1 x-1.29 z20.65 preserves the encoded solid shadow
PASS orthographic side1 x0 z19.5 reveals actual lower-leg pixels where the rail obscures them
PASS orthographic side1 x0 z19.5 preserves the exact reflection
PASS orthographic side1 x0 z19.5 preserves the encoded solid shadow
PASS orthographic side1 x0 z20.65 reveals actual lower-leg pixels where the rail obscures them
PASS orthographic side1 x0 z20.65 preserves the exact reflection
PASS orthographic side1 x0 z20.65 preserves the encoded solid shadow
PASS orthographic side1 x1.29 z19.5 reveals actual lower-leg pixels where the rail obscures them
PASS orthographic side1 x1.29 z19.5 preserves the exact reflection
PASS orthographic side1 x1.29 z19.5 preserves the encoded solid shadow
PASS orthographic side1 x1.29 z20.65 reveals actual lower-leg pixels where the rail obscures them
PASS orthographic side1 x1.29 z20.65 preserves the exact reflection
PASS orthographic side1 x1.29 z20.65 preserves the encoded solid shadow
PASS far rail stays pixel-identical behind the subject
PASS local rail effect stays off outside the span and Earth without GL errors
PASS actual submitted shoreline is bounded steep dressing, with no camera or cutaway authority
PASS flanking water has no navigation target
PASS production walk reaches (0, 27.5)
PASS production walk reaches (0, 10)
PASS production world disables the local aperture on the bank
PASS production walk reaches (0, 16)
PASS same explicit framing retains diorama style
PASS world cloud layer changes actual main framebuffer pixels
PASS same cloud layer changes actual reflected framebuffer pixels
PASS isolated Earth current/wake toggle changes actual pixels with clouds disabled
PASS combined current/cloud motion contributes actual pixels
PASS reduced-motion rendering freezes the added motion exactly
PASS low-quality water/cloud fallback remains rendered without GL errors
PASS perspective Earth optical profile changes actual same-time water pixels
PASS perspective authored mountain depth changes actual same-time main pixels
PASS perspective mountain depth also changes the actual reflected framebuffer
PASS orthographic Earth optical profile changes actual same-time water pixels
PASS orthographic authored mountain depth changes actual same-time main pixels
PASS orthographic mountain depth also changes the actual reflected framebuffer
PASS Earth optics and mountain-only haze do not change non-Earth pixels or leak GL errors
PASS R resets current diorama style
PASS V returns to saved third-person side orbit
PASS bridge sightseeing changes no XP, ownership, story or equipment
PASS reload resumes at acknowledged lake checkpoint preserving camera profiles
PASS bridge diagnostic is absent outside Earth
PASS production walk reaches (0, 23)
PASS entry remains explicit
PASS production walk reaches (0, 10)
PASS production walk reaches (0, 24)
PASS command-earned returning bow crosses without reward/history changes
PASS actual saved cutaway control can disable the local rail effect
PASS cutaway-off and both camera memories survive a whole-page reload
PASS production walk reaches (0, 23)
PASS entry remains explicit
PASS production walk reaches (0, 19.5)
PASS saved cutaway-off reaches the actual on-span renderer after reload
PASS reload preserves returning equipment and story owners
PASS all browser runtime errors remain visible and absent
PASS normal RAF page is visible
PASS ordinary RAF walking uses explicitly selected low graphics
PASS normal-time walk accepted (0, 23)
PASS normal-time walk arrives (0, 23)
PASS normal-time walk accepted (0, 16)
PASS normal-time walk arrives (0, 16)
PASS normal-time crossing move is accepted
PASS actual visible app RAF advances bridge position and submitted stride
PASS submitted local leg joints change during ordinary crossing
PASS normal app pause preserves bridge position and stride
PASS visible normal app resumes and reaches opposite bridge bank
PASS actual reduced-motion control reaches the bridge traveller
PASS normal-time walk accepted (0, 19.5)
PASS normal-time walk arrives (0, 19.5)
PASS normal and accelerated browser runtime errors are absent
PASS Coastward native page loads the exact generated source
PASS Coastward fixture is the exact recorded earned Chapter I source
PASS new Coastward source retains unassigned class and genuine earned reward
PASS native camera settings establish a nondefault 67 degree perspective FOV
PASS outside both bridge scenes actual bridge-view callback refuses without changing camera, position, pause or depth
PASS outside both bridge scenes refusal preserves every protected progression and item owner
PASS Coastward real supported setup walk reaches (18, 6)
PASS deliberate native Roads crossing enters earthlands
PASS arrival bank beyond the actual Coastward bridge extent actual bridge-view callback refuses without changing camera, position, pause or depth
PASS arrival bank beyond the actual Coastward bridge extent refusal preserves every protected progression and item owner
PASS native Coastward channel route starts an actual supported path
PASS channel reading is reached through actual walking diagnostics
PASS physical channel reading offers one visible optional side-view action
PASS Coastward reading dialog consumes camera exchange shortcut
PASS explicit Coastward framing keeps perspective preset and chosen FOV
PASS actual Coastward perspective side orbit uses the reviewed framing
PASS actual Coastward perspective camera retains finite submitted eye and target
PASS Coastward framing closes its deliberate pause and keeps player fixed
PASS Coastward side view grants no progression, equipment, inventory or class choice
PASS same Coastward action retains the exchanged diorama preset and FOV
PASS actual Coastward diorama side orbit uses the reviewed framing
PASS actual Coastward diorama camera retains finite submitted eye and target
PASS diorama framing keeps genuine progression and unassigned class intact
PASS R resets only the Coastward diorama using the existing camera defaults
PASS V restores the retained Coastward third-person side profile and chosen FOV
PASS ordinary Coastward bridge movement is accepted after the side-view choice
PASS visible ordinary app RAF still moves and articulates the Coastward traveler
PASS ordinary bridge route arrives without changing its camera preset or earned owners
PASS Coastward real supported setup walk reaches (0, 14)
PASS off-span Coastward map offers no sightseeing action
PASS far bank outside the full-supported Coastward bridge actual bridge-view callback refuses without changing camera, position, pause or depth
PASS far bank outside the full-supported Coastward bridge refusal preserves every protected progression and item owner
PASS returned home outside both bridge scenes actual bridge-view callback refuses without changing camera, position, pause or depth
PASS returned home outside both bridge scenes refusal preserves every protected progression and item owner
PASS Coastward real supported setup walk reaches (18, 6)
PASS deliberate native Roads crossing enters atlantis
PASS Coastward real supported setup walk reaches (8, -16)
PASS diving refusal uses genuine deliberate Atlantis gallery entry
PASS real Atlantis gallery while diving actual bridge-view callback refuses without changing camera, position, pause or depth
PASS real Atlantis gallery while diving refusal preserves every protected progression and item owner
PASS real gallery map offers no bridge side-view action
PASS Coastward and Atlantis sightseeing retain all earlier choices and items
PASS new bridge workflow stays loopback-only with all runtime errors absent
{
  "method": "Actual bridge UI, supported walking, both cameras and GPU framebuffer effects.\n\nIsolated software WebGL engineering coverage. Accelerated rule walking and\nlabelled command-earned returning fixtures are not human feel or RTX timing.\nThe separate ordinary-RAF walk selects Low through the real graphics control;\nbalanced effects are covered by independent framebuffer probes above it.\nCoastward adds native optional side-view clicks from an unassigned, earned\nChapter I save. Real-path setup is accelerated; its later stride uses app RAF.\n",
  "harness_sha256": "ffd2872e8dec2532c866e92dec623f25e791ff549bbfa7699e0e63501ffbfa70",
  "html_sha256": "d1694ee59e326603746e4a9f5850ecdb07ec48f741d250b54e860f78f988a896",
  "checks": [
    {
      "name": "exact generated build loads",
      "passed": true
    },
    {
      "name": "production walk reaches (0, 23)",
      "passed": true
    },
    {
      "name": "entry remains explicit",
      "passed": true
    },
    {
      "name": "production walk reaches (0, 16)",
      "passed": true
    },
    {
      "name": "bridge text and optional side framing are legible",
      "passed": true
    },
    {
      "name": "camera shortcut is consumed inside marker dialog",
      "passed": true
    },
    {
      "name": "explicit framing keeps third-person style and closes ordinary pause dialog",
      "passed": true
    },
    {
      "name": "four vaults are actually submitted above the physical water plane",
      "passed": true
    },
    {
      "name": "bridge and mountain pieces retain camera-collision and generic-cutaway opt-outs",
      "passed": true
    },
    {
      "name": "production world enables the local aperture on the accepted span",
      "passed": true
    },
    {
      "name": "only the 44 eligible rail boxes occupy the dedicated production batch",
      "passed": true
    },
    {
      "name": "perspective side-1 x-1.29 z19.5 reveals actual lower-leg pixels where the rail obscures them",
      "passed": true
    },
    {
      "name": "perspective side-1 x-1.29 z19.5 preserves the exact reflection",
      "passed": true
    },
    {
      "name": "perspective side-1 x-1.29 z19.5 preserves the encoded solid shadow",
      "passed": true
    },
    {
      "name": "perspective side-1 x-1.29 z20.65 reveals actual lower-leg pixels where the rail obscures them",
      "passed": true
    },
    {
      "name": "perspective side-1 x-1.29 z20.65 preserves the exact reflection",
      "passed": true
    },
    {
      "name": "perspective side-1 x-1.29 z20.65 preserves the encoded solid shadow",
      "passed": true
    },
    {
      "name": "perspective side-1 x0 z19.5 reveals actual lower-leg pixels where the rail obscures them",
      "passed": true
    },
    {
      "name": "perspective side-1 x0 z19.5 preserves the exact reflection",
      "passed": true
    },
    {
      "name": "perspective side-1 x0 z19.5 preserves the encoded solid shadow",
      "passed": true
    },
    {
      "name": "perspective side-1 x0 z20.65 reveals actual lower-leg pixels where the rail obscures them",
      "passed": true
    },
    {
      "name": "perspective side-1 x0 z20.65 preserves the exact reflection",
      "passed": true
    },
    {
      "name": "perspective side-1 x0 z20.65 preserves the encoded solid shadow",
      "passed": true
    },
    {
      "name": "perspective side-1 x1.29 z19.5 reveals actual lower-leg pixels where the rail obscures them",
      "passed": true
    },
    {
      "name": "perspective side-1 x1.29 z19.5 preserves the exact reflection",
      "passed": true
    },
    {
      "name": "perspective side-1 x1.29 z19.5 preserves the encoded solid shadow",
      "passed": true
    },
    {
      "name": "perspective side-1 x1.29 z20.65 reveals actual lower-leg pixels where the rail obscures them",
      "passed": true
    },
    {
      "name": "perspective side-1 x1.29 z20.65 preserves the exact reflection",
      "passed": true
    },
    {
      "name": "perspective side-1 x1.29 z20.65 preserves the encoded solid shadow",
      "passed": true
    },
    {
      "name": "perspective side1 x-1.29 z19.5 reveals actual lower-leg pixels where the rail obscures them",
      "passed": true
    },
    {
      "name": "perspective side1 x-1.29 z19.5 preserves the exact reflection",
      "passed": true
    },
    {
      "name": "perspective side1 x-1.29 z19.5 preserves the encoded solid shadow",
      "passed": true
    },
    {
      "name": "perspective side1 x-1.29 z20.65 reveals actual lower-leg pixels where the rail obscures them",
      "passed": true
    },
    {
      "name": "perspective side1 x-1.29 z20.65 preserves the exact reflection",
      "passed": true
    },
    {
      "name": "perspective side1 x-1.29 z20.65 preserves the encoded solid shadow",
      "passed": true
    },
    {
      "name": "perspective side1 x0 z19.5 reveals actual lower-leg pixels where the rail obscures them",
      "passed": true
    },
    {
      "name": "perspective side1 x0 z19.5 preserves the exact reflection",
      "passed": true
    },
    {
      "name": "perspective side1 x0 z19.5 preserves the encoded solid shadow",
      "passed": true
    },
    {
      "name": "perspective side1 x0 z20.65 reveals actual lower-leg pixels where the rail obscures them",
      "passed": true
    },
    {
      "name": "perspective side1 x0 z20.65 preserves the exact reflection",
      "passed": true
    },
    {
      "name": "perspective side1 x0 z20.65 preserves the encoded solid shadow",
      "passed": true
    },
    {
      "name": "perspective side1 x1.29 z19.5 reveals actual lower-leg pixels where the rail obscures them",
      "passed": true
    },
    {
      "name": "perspective side1 x1.29 z19.5 preserves the exact reflection",
      "passed": true
    },
    {
      "name": "perspective side1 x1.29 z19.5 preserves the encoded solid shadow",
      "passed": true
    },
    {
      "name": "perspective side1 x1.29 z20.65 reveals actual lower-leg pixels where the rail obscures them",
      "passed": true
    },
    {
      "name": "perspective side1 x1.29 z20.65 preserves the exact reflection",
      "passed": true
    },
    {
      "name": "perspective side1 x1.29 z20.65 preserves the encoded solid shadow",
      "passed": true
    },
    {
      "name": "orthographic side-1 x-1.29 z19.5 reveals actual lower-leg pixels where the rail obscures them",
      "passed": true
    },
    {
      "name": "orthographic side-1 x-1.29 z19.5 preserves the exact reflection",
      "passed": true
    },
    {
      "name": "orthographic side-1 x-1.29 z19.5 preserves the encoded solid shadow",
      "passed": true
    },
    {
      "name": "orthographic side-1 x-1.29 z20.65 reveals actual lower-leg pixels where the rail obscures them",
      "passed": true
    },
    {
      "name": "orthographic side-1 x-1.29 z20.65 preserves the exact reflection",
      "passed": true
    },
    {
      "name": "orthographic side-1 x-1.29 z20.65 preserves the encoded solid shadow",
      "passed": true
    },
    {
      "name": "orthographic side-1 x0 z19.5 reveals actual lower-leg pixels where the rail obscures them",
      "passed": true
    },
    {
      "name": "orthographic side-1 x0 z19.5 preserves the exact reflection",
      "passed": true
    },
    {
      "name": "orthographic side-1 x0 z19.5 preserves the encoded solid shadow",
      "passed": true
    },
    {
      "name": "orthographic side-1 x0 z20.65 reveals actual lower-leg pixels where the rail obscures them",
      "passed": true
    },
    {
      "name": "orthographic side-1 x0 z20.65 preserves the exact reflection",
      "passed": true
    },
    {
      "name": "orthographic side-1 x0 z20.65 preserves the encoded solid shadow",
      "passed": true
    },
    {
      "name": "orthographic side-1 x1.29 z19.5 reveals actual lower-leg pixels where the rail obscures them",
      "passed": true
    },
    {
      "name": "orthographic side-1 x1.29 z19.5 preserves the exact reflection",
      "passed": true
    },
    {
      "name": "orthographic side-1 x1.29 z19.5 preserves the encoded solid shadow",
      "passed": true
    },
    {
      "name": "orthographic side-1 x1.29 z20.65 reveals actual lower-leg pixels where the rail obscures them",
      "passed": true
    },
    {
      "name": "orthographic side-1 x1.29 z20.65 preserves the exact reflection",
      "passed": true
    },
    {
      "name": "orthographic side-1 x1.29 z20.65 preserves the encoded solid shadow",
      "passed": true
    },
    {
      "name": "orthographic side1 x-1.29 z19.5 reveals actual lower-leg pixels where the rail obscures them",
      "passed": true
    },
    {
      "name": "orthographic side1 x-1.29 z19.5 preserves the exact reflection",
      "passed": true
    },
    {
      "name": "orthographic side1 x-1.29 z19.5 preserves the encoded solid shadow",
      "passed": true
    },
    {
      "name": "orthographic side1 x-1.29 z20.65 reveals actual lower-leg pixels where the rail obscures them",
      "passed": true
    },
    {
      "name": "orthographic side1 x-1.29 z20.65 preserves the exact reflection",
      "passed": true
    },
    {
      "name": "orthographic side1 x-1.29 z20.65 preserves the encoded solid shadow",
      "passed": true
    },
    {
      "name": "orthographic side1 x0 z19.5 reveals actual lower-leg pixels where the rail obscures them",
      "passed": true
    },
    {
      "name": "orthographic side1 x0 z19.5 preserves the exact reflection",
      "passed": true
    },
    {
      "name": "orthographic side1 x0 z19.5 preserves the encoded solid shadow",
      "passed": true
    },
    {
      "name": "orthographic side1 x0 z20.65 reveals actual lower-leg pixels where the rail obscures them",
      "passed": true
    },
    {
      "name": "orthographic side1 x0 z20.65 preserves the exact reflection",
      "passed": true
    },
    {
      "name": "orthographic side1 x0 z20.65 preserves the encoded solid shadow",
      "passed": true
    },
    {
      "name": "orthographic side1 x1.29 z19.5 reveals actual lower-leg pixels where the rail obscures them",
      "passed": true
    },
    {
      "name": "orthographic side1 x1.29 z19.5 preserves the exact reflection",
      "passed": true
    },
    {
      "name": "orthographic side1 x1.29 z19.5 preserves the encoded solid shadow",
      "passed": true
    },
    {
      "name": "orthographic side1 x1.29 z20.65 reveals actual lower-leg pixels where the rail obscures them",
      "passed": true
    },
    {
      "name": "orthographic side1 x1.29 z20.65 preserves the exact reflection",
      "passed": true
    },
    {
      "name": "orthographic side1 x1.29 z20.65 preserves the encoded solid shadow",
      "passed": true
    },
    {
      "name": "far rail stays pixel-identical behind the subject",
      "passed": true
    },
    {
      "name": "local rail effect stays off outside the span and Earth without GL errors",
      "passed": true
    },
    {
      "name": "actual submitted shoreline is bounded steep dressing, with no camera or cutaway authority",
      "passed": true
    },
    {
      "name": "flanking water has no navigation target",
      "passed": true
    },
    {
      "name": "production walk reaches (0, 27.5)",
      "passed": true
    },
    {
      "name": "production walk reaches (0, 10)",
      "passed": true
    },
    {
      "name": "production world disables the local aperture on the bank",
      "passed": true
    },
    {
      "name": "production walk reaches (0, 16)",
      "passed": true
    },
    {
      "name": "same explicit framing retains diorama style",
      "passed": true
    },
    {
      "name": "world cloud layer changes actual main framebuffer pixels",
      "passed": true
    },
    {
      "name": "same cloud layer changes actual reflected framebuffer pixels",
      "passed": true
    },
    {
      "name": "isolated Earth current/wake toggle changes actual pixels with clouds disabled",
      "passed": true
    },
    {
      "name": "combined current/cloud motion contributes actual pixels",
      "passed": true
    },
    {
      "name": "reduced-motion rendering freezes the added motion exactly",
      "passed": true
    },
    {
      "name": "low-quality water/cloud fallback remains rendered without GL errors",
      "passed": true
    },
    {
      "name": "perspective Earth optical profile changes actual same-time water pixels",
      "passed": true
    },
    {
      "name": "perspective authored mountain depth changes actual same-time main pixels",
      "passed": true
    },
    {
      "name": "perspective mountain depth also changes the actual reflected framebuffer",
      "passed": true
    },
    {
      "name": "orthographic Earth optical profile changes actual same-time water pixels",
      "passed": true
    },
    {
      "name": "orthographic authored mountain depth changes actual same-time main pixels",
      "passed": true
    },
    {
      "name": "orthographic mountain depth also changes the actual reflected framebuffer",
      "passed": true
    },
    {
      "name": "Earth optics and mountain-only haze do not change non-Earth pixels or leak GL errors",
      "passed": true
    },
    {
      "name": "R resets current diorama style",
      "passed": true
    },
    {
      "name": "V returns to saved third-person side orbit",
      "passed": true
    },
    {
      "name": "bridge sightseeing changes no XP, ownership, story or equipment",
      "passed": true
    },
    {
      "name": "reload resumes at acknowledged lake checkpoint preserving camera profiles",
      "passed": true
    },
    {
      "name": "bridge diagnostic is absent outside Earth",
      "passed": true
    },
    {
      "name": "production walk reaches (0, 23)",
      "passed": true
    },
    {
      "name": "entry remains explicit",
      "passed": true
    },
    {
      "name": "production walk reaches (0, 10)",
      "passed": true
    },
    {
      "name": "production walk reaches (0, 24)",
      "passed": true
    },
    {
      "name": "command-earned returning bow crosses without reward/history changes",
      "passed": true
    },
    {
      "name": "actual saved cutaway control can disable the local rail effect",
      "passed": true
    },
    {
      "name": "cutaway-off and both camera memories survive a whole-page reload",
      "passed": true
    },
    {
      "name": "production walk reaches (0, 23)",
      "passed": true
    },
    {
      "name": "entry remains explicit",
      "passed": true
    },
    {
      "name": "production walk reaches (0, 19.5)",
      "passed": true
    },
    {
      "name": "saved cutaway-off reaches the actual on-span renderer after reload",
      "passed": true
    },
    {
      "name": "reload preserves returning equipment and story owners",
      "passed": true
    },
    {
      "name": "all browser runtime errors remain visible and absent",
      "passed": true
    },
    {
      "name": "normal RAF page is visible",
      "passed": true
    },
    {
      "name": "ordinary RAF walking uses explicitly selected low graphics",
      "passed": true
    },
    {
      "name": "normal-time walk accepted (0, 23)",
      "passed": true
    },
    {
      "name": "normal-time walk arrives (0, 23)",
      "passed": true
    },
    {
      "name": "normal-time walk accepted (0, 16)",
      "passed": true
    },
    {
      "name": "normal-time walk arrives (0, 16)",
      "passed": true
    },
    {
      "name": "normal-time crossing move is accepted",
      "passed": true
    },
    {
      "name": "actual visible app RAF advances bridge position and submitted stride",
      "passed": true
    },
    {
      "name": "submitted local leg joints change during ordinary crossing",
      "passed": true
    },
    {
      "name": "normal app pause preserves bridge position and stride",
      "passed": true
    },
    {
      "name": "visible normal app resumes and reaches opposite bridge bank",
      "passed": true
    },
    {
      "name": "actual reduced-motion control reaches the bridge traveller",
      "passed": true
    },
    {
      "name": "normal-time walk accepted (0, 19.5)",
      "passed": true
    },
    {
      "name": "normal-time walk arrives (0, 19.5)",
      "passed": true
    },
    {
      "name": "normal and accelerated browser runtime errors are absent",
      "passed": true
    },
    {
      "name": "Coastward native page loads the exact generated source",
      "passed": true
    },
    {
      "name": "Coastward fixture is the exact recorded earned Chapter I source",
      "passed": true
    },
    {
      "name": "new Coastward source retains unassigned class and genuine earned reward",
      "passed": true
    },
    {
      "name": "native camera settings establish a nondefault 67 degree perspective FOV",
      "passed": true
    },
    {
      "name": "outside both bridge scenes actual bridge-view callback refuses without changing camera, position, pause or depth",
      "passed": true
    },
    {
      "name": "outside both bridge scenes refusal preserves every protected progression and item owner",
      "passed": true
    },
    {
      "name": "Coastward real supported setup walk reaches (18, 6)",
      "passed": true
    },
    {
      "name": "deliberate native Roads crossing enters earthlands",
      "passed": true
    },
    {
      "name": "arrival bank beyond the actual Coastward bridge extent actual bridge-view callback refuses without changing camera, position, pause or depth",
      "passed": true
    },
    {
      "name": "arrival bank beyond the actual Coastward bridge extent refusal preserves every protected progression and item owner",
      "passed": true
    },
    {
      "name": "native Coastward channel route starts an actual supported path",
      "passed": true
    },
    {
      "name": "channel reading is reached through actual walking diagnostics",
      "passed": true
    },
    {
      "name": "physical channel reading offers one visible optional side-view action",
      "passed": true
    },
    {
      "name": "Coastward reading dialog consumes camera exchange shortcut",
      "passed": true
    },
    {
      "name": "explicit Coastward framing keeps perspective preset and chosen FOV",
      "passed": true
    },
    {
      "name": "actual Coastward perspective side orbit uses the reviewed framing",
      "passed": true
    },
    {
      "name": "actual Coastward perspective camera retains finite submitted eye and target",
      "passed": true
    },
    {
      "name": "Coastward framing closes its deliberate pause and keeps player fixed",
      "passed": true
    },
    {
      "name": "Coastward side view grants no progression, equipment, inventory or class choice",
      "passed": true
    },
    {
      "name": "same Coastward action retains the exchanged diorama preset and FOV",
      "passed": true
    },
    {
      "name": "actual Coastward diorama side orbit uses the reviewed framing",
      "passed": true
    },
    {
      "name": "actual Coastward diorama camera retains finite submitted eye and target",
      "passed": true
    },
    {
      "name": "diorama framing keeps genuine progression and unassigned class intact",
      "passed": true
    },
    {
      "name": "R resets only the Coastward diorama using the existing camera defaults",
      "passed": true
    },
    {
      "name": "V restores the retained Coastward third-person side profile and chosen FOV",
      "passed": true
    },
    {
      "name": "ordinary Coastward bridge movement is accepted after the side-view choice",
      "passed": true
    },
    {
      "name": "visible ordinary app RAF still moves and articulates the Coastward traveler",
      "passed": true
    },
    {
      "name": "ordinary bridge route arrives without changing its camera preset or earned owners",
      "passed": true
    },
    {
      "name": "Coastward real supported setup walk reaches (0, 14)",
      "passed": true
    },
    {
      "name": "off-span Coastward map offers no sightseeing action",
      "passed": true
    },
    {
      "name": "far bank outside the full-supported Coastward bridge actual bridge-view callback refuses without changing camera, position, pause or depth",
      "passed": true
    },
    {
      "name": "far bank outside the full-supported Coastward bridge refusal preserves every protected progression and item owner",
      "passed": true
    },
    {
      "name": "returned home outside both bridge scenes actual bridge-view callback refuses without changing camera, position, pause or depth",
      "passed": true
    },
    {
      "name": "returned home outside both bridge scenes refusal preserves every protected progression and item owner",
      "passed": true
    },
    {
      "name": "Coastward real supported setup walk reaches (18, 6)",
      "passed": true
    },
    {
      "name": "deliberate native Roads crossing enters atlantis",
      "passed": true
    },
    {
      "name": "Coastward real supported setup walk reaches (8, -16)",
      "passed": true
    },
    {
      "name": "diving refusal uses genuine deliberate Atlantis gallery entry",
      "passed": true
    },
    {
      "name": "real Atlantis gallery while diving actual bridge-view callback refuses without changing camera, position, pause or depth",
      "passed": true
    },
    {
      "name": "real Atlantis gallery while diving refusal preserves every protected progression and item owner",
      "passed": true
    },
    {
      "name": "real gallery map offers no bridge side-view action",
      "passed": true
    },
    {
      "name": "Coastward and Atlantis sightseeing retain all earlier choices and items",
      "passed": true
    },
    {
      "name": "new bridge workflow stays loopback-only with all runtime errors absent",
      "passed": true
    }
  ],
  "errors": [],
  "browser_errors": [],
  "rail_visibility": {
    "method": "Original-color leg pixels match clear-rail reference; test-only ID color mask uses actual submitted shin/boot meshes. Translated actual pose is a synthetic boundary fixture, not player movement.",
    "cases": [
      {
        "projection": "perspective",
        "side": -1,
        "x": -1.29,
        "z": 19.5,
        "legReferencePixels": 120,
        "beforeLegPixels": 29,
        "afterLegPixels": 120,
        "revealed": 91,
        "missingBefore": 91,
        "reflectionChanged": 0,
        "shadowChanged": 0
      },
      {
        "projection": "perspective",
        "side": -1,
        "x": -1.29,
        "z": 20.65,
        "legReferencePixels": 120,
        "beforeLegPixels": 102,
        "afterLegPixels": 120,
        "revealed": 18,
        "missingBefore": 18,
        "reflectionChanged": 0,
        "shadowChanged": 0
      },
      {
        "projection": "perspective",
        "side": -1,
        "x": 0,
        "z": 19.5,
        "legReferencePixels": 120,
        "beforeLegPixels": 13,
        "afterLegPixels": 120,
        "revealed": 107,
        "missingBefore": 107,
        "reflectionChanged": 0,
        "shadowChanged": 0
      },
      {
        "projection": "perspective",
        "side": -1,
        "x": 0,
        "z": 20.65,
        "legReferencePixels": 120,
        "beforeLegPixels": 74,
        "afterLegPixels": 120,
        "revealed": 46,
        "missingBefore": 46,
        "reflectionChanged": 0,
        "shadowChanged": 0
      },
      {
        "projection": "perspective",
        "side": -1,
        "x": 1.29,
        "z": 19.5,
        "legReferencePixels": 120,
        "beforeLegPixels": 70,
        "afterLegPixels": 120,
        "revealed": 50,
        "missingBefore": 50,
        "reflectionChanged": 0,
        "shadowChanged": 0
      },
      {
        "projection": "perspective",
        "side": -1,
        "x": 1.29,
        "z": 20.65,
        "legReferencePixels": 120,
        "beforeLegPixels": 120,
        "afterLegPixels": 120,
        "revealed": 0,
        "missingBefore": 0,
        "reflectionChanged": 0,
        "shadowChanged": 0
      },
      {
        "projection": "perspective",
        "side": 1,
        "x": -1.29,
        "z": 19.5,
        "legReferencePixels": 120,
        "beforeLegPixels": 70,
        "afterLegPixels": 120,
        "revealed": 50,
        "missingBefore": 50,
        "reflectionChanged": 0,
        "shadowChanged": 0
      },
      {
        "projection": "perspective",
        "side": 1,
        "x": -1.29,
        "z": 20.65,
        "legReferencePixels": 120,
        "beforeLegPixels": 120,
        "afterLegPixels": 120,
        "revealed": 0,
        "missingBefore": 0,
        "reflectionChanged": 0,
        "shadowChanged": 0
      },
      {
        "projection": "perspective",
        "side": 1,
        "x": 0,
        "z": 19.5,
        "legReferencePixels": 120,
        "beforeLegPixels": 13,
        "afterLegPixels": 120,
        "revealed": 107,
        "missingBefore": 107,
        "reflectionChanged": 0,
        "shadowChanged": 0
      },
      {
        "projection": "perspective",
        "side": 1,
        "x": 0,
        "z": 20.65,
        "legReferencePixels": 120,
        "beforeLegPixels": 74,
        "afterLegPixels": 120,
        "revealed": 46,
        "missingBefore": 46,
        "reflectionChanged": 0,
        "shadowChanged": 0
      },
      {
        "projection": "perspective",
        "side": 1,
        "x": 1.29,
        "z": 19.5,
        "legReferencePixels": 120,
        "beforeLegPixels": 29,
        "afterLegPixels": 120,
        "revealed": 91,
        "missingBefore": 91,
        "reflectionChanged": 0,
        "shadowChanged": 0
      },
      {
        "projection": "perspective",
        "side": 1,
        "x": 1.29,
        "z": 20.65,
        "legReferencePixels": 120,
        "beforeLegPixels": 102,
        "afterLegPixels": 120,
        "revealed": 18,
        "missingBefore": 18,
        "reflectionChanged": 0,
        "shadowChanged": 0
      },
      {
        "projection": "orthographic",
        "side": -1,
        "x": -1.29,
        "z": 19.5,
        "legReferencePixels": 119,
        "beforeLegPixels": 30,
        "afterLegPixels": 119,
        "revealed": 89,
        "missingBefore": 89,
        "reflectionChanged": 0,
        "shadowChanged": 0
      },
      {
        "projection": "orthographic",
        "side": -1,
        "x": -1.29,
        "z": 20.65,
        "legReferencePixels": 119,
        "beforeLegPixels": 93,
        "afterLegPixels": 119,
        "revealed": 26,
        "missingBefore": 26,
        "reflectionChanged": 0,
        "shadowChanged": 0
      },
      {
        "projection": "orthographic",
        "side": -1,
        "x": 0,
        "z": 19.5,
        "legReferencePixels": 119,
        "beforeLegPixels": 67,
        "afterLegPixels": 118,
        "revealed": 51,
        "missingBefore": 52,
        "reflectionChanged": 0,
        "shadowChanged": 0
      },
      {
        "projection": "orthographic",
        "side": -1,
        "x": 0,
        "z": 20.65,
        "legReferencePixels": 119,
        "beforeLegPixels": 99,
        "afterLegPixels": 118,
        "revealed": 19,
        "missingBefore": 20,
        "reflectionChanged": 0,
        "shadowChanged": 0
      },
      {
        "projection": "orthographic",
        "side": -1,
        "x": 1.29,
        "z": 19.5,
        "legReferencePixels": 119,
        "beforeLegPixels": 119,
        "afterLegPixels": 119,
        "revealed": 0,
        "missingBefore": 0,
        "reflectionChanged": 0,
        "shadowChanged": 0
      },
      {
        "projection": "orthographic",
        "side": -1,
        "x": 1.29,
        "z": 20.65,
        "legReferencePixels": 119,
        "beforeLegPixels": 119,
        "afterLegPixels": 119,
        "revealed": 0,
        "missingBefore": 0,
        "reflectionChanged": 0,
        "shadowChanged": 0
      },
      {
        "projection": "orthographic",
        "side": 1,
        "x": -1.29,
        "z": 19.5,
        "legReferencePixels": 119,
        "beforeLegPixels": 119,
        "afterLegPixels": 119,
        "revealed": 0,
        "missingBefore": 0,
        "reflectionChanged": 0,
        "shadowChanged": 0
      },
      {
        "projection": "orthographic",
        "side": 1,
        "x": -1.29,
        "z": 20.65,
        "legReferencePixels": 119,
        "beforeLegPixels": 119,
        "afterLegPixels": 119,
        "revealed": 0,
        "missingBefore": 0,
        "reflectionChanged": 0,
        "shadowChanged": 0
      },
      {
        "projection": "orthographic",
        "side": 1,
        "x": 0,
        "z": 19.5,
        "legReferencePixels": 119,
        "beforeLegPixels": 67,
        "afterLegPixels": 118,
        "revealed": 51,
        "missingBefore": 52,
        "reflectionChanged": 0,
        "shadowChanged": 0
      },
      {
        "projection": "orthographic",
        "side": 1,
        "x": 0,
        "z": 20.65,
        "legReferencePixels": 119,
        "beforeLegPixels": 99,
        "afterLegPixels": 118,
        "revealed": 19,
        "missingBefore": 20,
        "reflectionChanged": 0,
        "shadowChanged": 0
      },
      {
        "projection": "orthographic",
        "side": 1,
        "x": 1.29,
        "z": 19.5,
        "legReferencePixels": 119,
        "beforeLegPixels": 31,
        "afterLegPixels": 119,
        "revealed": 88,
        "missingBefore": 88,
        "reflectionChanged": 0,
        "shadowChanged": 0
      },
      {
        "projection": "orthographic",
        "side": 1,
        "x": 1.29,
        "z": 20.65,
        "legReferencePixels": 119,
        "beforeLegPixels": 94,
        "afterLegPixels": 119,
        "revealed": 25,
        "missingBefore": 25,
        "reflectionChanged": 0,
        "shadowChanged": 0
      }
    ],
    "farRailChanged": 0,
    "outsideSpanChanged": 0,
    "nonEarthChanged": 0,
    "glError": 0
  },
  "framebuffer": {
    "cloudMain": 293196,
    "cloudReflection": 873815,
    "earthCurrentPixels": 144265,
    "motion": 243369,
    "frozen": 0,
    "lowNonBlack": 491520,
    "glError": 0,
    "reflection": {
      "method": "world-plane P*V*H",
      "height": 0.01,
      "horizontalFlip": false
    },
    "meshes": {
      "drawCalls": 6,
      "texturedDrawCalls": 0,
      "texturedInstances": 0,
      "surfaceMaterials": {
        "version": 1,
        "id": "earth-weathered-timber-v1",
        "status": "loading",
        "ready": false,
        "error": null,
        "width": 512,
        "height": 512,
        "colorFormat": "SRGB8_ALPHA8",
        "roughnessFormat": "R8",
        "textureBytes": 0,
        "mipmapBytes": 0,
        "totalTextureBytes": 0,
        "decodedImageBytes": 0,
        "decodeWallMs": 0,
        "uploadCpuMs": 0,
        "timingScope": "CPU wall-clock; decode includes asynchronous wait; upload excludes GPU completion",
        "memoryScope": "Estimated texture storage; excludes driver overhead; decodedImageBytes is peak RGBA decoder storage, released after upload",
        "enabled": true
      },
      "instances": 372,
      "triangles": 16808
    }
  },
  "optical_profile": {
    "views": [
      {
        "projection": "perspective",
        "waterPixels": 235427,
        "mountainPixels": 115126,
        "reflectedMountainPixels": 143263
      },
      {
        "projection": "orthographic",
        "waterPixels": 429088,
        "mountainPixels": 13587,
        "reflectedMountainPixels": 34178
      }
    ],
    "nonEarthPixels": 0,
    "glError": 0
  },
  "returning_fixture": {
    "path": "docs\\evidence\\classes\\HUNTER_SOURCE.json",
    "sha256": "405247931795051c08a1daaedf47aeda7c13df7c72080ec625b00d42f41989f6",
    "label": "command-earned bow checkpoint"
  },
  "normal_raf": [
    {
      "stamp": 27975.8,
      "elapsed": 0,
      "z": 16.32,
      "phase": 5.817764173314432,
      "blend": 0.8254272044526364,
      "time": 8.58269999999999,
      "leftFoot": [
        -0.115,
        0.06299999999999989,
        0.1414992315881706
      ],
      "rightFoot": [
        0.115,
        0.1322127529493789,
        -0.021499231588170617
      ],
      "visible": "visible",
      "paused": false
    },
    {
      "stamp": 28375.8,
      "elapsed": 400,
      "z": 16.64,
      "phase": 1.0239264945033408,
      "blend": 0.9647543604423942,
      "time": 8.68269999999999,
      "leftFoot": [
        -0.115,
        0.06299999999999989,
        -0.12129125333324975
      ],
      "rightFoot": [
        0.115,
        0.09039300492434127,
        0.24129125333324974
      ],
      "visible": "visible",
      "paused": false
    },
    {
      "stamp": 28759.1,
      "elapsed": 783.2999999999993,
      "z": 16.96,
      "phase": 2.5132741228718367,
      "blend": 0.9928840280988247,
      "time": 8.78269999999999,
      "leftFoot": [
        -0.115,
        0.13123435847680304,
        -0.06839256956971124
      ],
      "rightFoot": [
        0.115,
        0.063,
        0.18839256956971123
      ],
      "visible": "visible",
      "paused": false
    },
    {
      "stamp": 29292.4,
      "elapsed": 1316.6000000000022,
      "z": 17.28,
      "phase": 4.002621751240333,
      "blend": 0.9985633100510048,
      "time": 8.88269999999999,
      "leftFoot": [
        -0.115,
        0.10752493953861247,
        0.22663324359164946
      ],
      "rightFoot": [
        0.115,
        0.063,
        -0.10663324359164947
      ],
      "visible": "visible",
      "paused": false
    },
    {
      "stamp": 29325.7,
      "elapsed": 1349.9000000000015,
      "z": 17.38656,
      "phase": 4.498574511487033,
      "blend": 0.9991567216442692,
      "time": 8.915999999999988,
      "leftFoot": [
        -0.115,
        0.06772355330318686,
        0.2748090036044747
      ],
      "rightFoot": [
        0.115,
        0.06300000000000011,
        -0.1548090036044747
      ],
      "visible": "visible",
      "paused": false
    },
    {
      "stamp": 29659.1,
      "elapsed": 1683.2999999999993,
      "z": 17.70656,
      "phase": 5.987922139855529,
      "blend": 0.9998297450362776,
      "time": 9.015999999999988,
      "leftFoot": [
        -0.115,
        0.06299999999999989,
        0.12400726119509303
      ],
      "rightFoot": [
        0.115,
        0.15909264289119046,
        -0.004007261195093023
      ],
      "visible": "visible",
      "paused": false
    },
    {
      "stamp": 29675.8,
      "elapsed": 1700,
      "z": 17.76,
      "phase": 6.236643193793077,
      "blend": 0.9998696664283157,
      "time": 9.032699999999988,
      "leftFoot": [
        -0.115,
        0.063,
        0.07023423464527828
      ],
      "rightFoot": [
        0.115,
        0.16775906110675715,
        0.049765765354721714
      ],
      "visible": "visible",
      "paused": false
    },
    {
      "stamp": 29825.7,
      "elapsed": 1849.9000000000015,
      "z": 18.080000000000002,
      "phase": 1.4428055149819858,
      "blend": 0.9999736861056991,
      "time": 9.132699999999987,
      "leftFoot": [
        -0.115,
        0.063,
        -0.15819473563478068
      ],
      "rightFoot": [
        0.115,
        0.0647106559629948,
        0.2781947356347807
      ],
      "visible": "visible",
      "paused": false
    },
    {
      "stamp": 29842.4,
      "elapsed": 1866.6000000000022,
      "z": 18.133440000000004,
      "phase": 1.6915265689195333,
      "blend": 0.9999798561888936,
      "time": 9.149399999999988,
      "leftFoot": [
        -0.115,
        0.06452300597025756,
        -0.15839421011591445
      ],
      "rightFoot": [
        0.115,
        0.063,
        0.2783942101159145
      ],
      "visible": "visible",
      "paused": false
    },
    {
      "stamp": 29992.4,
      "elapsed": 2016.6000000000022,
      "z": 18.453440000000004,
      "phase": 3.1808741972880292,
      "blend": 0.9999959330346785,
      "time": 9.249399999999987,
      "leftFoot": [
        -0.115,
        0.16783763777817778,
        0.06863968217169411
      ],
      "rightFoot": [
        0.115,
        0.063,
        0.051360317828305885
      ],
      "visible": "visible",
      "paused": false
    },
    {
      "stamp": 30159.1,
      "elapsed": 2183.2999999999993,
      "z": 18.773440000000004,
      "phase": 4.670221825656525,
      "blend": 0.9999991788938628,
      "time": 9.349399999999987,
      "leftFoot": [
        -0.115,
        0.06318658645797864,
        0.27980426091302485
      ],
      "rightFoot": [
        0.115,
        0.063,
        -0.15980426091302485
      ],
      "visible": "visible",
      "paused": false
    },
    {
      "stamp": 30309,
      "elapsed": 2333.2000000000007,
      "z": 19.093440000000005,
      "phase": 6.159569454025021,
      "blend": 0.99999983422153,
      "time": 9.449399999999986,
      "leftFoot": [
        -0.115,
        0.063,
        0.08712627427006409
      ],
      "rightFoot": [
        0.115,
        0.1664036465981194,
        0.03287372572993591
      ],
      "visible": "visible",
      "paused": false
    },
    {
      "stamp": 30475.7,
      "elapsed": 2499.9000000000015,
      "z": 19.413440000000005,
      "phase": 1.3657317752139306,
      "blend": 0.9999999665299042,
      "time": 9.549399999999986,
      "leftFoot": [
        -0.115,
        0.063,
        -0.15539051800834847
      ],
      "rightFoot": [
        0.115,
        0.0673538587982026,
        0.27539051800834846
      ],
      "visible": "visible",
      "paused": false
    },
    {
      "stamp": 30625.7,
      "elapsed": 2649.9000000000015,
      "z": 19.733440000000005,
      "phase": 2.8550794035824265,
      "blend": 0.9999999932425042,
      "time": 9.649399999999986,
      "leftFoot": [
        -0.115,
        0.1596138554345103,
        -0.0021740536822934184
      ],
      "rightFoot": [
        0.115,
        0.06300000000000011,
        0.12217405368229342
      ],
      "visible": "visible",
      "paused": false
    },
    {
      "stamp": 30775.8,
      "elapsed": 2800,
      "z": 20.053440000000005,
      "phase": 4.344427031950922,
      "blend": 0.9999999986356851,
      "time": 9.749399999999985,
      "leftFoot": [
        -0.115,
        0.0765864285971874,
        0.2652737276564286
      ],
      "rightFoot": [
        0.115,
        0.06299999999999989,
        -0.14527372765642863
      ],
      "visible": "visible",
      "paused": false
    },
    {
      "stamp": 31075.7,
      "elapsed": 3099.9000000000015,
      "z": 20.373440000000006,
      "phase": 5.833774660319419,
      "blend": 0.9999999997245496,
      "time": 9.849399999999985,
      "leftFoot": [
        -0.115,
        0.063,
        0.15557565097419346
      ],
      "rightFoot": [
        0.115,
        0.1481829745274002,
        -0.035575650974193476
      ],
      "visible": "visible",
      "paused": false
    },
    {
      "stamp": 31225.7,
      "elapsed": 3249.9000000000015,
      "z": 20.693440000000006,
      "phase": 1.039936981508328,
      "blend": 0.9999999999443875,
      "time": 9.949399999999985,
      "leftFoot": [
        -0.115,
        0.063,
        -0.1297219113340958
      ],
      "rightFoot": [
        0.115,
        0.08991296729916592,
        0.2497219113340958
      ],
      "visible": "visible",
      "paused": false
    },
    {
      "stamp": 31509,
      "elapsed": 3533.2000000000007,
      "z": 21.013440000000006,
      "phase": 2.529284609876824,
      "blend": 0.999999999988772,
      "time": 10.049399999999984,
      "leftFoot": [
        -0.115,
        0.13331362462557222,
        -0.06644669752400637
      ],
      "rightFoot": [
        0.115,
        0.063,
        0.18644669752400636
      ],
      "visible": "visible",
      "paused": false
    },
    {
      "stamp": 31525.7,
      "elapsed": 3549.9000000000015,
      "z": 21.06688000000001,
      "phase": 2.7780056638143713,
      "blend": 0.9999999999914048,
      "time": 10.066099999999985,
      "leftFoot": [
        -0.115,
        0.1547204405996278,
        -0.018238382672007586
      ],
      "rightFoot": [
        0.115,
        0.063,
        0.13823838267200758
      ],
      "visible": "visible",
      "paused": false
    },
    {
      "stamp": 31659,
      "elapsed": 3683.2000000000007,
      "z": 21.38688000000001,
      "phase": 4.267353292182867,
      "blend": 0.9999999999982646,
      "time": 10.166099999999984,
      "leftFoot": [
        -0.115,
        0.08245878057982031,
        0.2585709665614525
      ],
      "rightFoot": [
        0.115,
        0.063,
        -0.13857096656145249
      ],
      "visible": "visible",
      "paused": false
    },
    {
      "stamp": 31675.6,
      "elapsed": 3699.7999999999993,
      "z": 21.440000000000005,
      "phase": 4.51458499849202,
      "blend": 0.9999999999986694,
      "time": 10.182699999999983,
      "leftFoot": [
        -0.115,
        0.06705497167133306,
        0.27571010906602933
      ],
      "rightFoot": [
        0.115,
        0.063,
        -0.15571010906602933
      ],
      "visible": "visible",
      "paused": false
    },
    {
      "stamp": 31925.7,
      "elapsed": 3949.9000000000015,
      "z": 21.760000000000005,
      "phase": 6.003932626860516,
      "blend": 0.9999999999997313,
      "time": 10.282699999999982,
      "leftFoot": [
        -0.115,
        0.06300000000000011,
        0.12064021827971877
      ],
      "rightFoot": [
        0.115,
        0.16002252504818754,
        -0.0006402182797187739
      ],
      "visible": "visible",
      "paused": false
    },
    {
      "stamp": 31942.3,
      "elapsed": 3966.5,
      "z": 21.81312,
      "phase": 6.251164333169669,
      "blend": 0.9999999999997939,
      "time": 10.299299999999981,
      "leftFoot": [
        -0.115,
        0.063,
        0.0670434104865026
      ],
      "rightFoot": [
        0.115,
        0.16789237579988453,
        0.052956589513497396
      ],
      "visible": "visible",
      "paused": false
    },
    {
      "stamp": 32192.3,
      "elapsed": 4216.5,
      "z": 22.13312,
      "phase": 1.457326654358578,
      "blend": 0.9999999999999584,
      "time": 10.39929999999998,
      "leftFoot": [
        -0.115,
        0.063,
        -0.15858522863080446
      ],
      "rightFoot": [
        0.115,
        0.06434612131329692,
        0.27858522863080437
      ],
      "visible": "visible",
      "paused": false
    },
    {
      "stamp": 32209,
      "elapsed": 4233.200000000001,
      "z": 22.186560000000004,
      "phase": 1.7060477082961256,
      "blend": 0.9999999999999681,
      "time": 10.41599999999998,
      "leftFoot": [
        -0.115,
        0.06490907472697766,
        -0.1579908426039511
      ],
      "rightFoot": [
        0.115,
        0.063,
        0.2779908426039511
      ],
      "visible": "visible",
      "paused": false
    },
    {
      "stamp": 32325.6,
      "elapsed": 4349.799999999999,
      "z": 22.506560000000004,
      "phase": 3.1953953366646215,
      "blend": 0.9999999999999936,
      "time": 10.51599999999998,
      "leftFoot": [
        -0.115,
        0.1676963466535915,
        0.07183088048333074
      ],
      "rightFoot": [
        0.115,
        0.06299999999999989,
        0.048169119516669266
      ],
      "visible": "visible",
      "paused": false
    },
    {
      "stamp": 32459,
      "elapsed": 4483.200000000001,
      "z": 22.826560000000004,
      "phase": 4.684742965033117,
      "blend": 0.9999999999999987,
      "time": 10.61599999999998,
      "leftFoot": [
        -0.115,
        0.06308023128386647,
        0.279915932116513
      ],
      "rightFoot": [
        0.115,
        0.063,
        -0.15991593211651303
      ],
      "visible": "visible",
      "paused": false
    },
    {
      "stamp": 32592.3,
      "elapsed": 4616.5,
      "z": 23.146560000000004,
      "phase": 6.174090593401614,
      "blend": 0.9999999999999998,
      "time": 10.71599999999998,
      "leftFoot": [
        -0.115,
        0.063,
        0.08395325706736093
      ],
      "rightFoot": [
        0.115,
        0.16675527592904577,
        0.036046742932639056
      ],
      "visible": "visible",
      "paused": false
    },
    {
      "stamp": 32725.6,
      "elapsed": 4749.799999999999,
      "z": 23.466560000000005,
      "phase": 1.380252914590523,
      "blend": 1,
      "time": 10.81599999999998,
      "leftFoot": [
        -0.115,
        0.06300000000000011,
        -0.15601832161855533
      ],
      "rightFoot": [
        0.115,
        0.06676629950693697,
        0.27601832161855533
      ],
      "visible": "visible",
      "paused": false
    },
    {
      "stamp": 32859,
      "elapsed": 4883.200000000001,
      "z": 23.786560000000005,
      "phase": 2.869600542959019,
      "blend": 1,
      "time": 10.915999999999979,
      "leftFoot": [
        -0.115,
        0.16042180599905503,
        0.0008968142309179333
      ],
      "rightFoot": [
        0.115,
        0.06299999999999989,
        0.11910318576908208
      ],
      "visible": "visible",
      "paused": false
    }
  ],
  "coastward": {
    "method": "Native isolated loopback; unassigned command-earned Chapter I restore; accelerated real-path setup, real reading/menu clicks, ordinary visible app RAF bridge stride; no position edits or grants.",
    "external_requests": [],
    "fixture": {
      "path": "examples\\CHAPTER_COMPLETED_EARNED.json",
      "sha256": "27cb70f57c3584f7de69f667544c8215c6fbc5f7f3d45d7fb7bc241f1cabce49",
      "label": "command-earned Chapter I completed, no assigned class"
    },
    "third_camera": {
      "yaw": 4.71238898038469,
      "elevation": 0.14,
      "half": 17,
      "distance": 14.5,
      "actualDistance": 14.499999999999998,
      "fov": 67,
      "center": [
        0,
        3.0700000000000003,
        55
      ],
      "overview": false,
      "preset": "adventure",
      "tour": false,
      "ready": true,
      "projection": "perspective",
      "eye": [
        -14.358131945083237,
        5.093375162341429,
        55
      ],
      "target": [
        0,
        3.0700000000000003,
        55
      ]
    },
    "diorama_camera": {
      "yaw": 4.71238898038469,
      "elevation": 0.39,
      "half": 9,
      "distance": 14.5,
      "actualDistance": 14.499999999999998,
      "fov": 67,
      "center": [
        0,
        2.1700131125533493,
        55
      ],
      "overview": false,
      "preset": "follow",
      "tour": false,
      "ready": true,
      "baseHalf": 17,
      "zoom": 0.5294117647058824,
      "projection": "orthographic",
      "eye": [
        -69.36817948929848,
        30.684144246790456,
        54.999999999999986
      ],
      "target": [
        0,
        2.1700131125533493,
        55
      ]
    },
    "ordinary_stride": [
      {
        "stamp": 12209,
        "player": {
          "x": 0,
          "z": 54.68,
          "yaw": 3.141592653589793
        },
        "motion": {
          "phase": 1.4893476283684959,
          "blend": 0.7981034820053446,
          "lastX": 0,
          "lastZ": 54.68,
          "lastTime": 24.550000000000207,
          "scene": "world-earthlands",
          "time": 24.550000000000207,
          "paused": false,
          "reducedMotion": false
        },
        "visible": "visible",
        "paused": false
      },
      {
        "stamp": 12409,
        "player": {
          "x": 0,
          "z": 54.36,
          "yaw": 3.141592653589793
        },
        "motion": {
          "phase": 2.9786952567369918,
          "blend": 0.9592377960216338,
          "lastX": 0,
          "lastZ": 54.36,
          "lastTime": 24.650000000000208,
          "scene": "world-earthlands",
          "time": 24.650000000000208,
          "paused": false,
          "reducedMotion": false
        },
        "visible": "visible",
        "paused": false
      },
      {
        "stamp": 12492.4,
        "player": {
          "x": 0,
          "z": 54.09312,
          "yaw": 3.141592653589793
        },
        "motion": {
          "phase": 4.2208111787963185,
          "blend": 0.9892666546979214,
          "lastX": 0,
          "lastZ": 54.09312,
          "lastTime": 24.73340000000021,
          "scene": "world-earthlands",
          "time": 24.73340000000021,
          "paused": false,
          "reducedMotion": false
        },
        "visible": "visible",
        "paused": false
      },
      {
        "stamp": 12509,
        "player": {
          "x": 0,
          "z": 54.04,
          "yaw": 3.141592653589793
        },
        "motion": {
          "phase": 4.468042885105488,
          "blend": 0.9917702529509802,
          "lastX": 0,
          "lastZ": 54.04,
          "lastTime": 24.75000000000021,
          "scene": "world-earthlands",
          "time": 24.75000000000021,
          "paused": false,
          "reducedMotion": false
        },
        "visible": "visible",
        "paused": false
      },
      {
        "stamp": 12575.6,
        "player": {
          "x": 0,
          "z": 53.826879999999996,
          "yaw": 3.141592653589793
        },
        "motion": {
          "phase": 5.459948405598921,
          "blend": 0.9971646786577798,
          "lastX": 0,
          "lastZ": 53.826879999999996,
          "lastTime": 24.81660000000021,
          "scene": "world-earthlands",
          "time": 24.81660000000021,
          "paused": false,
          "reducedMotion": false
        },
        "visible": "visible",
        "paused": false
      },
      {
        "stamp": 12642.4,
        "player": {
          "x": 0,
          "z": 53.613119999999995,
          "yaw": 3.141592653589793
        },
        "motion": {
          "phase": 0.1716473141694923,
          "blend": 0.9990262928822469,
          "lastX": 0,
          "lastZ": 53.613119999999995,
          "lastTime": 24.88340000000021,
          "scene": "world-earthlands",
          "time": 24.88340000000021,
          "paused": false,
          "reducedMotion": false
        },
        "visible": "visible",
        "paused": false
      },
      {
        "stamp": 12709,
        "player": {
          "x": 0,
          "z": 53.39999999999999,
          "yaw": 3.141592653589793
        },
        "motion": {
          "phase": 1.163552834662926,
          "blend": 0.9996645373720975,
          "lastX": 0,
          "lastZ": 53.39999999999999,
          "lastTime": 24.950000000000212,
          "scene": "world-earthlands",
          "time": 24.950000000000212,
          "paused": false,
          "reducedMotion": false
        },
        "visible": "visible",
        "paused": false
      },
      {
        "stamp": 12775.7,
        "player": {
          "x": 0,
          "z": 53.186559999999986,
          "yaw": 3.141592653589793
        },
        "motion": {
          "phase": 2.1569477027847377,
          "blend": 0.9998846108235635,
          "lastX": 0,
          "lastZ": 53.186559999999986,
          "lastTime": 25.016700000000213,
          "scene": "world-earthlands",
          "time": 25.016700000000213,
          "paused": false,
          "reducedMotion": false
        },
        "visible": "visible",
        "paused": false
      },
      {
        "stamp": 12842.3,
        "player": {
          "x": 0,
          "z": 52.97343999999999,
          "yaw": 3.141592653589793
        },
        "motion": {
          "phase": 3.1488532232781385,
          "blend": 0.9999602459963031,
          "lastX": 0,
          "lastZ": 52.97343999999999,
          "lastTime": 25.08330000000021,
          "scene": "world-earthlands",
          "time": 25.08330000000021,
          "paused": false,
          "reducedMotion": false
        },
        "visible": "visible",
        "paused": false
      },
      {
        "stamp": 12909,
        "player": {
          "x": 0,
          "z": 52.759999999999984,
          "yaw": 3.141592653589793
        },
        "motion": {
          "phase": 4.14224809139995,
          "blend": 0.9999863258039343,
          "lastX": 0,
          "lastZ": 52.759999999999984,
          "lastTime": 25.15000000000021,
          "scene": "world-earthlands",
          "time": 25.15000000000021,
          "paused": false,
          "reducedMotion": false
        },
        "visible": "visible",
        "paused": false
      },
      {
        "stamp": 12975.7,
        "player": {
          "x": 0,
          "z": 52.54655999999998,
          "yaw": 3.141592653589793
        },
        "motion": {
          "phase": 5.135642959521762,
          "blend": 0.9999952964828532,
          "lastX": 0,
          "lastZ": 52.54655999999998,
          "lastTime": 25.216700000000213,
          "scene": "world-earthlands",
          "time": 25.216700000000213,
          "paused": false,
          "reducedMotion": false
        },
        "visible": "visible",
        "paused": false
      },
      {
        "stamp": 13025.6,
        "player": {
          "x": 0,
          "z": 52.38687999999998,
          "yaw": 3.141592653589793
        },
        "motion": {
          "phase": 5.878827426077648,
          "blend": 0.9999978831893237,
          "lastX": 0,
          "lastZ": 52.38687999999998,
          "lastTime": 25.266600000000214,
          "scene": "world-earthlands",
          "time": 25.266600000000214,
          "paused": false,
          "reducedMotion": false
        },
        "visible": "visible",
        "paused": false
      }
    ]
  },
  "passed": true
}
