PASS served production HTML matches the checked-out artifact
PASS native scheduling runs without test or capture mode
PASS browser uses software SwiftShader WebGL2
PASS production save validation accepts the earned fixture into an import preview
PASS production import preview explicitly adds a new slot without replacement
PASS earned Chapter I import retains bond, reward and unassigned class
PASS real Roads walk reaches the existing five-light gate
PASS actual production caller submits the bounded 140 woodland and 177 settlement records
PASS actual instance matrices, transformed meshes and renderer VAOs are finite and supported
PASS actual scenery creates no camera or collision authority
PASS actual tree/cutaway ownership remains distinct from building cutaway
PASS actual canopy contains mixed supported meshes and no old stacked cones
PASS all thirteen existing authoritative parent boxes remain unchanged and camera-solid
PASS actual low roots are grounded and stay within their reserved parent margin
PASS actual roof shells rest above the unchanged solid wall tops
PASS actual submitted scenery clears every authored full-body route including conservative wind
PASS actual submitted scenery clears local actor/objective and accepted trail anchors
PASS normal route reaches channel-view alive and on supported dry ground
PASS woodland-third has positive actual pixel contribution from woodland
PASS woodland-third single-frame ablation restores all batches, writer, state, camera and collision
PASS woodland-diorama has positive actual pixel contribution from woodland
PASS woodland-diorama single-frame ablation restores all batches, writer, state, camera and collision
PASS woodland real V changes projection while preserving character and progression
PASS normal route reaches field-water alive and on supported dry ground
PASS normal route reaches delivery-register alive and on supported dry ground
PASS settlement-third has positive actual pixel contribution from settlement
PASS settlement-third single-frame ablation restores all batches, writer, state, camera and collision
PASS settlement-diorama has positive actual pixel contribution from settlement
PASS settlement-diorama single-frame ablation restores all batches, writer, state, camera and collision
PASS settlement real V changes projection while preserving character and progression
PASS ordinary scenery outing adds no gear, inventory, class, quest, reward or companion grant
PASS actual free home control returns to the saved five-light checkpoint
PASS actual application and WebGL report no errors
