PASS fresh-blade exact assembled HTML loads
PASS fresh-blade native import adds separate complete earned character
PASS fresh-blade crosses through visible saved-checkpoint terms
PASS fresh-blade terms expose route danger rewards choices and binding cost
PASS fresh-blade reading never accepts or spends
PASS fresh-blade visible route Rill
PASS fresh-blade explicit acceptance preserves campaign and equipment
PASS fresh-blade switching restores the living-road tracker
PASS fresh-blade accepted expedition durable before closing
PASS fresh-blade exact assembled HTML loads
PASS fresh-blade whole Chromium restart retains accepted expedition
PASS fresh-blade restored active tracker stays deliberate
PASS fresh-blade player can switch back to Story
PASS fresh-blade Living road button restores deliberate tracking
PASS fresh-blade crosses through visible saved-checkpoint terms
PASS fresh-blade visible route Read the camp load board
PASS fresh-blade visible field action assess-load
PASS fresh-blade visible route material preparation
PASS fresh-blade deliberate allocation persists
PASS fresh-blade chosen supply and partial work durable before closing
PASS fresh-blade exact assembled HTML loads
PASS fresh-blade whole Chromium restart retains chosen supply and partial work
PASS fresh-blade restored active tracker stays deliberate
PASS fresh-blade crosses through visible saved-checkpoint terms
PASS fresh-blade visible route Check the wetland watercourse
PASS fresh-blade visible field action read-water
PASS fresh-blade visible route Clear the crossing infestation
PASS fresh-blade accepted phase owns actual enemy
PASS fresh-blade actual walk earth-stormfall-crossing-v1 approach
PASS fresh-blade Tab selects earth-stormfall-crossing-v1
PASS fresh-blade actual AI tell occurs
PASS fresh-blade muted visible tell invites Brace or movement
PASS fresh-blade visible Brace arms mitigation
PASS fresh-blade visible autoattack enables stationary intent
PASS fresh-blade real impacts record accepted defeat
PASS fresh-blade quest combat grants no legacy loot
PASS fresh-blade accepted production target-clear
PASS fresh-blade visible route Read the living root anchor
PASS fresh-blade visible field action read-root-load
PASS fresh-blade visible route Clear the root-bank infestation
PASS fresh-blade accepted phase owns actual enemy
PASS fresh-blade actual walk earth-stormfall-root-v1 approach
PASS fresh-blade Tab selects earth-stormfall-root-v1
PASS fresh-blade actual AI tell occurs
PASS fresh-blade muted visible tell invites Brace or movement
PASS fresh-blade explicit frame makes actual foe feet/body clear of HUD at FOV 45
PASS fresh-blade framing preserves actual combat/player/inventory 45
PASS fresh-blade explicit frame makes actual foe feet/body clear of HUD at FOV 60
PASS fresh-blade framing preserves actual combat/player/inventory 60
PASS fresh-blade explicit frame makes actual foe feet/body clear of HUD at FOV 80
PASS fresh-blade framing preserves actual combat/player/inventory 80
PASS fresh-blade subsequent player-follow render never chases target yaw
PASS fresh-blade manual camera rotation remains available
PASS fresh-blade actual threat names grounded bank sweep
PASS fresh-blade real locked-lane pixels follow normal
PASS fresh-blade real locked-lane pixels follow reduced
PASS fresh-blade real locked-lane pixels adventure normal
PASS fresh-blade real locked-lane pixels adventure reduced
PASS fresh-blade actual supported lateral movement avoids committed contact
PASS fresh-blade second real tell remains available for Brace
PASS fresh-blade visible Brace arms mitigation
PASS fresh-blade visible autoattack enables stationary intent
PASS fresh-blade real impacts record accepted defeat
PASS fresh-blade quest combat grants no legacy loot
PASS fresh-blade saved defeat has correct finite/repeat worksite consequence
PASS fresh-blade accepted production target-clear
PASS fresh-blade visible route Fit the alternate route brace
PASS fresh-blade visible field action brace-root-channel
PASS fresh-blade visible route Deliver the chosen allocation
PASS fresh-blade visible field action deliver-allocation
PASS fresh-blade objectives complete and unpaid durable before closing
PASS fresh-blade exact assembled HTML loads
PASS fresh-blade whole Chromium restart retains objectives complete and unpaid
PASS fresh-blade restored active tracker stays deliberate
PASS fresh-blade crosses through visible saved-checkpoint terms
PASS fresh-blade visible route story return
PASS fresh-blade visible claim pays exact story currency
PASS fresh-blade reward keeps equipment and sockets
PASS fresh-blade giver recognizes completion
PASS fresh-blade claimed story payment durable before closing
PASS fresh-blade exact assembled HTML loads
PASS fresh-blade whole Chromium restart retains claimed story payment
PASS fresh-blade restored active tracker stays deliberate
PASS fresh-blade crosses through visible saved-checkpoint terms
PASS fresh-blade visible route patrol acceptance
PASS fresh-blade new patrol owns run 1
PASS fresh-blade visible route Inspect the wetland course
PASS fresh-blade visible field action inspect-water
PASS fresh-blade visible route Clear the patrol crossing pocket
PASS fresh-blade accepted phase owns actual enemy
PASS fresh-blade actual walk earth-living-road-patrol-v1-run-1-crossing approach
PASS fresh-blade Tab selects earth-living-road-patrol-v1-run-1-crossing
PASS fresh-blade actual AI tell occurs
PASS fresh-blade muted visible tell invites Brace or movement
PASS fresh-blade visible Brace arms mitigation
PASS fresh-blade visible autoattack enables stationary intent
PASS fresh-blade real impacts record accepted defeat
PASS fresh-blade quest combat grants no legacy loot
PASS fresh-blade accepted production target-clear
PASS fresh-blade visible route Inspect the supported root passage
PASS fresh-blade visible field action inspect-root
PASS fresh-blade visible route Clear the patrol bank pocket
PASS fresh-blade accepted phase owns actual enemy
PASS fresh-blade actual walk earth-living-road-patrol-v1-run-1-root approach
PASS fresh-blade Tab selects earth-living-road-patrol-v1-run-1-root
PASS fresh-blade actual AI tell occurs
PASS fresh-blade muted visible tell invites Brace or movement
PASS fresh-blade visible Brace arms mitigation
PASS fresh-blade visible autoattack enables stationary intent
PASS fresh-blade real impacts record accepted defeat
PASS fresh-blade quest combat grants no legacy loot
PASS fresh-blade saved defeat has correct finite/repeat worksite consequence
PASS fresh-blade accepted production target-clear
PASS fresh-blade visible route Record the return glade
PASS fresh-blade actual supplied pending kit pixels follow
PASS fresh-blade actual supplied pending kit pixels adventure
PASS fresh-blade visible field action inspect-glade
PASS fresh-blade actual supplied checked kit pixels follow
PASS fresh-blade actual supplied checked kit pixels adventure
PASS fresh-blade visible route patrol return
PASS fresh-blade patrol 1 pays exact package
PASS fresh-blade changed request cannot duplicate payment
PASS fresh-blade visible route patrol acceptance
PASS fresh-blade new patrol owns run 2
PASS fresh-blade visible route Inspect the wetland course
PASS fresh-blade visible field action inspect-water
PASS fresh-blade visible route Clear the patrol crossing pocket
PASS fresh-blade accepted phase owns actual enemy
PASS fresh-blade actual walk earth-living-road-patrol-v1-run-2-crossing approach
PASS fresh-blade Tab selects earth-living-road-patrol-v1-run-2-crossing
PASS fresh-blade actual AI tell occurs
PASS fresh-blade muted visible tell invites Brace or movement
PASS fresh-blade visible Brace arms mitigation
PASS fresh-blade visible autoattack enables stationary intent
PASS fresh-blade real impacts record accepted defeat
PASS fresh-blade quest combat grants no legacy loot
PASS fresh-blade accepted production target-clear
PASS fresh-blade visible route Inspect the supported root passage
PASS fresh-blade visible field action inspect-root
PASS fresh-blade visible route Clear the patrol bank pocket
PASS fresh-blade accepted phase owns actual enemy
PASS fresh-blade actual walk earth-living-road-patrol-v1-run-2-root approach
PASS fresh-blade Tab selects earth-living-road-patrol-v1-run-2-root
PASS fresh-blade actual AI tell occurs
PASS fresh-blade muted visible tell invites Brace or movement
PASS fresh-blade visible Brace arms mitigation
PASS fresh-blade visible autoattack enables stationary intent
PASS fresh-blade real impacts record accepted defeat
PASS fresh-blade quest combat grants no legacy loot
PASS fresh-blade saved defeat has correct finite/repeat worksite consequence
PASS fresh-blade accepted production target-clear
PASS fresh-blade visible route Record the return glade
PASS fresh-blade actual supplied pending kit pixels follow
PASS fresh-blade actual supplied pending kit pixels adventure
PASS fresh-blade visible field action inspect-glade
PASS fresh-blade actual supplied checked kit pixels follow
PASS fresh-blade actual supplied checked kit pixels adventure
PASS fresh-blade visible route patrol return
PASS fresh-blade patrol 2 pays exact package
PASS fresh-blade changed request cannot duplicate payment
PASS fresh-blade two independently paid patrols durable before closing
PASS fresh-blade exact assembled HTML loads
PASS fresh-blade whole Chromium restart retains two independently paid patrols
PASS fresh-blade restored active tracker stays deliberate
PASS fresh-blade actual walk home workbench
PASS fresh-blade binding preview compares without spending
PASS fresh-blade binding costs are exact without healing or autoequip
PASS fresh-blade finite bound stats are correct
PASS fresh-blade finite binding applied durable before closing
PASS fresh-blade exact assembled HTML loads
PASS fresh-blade whole Chromium restart retains finite binding applied
PASS fresh-blade restored active tracker stays deliberate
PASS fresh-blade binding cannot be spent twice
PASS fresh-blade actual walk Roads of Light
PASS fresh-blade crosses through visible saved-checkpoint terms
PASS fresh-blade visible route new unpaid patrol
PASS fresh-blade next intentional run is three
PASS fresh-blade stale rendered contract cannot change later run
PASS fresh-blade visible route Inspect the wetland course
PASS fresh-blade visible field action inspect-water
PASS fresh-blade accepted phase owns actual enemy
PASS fresh-blade actual walk earth-living-road-patrol-v1-run-3-crossing approach
PASS fresh-blade Tab selects earth-living-road-patrol-v1-run-3-crossing
PASS fresh-blade actual AI tell occurs
PASS fresh-blade muted visible tell invites Brace or movement
PASS fresh-blade visible Brace arms mitigation
PASS fresh-blade visible autoattack enables stationary intent
PASS fresh-blade real impacts record accepted defeat
PASS fresh-blade quest combat grants no legacy loot
PASS fresh-blade accepted production target-clear
PASS fresh-blade retains adventure camera
PASS fresh-blade retains follow camera
PASS fresh-blade free return keeps the home checkpoint
PASS fresh-blade bound weapon and unpaid third patrol durable before closing
PASS fresh-blade exact assembled HTML loads
PASS fresh-blade whole Chromium restart retains bound weapon and unpaid third patrol
PASS fresh-blade restored active tracker stays deliberate
PASS fresh-blade all original systems and story history remain
PASS fresh-blade no runtime error
PASS fresh-bow exact assembled HTML loads
PASS fresh-bow native import adds separate complete earned character
PASS fresh-bow crosses through visible saved-checkpoint terms
PASS fresh-bow terms expose route danger rewards choices and binding cost
PASS fresh-bow reading never accepts or spends
PASS fresh-bow visible route Rill
PASS fresh-bow explicit acceptance preserves campaign and equipment
PASS fresh-bow switching restores the living-road tracker
PASS fresh-bow accepted expedition durable before closing
PASS fresh-bow exact assembled HTML loads
PASS fresh-bow whole Chromium restart retains accepted expedition
PASS fresh-bow restored active tracker stays deliberate
PASS fresh-bow player can switch back to Story
PASS fresh-bow Living road button restores deliberate tracking
PASS fresh-bow crosses through visible saved-checkpoint terms
PASS fresh-bow visible route Read the camp load board
PASS fresh-bow visible field action assess-load
PASS fresh-bow visible route material preparation
PASS fresh-bow deliberate allocation persists
PASS fresh-bow chosen supply and partial work durable before closing
PASS fresh-bow exact assembled HTML loads
PASS fresh-bow whole Chromium restart retains chosen supply and partial work
PASS fresh-bow restored active tracker stays deliberate
PASS fresh-bow crosses through visible saved-checkpoint terms
PASS fresh-bow visible route Check the wetland watercourse
PASS fresh-bow visible field action read-water
PASS fresh-bow visible route Clear the crossing infestation
PASS fresh-bow accepted phase owns actual enemy
PASS fresh-bow actual walk earth-stormfall-crossing-v1 approach
PASS fresh-bow Tab selects earth-stormfall-crossing-v1
PASS fresh-bow actual AI tell occurs
PASS fresh-bow muted visible tell invites Brace or movement
PASS fresh-bow visible Brace arms mitigation
PASS fresh-bow visible autoattack enables stationary intent
PASS fresh-bow real impacts record accepted defeat
PASS fresh-bow quest combat grants no legacy loot
PASS fresh-bow bow launches actual projectiles
PASS fresh-bow accepted production target-clear
PASS fresh-bow visible route Read the living root anchor
PASS fresh-bow visible field action read-root-load
PASS fresh-bow visible route Clear the root-bank infestation
PASS fresh-bow accepted phase owns actual enemy
PASS fresh-bow actual walk earth-stormfall-root-v1 approach
PASS fresh-bow Tab selects earth-stormfall-root-v1
PASS fresh-bow actual AI tell occurs
PASS fresh-bow muted visible tell invites Brace or movement
PASS fresh-bow explicit frame makes actual foe feet/body clear of HUD at FOV 45
PASS fresh-bow framing preserves actual combat/player/inventory 45
PASS fresh-bow explicit frame makes actual foe feet/body clear of HUD at FOV 60
PASS fresh-bow framing preserves actual combat/player/inventory 60
PASS fresh-bow explicit frame makes actual foe feet/body clear of HUD at FOV 80
PASS fresh-bow framing preserves actual combat/player/inventory 80
PASS fresh-bow subsequent player-follow render never chases target yaw
PASS fresh-bow manual camera rotation remains available
PASS fresh-bow actual threat names grounded bank sweep
PASS fresh-bow real locked-lane pixels follow normal
PASS fresh-bow real locked-lane pixels follow reduced
PASS fresh-bow real locked-lane pixels adventure normal
PASS fresh-bow real locked-lane pixels adventure reduced
PASS fresh-bow actual supported lateral movement avoids committed contact
PASS fresh-bow second real tell remains available for Brace
PASS fresh-bow visible Brace arms mitigation
PASS fresh-bow visible autoattack enables stationary intent
PASS fresh-bow real impacts record accepted defeat
PASS fresh-bow quest combat grants no legacy loot
PASS fresh-bow bow launches actual projectiles
PASS fresh-bow saved defeat has correct finite/repeat worksite consequence
PASS fresh-bow accepted production target-clear
PASS fresh-bow visible route Fit the alternate route brace
PASS fresh-bow visible field action brace-root-channel
PASS fresh-bow visible route Deliver the chosen allocation
PASS fresh-bow visible field action deliver-allocation
PASS fresh-bow objectives complete and unpaid durable before closing
PASS fresh-bow exact assembled HTML loads
PASS fresh-bow whole Chromium restart retains objectives complete and unpaid
PASS fresh-bow restored active tracker stays deliberate
PASS fresh-bow crosses through visible saved-checkpoint terms
PASS fresh-bow visible route story return
PASS fresh-bow visible claim pays exact story currency
PASS fresh-bow reward keeps equipment and sockets
PASS fresh-bow giver recognizes completion
PASS fresh-bow claimed story payment durable before closing
PASS fresh-bow exact assembled HTML loads
PASS fresh-bow whole Chromium restart retains claimed story payment
PASS fresh-bow restored active tracker stays deliberate
PASS fresh-bow crosses through visible saved-checkpoint terms
PASS fresh-bow visible route patrol acceptance
PASS fresh-bow new patrol owns run 1
PASS fresh-bow visible route Inspect the wetland course
PASS fresh-bow visible field action inspect-water
PASS fresh-bow visible route Clear the patrol crossing pocket
PASS fresh-bow accepted phase owns actual enemy
PASS fresh-bow actual walk earth-living-road-patrol-v1-run-1-crossing approach
PASS fresh-bow Tab selects earth-living-road-patrol-v1-run-1-crossing
PASS fresh-bow actual AI tell occurs
PASS fresh-bow muted visible tell invites Brace or movement
PASS fresh-bow visible Brace arms mitigation
PASS fresh-bow visible autoattack enables stationary intent
PASS fresh-bow real impacts record accepted defeat
PASS fresh-bow quest combat grants no legacy loot
PASS fresh-bow bow launches actual projectiles
PASS fresh-bow accepted production target-clear
PASS fresh-bow visible route Inspect the supported root passage
PASS fresh-bow visible field action inspect-root
PASS fresh-bow visible route Clear the patrol bank pocket
PASS fresh-bow accepted phase owns actual enemy
PASS fresh-bow actual walk earth-living-road-patrol-v1-run-1-root approach
PASS fresh-bow Tab selects earth-living-road-patrol-v1-run-1-root
PASS fresh-bow actual AI tell occurs
PASS fresh-bow muted visible tell invites Brace or movement
PASS fresh-bow visible Brace arms mitigation
PASS fresh-bow visible autoattack enables stationary intent
PASS fresh-bow real impacts record accepted defeat
PASS fresh-bow quest combat grants no legacy loot
PASS fresh-bow bow launches actual projectiles
PASS fresh-bow saved defeat has correct finite/repeat worksite consequence
PASS fresh-bow accepted production target-clear
PASS fresh-bow visible route Record the return glade
PASS fresh-bow actual supplied pending kit pixels follow
PASS fresh-bow actual supplied pending kit pixels adventure
PASS fresh-bow visible field action inspect-glade
PASS fresh-bow actual supplied checked kit pixels follow
PASS fresh-bow actual supplied checked kit pixels adventure
PASS fresh-bow visible route patrol return
PASS fresh-bow patrol 1 pays exact package
PASS fresh-bow changed request cannot duplicate payment
PASS fresh-bow visible route patrol acceptance
PASS fresh-bow new patrol owns run 2
PASS fresh-bow visible route Inspect the wetland course
PASS fresh-bow visible field action inspect-water
PASS fresh-bow visible route Clear the patrol crossing pocket
PASS fresh-bow accepted phase owns actual enemy
PASS fresh-bow actual walk earth-living-road-patrol-v1-run-2-crossing approach
PASS fresh-bow Tab selects earth-living-road-patrol-v1-run-2-crossing
PASS fresh-bow actual AI tell occurs
PASS fresh-bow muted visible tell invites Brace or movement
PASS fresh-bow visible Brace arms mitigation
PASS fresh-bow visible autoattack enables stationary intent
PASS fresh-bow real impacts record accepted defeat
PASS fresh-bow quest combat grants no legacy loot
PASS fresh-bow bow launches actual projectiles
PASS fresh-bow accepted production target-clear
PASS fresh-bow visible route Inspect the supported root passage
PASS fresh-bow visible field action inspect-root
PASS fresh-bow visible route Clear the patrol bank pocket
PASS fresh-bow accepted phase owns actual enemy
PASS fresh-bow actual walk earth-living-road-patrol-v1-run-2-root approach
PASS fresh-bow Tab selects earth-living-road-patrol-v1-run-2-root
PASS fresh-bow actual AI tell occurs
PASS fresh-bow muted visible tell invites Brace or movement
PASS fresh-bow visible Brace arms mitigation
PASS fresh-bow visible autoattack enables stationary intent
PASS fresh-bow real impacts record accepted defeat
PASS fresh-bow quest combat grants no legacy loot
PASS fresh-bow bow launches actual projectiles
PASS fresh-bow saved defeat has correct finite/repeat worksite consequence
PASS fresh-bow accepted production target-clear
PASS fresh-bow visible route Record the return glade
PASS fresh-bow actual supplied pending kit pixels follow
PASS fresh-bow actual supplied pending kit pixels adventure
PASS fresh-bow visible field action inspect-glade
PASS fresh-bow actual supplied checked kit pixels follow
PASS fresh-bow actual supplied checked kit pixels adventure
PASS fresh-bow visible route patrol return
PASS fresh-bow patrol 2 pays exact package
PASS fresh-bow changed request cannot duplicate payment
PASS fresh-bow two independently paid patrols durable before closing
PASS fresh-bow exact assembled HTML loads
PASS fresh-bow whole Chromium restart retains two independently paid patrols
PASS fresh-bow restored active tracker stays deliberate
PASS fresh-bow actual walk home workbench
PASS fresh-bow binding preview compares without spending
PASS fresh-bow binding costs are exact without healing or autoequip
PASS fresh-bow finite bound stats are correct
PASS fresh-bow finite binding applied durable before closing
PASS fresh-bow exact assembled HTML loads
PASS fresh-bow whole Chromium restart retains finite binding applied
PASS fresh-bow restored active tracker stays deliberate
PASS fresh-bow binding cannot be spent twice
PASS fresh-bow actual walk Roads of Light
PASS fresh-bow crosses through visible saved-checkpoint terms
PASS fresh-bow visible route new unpaid patrol
PASS fresh-bow next intentional run is three
PASS fresh-bow stale rendered contract cannot change later run
PASS fresh-bow visible route Inspect the wetland course
PASS fresh-bow visible field action inspect-water
PASS fresh-bow accepted phase owns actual enemy
PASS fresh-bow actual walk earth-living-road-patrol-v1-run-3-crossing approach
PASS fresh-bow Tab selects earth-living-road-patrol-v1-run-3-crossing
PASS fresh-bow actual AI tell occurs
PASS fresh-bow muted visible tell invites Brace or movement
PASS fresh-bow visible Brace arms mitigation
PASS fresh-bow visible autoattack enables stationary intent
PASS fresh-bow real impacts record accepted defeat
PASS fresh-bow quest combat grants no legacy loot
PASS fresh-bow bow launches actual projectiles
PASS fresh-bow accepted production target-clear
PASS fresh-bow retains adventure camera
PASS fresh-bow retains follow camera
PASS fresh-bow free return keeps the home checkpoint
PASS fresh-bow bound weapon and unpaid third patrol durable before closing
PASS fresh-bow exact assembled HTML loads
PASS fresh-bow whole Chromium restart retains bound weapon and unpaid third patrol
PASS fresh-bow restored active tracker stays deliberate
PASS fresh-bow all original systems and story history remain
PASS fresh-bow no runtime error
PASS veteran exact assembled HTML loads
PASS veteran native import adds separate complete earned character
PASS veteran crosses through visible saved-checkpoint terms
PASS veteran terms expose route danger rewards choices and binding cost
PASS veteran reading never accepts or spends
PASS veteran visible route Rill
PASS veteran explicit acceptance preserves campaign and equipment
PASS veteran switching restores the living-road tracker
PASS veteran accepted expedition durable before closing
PASS veteran exact assembled HTML loads
PASS veteran whole Chromium restart retains accepted expedition
PASS veteran restored active tracker stays deliberate
PASS veteran player can switch back to Story
PASS veteran Living road button restores deliberate tracking
PASS veteran crosses through visible saved-checkpoint terms
PASS veteran visible route Read the camp load board
PASS veteran visible field action assess-load
PASS veteran visible route material preparation
PASS veteran deliberate allocation persists
PASS veteran chosen supply and partial work durable before closing
PASS veteran exact assembled HTML loads
PASS veteran whole Chromium restart retains chosen supply and partial work
PASS veteran restored active tracker stays deliberate
PASS veteran crosses through visible saved-checkpoint terms
PASS veteran visible route Check the wetland watercourse
PASS veteran visible field action read-water
PASS veteran visible route Clear the crossing infestation
PASS veteran accepted phase owns actual enemy
PASS veteran actual walk earth-stormfall-crossing-v1 approach
PASS veteran Tab selects earth-stormfall-crossing-v1
PASS veteran actual AI tell occurs
PASS veteran muted visible tell invites Brace or movement
PASS veteran visible Brace arms mitigation
PASS veteran visible autoattack enables stationary intent
PASS veteran real impacts record accepted defeat
PASS veteran quest combat grants no legacy loot
PASS veteran accepted production target-clear
PASS veteran visible route Read the living root anchor
PASS veteran visible field action read-root-load
PASS veteran visible route Clear the root-bank infestation
PASS veteran accepted phase owns actual enemy
PASS veteran actual walk earth-stormfall-root-v1 approach
PASS veteran Tab selects earth-stormfall-root-v1
PASS veteran actual AI tell occurs
PASS veteran muted visible tell invites Brace or movement
PASS veteran explicit frame makes actual foe feet/body clear of HUD at FOV 45
PASS veteran framing preserves actual combat/player/inventory 45
PASS veteran explicit frame makes actual foe feet/body clear of HUD at FOV 60
PASS veteran framing preserves actual combat/player/inventory 60
PASS veteran explicit frame makes actual foe feet/body clear of HUD at FOV 80
PASS veteran framing preserves actual combat/player/inventory 80
PASS veteran subsequent player-follow render never chases target yaw
PASS veteran manual camera rotation remains available
PASS veteran actual threat names grounded bank sweep
PASS veteran real locked-lane pixels follow normal
PASS veteran real locked-lane pixels follow reduced
PASS veteran real locked-lane pixels adventure normal
PASS veteran real locked-lane pixels adventure reduced
PASS veteran actual supported lateral movement avoids committed contact
PASS veteran second real tell remains available for Brace
PASS veteran visible Brace arms mitigation
PASS veteran visible autoattack enables stationary intent
PASS veteran real impacts record accepted defeat
PASS veteran quest combat grants no legacy loot
PASS veteran saved defeat has correct finite/repeat worksite consequence
PASS veteran accepted production target-clear
PASS veteran visible route Fit the alternate route brace
PASS veteran visible field action brace-root-channel
PASS veteran visible route Deliver the chosen allocation
PASS veteran visible field action deliver-allocation
PASS veteran objectives complete and unpaid durable before closing
PASS veteran exact assembled HTML loads
PASS veteran whole Chromium restart retains objectives complete and unpaid
PASS veteran restored active tracker stays deliberate
PASS veteran crosses through visible saved-checkpoint terms
PASS veteran visible route story return
PASS veteran visible claim pays exact story currency
PASS veteran reward keeps equipment and sockets
PASS veteran giver recognizes completion
PASS veteran claimed story payment durable before closing
PASS veteran exact assembled HTML loads
PASS veteran whole Chromium restart retains claimed story payment
PASS veteran restored active tracker stays deliberate
PASS veteran crosses through visible saved-checkpoint terms
PASS veteran visible route patrol acceptance
PASS veteran new patrol owns run 1
PASS veteran visible route Inspect the wetland course
PASS veteran visible field action inspect-water
PASS veteran visible route Clear the patrol crossing pocket
PASS veteran accepted phase owns actual enemy
PASS veteran actual walk earth-living-road-patrol-v1-run-1-crossing approach
PASS veteran Tab selects earth-living-road-patrol-v1-run-1-crossing
PASS veteran actual AI tell occurs
PASS veteran muted visible tell invites Brace or movement
PASS veteran visible Brace arms mitigation
PASS veteran visible autoattack enables stationary intent
PASS veteran real impacts record accepted defeat
PASS veteran quest combat grants no legacy loot
PASS veteran accepted production target-clear
PASS veteran visible route Inspect the supported root passage
PASS veteran visible field action inspect-root
PASS veteran visible route Clear the patrol bank pocket
PASS veteran accepted phase owns actual enemy
PASS veteran actual walk earth-living-road-patrol-v1-run-1-root approach
PASS veteran Tab selects earth-living-road-patrol-v1-run-1-root
PASS veteran actual AI tell occurs
PASS veteran muted visible tell invites Brace or movement
PASS veteran visible Brace arms mitigation
PASS veteran visible autoattack enables stationary intent
PASS veteran real impacts record accepted defeat
PASS veteran quest combat grants no legacy loot
PASS veteran saved defeat has correct finite/repeat worksite consequence
PASS veteran accepted production target-clear
PASS veteran visible route Record the return glade
PASS veteran actual supplied pending kit pixels follow
PASS veteran actual supplied pending kit pixels adventure
PASS veteran visible field action inspect-glade
PASS veteran actual supplied checked kit pixels follow
PASS veteran actual supplied checked kit pixels adventure
PASS veteran visible route patrol return
PASS veteran patrol 1 pays exact package
PASS veteran changed request cannot duplicate payment
PASS veteran visible route patrol acceptance
PASS veteran new patrol owns run 2
PASS veteran visible route Inspect the wetland course
PASS veteran visible field action inspect-water
PASS veteran visible route Clear the patrol crossing pocket
PASS veteran accepted phase owns actual enemy
PASS veteran actual walk earth-living-road-patrol-v1-run-2-crossing approach
PASS veteran Tab selects earth-living-road-patrol-v1-run-2-crossing
PASS veteran actual AI tell occurs
PASS veteran muted visible tell invites Brace or movement
PASS veteran visible Brace arms mitigation
PASS veteran visible autoattack enables stationary intent
PASS veteran real impacts record accepted defeat
PASS veteran quest combat grants no legacy loot
PASS veteran accepted production target-clear
PASS veteran visible route Inspect the supported root passage
PASS veteran visible field action inspect-root
PASS veteran visible route Clear the patrol bank pocket
PASS veteran accepted phase owns actual enemy
PASS veteran actual walk earth-living-road-patrol-v1-run-2-root approach
PASS veteran Tab selects earth-living-road-patrol-v1-run-2-root
PASS veteran actual AI tell occurs
PASS veteran muted visible tell invites Brace or movement
PASS veteran visible Brace arms mitigation
PASS veteran visible autoattack enables stationary intent
PASS veteran real impacts record accepted defeat
PASS veteran quest combat grants no legacy loot
PASS veteran saved defeat has correct finite/repeat worksite consequence
PASS veteran accepted production target-clear
PASS veteran visible route Record the return glade
PASS veteran actual supplied pending kit pixels follow
PASS veteran actual supplied pending kit pixels adventure
PASS veteran visible field action inspect-glade
PASS veteran actual supplied checked kit pixels follow
PASS veteran actual supplied checked kit pixels adventure
PASS veteran visible route patrol return
PASS veteran patrol 2 pays exact package
PASS veteran changed request cannot duplicate payment
PASS veteran two independently paid patrols durable before closing
PASS veteran exact assembled HTML loads
PASS veteran whole Chromium restart retains two independently paid patrols
PASS veteran restored active tracker stays deliberate
PASS veteran actual walk home workbench
PASS veteran binding preview compares without spending
PASS veteran binding costs are exact without healing or autoequip
PASS veteran finite bound stats are correct
PASS veteran finite binding applied durable before closing
PASS veteran exact assembled HTML loads
PASS veteran whole Chromium restart retains finite binding applied
PASS veteran restored active tracker stays deliberate
PASS veteran binding cannot be spent twice
PASS veteran actual walk Roads of Light
PASS veteran crosses through visible saved-checkpoint terms
PASS veteran visible route new unpaid patrol
PASS veteran next intentional run is three
PASS veteran stale rendered contract cannot change later run
PASS veteran visible route Inspect the wetland course
PASS veteran visible field action inspect-water
PASS veteran accepted phase owns actual enemy
PASS veteran actual walk earth-living-road-patrol-v1-run-3-crossing approach
PASS veteran Tab selects earth-living-road-patrol-v1-run-3-crossing
PASS veteran actual AI tell occurs
PASS veteran muted visible tell invites Brace or movement
PASS veteran visible Brace arms mitigation
PASS veteran visible autoattack enables stationary intent
PASS veteran real impacts record accepted defeat
PASS veteran quest combat grants no legacy loot
PASS veteran accepted production target-clear
PASS veteran retains adventure camera
PASS veteran retains follow camera
PASS veteran free return keeps the home checkpoint
PASS veteran bound weapon and unpaid third patrol durable before closing
PASS veteran exact assembled HTML loads
PASS veteran whole Chromium restart retains bound weapon and unpaid third patrol
PASS veteran restored active tracker stays deliberate
PASS veteran all original systems and story history remain
PASS veteran no runtime error
PASS checked-in HTML stayed identical throughout native journey
PASS all runtime sources stayed identical throughout native journey
{
  "status": "passed",
  "passed": 606,
  "failed": 0,
  "out": "D:\\07-GAMES\\Firstlight\\artifacts\\heaven-arrival-campaign-20261004\\full02-browser\\earth_expedition_browser"
}
