PASS exact generated build loads
PASS production walking reaches 0,27
PASS existing Lantern Pier rest interaction remains independent
PASS Earth invitation appears beside existing realm invitations
PASS remote terms explain work, gates and source-side return
PASS remote invitation cannot enter before physical arrival
PASS map invitation walks to lake rather than teleporting
PASS fresh visitor can enter with no class or campaign advancement
PASS Earth diagnostics report supported ground
PASS E1 introduces no enemies
PASS return is available immediately
PASS production walking reaches 0,10
PASS production walking reaches -13,4
PASS unassigned visitor sees worksite danger and kit requirement
PASS production walking reaches 0,24
PASS production walking reaches 0,10
PASS production walking reaches -8,3
PASS production walking reaches -14,-12
PASS production walking reaches -12,-23
PASS production walking reaches -10,-30
PASS production walking reaches 0,-35
PASS production walking reaches 0,-43
PASS north boundary explains that existing Bellweather gates remain authoritative
PASS diorama works on connected Earth ground
PASS production walking reaches 0,-35
PASS production walking reaches 12,-26
PASS production walking reaches 16.8,-22
PASS diorama quarry submits nine tapering rock sections and thirty-six source strips
PASS diorama quarry actual submitted seam matches every grass underside
PASS diorama quarry actual lower profile remains submerged
PASS diorama quarry finite art has no camera authority
PASS diorama quarry scenery inspection changes no saved world data
PASS third-person quarry submits nine tapering rock sections and thirty-six source strips
PASS third-person quarry actual submitted seam matches every grass underside
PASS third-person quarry actual lower profile remains submerged
PASS third-person quarry finite art has no camera authority
PASS third-person quarry scenery inspection changes no saved world data
PASS visible rock outside the ridge never extends ground
PASS downward picking accepts the road and rejects decorative rock
PASS production walking reaches 16.8,-13
PASS production walking reaches 16,-7
PASS production walking reaches 14,-12
PASS production walking reaches 7,2
PASS production walking reaches 0,10
PASS production walking reaches 0,24
PASS both approaches remain one continuous scene
PASS walking changed no durable adventure systems
PASS return restores exact lake checkpoint
PASS reload remains on acknowledged valley side
PASS production walking reaches 0,23
PASS physical trail marker opens explicit preview
PASS explicit input enters Hearthwater
PASS returning Hunter equipment and fittings remain unchanged
PASS returning history survives Earth round trip
PASS production walking reaches 11,9
PASS production walking reaches 0,23
PASS physical trail marker opens explicit preview
PASS explicit input enters Hearthwater
PASS production walking reaches 0,10
PASS production walking reaches -13,4
PASS orchard sign declares current objectives and exact survey reward
PASS orchard confirmation enters existing combat scene
PASS riverbank uses the equipped bow and original run identity
PASS riverbank map names the orchard return
PASS riverbank route map is readable rather than icon-sized
PASS production walking reaches -7,3
PASS production bow combat clears west
PASS production walking reaches -7,3
PASS accepted pickup updates the same survey
PASS accepted target-clear
PASS partial survey reload returns to lake with earned objective intact
PASS production walking reaches 0,23
PASS physical trail marker opens explicit preview
PASS explicit input enters Hearthwater
PASS production walking reaches 0,10
PASS production walking reaches -13,4
PASS orchard sign declares current objectives and exact survey reward
PASS orchard confirmation enters existing combat scene
PASS re-entry does not recreate the cleared encounter
PASS production walking reaches 5,-3
PASS production bow combat clears east
PASS production walking reaches 5,-11
PASS both survey objectives complete without a road payout
PASS production walking reaches 0,12
PASS normal exit input returns to exact orchard checkpoint
PASS following companion arrives on the same supported route
PASS completed unpaid run survives reopen before claim
PASS production walking reaches 11,9
PASS Oren pays exactly the declared old reward
PASS changed request cannot claim the completed outing twice
PASS production walking reaches 0,23
PASS physical trail marker opens explicit preview
PASS explicit input enters Hearthwater
PASS production walking reaches 0,10
PASS production walking reaches -13,4
PASS new character receives neither travel state nor survey payout
PASS returning character restores valley checkpoint and its own progress
PASS production walking reaches 0,23
PASS physical trail marker opens explicit preview
PASS explicit input enters Hearthwater
PASS compact Earth map has useful map dimensions
PASS compact map exposes a reachable worksite route
PASS map walks to the real worksite marker in compact view
PASS no runtime browser exceptions
Earth browser checks: 104/104; errors: 0
