PASS exact offline build loads
PASS production walk reaches 11,9
PASS initial kit is command-earned before any chapter
PASS production walk reaches 18,6
PASS atlantis terms show objectives, kit requirement, exact rewards and free return
PASS atlantis has explicit crossing confirmation
PASS atlantis normal crossing preserves ownership while its clock runs
PASS atlantis physically supported scene opens
PASS production walk reaches 8,-16
PASS gallery normal frame loop is unpaused
PASS G actually descends through production held-key frames
PASS released G holds physical depth
PASS F actually ascends through production held-key frames
PASS W actually swims using camera-relative input
PASS gallery journal pauses simulation
PASS modal consumes depth and camera shortcuts
PASS camera exchange preserves physical swimmer depth
DIAG {"now": 9615.5, "text": "Route-limited breath envelope \u00b7 F ascend / G descend \u00b7 depth holds when released. Your companion waits on the quay.", "classes": "", "parent": "hud", "opacity": 0, "display": "block", "visibility": "visible", "active": "<canvas tabindex=\"0\" id=\"world\" aria-label=\"Interactive isometric Firstlight Valley. Click to walk, drag to orbit, scroll to zoom. Use the Explore menu for accessible destinations.\" width=\"332\" height", "dialogs": [], "paused": false, "player": {"x": 8, "z": -20.280000000000005, "yaw": 3.141592653589793}, "dive": {"y": -0.8031599999999985, "depth": 0.8131599999999986, "hold": true, "body": "air", "camera": "air", "dryCourt": null}, "animations": [], "label": "0 before-E"}
DIAG {"now": 9714.100000023842, "text": "Reach the gallery landing to return to the dry quay.", "classes": "show", "parent": "hud", "opacity": 0, "display": "block", "visibility": "visible", "active": "<canvas tabindex=\"0\" id=\"world\" aria-label=\"Interactive isometric Firstlight Valley. Click to walk, drag to orbit, scroll to zoom. Use the Explore menu for accessible destinations.\" width=\"332\" height", "dialogs": [], "paused": false, "player": {"x": 8, "z": -20.280000000000005, "yaw": 3.141592653589793}, "dive": {"y": -0.8031599999999985, "depth": 0.8131599999999986, "hold": true, "body": "air", "camera": "air", "dryCourt": null}, "animations": [{"time": 0, "state": "running", "duration": 200}, {"time": 0, "state": "running", "duration": 200}], "label": "0 immediate"}
DIAG {"now": 9992.600000023842, "text": "Reach the gallery landing to return to the dry quay.", "classes": "show", "parent": "hud", "opacity": 1, "display": "block", "visibility": "visible", "active": "<canvas tabindex=\"0\" id=\"world\" aria-label=\"Interactive isometric Firstlight Valley. Click to walk, drag to orbit, scroll to zoom. Use the Explore menu for accessible destinations.\" width=\"332\" height", "dialogs": [], "paused": false, "player": {"x": 8, "z": -20.280000000000005, "yaw": 3.141592653589793}, "dive": {"y": -0.8031599999999985, "depth": 0.8131599999999986, "hold": true, "body": "air", "camera": "air", "dryCourt": null}, "animations": [], "label": "0 at200ms"}
DIAG {"now": 10036.900000035763, "text": "Reach the gallery landing to return to the dry quay.", "classes": "show", "parent": "hud", "opacity": 1, "display": "block", "visibility": "visible", "active": "<canvas tabindex=\"0\" id=\"world\" aria-label=\"Interactive isometric Firstlight Valley. Click to walk, drag to orbit, scroll to zoom. Use the Explore menu for accessible destinations.\" width=\"332\" height", "dialogs": [], "paused": false, "player": {"x": 8, "z": -20.280000000000005, "yaw": 3.141592653589793}, "dive": {"y": -0.8031599999999985, "depth": 0.8131599999999986, "hold": true, "body": "air", "camera": "air", "dryCourt": null}, "animations": [], "label": "0 condition-visible"}
DIAG {"now": 13921.199999988079, "text": "Reach the gallery landing to return to the dry quay.", "classes": "", "parent": "hud", "opacity": 0, "display": "block", "visibility": "visible", "active": "<canvas tabindex=\"0\" id=\"world\" aria-label=\"Interactive isometric Firstlight Valley. Click to walk, drag to orbit, scroll to zoom. Use the Explore menu for accessible destinations.\" width=\"332\" height", "dialogs": [], "paused": false, "player": {"x": 8, "z": -20.280000000000005, "yaw": 3.141592653589793}, "dive": {"y": -0.8031599999999985, "depth": 0.8131599999999986, "hold": true, "body": "air", "camera": "air", "dryCourt": null}, "animations": [], "label": "1 before-E"}
DIAG {"now": 14011.600000023842, "text": "Reach the gallery landing to return to the dry quay.", "classes": "show", "parent": "hud", "opacity": 0, "display": "block", "visibility": "visible", "active": "<canvas tabindex=\"0\" id=\"world\" aria-label=\"Interactive isometric Firstlight Valley. Click to walk, drag to orbit, scroll to zoom. Use the Explore menu for accessible destinations.\" width=\"332\" height", "dialogs": [], "paused": false, "player": {"x": 8, "z": -20.280000000000005, "yaw": 3.141592653589793}, "dive": {"y": -0.8031599999999985, "depth": 0.8131599999999986, "hold": true, "body": "air", "camera": "air", "dryCourt": null}, "animations": [{"time": 0, "state": "running", "duration": 200}, {"time": 0, "state": "running", "duration": 200}], "label": "1 immediate"}
DIAG {"now": 14293, "text": "Reach the gallery landing to return to the dry quay.", "classes": "show", "parent": "hud", "opacity": 0.960556, "display": "block", "visibility": "visible", "active": "<canvas tabindex=\"0\" id=\"world\" aria-label=\"Interactive isometric Firstlight Valley. Click to walk, drag to orbit, scroll to zoom. Use the Explore menu for accessible destinations.\" width=\"332\" height", "dialogs": [], "paused": false, "player": {"x": 8, "z": -20.280000000000005, "yaw": 3.141592653589793}, "dive": {"y": -0.8031599999999985, "depth": 0.8131599999999986, "hold": true, "body": "air", "camera": "air", "dryCourt": null}, "animations": [{"time": 150.0560000061988, "state": "running", "duration": 200}, {"time": 150.0560000061988, "state": "running", "duration": 200}], "label": "1 at200ms"}
DIAG {"now": 14346.800000011921, "text": "Reach the gallery landing to return to the dry quay.", "classes": "show", "parent": "hud", "opacity": 1, "display": "block", "visibility": "visible", "active": "<canvas tabindex=\"0\" id=\"world\" aria-label=\"Interactive isometric Firstlight Valley. Click to walk, drag to orbit, scroll to zoom. Use the Explore menu for accessible destinations.\" width=\"332\" height", "dialogs": [], "paused": false, "player": {"x": 8, "z": -20.280000000000005, "yaw": 3.141592653589793}, "dive": {"y": -0.8031599999999985, "depth": 0.8131599999999986, "hold": true, "body": "air", "camera": "air", "dryCourt": null}, "animations": [], "label": "1 condition-visible"}
DIAG {"now": 18224.100000023842, "text": "Reach the gallery landing to return to the dry quay.", "classes": "", "parent": "hud", "opacity": 0, "display": "block", "visibility": "visible", "active": "<canvas tabindex=\"0\" id=\"world\" aria-label=\"Interactive isometric Firstlight Valley. Click to walk, drag to orbit, scroll to zoom. Use the Explore menu for accessible destinations.\" width=\"332\" height", "dialogs": [], "paused": false, "player": {"x": 8, "z": -20.280000000000005, "yaw": 3.141592653589793}, "dive": {"y": -0.8031599999999985, "depth": 0.8131599999999986, "hold": true, "body": "air", "camera": "air", "dryCourt": null}, "animations": [], "label": "2 before-E"}
DIAG {"now": 18297, "text": "Reach the gallery landing to return to the dry quay.", "classes": "show", "parent": "hud", "opacity": 0, "display": "block", "visibility": "visible", "active": "<canvas tabindex=\"0\" id=\"world\" aria-label=\"Interactive isometric Firstlight Valley. Click to walk, drag to orbit, scroll to zoom. Use the Explore menu for accessible destinations.\" width=\"332\" height", "dialogs": [], "paused": false, "player": {"x": 8, "z": -20.280000000000005, "yaw": 3.141592653589793}, "dive": {"y": -0.8031599999999985, "depth": 0.8131599999999986, "hold": true, "body": "air", "camera": "air", "dryCourt": null}, "animations": [{"time": 0, "state": "running", "duration": 200}, {"time": 0, "state": "running", "duration": 200}], "label": "2 immediate"}
DIAG {"now": 18579.30000001192, "text": "Reach the gallery landing to return to the dry quay.", "classes": "show", "parent": "hud", "opacity": 0.996109, "display": "block", "visibility": "visible", "active": "<canvas tabindex=\"0\" id=\"world\" aria-label=\"Interactive isometric Firstlight Valley. Click to walk, drag to orbit, scroll to zoom. Use the Explore menu for accessible destinations.\" width=\"332\" height", "dialogs": [], "paused": false, "player": {"x": 8, "z": -20.280000000000005, "yaw": 3.141592653589793}, "dive": {"y": -0.8031599999999985, "depth": 0.8131599999999986, "hold": true, "body": "air", "camera": "air", "dryCourt": null}, "animations": [{"time": 183.36000000964958, "state": "running", "duration": 200}, {"time": 183.36000000964958, "state": "running", "duration": 200}], "label": "2 at200ms"}
DIAG {"now": 18631.400000035763, "text": "Reach the gallery landing to return to the dry quay.", "classes": "show", "parent": "hud", "opacity": 1, "display": "block", "visibility": "visible", "active": "<canvas tabindex=\"0\" id=\"world\" aria-label=\"Interactive isometric Firstlight Valley. Click to walk, drag to orbit, scroll to zoom. Use the Explore menu for accessible destinations.\" width=\"332\" height", "dialogs": [], "paused": false, "player": {"x": 8, "z": -20.280000000000005, "yaw": 3.141592653589793}, "dive": {"y": -0.8031599999999985, "depth": 0.8131599999999986, "hold": true, "body": "air", "camera": "air", "dryCourt": null}, "animations": [], "label": "2 condition-visible"}
PASS compact gallery rejection displays a real transient toast
PASS compact depth information stays inside the viewport
PASS compact depth information and transient toast occupy separate space
PASS Escape freely returns swimmer home
PASS normal frame controls have no runtime errors
