Python: 3.13.15; Node: v24.18.0
Logs: D:\07-GAMES\Firstlight\artifacts\living-road-fieldcraft-20261006\remote-full01
Running build...
PASS: build
HTML: 3088437 bytes; SHA-256 05a30536edb018a5c9559033a530ddf259321f19453060607b6877e260d53bb5
Running syntax-adventure-art...
PASS: syntax-adventure-art
Running syntax-adventure-ui...
PASS: syntax-adventure-ui
Running syntax-adventure...
PASS: syntax-adventure
Running syntax-app...
PASS: syntax-app
Running syntax-arsenal-art...
PASS: syntax-arsenal-art
Running syntax-arsenal-ui...
PASS: syntax-arsenal-ui
Running syntax-arsenal...
PASS: syntax-arsenal
Running syntax-atlantis-campaign-art...
PASS: syntax-atlantis-campaign-art
Running syntax-atlantis-campaign-data...
PASS: syntax-atlantis-campaign-data
Running syntax-atlantis-campaign-ui...
PASS: syntax-atlantis-campaign-ui
Running syntax-atlantis-campaign...
PASS: syntax-atlantis-campaign
Running syntax-beacon-art...
PASS: syntax-beacon-art
Running syntax-beacon...
PASS: syntax-beacon
Running syntax-bridge-art...
PASS: syntax-bridge-art
Running syntax-bridge-community-art...
PASS: syntax-bridge-community-art
Running syntax-bridge-community-ui...
PASS: syntax-bridge-community-ui
Running syntax-bridge-community...
PASS: syntax-bridge-community
Running syntax-bridge-moment-view...
PASS: syntax-bridge-moment-view
Running syntax-characters-ui...
PASS: syntax-characters-ui
Running syntax-characters...
PASS: syntax-characters
Running syntax-classes-ui...
PASS: syntax-classes-ui
Running syntax-classes...
PASS: syntax-classes
Running syntax-coastward-settlement-art...
PASS: syntax-coastward-settlement-art
Running syntax-coastward-woodland-art...
PASS: syntax-coastward-woodland-art
Running syntax-combat-view...
PASS: syntax-combat-view
Running syntax-combat...
PASS: syntax-combat
Running syntax-companion-art...
PASS: syntax-companion-art
Running syntax-core...
PASS: syntax-core
Running syntax-cosmos-art...
PASS: syntax-cosmos-art
Running syntax-cosmos-campaign-art...
PASS: syntax-cosmos-campaign-art
Running syntax-cosmos-campaign-data...
PASS: syntax-cosmos-campaign-data
Running syntax-cosmos-campaign-ui...
PASS: syntax-cosmos-campaign-ui
Running syntax-cosmos-campaign...
PASS: syntax-cosmos-campaign
Running syntax-cosmos-ui...
PASS: syntax-cosmos-ui
Running syntax-cosmos...
PASS: syntax-cosmos
Running syntax-creative...
PASS: syntax-creative
Running syntax-crossing-art...
PASS: syntax-crossing-art
Running syntax-crossing-ui...
PASS: syntax-crossing-ui
Running syntax-crossing...
PASS: syntax-crossing
Running syntax-drover-art...
PASS: syntax-drover-art
Running syntax-earth-art...
PASS: syntax-earth-art
Running syntax-earth-expedition-art...
PASS: syntax-earth-expedition-art
Running syntax-earth-expedition-beast-art...
PASS: syntax-earth-expedition-beast-art
Running syntax-earth-expedition-dialogue...
PASS: syntax-earth-expedition-dialogue
Running syntax-earth-expedition-ui...
PASS: syntax-earth-expedition-ui
Running syntax-earth-expedition...
PASS: syntax-earth-expedition
Running syntax-earth-fieldcraft-art...
PASS: syntax-earth-fieldcraft-art
Running syntax-earth-fieldcraft-ui...
PASS: syntax-earth-fieldcraft-ui
Running syntax-earth-fieldcraft...
PASS: syntax-earth-fieldcraft
Running syntax-earth-homecoming-art...
PASS: syntax-earth-homecoming-art
Running syntax-earth-homecoming-data...
PASS: syntax-earth-homecoming-data
Running syntax-earth-homecoming-ui...
PASS: syntax-earth-homecoming-ui
Running syntax-earth-homecoming...
PASS: syntax-earth-homecoming
Running syntax-earth-notes-art...
PASS: syntax-earth-notes-art
Running syntax-earth-notes-ui...
PASS: syntax-earth-notes-ui
Running syntax-earth-notes...
PASS: syntax-earth-notes
Running syntax-earth-road-art...
PASS: syntax-earth-road-art
Running syntax-earth-road-ui...
PASS: syntax-earth-road-ui
Running syntax-earth-road...
PASS: syntax-earth-road
Running syntax-earth-shoulder-art...
PASS: syntax-earth-shoulder-art
Running syntax-earth-story-ui...
PASS: syntax-earth-story-ui
Running syntax-earth-story...
PASS: syntax-earth-story
Running syntax-earth-ui...
PASS: syntax-earth-ui
Running syntax-earth...
PASS: syntax-earth
Running syntax-elderweald-trail-art...
PASS: syntax-elderweald-trail-art
Running syntax-elderweald-world...
PASS: syntax-elderweald-world
Running syntax-engine...
PASS: syntax-engine
Running syntax-experience...
PASS: syntax-experience
Running syntax-gathering-adapter...
PASS: syntax-gathering-adapter
Running syntax-gathering-art...
PASS: syntax-gathering-art
Running syntax-gathering-music...
PASS: syntax-gathering-music
Running syntax-gathering-ui...
PASS: syntax-gathering-ui
Running syntax-gathering...
PASS: syntax-gathering
Running syntax-heaven-campaign-art...
PASS: syntax-heaven-campaign-art
Running syntax-heaven-campaign-data...
PASS: syntax-heaven-campaign-data
Running syntax-heaven-campaign-ui...
PASS: syntax-heaven-campaign-ui
Running syntax-heaven-campaign...
PASS: syntax-heaven-campaign
Running syntax-hell-campaign-art...
PASS: syntax-hell-campaign-art
Running syntax-hell-campaign-data...
PASS: syntax-hell-campaign-data
Running syntax-hell-campaign-ui...
PASS: syntax-hell-campaign-ui
Running syntax-hell-campaign...
PASS: syntax-hell-campaign
Running syntax-home-history-art...
PASS: syntax-home-history-art
Running syntax-home-history-ui...
PASS: syntax-home-history-ui
Running syntax-home-history...
PASS: syntax-home-history
Running syntax-local-life-art...
PASS: syntax-local-life-art
Running syntax-local-life-ui...
PASS: syntax-local-life-ui
Running syntax-local-life...
PASS: syntax-local-life
Running syntax-mill-gate-art...
PASS: syntax-mill-gate-art
Running syntax-millwright-art...
PASS: syntax-millwright-art
Running syntax-pursuit-ui...
PASS: syntax-pursuit-ui
Running syntax-pursuit...
PASS: syntax-pursuit
Running syntax-quarry-art...
PASS: syntax-quarry-art
Running syntax-realm-art-data...
PASS: syntax-realm-art-data
Running syntax-realm-atlas-ui...
PASS: syntax-realm-atlas-ui
Running syntax-realm-craft...
PASS: syntax-realm-craft
Running syntax-realm-givers-art...
PASS: syntax-realm-givers-art
Running syntax-realm-trails-art...
PASS: syntax-realm-trails-art
Running syntax-realm-trails-cosmos...
PASS: syntax-realm-trails-cosmos
Running syntax-realm-trails-north...
PASS: syntax-realm-trails-north
Running syntax-realm-trails-south...
PASS: syntax-realm-trails-south
Running syntax-realm-trails-ui...
PASS: syntax-realm-trails-ui
Running syntax-realm-trails...
PASS: syntax-realm-trails
Running syntax-road-art...
PASS: syntax-road-art
Running syntax-road...
PASS: syntax-road
Running syntax-rpg-ui...
PASS: syntax-rpg-ui
Running syntax-sandbox-art...
PASS: syntax-sandbox-art
Running syntax-sandbox-ui...
PASS: syntax-sandbox-ui
Running syntax-sandbox...
PASS: syntax-sandbox
Running syntax-skitter-art...
PASS: syntax-skitter-art
Running syntax-soundscape...
PASS: syntax-soundscape
Running syntax-starter-art...
PASS: syntax-starter-art
Running syntax-starter-ui...
PASS: syntax-starter-ui
Running syntax-starter...
PASS: syntax-starter
Running syntax-surface-assets...
PASS: syntax-surface-assets
Running syntax-traveler-art...
PASS: syntax-traveler-art
Running syntax-traveler-equipment-art...
PASS: syntax-traveler-equipment-art
Running syntax-workshop-transactions...
PASS: syntax-workshop-transactions
Running syntax-world-atlantis-earth...
PASS: syntax-world-atlantis-earth
Running syntax-world-foundations-art...
PASS: syntax-world-foundations-art
Running syntax-world-foundations-ui...
PASS: syntax-world-foundations-ui
Running syntax-world-foundations...
PASS: syntax-world-foundations
Running syntax-world-ground-coalescing...
PASS: syntax-world-ground-coalescing
Running syntax-world-heaven-hell...
PASS: syntax-world-heaven-hell
Running syntax-world...
PASS: syntax-world
Running rules...
PASS: rules
1..1680
# tests 1680
# suites 0
# pass 1678
# fail 0
# cancelled 0
# skipped 2
# todo 0
# duration_ms 10380.5709
Running python...
PASS: python

----------------------------------------------------------------------
Ran 262 tests in 280.464s

OK (skipped=8)
Running crossing-blade...
PASS: crossing-blade
Running crossing-bow...
PASS: crossing-bow
Running starter-blade...
PASS: starter-blade
Running starter-bow...
PASS: starter-bow
Running starter-veteran...
PASS: starter-veteran
Running pursuit-blade...
PASS: pursuit-blade
Running pursuit-bow...
PASS: pursuit-bow
Running pursuit-veteran...
PASS: pursuit-veteran
Running characters-journey...
PASS: characters-journey
Running classes-journey...
PASS: classes-journey
Running cosmos-journey...
PASS: cosmos-journey
Running earth-journey...
PASS: earth-journey
Running earth-road-journey...
PASS: earth-road-journey
Running earth-outing-blade...
PASS: earth-outing-blade
Running earth-outing-bow...
PASS: earth-outing-bow
Running earth-outing-veteran...
PASS: earth-outing-veteran
Running earth-story-blade...
PASS: earth-story-blade
Running earth-story-bow...
PASS: earth-story-bow
Running earth-story-veteran...
PASS: earth-story-veteran
Running earth-notes-blade...
PASS: earth-notes-blade
Running earth-notes-bow...
PASS: earth-notes-bow
Running earth-notes-veteran...
PASS: earth-notes-veteran
Running gathering-blade...
PASS: gathering-blade
Running gathering-bow...
PASS: gathering-bow
Running gathering-veteran...
PASS: gathering-veteran
Running world-foundations-blade...
PASS: world-foundations-blade
Running world-foundations-bow...
PASS: world-foundations-bow
Running world-foundations-veteran...
PASS: world-foundations-veteran
Running realm-trails-blade...
PASS: realm-trails-blade
Running realm-trails-bow...
PASS: realm-trails-bow
Running realm-trails-south-blade...
PASS: realm-trails-south-blade
Running realm-trails-south-bow...
PASS: realm-trails-south-bow
Running realm-comparator-blade...
PASS: realm-comparator-blade
Running realm-comparator-bow...
PASS: realm-comparator-bow
Running realm-comparator-veteran...
PASS: realm-comparator-veteran
Running earth-expedition-blade...
PASS: earth-expedition-blade
Running earth-expedition-bow...
PASS: earth-expedition-bow
Running earth-expedition-veteran...
PASS: earth-expedition-veteran
Running local-life-blade...
PASS: local-life-blade
Running local-life-bow...
PASS: local-life-bow
Running local-life-veteran...
PASS: local-life-veteran
Running home-history-blade...
PASS: home-history-blade
Running home-history-bow...
PASS: home-history-bow
Running home-history-veteran...
PASS: home-history-veteran
Running bridge-community-blade...
PASS: bridge-community-blade
Running bridge-community-bow...
PASS: bridge-community-bow
Running bridge-community-veteran...
PASS: bridge-community-veteran
Running hell-campaign-blade...
PASS: hell-campaign-blade
Running hell-campaign-bow...
PASS: hell-campaign-bow
Running hell-campaign-veteran...
PASS: hell-campaign-veteran
Running heaven-campaign-blade...
PASS: heaven-campaign-blade
Running heaven-campaign-bow...
PASS: heaven-campaign-bow
Running heaven-campaign-veteran...
PASS: heaven-campaign-veteran
Running atlantis-campaign-blade...
PASS: atlantis-campaign-blade
Running atlantis-campaign-bow...
PASS: atlantis-campaign-bow
Running atlantis-campaign-veteran...
PASS: atlantis-campaign-veteran
Running cosmos-campaign-blade...
PASS: cosmos-campaign-blade
Running cosmos-campaign-bow...
PASS: cosmos-campaign-bow
Running cosmos-campaign-veteran...
PASS: cosmos-campaign-veteran
Running earth-homecoming-earned...
PASS: earth-homecoming-earned
Running earth-homecoming-native-preflight...
PASS: earth-homecoming-native-preflight
Running earth-recording-controller-preflight...
PASS: earth-recording-controller-preflight
Running whole-draft-earned...
PASS: whole-draft-earned
Running earth_homecoming_browser...
PASS: earth_homecoming_browser
Running onboarding_browser...
PASS: onboarding_browser
Running cosmos_campaign_browser...
PASS: cosmos_campaign_browser
Running atlantis_campaign_browser...
PASS: atlantis_campaign_browser
Running heaven_campaign_browser...
PASS: heaven_campaign_browser
Running hell_campaign_browser...
PASS: hell_campaign_browser
Running earth_road_browser...
PASS: earth_road_browser
Running bridge_community_browser...
PASS: bridge_community_browser
Running home_history_browser...
PASS: home_history_browser
Running local_life_browser...
PASS: local_life_browser
Running earth_ground_material_browser...
PASS: earth_ground_material_browser
Running realm_givers_browser...
PASS: realm_givers_browser
Running crossing_browser...
PASS: crossing_browser
Running regression09_browser...
PASS: regression09_browser
Running cutaway_browser...
PASS: cutaway_browser
Running reflection_browser...
PASS: reflection_browser
Running native_origin_browser...
PASS: native_origin_browser
Running starter_browser...
PASS: starter_browser
Running camera_browser...
PASS: camera_browser
Running pursuit_browser...
PASS: pursuit_browser
Running characters_browser...
PASS: characters_browser
Running classes_browser...
PASS: classes_browser
Running cosmos_browser...
PASS: cosmos_browser
Running earth_browser...
PASS: earth_browser
Running earth_story_browser...
PASS: earth_story_browser
Running earth_notes_browser...
PASS: earth_notes_browser
Running gathering_browser...
PASS: gathering_browser
Running realm_atlas_browser...
PASS: realm_atlas_browser
Running timber_browser...
PASS: timber_browser
Running traveler_browser...
PASS: traveler_browser
Running bridge_browser...
PASS: bridge_browser
Running combat_cue_browser...
PASS: combat_cue_browser
Running world_foundations_browser...
PASS: world_foundations_browser
Running world_cutaway_browser...
PASS: world_cutaway_browser
Running realm_trails_browser...
PASS: realm_trails_browser
Running realm_trails_north_browser...
PASS: realm_trails_north_browser
Running realm_trails_cosmos_browser...
PASS: realm_trails_cosmos_browser
Running soundscape_browser...
PASS: soundscape_browser
Running journey_usability_browser...
PASS: journey_usability_browser
Running workshop_transactions_browser...
PASS: workshop_transactions_browser
Running companion_presentation_browser...
PASS: companion_presentation_browser
Running skitter_presentation_browser...
PASS: skitter_presentation_browser
Running coastward_scenery_browser...
PASS: coastward_scenery_browser
Running earth_story_transactions_browser...
PASS: earth_story_transactions_browser
Running coastward_bridge_posts_browser...
PASS: coastward_bridge_posts_browser
Running practice_visibility_browser...
PASS: practice_visibility_browser
Running realm_work_presentation_browser...
PASS: realm_work_presentation_browser
Running earth_expedition_browser...
PASS: earth_expedition_browser
Verification passed. Automated checks do not qualify human pacing or device performance.
