{
  "status": "passed",
  "variant": "returning-strongest",
  "claims": [
    {
      "quest": "heaven-propagation-bed-v1",
      "choice": "wick",
      "reward": {
        "xp": 20,
        "coins": 8,
        "ore": 0,
        "materials": {
          "fiber": 4
        }
      }
    },
    {
      "quest": "hell-refuge-water-v1",
      "choice": "hand-filter",
      "reward": {
        "xp": 22,
        "coins": 9,
        "ore": 2
      }
    },
    {
      "quest": "atlantis-bellglass-lamp-v1",
      "choice": "desk",
      "reward": {
        "xp": 25,
        "coins": 8,
        "ore": 0,
        "materials": {
          "wood": 2,
          "crystal": 1
        }
      }
    },
    {
      "quest": "cosmos-drawing-shelf-v1",
      "choice": "sheltered",
      "reward": {
        "xp": 25,
        "coins": 8,
        "ore": 0,
        "materials": {
          "wood": 2,
          "fiber": 1
        }
      }
    }
  ],
  "walkedLegs": 53,
  "saves": 88,
  "swimLegs": 11,
  "sourceDrift": false
}
