PASS identical standalone file-origin game loaded
PASS five readable realm choices
PASS embedded world raster decodes
PASS concept status is explicit
PASS earth selection retains keyboard focus
PASS earth selection actually changes the concept panel
PASS earth declares actual availability
PASS earth grants no progression
PASS earth offers an invitation without silently crossing
PASS heaven selection retains keyboard focus
PASS heaven selection actually changes the concept panel
PASS heaven declares actual availability
PASS heaven grants no progression
PASS heaven offers an invitation without silently crossing
PASS hell selection retains keyboard focus
PASS hell selection actually changes the concept panel
PASS hell declares actual availability
PASS hell grants no progression
PASS hell offers an invitation without silently crossing
PASS atlantis selection retains keyboard focus
PASS atlantis selection actually changes the concept panel
PASS atlantis declares actual availability
PASS atlantis grants no progression
PASS atlantis offers an invitation without silently crossing
PASS cosmos selection retains keyboard focus
PASS cosmos selection actually changes the concept panel
PASS cosmos declares actual availability
PASS cosmos grants no progression
PASS cosmos offers an invitation without silently crossing
PASS embedded material reference decodes
PASS menu consumes camera shortcut
