test_all_eight_whole_browser_checkpoint_callers_remain_in_earned_path (test_atlantis_campaign_browser_storage.AtlantisBrowserStorageTests.test_all_eight_whole_browser_checkpoint_callers_remain_in_earned_path) ... ok
test_bow_requires_projectile_callers_not_aggregate_hp_loss (test_atlantis_campaign_browser_storage.AtlantisBrowserStorageTests.test_bow_requires_projectile_callers_not_aggregate_hp_loss) ... ok
test_checkpoint_identity_cannot_escape_family (test_atlantis_campaign_browser_storage.AtlantisBrowserStorageTests.test_checkpoint_identity_cannot_escape_family) ... ok
test_cli_refuses_incomplete_provenance_before_output_or_browser_loading (test_atlantis_campaign_browser_storage.AtlantisBrowserStorageTests.test_cli_refuses_incomplete_provenance_before_output_or_browser_loading) ... ok
test_complete_current_cohort_freezes_all_receipt_bytes (test_atlantis_campaign_browser_storage.AtlantisBrowserStorageTests.test_complete_current_cohort_freezes_all_receipt_bytes) ... ok
test_d_drive_guard_refuses_relative_c_and_unc_targets (test_atlantis_campaign_browser_storage.AtlantisBrowserStorageTests.test_d_drive_guard_refuses_relative_c_and_unc_targets) ... FAIL
test_earned_browser_methods_use_native_controls_without_pose_hp_or_fact_writes (test_atlantis_campaign_browser_storage.AtlantisBrowserStorageTests.test_earned_browser_methods_use_native_controls_without_pose_hp_or_fact_writes) ... ok
test_earned_seed_requires_real_kit_claimed_chart_and_empty_campaign (test_atlantis_campaign_browser_storage.AtlantisBrowserStorageTests.test_earned_seed_requires_real_kit_claimed_chart_and_empty_campaign) ... ok
test_embedded_native_expressions_compile_without_execution (test_atlantis_campaign_browser_storage.AtlantisBrowserStorageTests.test_embedded_native_expressions_compile_without_execution) ... ok
test_every_injection_counter_is_present_integer_zero_in_both_receipts (test_atlantis_campaign_browser_storage.AtlantisBrowserStorageTests.test_every_injection_counter_is_present_integer_zero_in_both_receipts) ... ok
test_imports_are_browser_server_and_subprocess_free (test_atlantis_campaign_browser_storage.AtlantisBrowserStorageTests.test_imports_are_browser_server_and_subprocess_free) ... ok
test_malformed_nonobject_json_cannot_be_receipt (test_atlantis_campaign_browser_storage.AtlantisBrowserStorageTests.test_malformed_nonobject_json_cannot_be_receipt) ... ok
test_native_sources_and_output_are_distinct_and_never_overwritten (test_atlantis_campaign_browser_storage.AtlantisBrowserStorageTests.test_native_sources_and_output_are_distinct_and_never_overwritten) ... ok
test_new_json_receipts_refuse_existing_bytes (test_atlantis_campaign_browser_storage.AtlantisBrowserStorageTests.test_new_json_receipts_refuse_existing_bytes) ... ok
test_no_current_pass_claim_without_complete_branches_or_preservation (test_atlantis_campaign_browser_storage.AtlantisBrowserStorageTests.test_no_current_pass_claim_without_complete_branches_or_preservation) ... ok
test_prior_history_guard_allows_real_resource_time_but_detects_gear_and_home_edits (test_atlantis_campaign_browser_storage.AtlantisBrowserStorageTests.test_prior_history_guard_allows_real_resource_time_but_detects_gear_and_home_edits) ... ok
test_profiles_have_exact_family_membership_and_new_owned_paths (test_atlantis_campaign_browser_storage.AtlantisBrowserStorageTests.test_profiles_have_exact_family_membership_and_new_owned_paths) ... ok
test_required_checkpoint_hashes_cannot_be_omitted (test_atlantis_campaign_browser_storage.AtlantisBrowserStorageTests.test_required_checkpoint_hashes_cannot_be_omitted) ... ok
test_roots_are_refused_and_actual_containment_is_component_based (test_atlantis_campaign_browser_storage.AtlantisBrowserStorageTests.test_roots_are_refused_and_actual_containment_is_component_based) ... ok
test_seed_only_cannot_qualify_native_play (test_atlantis_campaign_browser_storage.AtlantisBrowserStorageTests.test_seed_only_cannot_qualify_native_play) ... ok
test_stale_changed_or_added_source_membership_is_rejected (test_atlantis_campaign_browser_storage.AtlantisBrowserStorageTests.test_stale_changed_or_added_source_membership_is_rejected) ... ok
test_unlinked_or_tampered_checkpoint_bytes_are_rejected (test_atlantis_campaign_browser_storage.AtlantisBrowserStorageTests.test_unlinked_or_tampered_checkpoint_bytes_are_rejected) ... ok
test_veteran_canonical_fixture_bytes_and_both_identity_receipts_are_linked (test_atlantis_campaign_browser_storage.AtlantisBrowserStorageTests.test_veteran_canonical_fixture_bytes_and_both_identity_receipts_are_linked) ... ok
test_wrapper_plans_three_complete_journeys_without_launching (test_atlantis_campaign_browser_storage.AtlantisBrowserStorageTests.test_wrapper_plans_three_complete_journeys_without_launching) ... ok
test_wrapper_refuses_existing_source_and_profile_targets (test_atlantis_campaign_browser_storage.AtlantisBrowserStorageTests.test_wrapper_refuses_existing_source_and_profile_targets) ... ok
test_actual_normalized_chord_moves_safely_from_recorded_failure (test_atlantis_capture_controller.ProductionGeometry.test_actual_normalized_chord_moves_safely_from_recorded_failure) ... ok
test_all_remaining_ordinary_key_waypoints_keep_actual_clearance (test_atlantis_capture_controller.ProductionGeometry.test_all_remaining_ordinary_key_waypoints_keep_actual_clearance) ... ok
test_four_direction_policy_reproduces_stall_but_eight_direction_reaches (test_atlantis_capture_controller.ProductionGeometry.test_four_direction_policy_reproduces_stall_but_eight_direction_reaches) ... ok
test_recorded_failure_four_direction_step_is_correctly_blocked (test_atlantis_capture_controller.ProductionGeometry.test_recorded_failure_four_direction_step_is_correctly_blocked) ... ok
test_actual_current_complete_earned02_and_all_prepared_links (test_capture_cosmos_campaign.ActualCurrentInputs.test_actual_current_complete_earned02_and_all_prepared_links) ... skipped 'Explicit read-only complete current-cohort path not supplied.'
test_already_near_action_skips_nonexistent_redundant_walk (test_capture_cosmos_campaign.Controllers.test_already_near_action_skips_nonexistent_redundant_walk) ... ok
test_controller_AST_has_no_test_step_command_or_owner_mutation (test_capture_cosmos_campaign.Controllers.test_controller_AST_has_no_test_step_command_or_owner_mutation) ... ok
test_eight_directions_follow_actual_camera_transform (test_capture_cosmos_campaign.Controllers.test_eight_directions_follow_actual_camera_transform) ... ok
test_import_and_cli_help_do_not_import_browser_or_generate_fixtures (test_capture_cosmos_campaign.Controllers.test_import_and_cli_help_do_not_import_browser_or_generate_fixtures) ... ok
test_missing_walk_and_missing_action_refuse_instead_of_injecting (test_capture_cosmos_campaign.Controllers.test_missing_walk_and_missing_action_refuse_instead_of_injecting) ... ok
test_native_key_hold_releases_on_controller_error (test_capture_cosmos_campaign.Controllers.test_native_key_hold_releases_on_controller_error) ... ok
test_native_map_invitation_is_not_a_nonexistent_top_tab (test_capture_cosmos_campaign.Controllers.test_native_map_invitation_is_not_a_nonexistent_top_tab) ... ok
test_only_one_recorded_context_then_unrecorded_same_profile (test_capture_cosmos_campaign.Controllers.test_only_one_recorded_context_then_unrecorded_same_profile) ... ok
test_physical_selector_cannot_set_defeat_or_choice (test_capture_cosmos_campaign.Controllers.test_physical_selector_cannot_set_defeat_or_choice) ... ok
test_warning_keyboard_waypoints_use_actual_whole_body_Cosmos_ground (test_capture_cosmos_campaign.Controllers.test_warning_keyboard_waypoints_use_actual_whole_body_Cosmos_ground) ... ok
test_complete_all_three_prepared_schemas_bind_exact_bytes (test_capture_cosmos_campaign.ReceiptGuards.test_complete_all_three_prepared_schemas_bind_exact_bytes) ... ok
test_create_only_receipts_do_not_overwrite (test_capture_cosmos_campaign.ReceiptGuards.test_create_only_receipts_do_not_overwrite) ... ok
test_exact_prepared_filename_and_absolute_paths_only (test_capture_cosmos_campaign.ReceiptGuards.test_exact_prepared_filename_and_absolute_paths_only) ... ok
test_existing_and_overlapping_outputs_are_refused (test_capture_cosmos_campaign.ReceiptGuards.test_existing_and_overlapping_outputs_are_refused) ... ok
test_failed_or_injected_full_journey_is_refused (test_capture_cosmos_campaign.ReceiptGuards.test_failed_or_injected_full_journey_is_refused) ... ok
test_future_work_even_with_relinked_hash_is_refused (test_capture_cosmos_campaign.ReceiptGuards.test_future_work_even_with_relinked_hash_is_refused) ... ok
test_no_profile_or_report_inside_game_checkout (test_capture_cosmos_campaign.ReceiptGuards.test_no_profile_or_report_inside_game_checkout) ... ok
test_no_runtime_page_divergence (test_capture_cosmos_campaign.ReceiptGuards.test_no_runtime_page_divergence) ... ok
test_preflight_only_CLI_creates_no_profile_and_never_calls_capture (test_capture_cosmos_campaign.ReceiptGuards.test_preflight_only_CLI_creates_no_profile_and_never_calls_capture) ... ok
test_prepared_supports_must_match_distinct_source_plan (test_capture_cosmos_campaign.ReceiptGuards.test_prepared_supports_must_match_distinct_source_plan) ... ok
test_seed_only_incomplete_report_is_refused (test_capture_cosmos_campaign.ReceiptGuards.test_seed_only_incomplete_report_is_refused) ... ok
test_stale_current_source_is_refused_before_output (test_capture_cosmos_campaign.ReceiptGuards.test_stale_current_source_is_refused_before_output) ... ok
test_strongest_original_bytes_are_bound (test_capture_cosmos_campaign.ReceiptGuards.test_strongest_original_bytes_are_bound) ... ok
test_unlinked_or_tampered_prepared_bytes_are_refused (test_capture_cosmos_campaign.ReceiptGuards.test_unlinked_or_tampered_prepared_bytes_are_refused) ... ok
test_windows_native_paths_are_D_only_and_not_drive_root (test_capture_cosmos_campaign.ReceiptGuards.test_windows_native_paths_are_D_only_and_not_drive_root) ... ok
setUpClass (test_capture_earth_homecoming.ActualEarnedPreflight) ... skipped 'Capture preflight needs an explicit current earned source and cohort SHA; generic discovery cannot substitute old private inputs.'
test_brace_consumes_real_production_cooldown_schema (test_capture_earth_homecoming.ActualProductionController.test_brace_consumes_real_production_cooldown_schema) ... ok
test_raf_observer_only_timestamps_bounded_callbacks_and_never_reads_game (test_capture_earth_homecoming.ActualProductionController.test_raf_observer_only_timestamps_bounded_callbacks_and_never_reads_game) ... ok
test_requested_camera_projection_matches_exact_installed_camera_dispatch (test_capture_earth_homecoming.ActualProductionController.test_requested_camera_projection_matches_exact_installed_camera_dispatch) ... ok
test_steering_chords_advance_actual_core_using_exact_frame_expression (test_capture_earth_homecoming.ActualProductionController.test_steering_chords_advance_actual_core_using_exact_frame_expression) ... ok
test_animation_and_callback_arrival_clocks_have_different_retained_distributions (test_capture_earth_homecoming.CallbackArrivalRepair.test_animation_and_callback_arrival_clocks_have_different_retained_distributions) ... ok
test_paired_clocks_refuse_nonfinite_unequal_or_nonadvancing_samples (test_capture_earth_homecoming.CallbackArrivalRepair.test_paired_clocks_refuse_nonfinite_unequal_or_nonadvancing_samples) ... ok
test_same_bounded_observer_pairs_arrivals_with_animation_samples_without_game_read (test_capture_earth_homecoming.CallbackArrivalRepair.test_same_bounded_observer_pairs_arrivals_with_animation_samples_without_game_read) ... ok
test_cleanup_keeps_playwright_alive_until_video_is_finalized (test_capture_earth_homecoming.ControllerResourceBoundaries.test_cleanup_keeps_playwright_alive_until_video_is_finalized) ... ok
test_cleanup_stops_service_even_when_movie_finalize_fails (test_capture_earth_homecoming.ControllerResourceBoundaries.test_cleanup_stops_service_even_when_movie_finalize_fails) ... ok
test_declared_play_bound_does_not_stop_or_scale_game_time (test_capture_earth_homecoming.ControllerResourceBoundaries.test_declared_play_bound_does_not_stop_or_scale_game_time) ... ok
test_failed_interval_observation_still_preserves_the_raw_take (test_capture_earth_homecoming.ControllerResourceBoundaries.test_failed_interval_observation_still_preserves_the_raw_take) ... ok
test_failed_key_hold_releases_every_native_chord (test_capture_earth_homecoming.ControllerResourceBoundaries.test_failed_key_hold_releases_every_native_chord) ... ok
test_stored_home_snapshot_is_committed_after_native_pause (test_capture_earth_homecoming.ControllerResourceBoundaries.test_stored_home_snapshot_is_committed_after_native_pause) ... ok
setUpClass (test_capture_earth_homecoming.FailedReportRepair) ... skipped 'Report lifecycle preflight needs explicit current earned source/cohort; no private input substitution.'
test_completed_or_reordered_work_cannot_be_called_prepared (test_capture_earth_homecoming.InitialBoundaries.test_completed_or_reordered_work_cannot_be_called_prepared) ... ok
test_damage_bands_require_real_hp_change_at_boundary (test_capture_earth_homecoming.InitialBoundaries.test_damage_bands_require_real_hp_change_at_boundary) ... ok
test_eight_headings_at_unrotated_camera (test_capture_earth_homecoming.InitialBoundaries.test_eight_headings_at_unrotated_camera) ... ok
test_interval_percentiles_count_stutters_without_fps_claim (test_capture_earth_homecoming.InitialBoundaries.test_interval_percentiles_count_stutters_without_fps_claim) ... ok
test_invalid_intervals_are_not_silently_dropped_from_statistics (test_capture_earth_homecoming.InitialBoundaries.test_invalid_intervals_are_not_silently_dropped_from_statistics) ... ok
test_nonfinite_diagnostics_are_refused_before_keyboard_input (test_capture_earth_homecoming.InitialBoundaries.test_nonfinite_diagnostics_are_refused_before_keyboard_input) ... ok
test_only_physical_interactions_have_a_step_selector (test_capture_earth_homecoming.InitialBoundaries.test_only_physical_interactions_have_a_step_selector) ... ok
test_partial_return_cannot_be_reported_as_completed_homecoming (test_capture_earth_homecoming.InitialBoundaries.test_partial_return_cannot_be_reported_as_completed_homecoming) ... ok
test_preparation_is_read_only (test_capture_earth_homecoming.InitialBoundaries.test_preparation_is_read_only) ... ok
test_rotated_camera_and_near_diagonal_choose_native_chord (test_capture_earth_homecoming.InitialBoundaries.test_rotated_camera_and_near_diagonal_choose_native_chord) ... ok
test_threshold_counts_are_strict_with_no_invented_intervals (test_capture_earth_homecoming.InitialBoundaries.test_threshold_counts_are_strict_with_no_invented_intervals) ... ok
test_invalid_or_looser_tolerance_is_refused_before_inputs (test_capture_earth_homecoming.QuietControllerRepair.test_invalid_or_looser_tolerance_is_refused_before_inputs) ... ok
test_real_quiet_response_moves_recorded_pose_and_actual_ring_contact_misses_in_both_camera_frames (test_capture_earth_homecoming.QuietControllerRepair.test_real_quiet_response_moves_recorded_pose_and_actual_ring_contact_misses_in_both_camera_frames) ... ok
test_recorded_old_stop_is_inside_actual_danger_despite_default_destination_acceptance (test_capture_earth_homecoming.QuietControllerRepair.test_recorded_old_stop_is_inside_actual_danger_despite_default_destination_acceptance) ... ok
test_tighter_destination_has_strict_body_clearance_and_boundary_retains_real_contact (test_capture_earth_homecoming.QuietControllerRepair.test_tighter_destination_has_strict_body_clearance_and_boundary_retains_real_contact) ... ok
test_case_duplicate_refused (test_checkout_import.ImportRules.test_case_duplicate_refused) ... ok
test_conflict_refused (test_checkout_import.ImportRules.test_conflict_refused) ... ok
test_dirty_refused (test_checkout_import.ImportRules.test_dirty_refused) ... ok
test_dry_run_only (test_checkout_import.ImportRules.test_dry_run_only) ... ok
test_identical_preserved (test_checkout_import.ImportRules.test_identical_preserved) ... ok
test_main_refused (test_checkout_import.ImportRules.test_main_refused) ... ok
test_source_corruption_refused (test_checkout_import.ImportRules.test_source_corruption_refused) ... ok
test_symlink_refused (test_checkout_import.ImportRules.test_symlink_refused) ... skipped 'Windows account lacks symlink privilege; real symlink refusal is exercised on Linux CI'
test_unsafe_path_refused (test_checkout_import.ImportRules.test_unsafe_path_refused) ... ok
test_wrong_remote_refused (test_checkout_import.ImportRules.test_wrong_remote_refused) ... ok
test_read_only_real_current_cohort_preflight (test_cosmos_campaign_browser_storage.CurrentEarnedEpoch.test_read_only_real_current_cohort_preflight) ... skipped 'explicit actual current-source paths required'
test_ast_has_no_native_earned_state_injection_or_recorded_video (test_cosmos_campaign_browser_storage.Guards.test_ast_has_no_native_earned_state_injection_or_recorded_video) ... ok
test_bow_receipts_require_projectile_contact_in_both_fights (test_cosmos_campaign_browser_storage.Guards.test_bow_receipts_require_projectile_contact_in_both_fights) ... ok
test_cli_rejects_unsafe_paths_without_loading_browser (test_cosmos_campaign_browser_storage.Guards.test_cli_rejects_unsafe_paths_without_loading_browser) ... ok
test_complete_schema_accepts_three_families_and_freezes_all_inputs (test_cosmos_campaign_browser_storage.Guards.test_complete_schema_accepts_three_families_and_freezes_all_inputs) ... ok
test_cosmos_entry_uses_existing_map_invitation_not_nonexistent_top_tab (test_cosmos_campaign_browser_storage.Guards.test_cosmos_entry_uses_existing_map_invitation_not_nonexistent_top_tab) ... ok
test_current_source_membership_and_harness_bytes_are_bound (test_cosmos_campaign_browser_storage.Guards.test_current_source_membership_and_harness_bytes_are_bound) ... ok
test_duplicate_support_plan_and_wrong_choice_refuse (test_cosmos_campaign_browser_storage.Guards.test_duplicate_support_plan_and_wrong_choice_refuse) ... ok
test_every_later_checkpoint_byte_is_verified_not_only_seed (test_cosmos_campaign_browser_storage.Guards.test_every_later_checkpoint_byte_is_verified_not_only_seed) ... ok
test_exact_six_profiles_and_no_escaped_label (test_cosmos_campaign_browser_storage.Guards.test_exact_six_profiles_and_no_escaped_label) ... ok
test_failure_or_source_drift_is_refused (test_cosmos_campaign_browser_storage.Guards.test_failure_or_source_drift_is_refused) ... ok
test_import_launches_no_server_browser_or_fixture_generation (test_cosmos_campaign_browser_storage.Guards.test_import_launches_no_server_browser_or_fixture_generation) ... ok
test_missing_bool_or_nonzero_injection_counter_refuses (test_cosmos_campaign_browser_storage.Guards.test_missing_bool_or_nonzero_injection_counter_refuses) ... ok
test_missing_duplicate_or_unlinked_checkpoint_refuses (test_cosmos_campaign_browser_storage.Guards.test_missing_duplicate_or_unlinked_checkpoint_refuses) ... ok
test_native_paths_reject_overlap_existing_and_drive_roots (test_cosmos_campaign_browser_storage.Guards.test_native_paths_reject_overlap_existing_and_drive_roots) ... ok
test_original_strongest_bytes_cannot_be_replaced (test_cosmos_campaign_browser_storage.Guards.test_original_strongest_bytes_cannot_be_replaced) ... ok
test_portable_root_keeps_canonical_fixture_identity_and_both_hashes (test_cosmos_campaign_browser_storage.Guards.test_portable_root_keeps_canonical_fixture_identity_and_both_hashes) ... ok
test_seed_only_is_refused (test_cosmos_campaign_browser_storage.Guards.test_seed_only_is_refused) ... ok
test_strongest_actual_after_exhaustion_feeds_and_zero_contact_are_honest (test_cosmos_campaign_browser_storage.Guards.test_strongest_actual_after_exhaustion_feeds_and_zero_contact_are_honest) ... ok
test_two_distinct_encounters_and_supports_are_required (test_cosmos_campaign_browser_storage.Guards.test_two_distinct_encounters_and_supports_are_required) ... ok
test_wrapper_generates_complete_journeys_only_when_requested (test_cosmos_campaign_browser_storage.Guards.test_wrapper_generates_complete_journeys_only_when_requested) ... ok
test_explicit_current_earned_cohort_required (test_earth_homecoming_native.ExplicitCurrentCohortRequired.test_explicit_current_earned_cohort_required) ... skipped 'Run the verifier current Earth earned cohort and explicit native preflight; generic discovery has no cohort.'
test_empty_samples_and_invalid_fraction_cannot_be_reported (test_frame_measurement.FrameMeasurementTests.test_empty_samples_and_invalid_fraction_cannot_be_reported) ... ok
test_nearest_rank_matches_six_hundred_frame_acceptance_report (test_frame_measurement.FrameMeasurementTests.test_nearest_rank_matches_six_hundred_frame_acceptance_report) ... ok
test_small_sample_and_extremes_stay_in_the_observed_distribution (test_frame_measurement.FrameMeasurementTests.test_small_sample_and_extremes_stay_in_the_observed_distribution) ... ok
test_default_generation_satisfies_actual_complete_journey_preflight_for_all_variants (test_heaven_campaign_browser_wrapper.HeavenBrowserWrapperContract.test_default_generation_satisfies_actual_complete_journey_preflight_for_all_variants) ... ok
test_existing_output_or_default_sources_refuse_before_any_process_and_preserve_prior_bytes (test_heaven_campaign_browser_wrapper.HeavenBrowserWrapperContract.test_existing_output_or_default_sources_refuse_before_any_process_and_preserve_prior_bytes) ... ok
test_failed_journey_stops_before_native_launch_and_keeps_its_failure_receipt (test_heaven_campaign_browser_wrapper.HeavenBrowserWrapperContract.test_failed_journey_stops_before_native_launch_and_keeps_its_failure_receipt) ... ok
test_supplied_sources_are_reused_without_generating_or_replacing_evidence (test_heaven_campaign_browser_wrapper.HeavenBrowserWrapperContract.test_supplied_sources_are_reused_without_generating_or_replacing_evidence) ... ok
test_http_completion_stays_with_its_original_navigation_sink (test_heaven_campaign_browser_wrapper.NavigationFailureEvidence.test_http_completion_stays_with_its_original_navigation_sink) ... ok
test_inherited_head_response_needs_no_get_observation_sink (test_heaven_campaign_browser_wrapper.NavigationFailureEvidence.test_inherited_head_response_needs_no_get_observation_sink) ... ok
test_missing_document_does_not_hide_screenshot_or_http_evidence (test_heaven_campaign_browser_wrapper.NavigationFailureEvidence.test_missing_document_does_not_hide_screenshot_or_http_evidence) ... ok
test_probe_failure_keeps_other_observations_and_never_retries (test_heaven_campaign_browser_wrapper.NavigationFailureEvidence.test_probe_failure_keeps_other_observations_and_never_retries) ... ok
test_wrong_served_bytes_are_recorded_without_rehashing_expectation (test_heaven_campaign_browser_wrapper.NavigationFailureEvidence.test_wrong_served_bytes_are_recorded_without_rehashing_expectation) ... ok
test_01_import_is_inert (test_onboarding_browser.Preparation.test_01_import_is_inert) ... ok
test_02_valid_fresh_projection_contract (test_onboarding_browser.Preparation.test_02_valid_fresh_projection_contract) ... ok
test_03_later_work_cannot_precede_current_chapter (test_onboarding_browser.Preparation.test_03_later_work_cannot_precede_current_chapter) ... ok
test_04_missing_locked_read_control_is_not_hidden_success (test_onboarding_browser.Preparation.test_04_missing_locked_read_control_is_not_hidden_success) ... ok
test_05_collapsed_later_group_is_required_initially (test_onboarding_browser.Preparation.test_05_collapsed_later_group_is_required_initially) ... ok
test_06_camera_save_metadata_does_not_fake_history_loss (test_onboarding_browser.Preparation.test_06_camera_save_metadata_does_not_fake_history_loss) ... ok
test_07_protected_choice_cannot_disappear (test_onboarding_browser.Preparation.test_07_protected_choice_cannot_disappear) ... ok
test_08_equipment_socket_cannot_be_added (test_onboarding_browser.Preparation.test_08_equipment_socket_cannot_be_added) ... ok
test_09_xp_or_revision_mutation_is_not_metadata (test_onboarding_browser.Preparation.test_09_xp_or_revision_mutation_is_not_metadata) ... ok
test_10_no_tracker_preference_can_be_saved (test_onboarding_browser.Preparation.test_10_no_tracker_preference_can_be_saved) ... ok
test_11_keys_are_protected_by_presence_and_value (test_onboarding_browser.Preparation.test_11_keys_are_protected_by_presence_and_value) ... ok
test_12_native_library_revision_may_advance_without_game_change (test_onboarding_browser.Preparation.test_12_native_library_revision_may_advance_without_game_change) ... ok
test_13_inactive_slot_history_cannot_be_replaced (test_onboarding_browser.Preparation.test_13_inactive_slot_history_cannot_be_replaced) ... ok
test_14_existing_output_is_refused (test_onboarding_browser.Preparation.test_14_existing_output_is_refused) ... ok
test_15_game_tree_and_parent_are_refused (test_onboarding_browser.Preparation.test_15_game_tree_and_parent_are_refused) ... ok
test_16_only_one_new_profile_child_is_allowed (test_onboarding_browser.Preparation.test_16_only_one_new_profile_child_is_allowed) ... ok
test_17_source_drift_is_refused (test_onboarding_browser.Preparation.test_17_source_drift_is_refused) ... ok
test_18_actual_installed_preflight_derives_current_epoch (test_onboarding_browser.Preparation.test_18_actual_installed_preflight_derives_current_epoch) ... skipped 'Explicit actual checkout required; no private default.'
test_19_installed_browser_sdk_accepts_controller_arguments (test_onboarding_browser.Preparation.test_19_installed_browser_sdk_accepts_controller_arguments) ... ok
test_20_preflight_cli_cannot_create_evidence_or_start_threads (test_onboarding_browser.Preparation.test_20_preflight_cli_cannot_create_evidence_or_start_threads) ... skipped 'Explicit actual checkout required; no private default.'
test_21_live_ticks_do_not_ignore_payout_choice_or_inventory (test_onboarding_browser.Preparation.test_21_live_ticks_do_not_ignore_payout_choice_or_inventory) ... ok
test_22_saved_tracker_preferences_are_rejected_recursively (test_onboarding_browser.Preparation.test_22_saved_tracker_preferences_are_rejected_recursively) ... ok
test_23_actual_core_fresh_has_zero_xp_and_old_progress_is_not_fresh (test_onboarding_browser.Preparation.test_23_actual_core_fresh_has_zero_xp_and_old_progress_is_not_fresh) ... ok
test_24_recorded_whole_resume_pair_matches_actual_production_core (test_onboarding_browser.Preparation.test_24_recorded_whole_resume_pair_matches_actual_production_core) ... ok
test_25_resume_cannot_rewrite_or_drop_old_history (test_onboarding_browser.Preparation.test_25_resume_cannot_rewrite_or_drop_old_history) ... ok
test_26_resume_preserves_xp_equipment_socket_and_explicit_choice (test_onboarding_browser.Preparation.test_26_resume_preserves_xp_equipment_socket_and_explicit_choice) ... ok
test_27_resume_rejects_forged_routine_text_kind_or_order (test_onboarding_browser.Preparation.test_27_resume_rejects_forged_routine_text_kind_or_order) ... ok
test_28_resume_rejects_sequence_or_next_event_forgery (test_onboarding_browser.Preparation.test_28_resume_rejects_sequence_or_next_event_forgery) ... ok
test_29_resume_rejects_mixed_forged_future_or_invalid_clocks (test_onboarding_browser.Preparation.test_29_resume_rejects_mixed_forged_future_or_invalid_clocks) ... ok
test_30_resume_does_not_allow_a_fourth_or_missing_event (test_onboarding_browser.Preparation.test_30_resume_does_not_allow_a_fourth_or_missing_event) ... ok
test_31_actual_core_tick_clocks_allow_binary64_clamped_endpoint (test_onboarding_browser.Preparation.test_31_actual_core_tick_clocks_allow_binary64_clamped_endpoint) ... ok
test_32_normal_tracker_tick_history_comparison_remains_strict (test_onboarding_browser.Preparation.test_32_normal_tracker_tick_history_comparison_remains_strict) ... ok
test_33_actual_core_other_owner_reset_is_outside_resume_allowance (test_onboarding_browser.Preparation.test_33_actual_core_other_owner_reset_is_outside_resume_allowance) ... ok
test_build_is_consistent_while_source_files_are_rebuilt (test_play_local.LocalPlayTests.test_build_is_consistent_while_source_files_are_rebuilt) ... ok
test_does_not_serve_repository_or_neighbor_files (test_play_local.LocalPlayTests.test_does_not_serve_repository_or_neighbor_files) ... ok
test_existing_origin_cannot_redirect_build_verification_elsewhere (test_play_local.LocalPlayTests.test_existing_origin_cannot_redirect_build_verification_elsewhere) ... ok
test_refuses_an_occupied_origin_with_different_bytes (test_play_local.LocalPlayTests.test_refuses_an_occupied_origin_with_different_bytes) ... ok
test_refuses_missing_or_mismatched_generated_outputs (test_play_local.LocalPlayTests.test_refuses_missing_or_mismatched_generated_outputs) ... ok
test_reuses_an_existing_matching_build (test_play_local.LocalPlayTests.test_reuses_an_existing_matching_build) ... ok
test_serves_identical_game_bytes_on_loopback_only (test_play_local.LocalPlayTests.test_serves_identical_game_bytes_on_loopback_only) ... ok
test_different_main_refused (test_publication.PublicationRules.test_different_main_refused) ... ok
test_empty_remote (test_publication.PublicationRules.test_empty_remote) ... ok
test_firstlight_allowed (test_publication.PublicationRules.test_firstlight_allowed) ... ok
test_heaven_allowed (test_publication.PublicationRules.test_heaven_allowed) ... ok
test_identical_main (test_publication.PublicationRules.test_identical_main) ... ok
test_invalid_response_refused (test_publication.PublicationRules.test_invalid_response_refused) ... ok
test_nonempty_extra_ref_refused (test_publication.PublicationRules.test_nonempty_extra_ref_refused) ... ok
test_other_branch_refused (test_publication.PublicationRules.test_other_branch_refused) ... ok
test_other_owner_refused (test_publication.PublicationRules.test_other_owner_refused) ... ok
test_other_repo_refused (test_publication.PublicationRules.test_other_repo_refused) ... ok
test_actual_grayscale_png_dimensions (test_surface_assets.SurfaceAssetTests.test_actual_grayscale_png_dimensions) ... ok
test_actual_jpeg_dimensions (test_surface_assets.SurfaceAssetTests.test_actual_jpeg_dimensions) ... ok
test_color_space_receipt_refused (test_surface_assets.SurfaceAssetTests.test_color_space_receipt_refused) ... ok
test_combined_budget_refused_even_when_each_map_fits (test_surface_assets.SurfaceAssetTests.test_combined_budget_refused_even_when_each_map_fits) ... ok
test_derivative_hash_mismatch_refused (test_surface_assets.SurfaceAssetTests.test_derivative_hash_mismatch_refused) ... ok
test_embedded_script_terminator_refused (test_surface_assets.SurfaceAssetTests.test_embedded_script_terminator_refused) ... ok
test_external_image_resource_refused (test_surface_assets.SurfaceAssetTests.test_external_image_resource_refused) ... ok
test_external_script_resource_refused (test_surface_assets.SurfaceAssetTests.test_external_script_resource_refused) ... ok
test_jpeg_frame_wrong_dimensions_refused (test_surface_assets.SurfaceAssetTests.test_jpeg_frame_wrong_dimensions_refused) ... ok
test_jpeg_grayscale_refused (test_surface_assets.SurfaceAssetTests.test_jpeg_grayscale_refused) ... ok
test_missing_module_placeholder_refused (test_surface_assets.SurfaceAssetTests.test_missing_module_placeholder_refused) ... ok
test_nonfinite_calibration_refused (test_surface_assets.SurfaceAssetTests.test_nonfinite_calibration_refused) ... ok
test_normal_map_receipt_refused (test_surface_assets.SurfaceAssetTests.test_normal_map_receipt_refused) ... ok
test_offline_assembly_is_identical_repeatable_and_precedes_engine (test_surface_assets.SurfaceAssetTests.test_offline_assembly_is_identical_repeatable_and_precedes_engine) ... ok
test_png_alpha_refused (test_surface_assets.SurfaceAssetTests.test_png_alpha_refused) ... ok
test_png_checksum_refused (test_surface_assets.SurfaceAssetTests.test_png_checksum_refused) ... ok
test_png_filter_refused (test_surface_assets.SurfaceAssetTests.test_png_filter_refused) ... ok
test_png_gamma_metadata_refused (test_surface_assets.SurfaceAssetTests.test_png_gamma_metadata_refused) ... ok
test_png_rgb_refused (test_surface_assets.SurfaceAssetTests.test_png_rgb_refused) ... ok
test_png_trailing_content_refused (test_surface_assets.SurfaceAssetTests.test_png_trailing_content_refused) ... ok
test_png_wrong_dimensions_refused (test_surface_assets.SurfaceAssetTests.test_png_wrong_dimensions_refused) ... ok
test_png_wrong_sample_count_refused (test_surface_assets.SurfaceAssetTests.test_png_wrong_sample_count_refused) ... ok
test_receipt_combined_bytes_mismatch_refused (test_surface_assets.SurfaceAssetTests.test_receipt_combined_bytes_mismatch_refused) ... ok
test_source_hash_mismatch_refused (test_surface_assets.SurfaceAssetTests.test_source_hash_mismatch_refused) ... ok
test_source_manifest_mismatch_refused (test_surface_assets.SurfaceAssetTests.test_source_manifest_mismatch_refused) ... ok
test_truncated_jpeg_refused (test_surface_assets.SurfaceAssetTests.test_truncated_jpeg_refused) ... ok
test_unknown_image_placeholder_refused (test_surface_assets.SurfaceAssetTests.test_unknown_image_placeholder_refused) ... ok
test_default_commands_and_environment_remain_unchanged (test_verify_browser_storage.BrowserStorage.test_default_commands_and_environment_remain_unchanged) ... ok
test_default_output_mode_routes_only_suites_with_existing_windows_drive_guards (test_verify_browser_storage.BrowserStorage.test_default_output_mode_routes_only_suites_with_existing_windows_drive_guards) ... ok
test_earned_sources_copy_byte_exactly_without_overwriting_prior_evidence (test_verify_browser_storage.BrowserStorage.test_earned_sources_copy_byte_exactly_without_overwriting_prior_evidence) ... ok
test_evidence_root_is_claimed_once_without_overwriting_old_reports (test_verify_browser_storage.BrowserStorage.test_evidence_root_is_claimed_once_without_overwriting_old_reports) ... ok
test_explicit_output_uses_supported_cli_and_env_contracts (test_verify_browser_storage.BrowserStorage.test_explicit_output_uses_supported_cli_and_env_contracts) ... ok
test_actual_source_or_manifest_drift_refuses (test_verify_earth_homecoming.EarthNativeVerifier.test_actual_source_or_manifest_drift_refuses) ... ok
test_actual_strict_validator_builds_explicit_current_command_without_output_creation (test_verify_earth_homecoming.EarthNativeVerifier.test_actual_strict_validator_builds_explicit_current_command_without_output_creation) ... ok
test_checkpoint_escape_is_refused_even_with_correct_hash (test_verify_earth_homecoming.EarthNativeVerifier.test_checkpoint_escape_is_refused_even_with_correct_hash) ... ok
test_checkpoint_tamper_is_refused_without_profile_creation (test_verify_earth_homecoming.EarthNativeVerifier.test_checkpoint_tamper_is_refused_without_profile_creation) ... ok
test_cohort_must_be_exact_child_of_given_sources (test_verify_earth_homecoming.EarthNativeVerifier.test_cohort_must_be_exact_child_of_given_sources) ... ok
test_existing_overlapping_and_drive_root_outputs_refuse (test_verify_earth_homecoming.EarthNativeVerifier.test_existing_overlapping_and_drive_root_outputs_refuse) ... ok
test_failed_journey_and_wrong_cold_boundary_refuse (test_verify_earth_homecoming.EarthNativeVerifier.test_failed_journey_and_wrong_cold_boundary_refuse) ... ok
test_failed_or_seed_only_report_refuses_even_when_hash_matches (test_verify_earth_homecoming.EarthNativeVerifier.test_failed_or_seed_only_report_refuses_even_when_hash_matches) ... ok
test_legacy_guarded_supported_and_default_routing_remain_exact (test_verify_earth_homecoming.EarthNativeVerifier.test_legacy_guarded_supported_and_default_routing_remain_exact) ... ok
test_main_dispatches_native_only_after_current_earned_preflight_in_same_invocation (test_verify_earth_homecoming.EarthNativeVerifier.test_main_dispatches_native_only_after_current_earned_preflight_in_same_invocation) ... ok
test_manifest_disagreement_refuses_despite_new_valid_manifest_hash (test_verify_earth_homecoming.EarthNativeVerifier.test_manifest_disagreement_refuses_despite_new_valid_manifest_hash) ... ok
test_missing_source_epoch_member_refuses (test_verify_earth_homecoming.EarthNativeVerifier.test_missing_source_epoch_member_refuses) ... ok
test_missing_zero_or_boolean_impostor_refuses (test_verify_earth_homecoming.EarthNativeVerifier.test_missing_zero_or_boolean_impostor_refuses) ... ok
test_native_gate_is_in_browser_branch_only_and_cohort_hash_is_captured_once (test_verify_earth_homecoming.EarthNativeVerifier.test_native_gate_is_in_browser_branch_only_and_cohort_hash_is_captured_once) ... ok
test_old_hash_and_mutated_cohort_refuse_instead_of_rehashing (test_verify_earth_homecoming.EarthNativeVerifier.test_old_hash_and_mutated_cohort_refuse_instead_of_rehashing) ... ok
test_platform_portable_repo_default_env_override_and_explicit_cli_root (test_verify_earth_homecoming.EarthNativeVerifier.test_platform_portable_repo_default_env_override_and_explicit_cli_root) ... ok
test_unaccepted_seed_and_actually_paid_outcome_are_required (test_verify_earth_homecoming.EarthNativeVerifier.test_unaccepted_seed_and_actually_paid_outcome_are_required) ... ok
test_windows_non_d_output_is_refused_without_requiring_d_for_cpu_fixtures (test_verify_earth_homecoming.EarthNativeVerifier.test_windows_non_d_output_is_refused_without_requiring_d_for_cpu_fixtures) ... FAIL
test_wrong_root_or_missing_callers_refuse (test_verify_earth_homecoming.EarthNativeVerifier.test_wrong_root_or_missing_callers_refuse) ... ok
test_actual_current_game_source_readback_is_pure_without_browser_execution (test_verify_onboarding.OnboardingVerifier.test_actual_current_game_source_readback_is_pure_without_browser_execution) ... ok
test_actual_native_preflight_is_inert_and_needs_no_renderer_dependencies (test_verify_onboarding.OnboardingVerifier.test_actual_native_preflight_is_inert_and_needs_no_renderer_dependencies) ... ok
test_actual_native_source_validator_refuses_stale_caller_embedding (test_verify_onboarding.OnboardingVerifier.test_actual_native_source_validator_refuses_stale_caller_embedding) ... ok
test_actual_native_source_validator_refuses_unequal_pages (test_verify_onboarding.OnboardingVerifier.test_actual_native_source_validator_refuses_unequal_pages) ... ok
test_browser_gate_failure_is_not_swallowed_or_relabelled_as_optional (test_verify_onboarding.OnboardingVerifier.test_browser_gate_failure_is_not_swallowed_or_relabelled_as_optional) ... ok
test_existing_output_preserves_payload_and_is_never_reused (test_verify_onboarding.OnboardingVerifier.test_existing_output_preserves_payload_and_is_never_reused) ... ok
test_explicit_args_override_unrelated_root_output_environment (test_verify_onboarding.OnboardingVerifier.test_explicit_args_override_unrelated_root_output_environment) ... ok
test_game_output_ancestors_descendants_and_drive_root_are_refused (test_verify_onboarding.OnboardingVerifier.test_game_output_ancestors_descendants_and_drive_root_are_refused) ... ok
test_main_preserves_all46_contracts_and_adds_required47th_after_same_invocation_earth (test_verify_onboarding.OnboardingVerifier.test_main_preserves_all46_contracts_and_adds_required47th_after_same_invocation_earth) ... ok
test_recording_cpu_uses_same_current_cohort_without_launching_a_take (test_verify_onboarding.OnboardingVerifier.test_recording_cpu_uses_same_current_cohort_without_launching_a_take) ... ok
test_required_command_has_current_root_fresh_child_and_software_no_seed_or_video_flags (test_verify_onboarding.OnboardingVerifier.test_required_command_has_current_root_fresh_child_and_software_no_seed_or_video_flags) ... ok
test_required_recording_cpu_failure_stops_the_invocation (test_verify_onboarding.OnboardingVerifier.test_required_recording_cpu_failure_stops_the_invocation) ... ok
test_source_only_invocation_never_requests_onboarding_browser (test_verify_onboarding.OnboardingVerifier.test_source_only_invocation_never_requests_onboarding_browser) ... ok
test_windows_non_d_output_is_refused_without_coercing_path (test_verify_onboarding.OnboardingVerifier.test_windows_non_d_output_is_refused_without_coercing_path) ... FAIL
test_wrong_root_missing_tool_or_core_refuse_before_output (test_verify_onboarding.OnboardingVerifier.test_wrong_root_missing_tool_or_core_refuse_before_output) ... ok

======================================================================
FAIL: test_d_drive_guard_refuses_relative_c_and_unc_targets (test_atlantis_campaign_browser_storage.AtlantisBrowserStorageTests.test_d_drive_guard_refuses_relative_c_and_unc_targets)
----------------------------------------------------------------------
Traceback (most recent call last):
  File "D:\07-GAMES\Firstlight\verification\current-qualified-game\tests\test_atlantis_campaign_browser_storage.py", line 109, in test_d_drive_guard_refuses_relative_c_and_unc_targets
    with self.assertRaises(ValueError):
         ~~~~~~~~~~~~~~~~~^^^^^^^^^^^^
AssertionError: ValueError not raised

======================================================================
FAIL: test_windows_non_d_output_is_refused_without_requiring_d_for_cpu_fixtures (test_verify_earth_homecoming.EarthNativeVerifier.test_windows_non_d_output_is_refused_without_requiring_d_for_cpu_fixtures)
----------------------------------------------------------------------
Traceback (most recent call last):
  File "D:\07-GAMES\Firstlight\verification\current-qualified-game\tests\test_verify_earth_homecoming.py", line 195, in test_windows_non_d_output_is_refused_without_requiring_d_for_cpu_fixtures
    with self.assertRaisesRegex(ValueError,'D: on Windows'):self.f.spec(windows=True,output=Path(self.tmp.name)/'new-native')
         ~~~~~~~~~~~~~~~~~~~~~~^^^^^^^^^^^^^^^^^^^^^^^^^^^^
AssertionError: ValueError not raised

======================================================================
FAIL: test_windows_non_d_output_is_refused_without_coercing_path (test_verify_onboarding.OnboardingVerifier.test_windows_non_d_output_is_refused_without_coercing_path)
----------------------------------------------------------------------
Traceback (most recent call last):
  File "D:\07-GAMES\Firstlight\verification\current-qualified-game\tests\test_verify_onboarding.py", line 54, in test_windows_non_d_output_is_refused_without_coercing_path
    with self.assertRaisesRegex(ValueError,'D: on Windows'):
         ~~~~~~~~~~~~~~~~~~~~~~^^^^^^^^^^^^^^^^^^^^^^^^^^^^
AssertionError: ValueError not raised

----------------------------------------------------------------------
Ran 243 tests in 32.922s

FAILED (failures=3, skipped=8)
