ffmpeg version 7.1-essentials_build-www.gyan.dev Copyright (c) 2000-2024 the FFmpeg developers
  built with gcc 14.2.0 (Rev1, Built by MSYS2 project)
  configuration: --enable-gpl --enable-version3 --enable-static --disable-w32threads --disable-autodetect --enable-fontconfig --enable-iconv --enable-gnutls --enable-libxml2 --enable-gmp --enable-bzlib --enable-lzma --enable-zlib --enable-libsrt --enable-libssh --enable-libzmq --enable-avisynth --enable-sdl2 --enable-libwebp --enable-libx264 --enable-libx265 --enable-libxvid --enable-libaom --enable-libopenjpeg --enable-libvpx --enable-mediafoundation --enable-libass --enable-libfreetype --enable-libfribidi --enable-libharfbuzz --enable-libvidstab --enable-libvmaf --enable-libzimg --enable-amf --enable-cuda-llvm --enable-cuvid --enable-dxva2 --enable-d3d11va --enable-d3d12va --enable-ffnvcodec --enable-libvpl --enable-nvdec --enable-nvenc --enable-vaapi --enable-libgme --enable-libopenmpt --enable-libopencore-amrwb --enable-libmp3lame --enable-libtheora --enable-libvo-amrwbenc --enable-libgsm --enable-libopencore-amrnb --enable-libopus --enable-libspeex --enable-libvorbis --enable-librubberband
  libavutil      59. 39.100 / 59. 39.100
  libavcodec     61. 19.100 / 61. 19.100
  libavformat    61.  7.100 / 61.  7.100
  libavdevice    61.  3.100 / 61.  3.100
  libavfilter    10.  4.100 / 10.  4.100
  libswscale      8.  3.100 /  8.  3.100
  libswresample   5.  3.100 /  5.  3.100
  libpostproc    58.  3.100 / 58.  3.100
Input #0, matroska,webm, from 'D:\07-GAMES\Firstlight\artifacts\hell-campaign-20261004\capture-blade-02\2f79953304d6bed39f016d9470e611cb.webm':
  Metadata:
    ENCODER         : Lavf61.1.100
  Duration: 00:01:44.20, start: 0.000000, bitrate: 991 kb/s
  Stream #0:0: Video: vp8, yuv420p(progressive), 1440x900, SAR 1:1 DAR 8:5, 25 fps, 25 tbr, 1k tbn
      Metadata:
        ENCODER         : Lavc61.3.100 libvpx
        DURATION        : 00:01:44.200000000
Stream mapping:
  Stream #0:0 (vp8) -> trim:default
  Stream #0:0 (vp8) -> trim:default
  Stream #0:0 (vp8) -> trim:default
  concat:out:v0 -> Stream #0:0 (libx264)
Press [q] to stop, [?] for help
[libx264 @ 000001de253ab380] using SAR=1/1
[libx264 @ 000001de253ab380] MB rate (5130000000) > level limit (16711680)
[libx264 @ 000001de253ab380] using cpu capabilities: MMX2 SSE2Fast SSSE3 SSE4.2 AVX FMA3 BMI2 AVX2 AVX512
[libx264 @ 000001de253ab380] profile High, level 6.2, 4:2:0, 8-bit
[libx264 @ 000001de253ab380] 264 - core 164 r3192 c24e06c - H.264/MPEG-4 AVC codec - Copyleft 2003-2024 - http://www.videolan.org/x264.html - options: cabac=1 ref=3 deblock=1:0:0 analyse=0x3:0x113 me=hex subme=7 psy=1 psy_rd=1.00:0.00 mixed_ref=1 me_range=16 chroma_me=1 trellis=1 8x8dct=1 cqm=0 deadzone=21,11 fast_pskip=1 chroma_qp_offset=-2 threads=28 lookahead_threads=4 sliced_threads=0 nr=0 decimate=1 interlaced=0 bluray_compat=0 constrained_intra=0 bframes=3 b_pyramid=2 b_adapt=1 b_bias=0 direct=1 weightb=1 open_gop=0 weightp=2 keyint=250 keyint_min=25 scenecut=40 intra_refresh=0 rc_lookahead=40 rc=crf mbtree=1 crf=25.0 qcomp=0.60 qpmin=0 qpmax=69 qpstep=4 ip_ratio=1.40 aq=1:1.00
Output #0, mp4, to 'D:\07-GAMES\Firstlight\artifacts\hell-campaign-20261004\media\FIRSTLIGHT_HELL_GAMEPLAY.mp4':
  Metadata:
    encoder         : Lavf61.7.100
  Stream #0:0: Video: h264 (avc1 / 0x31637661), yuv420p(tv, bt470bg/unknown/unknown, progressive), 1440x900 [SAR 1:1 DAR 8:5], q=2-31, 1000k tbn
      Metadata:
        encoder         : Lavc61.19.100 libx264
      Side data:
        cpb: bitrate max/min/avg: 0/0/0 buffer size: 0 vbv_delay: N/A
frame=  103 fps=0.0 q=30.0 size=    1024KiB time=00:00:04.00 bitrate=2097.2kbits/s speed=7.76x    
frame=  271 fps=263 q=30.0 size=    1792KiB time=00:00:10.72 bitrate=1369.4kbits/s speed=10.4x    
frame=  485 fps=314 q=30.0 size=    2816KiB time=00:00:19.28 bitrate=1196.5kbits/s speed=12.5x    
frame=  631 fps=306 q=30.0 size=    3584KiB time=00:00:25.12 bitrate=1168.8kbits/s speed=12.2x    
[mp4 @ 000001de25399100] Starting second pass: moving the moov atom to the beginning of the file
[out#0/mp4 @ 000001de25399000] video:4527KiB audio:0KiB subtitle:0KiB other streams:0KiB global headers:0KiB muxing overhead: 0.205808%
frame=  750 fps=320 q=-1.0 Lsize=    4536KiB time=00:00:29.88 bitrate=1243.6kbits/s speed=12.7x    
[libx264 @ 000001de253ab380] frame I:16    Avg QP:18.31  size: 43659
[libx264 @ 000001de253ab380] frame P:232   Avg QP:21.54  size: 11111
[libx264 @ 000001de253ab380] frame B:502   Avg QP:23.05  size:  2706
[libx264 @ 000001de253ab380] consecutive B-frames:  6.9%  7.2% 12.8% 73.1%
[libx264 @ 000001de253ab380] mb I  I16..4: 43.0% 40.1% 16.9%
[libx264 @ 000001de253ab380] mb P  I16..4:  8.0% 12.5%  1.4%  P16..4: 24.9%  3.7%  2.0%  0.0%  0.0%    skip:47.5%
[libx264 @ 000001de253ab380] mb B  I16..4:  0.9%  1.1%  0.1%  B16..8: 25.7%  0.9%  0.1%  direct: 2.8%  skip:68.4%  L0:48.5% L1:50.6% BI: 0.9%
[libx264 @ 000001de253ab380] 8x8 transform intra:53.2% inter:69.5%
[libx264 @ 000001de253ab380] coded y,uvDC,uvAC intra: 14.6% 17.9% 4.8% inter: 3.5% 5.7% 0.1%
[libx264 @ 000001de253ab380] i16 v,h,dc,p: 37% 37% 21%  5%
[libx264 @ 000001de253ab380] i8 v,h,dc,ddl,ddr,vr,hd,vl,hu: 30% 19% 46%  1%  1%  1%  1%  1%  1%
[libx264 @ 000001de253ab380] i4 v,h,dc,ddl,ddr,vr,hd,vl,hu: 33% 31% 19%  2%  3%  3%  4%  2%  4%
[libx264 @ 000001de253ab380] i8c dc,h,v,p: 67% 21% 11%  1%
[libx264 @ 000001de253ab380] Weighted P-Frames: Y:5.6% UV:4.3%
[libx264 @ 000001de253ab380] ref P L0: 66.5% 10.1% 17.4%  6.1%  0.0%
[libx264 @ 000001de253ab380] ref B L0: 84.5% 12.7%  2.8%
[libx264 @ 000001de253ab380] ref B L1: 95.4%  4.6%
[libx264 @ 000001de253ab380] kb/s:1235.92
