ffmpeg version n7.0.1-playwright-build-1011 Copyright (c) 2000-2024 the FFmpeg developers
  built with gcc 9.3-win32 (GCC) 20200320
  configuration: --arch=x86_64 --target-os=mingw32 --cross-prefix=/usr/bin/x86_64-w64-mingw32- --disable-doc --pkg-config=pkg-config --pkg-config-flags=--static --extra-cflags=-I//root/prefix/include --extra-ldflags='-L//root/prefix/lib -static' --prefix=/root/prefix --bindir=/root/ffmpeg/bin --extra-version=playwright-build-1011 --disable-debug --disable-autodetect --disable-everything --enable-ffmpeg --enable-protocol=pipe --enable-protocol=file --enable-parser=mjpeg --enable-decoder=mjpeg --enable-demuxer=image2pipe --enable-filter=pad --enable-filter=crop --enable-filter=scale --enable-muxer=webm --enable-libvpx --enable-static --enable-encoder=libvpx_vp8 --enable-decoder=libvpx_vp8 --enable-demuxer=matroska --enable-encoder=png --enable-zlib --enable-muxer=image2 --disable-iconv --disable-bzlib
  libavutil      59.  8.100 / 59.  8.100
  libavcodec     61.  3.100 / 61.  3.100
  libavformat    61.  1.100 / 61.  1.100
  libavdevice    61.  1.100 / 61.  1.100
  libavfilter    10.  1.100 / 10.  1.100
  libswscale      8.  1.100 /  8.  1.100
  libswresample   5.  1.100 /  5.  1.100
[libvpx @ 000002793dd90d00] v1.14.1
Input #0, matroska,webm, from 'D:/07-GAMES/Firstlight/artifacts/living-road-fieldcraft-20261006/video01/ACTUAL_FIELDCRAFT.webm':
  Metadata:
    encoder         : Chrome
  Duration: N/A, start: 0.000000, bitrate: N/A
  Stream #0:0(eng): Video: vp8 (libvpx), yuv420p(tv, unknown/bt709/bt709), 1440x960, SAR 1:1 DAR 3:2, 60 tbr, 1k tbn (default)
      Metadata:
        alpha_mode      : 1
[libvpx @ 000002793dd84a40] v1.14.1
Stream mapping:
  Stream #0:0 -> #0:0 (vp8 (libvpx) -> png (native))
Press [q] to stop, [?] for help
Output #0, image2, to 'D:/07-GAMES/Firstlight/artifacts/living-road-fieldcraft-20261006/video01/DECODED-PERMANENT.png':
  Metadata:
    encoder         : Lavf61.1.100
  Stream #0:0(eng): Video: png, rgb24(pc, gbr/bt709/bt709, progressive), 1440x960 [SAR 1:1 DAR 3:2], q=2-31, 200 kb/s, 60 fps, 60 tbn (default)
      Metadata:
        alpha_mode      : 1
        encoder         : Lavc61.3.100 png
[image2 @ 000002793dd90ec0] The specified filename 'D:/07-GAMES/Firstlight/artifacts/living-road-fieldcraft-20261006/video01/DECODED-PERMANENT.png' does not contain an image sequence pattern or a pattern is invalid.
[image2 @ 000002793dd90ec0] Use a pattern such as %03d for an image sequence or use the -update option (with -frames:v 1 if needed) to write a single image.
[out#0/image2 @ 000002793c4f7340] video:391KiB audio:0KiB subtitle:0KiB other streams:0KiB global headers:0KiB muxing overhead: unknown
frame=    1 fps=0.0 q=-0.0 Lsize=N/A time=00:00:00.03 bitrate=N/A speed=0.0683x    
