PASS exact current source files are embedded in the frozen HTML
PASS command-earned Chapter I fixture has its declared hash
PASS served frozen production HTML matches source receipt
PASS actual native RAF without test/capture mode
PASS software WebGL2 renderer explicitly identified
PASS actual production submits exactly 22 posts and 12 parts of four approach lamps
PASS actual opted parts are finite and non-authoritative
PASS post placements/mesh extents remain canonical
PASS only the exact four approach assemblies opt in
PASS existing rail boxes preserve support and physical edge refusal
PASS center-third actual submitted flags change only main-view pixels
PASS center-third exact render restoration and disabled-cutaway equality
PASS center-third fresh synthetic reflection includes real geometry
PASS center-third synthetic main reveal preserves fresh reflection and preference
PASS center-third cutaway retains or increases visible known subject
PASS center-third actual camera has a positive occluded-subject control
PASS center-third actual traveler scene changes at the original obstruction
PASS center-diorama actual submitted flags change only main-view pixels
PASS center-diorama exact render restoration and disabled-cutaway equality
PASS center-diorama fresh synthetic reflection includes real geometry
PASS center-diorama synthetic main reveal preserves fresh reflection and preference
PASS center-diorama cutaway retains or increases visible known subject
PASS production moveTo accepts supported [-2.9, 55]
PASS edge-diorama actual submitted flags change only main-view pixels
PASS edge-diorama exact render restoration and disabled-cutaway equality
PASS edge-diorama fresh synthetic reflection includes real geometry
PASS edge-diorama synthetic main reveal preserves fresh reflection and preference
PASS edge-diorama cutaway retains or increases visible known subject
PASS edge-third actual submitted flags change only main-view pixels
PASS edge-third exact render restoration and disabled-cutaway equality
PASS edge-third fresh synthetic reflection includes real geometry
PASS edge-third synthetic main reveal preserves fresh reflection and preference
PASS edge-third cutaway retains or increases visible known subject
PASS production moveTo accepts supported [0, 19]
PASS bank-third actual submitted flags change only main-view pixels
PASS bank-third exact render restoration and disabled-cutaway equality
PASS bank-third fresh synthetic reflection includes real geometry
PASS bank-third synthetic main reveal preserves fresh reflection and preference
PASS bank-third cutaway retains or increases visible known subject
PASS bank-third actual camera has a positive occluded-subject control
PASS bank-third actual traveler scene changes at the original obstruction
PASS bank-diorama actual submitted flags change only main-view pixels
PASS bank-diorama exact render restoration and disabled-cutaway equality
PASS bank-diorama fresh synthetic reflection includes real geometry
PASS bank-diorama synthetic main reveal preserves fresh reflection and preference
PASS bank-diorama cutaway retains or increases visible known subject
PASS bank-reduced-motion-diorama actual submitted flags change only main-view pixels
PASS bank-reduced-motion-diorama exact render restoration and disabled-cutaway equality
PASS bank-reduced-motion-diorama fresh synthetic reflection includes real geometry
PASS bank-reduced-motion-diorama synthetic main reveal preserves fresh reflection and preference
PASS bank-reduced-motion-diorama cutaway retains or increases visible known subject
PASS bank-reduced-motion-diorama reduced motion freezes controlled main and reflection pixels over time
PASS bank-reduced-motion-third actual submitted flags change only main-view pixels
PASS bank-reduced-motion-third exact render restoration and disabled-cutaway equality
PASS bank-reduced-motion-third fresh synthetic reflection includes real geometry
PASS bank-reduced-motion-third synthetic main reveal preserves fresh reflection and preference
PASS bank-reduced-motion-third cutaway retains or increases visible known subject
PASS bank-reduced-motion-third reduced motion freezes controlled main and reflection pixels over time
PASS bank-reduced-motion-third actual camera has a positive occluded-subject control
PASS bank-reduced-motion-third actual traveler scene changes at the original obstruction
PASS native settings reach reduced-motion engine without disabling cutaway
PASS native disabled preference preserves the opaque flags-independent image
PASS all probe flags, submitted matrices, render writers, physical boxes and canonical definitions restore exactly
PASS all presentation probes preserve currency, gear, quest/history and companion
PASS native free return remains supported and preserves progression
PASS actual application and WebGL complete without browser errors or external requests
