{
  "variant": "fresh-blade-detour",
  "status": "passed",
  "commands": 6,
  "positionEdits": 0,
  "inventoryGrants": 0,
  "plantedObjectives": 0,
  "acceleratedTicks": true,
  "sourceSha256": "9a7bcd441ceb038a3859cc78d52cd35da27201705cd089154f8677d84e87837d",
  "gathering": {
    "version": 1,
    "accepted": true,
    "prepared": [
      "cloth",
      "lantern",
      "stand"
    ],
    "verse": "detour",
    "shared": true
  },
  "weapon": "trail_blade",
  "xp": 0,
  "deliveryStillUnpaid": true,
  "actions": [
    {
      "walk": [
        0,
        23
      ]
    },
    {
      "walk": [
        4,
        -42.5
      ]
    },
    {
      "type": "accept",
      "p": {}
    },
    {
      "reload": true
    },
    {
      "walk": [
        0,
        23
      ]
    },
    {
      "walk": [
        -3,
        -40.5
      ]
    },
    {
      "type": "prepare",
      "p": {
        "id": "cloth"
      }
    },
    {
      "reload": true
    },
    {
      "walk": [
        0,
        23
      ]
    },
    {
      "walk": [
        -5.8,
        -35
      ]
    },
    {
      "type": "prepare",
      "p": {
        "id": "lantern"
      }
    },
    {
      "reload": true
    },
    {
      "walk": [
        0,
        23
      ]
    },
    {
      "walk": [
        4,
        -42.5
      ]
    },
    {
      "type": "prepare",
      "p": {
        "id": "stand"
      }
    },
    {
      "reload": true
    },
    {
      "walk": [
        0,
        23
      ]
    },
    {
      "walk": [
        4,
        -42.5
      ]
    },
    {
      "type": "verse",
      "p": {
        "verse": "detour"
      }
    },
    {
      "reload": true
    },
    {
      "walk": [
        0,
        23
      ]
    },
    {
      "walk": [
        4,
        -42.5
      ]
    },
    {
      "type": "share",
      "p": {}
    },
    {
      "reload": true
    },
    {
      "walk": [
        0,
        23
      ]
    },
    {
      "walk": [
        4,
        -42.5
      ]
    }
  ]
}
