PASS fresh-blade command-earned seed
PASS fresh-blade exact standalone HTML
PASS fresh-blade migration retains earned history and empty new ownership
PASS fresh-blade imported camera profiles retained before deliberate reset
PASS fresh-blade deliberate independent home pin
PASS fresh-blade exact home/cost checkpoint before pinned design
PASS fresh-blade exact standalone HTML
PASS fresh-blade raw startup equals last observed successful native storage pinned design
PASS fresh-blade context-only startup is latest exact owned checkpoint pinned design
PASS fresh-blade loaded checkpoint keeps home and prior systems pinned design
PASS fresh-blade declared finite costs and all four designs visible
PASS fresh-blade visible workbench route memory-cuttings
PASS fresh-blade exact finite cost and no auto placement memory-cuttings
PASS fresh-blade duplicate new request spends nothing memory-cuttings
PASS fresh-blade exact home/cost checkpoint before memory-cuttings made
PASS fresh-blade awaited close observes production pagehide save memory-cuttings made
PASS fresh-blade exact standalone HTML
PASS fresh-blade raw startup equals last observed successful native storage memory-cuttings made
PASS fresh-blade awaited-page-close startup is latest exact owned checkpoint memory-cuttings made
PASS fresh-blade loaded checkpoint keeps home and prior systems memory-cuttings made
PASS fresh-blade visible gathering supplies stone
PASS fresh-blade visible workbench route memory-refuge
PASS fresh-blade exact finite cost and no auto placement memory-refuge
PASS fresh-blade duplicate new request spends nothing memory-refuge
PASS fresh-blade exact home/cost checkpoint before memory-refuge made
PASS fresh-blade exact standalone HTML
PASS fresh-blade raw startup equals last observed successful native storage memory-refuge made
PASS fresh-blade context-only startup is latest exact owned checkpoint memory-refuge made
PASS fresh-blade loaded checkpoint keeps home and prior systems memory-refuge made
PASS fresh-blade visible gathering supplies wood
PASS fresh-blade visible workbench route memory-bellglass
PASS fresh-blade refused native craft is atomic
PASS fresh-blade exact finite cost and no auto placement memory-bellglass
PASS fresh-blade duplicate new request spends nothing memory-bellglass
PASS fresh-blade exact home/cost checkpoint before memory-bellglass made
PASS fresh-blade awaited close observes production pagehide save memory-bellglass made
PASS fresh-blade exact standalone HTML
PASS fresh-blade raw startup equals last observed successful native storage memory-bellglass made
PASS fresh-blade awaited-page-close startup is latest exact owned checkpoint memory-bellglass made
PASS fresh-blade loaded checkpoint keeps home and prior systems memory-bellglass made
PASS fresh-blade visible workbench route memory-farroad
PASS fresh-blade exact finite cost and no auto placement memory-farroad
PASS fresh-blade duplicate new request spends nothing memory-farroad
PASS fresh-blade exact home/cost checkpoint before memory-farroad made
PASS fresh-blade awaited close observes production pagehide save memory-farroad made
PASS fresh-blade exact standalone HTML
PASS fresh-blade raw startup equals last observed successful native storage memory-farroad made
PASS fresh-blade awaited-page-close startup is latest exact owned checkpoint memory-farroad made
PASS fresh-blade loaded checkpoint keeps home and prior systems memory-farroad made
PASS fresh-blade real walking (37, 0)
PASS fresh-blade real retreat entry
PASS fresh-blade deliberate preview names replacement memory-cuttings
PASS fresh-blade refused native placement keeps exact world and bytes
PASS fresh-blade explicit place owns one copy memory-cuttings
PASS fresh-blade deliberate preview names replacement memory-refuge
PASS fresh-blade explicit place owns one copy memory-refuge
PASS fresh-blade deliberate preview names replacement memory-bellglass
PASS fresh-blade explicit place owns one copy memory-bellglass
PASS fresh-blade deliberate preview names replacement memory-farroad
PASS fresh-blade explicit place owns one copy memory-farroad
PASS fresh-blade appearance ablation exactly restores batches and framebuffer follow
PASS fresh-blade actual low-quality follow model memory-cuttings
PASS fresh-blade actual low-quality follow model memory-refuge
PASS fresh-blade actual low-quality follow model memory-bellglass
PASS fresh-blade actual low-quality follow model memory-farroad
PASS fresh-blade appearance ablation exactly restores batches and framebuffer adventure
PASS fresh-blade actual low-quality adventure model memory-cuttings
PASS fresh-blade actual low-quality adventure model memory-refuge
PASS fresh-blade actual low-quality adventure model memory-bellglass
PASS fresh-blade actual low-quality adventure model memory-farroad
PASS fresh-blade removal retains finite ownership
PASS fresh-blade native undo refusal keeps layout and bytes
PASS fresh-blade undo restores the actual owned piece
PASS fresh-blade redo removes it without material refund
PASS fresh-blade exact home/cost checkpoint before placed room and history
PASS fresh-blade awaited close observes production pagehide save placed room and history
PASS fresh-blade exact standalone HTML
PASS fresh-blade raw startup equals last observed successful native storage placed room and history
PASS fresh-blade awaited-page-close startup is latest exact owned checkpoint placed room and history
PASS fresh-blade loaded checkpoint keeps home and prior systems placed room and history
PASS fresh-blade all four pieces and old key survive
PASS fresh-bow command-earned seed
PASS fresh-bow exact standalone HTML
PASS fresh-bow migration retains earned history and empty new ownership
PASS fresh-bow imported camera profiles retained before deliberate reset
PASS fresh-bow deliberate independent home pin
PASS fresh-bow exact home/cost checkpoint before pinned design
PASS fresh-bow exact standalone HTML
PASS fresh-bow raw startup equals last observed successful native storage pinned design
PASS fresh-bow context-only startup is latest exact owned checkpoint pinned design
PASS fresh-bow loaded checkpoint keeps home and prior systems pinned design
PASS fresh-bow declared finite costs and all four designs visible
PASS fresh-bow visible workbench route memory-cuttings
PASS fresh-bow exact finite cost and no auto placement memory-cuttings
PASS fresh-bow duplicate new request spends nothing memory-cuttings
PASS fresh-bow exact home/cost checkpoint before memory-cuttings made
PASS fresh-bow awaited close observes production pagehide save memory-cuttings made
PASS fresh-bow exact standalone HTML
PASS fresh-bow raw startup equals last observed successful native storage memory-cuttings made
PASS fresh-bow awaited-page-close startup is latest exact owned checkpoint memory-cuttings made
PASS fresh-bow loaded checkpoint keeps home and prior systems memory-cuttings made
PASS fresh-bow visible workbench route memory-refuge
PASS fresh-bow exact finite cost and no auto placement memory-refuge
PASS fresh-bow duplicate new request spends nothing memory-refuge
PASS fresh-bow exact home/cost checkpoint before memory-refuge made
PASS fresh-bow exact standalone HTML
PASS fresh-bow raw startup equals last observed successful native storage memory-refuge made
PASS fresh-bow context-only startup is latest exact owned checkpoint memory-refuge made
PASS fresh-bow loaded checkpoint keeps home and prior systems memory-refuge made
PASS fresh-bow visible workbench route memory-bellglass
PASS fresh-bow refused native craft is atomic
PASS fresh-bow exact finite cost and no auto placement memory-bellglass
PASS fresh-bow duplicate new request spends nothing memory-bellglass
PASS fresh-bow exact home/cost checkpoint before memory-bellglass made
PASS fresh-bow awaited close observes production pagehide save memory-bellglass made
PASS fresh-bow exact standalone HTML
PASS fresh-bow raw startup equals last observed successful native storage memory-bellglass made
PASS fresh-bow awaited-page-close startup is latest exact owned checkpoint memory-bellglass made
PASS fresh-bow loaded checkpoint keeps home and prior systems memory-bellglass made
PASS fresh-bow visible workbench route memory-farroad
PASS fresh-bow exact finite cost and no auto placement memory-farroad
PASS fresh-bow duplicate new request spends nothing memory-farroad
PASS fresh-bow exact home/cost checkpoint before memory-farroad made
PASS fresh-bow awaited close observes production pagehide save memory-farroad made
PASS fresh-bow exact standalone HTML
PASS fresh-bow raw startup equals last observed successful native storage memory-farroad made
PASS fresh-bow awaited-page-close startup is latest exact owned checkpoint memory-farroad made
PASS fresh-bow loaded checkpoint keeps home and prior systems memory-farroad made
PASS fresh-bow real walking (37, 0)
PASS fresh-bow real retreat entry
PASS fresh-bow deliberate preview names replacement memory-cuttings
PASS fresh-bow refused native placement keeps exact world and bytes
PASS fresh-bow explicit place owns one copy memory-cuttings
PASS fresh-bow deliberate preview names replacement memory-refuge
PASS fresh-bow explicit place owns one copy memory-refuge
PASS fresh-bow deliberate preview names replacement memory-bellglass
PASS fresh-bow explicit place owns one copy memory-bellglass
PASS fresh-bow deliberate preview names replacement memory-farroad
PASS fresh-bow explicit place owns one copy memory-farroad
PASS fresh-bow appearance ablation exactly restores batches and framebuffer follow
PASS fresh-bow actual low-quality follow model memory-cuttings
PASS fresh-bow actual low-quality follow model memory-refuge
PASS fresh-bow actual low-quality follow model memory-bellglass
PASS fresh-bow actual low-quality follow model memory-farroad
PASS fresh-bow appearance ablation exactly restores batches and framebuffer adventure
PASS fresh-bow actual low-quality adventure model memory-cuttings
PASS fresh-bow actual low-quality adventure model memory-refuge
PASS fresh-bow actual low-quality adventure model memory-bellglass
PASS fresh-bow actual low-quality adventure model memory-farroad
PASS fresh-bow removal retains finite ownership
PASS fresh-bow native undo refusal keeps layout and bytes
PASS fresh-bow undo restores the actual owned piece
PASS fresh-bow redo removes it without material refund
PASS fresh-bow exact home/cost checkpoint before placed room and history
PASS fresh-bow awaited close observes production pagehide save placed room and history
PASS fresh-bow exact standalone HTML
PASS fresh-bow raw startup equals last observed successful native storage placed room and history
PASS fresh-bow awaited-page-close startup is latest exact owned checkpoint placed room and history
PASS fresh-bow loaded checkpoint keeps home and prior systems placed room and history
PASS fresh-bow all four pieces and old key survive
PASS returning-strongest command-earned seed
PASS returning-strongest exact standalone HTML
PASS returning-strongest migration retains earned history and empty new ownership
PASS returning-strongest imported camera profiles retained before deliberate reset
PASS returning-strongest deliberate independent home pin
PASS returning-strongest exact home/cost checkpoint before pinned design
PASS returning-strongest exact standalone HTML
PASS returning-strongest raw startup equals last observed successful native storage pinned design
PASS returning-strongest context-only startup is latest exact owned checkpoint pinned design
PASS returning-strongest loaded checkpoint keeps home and prior systems pinned design
PASS returning-strongest declared finite costs and all four designs visible
PASS returning-strongest visible workbench route memory-cuttings
PASS returning-strongest exact finite cost and no auto placement memory-cuttings
PASS returning-strongest duplicate new request spends nothing memory-cuttings
PASS returning-strongest exact home/cost checkpoint before memory-cuttings made
PASS returning-strongest awaited close observes production pagehide save memory-cuttings made
PASS returning-strongest exact standalone HTML
PASS returning-strongest raw startup equals last observed successful native storage memory-cuttings made
PASS returning-strongest awaited-page-close startup is latest exact owned checkpoint memory-cuttings made
PASS returning-strongest loaded checkpoint keeps home and prior systems memory-cuttings made
PASS returning-strongest visible gathering supplies stone
PASS returning-strongest visible workbench route memory-refuge
PASS returning-strongest exact finite cost and no auto placement memory-refuge
PASS returning-strongest duplicate new request spends nothing memory-refuge
PASS returning-strongest exact home/cost checkpoint before memory-refuge made
PASS returning-strongest exact standalone HTML
PASS returning-strongest raw startup equals last observed successful native storage memory-refuge made
PASS returning-strongest context-only startup is latest exact owned checkpoint memory-refuge made
PASS returning-strongest loaded checkpoint keeps home and prior systems memory-refuge made
PASS returning-strongest visible workbench route memory-bellglass
PASS returning-strongest refused native craft is atomic
PASS returning-strongest exact finite cost and no auto placement memory-bellglass
PASS returning-strongest duplicate new request spends nothing memory-bellglass
PASS returning-strongest exact home/cost checkpoint before memory-bellglass made
PASS returning-strongest awaited close observes production pagehide save memory-bellglass made
PASS returning-strongest exact standalone HTML
PASS returning-strongest raw startup equals last observed successful native storage memory-bellglass made
PASS returning-strongest awaited-page-close startup is latest exact owned checkpoint memory-bellglass made
PASS returning-strongest loaded checkpoint keeps home and prior systems memory-bellglass made
PASS returning-strongest visible gathering supplies wood
PASS returning-strongest visible workbench route memory-farroad
PASS returning-strongest exact finite cost and no auto placement memory-farroad
PASS returning-strongest duplicate new request spends nothing memory-farroad
PASS returning-strongest exact home/cost checkpoint before memory-farroad made
PASS returning-strongest awaited close observes production pagehide save memory-farroad made
PASS returning-strongest exact standalone HTML
PASS returning-strongest raw startup equals last observed successful native storage memory-farroad made
PASS returning-strongest awaited-page-close startup is latest exact owned checkpoint memory-farroad made
PASS returning-strongest loaded checkpoint keeps home and prior systems memory-farroad made
PASS returning-strongest real walking (37, 0)
PASS returning-strongest real retreat entry
PASS returning-strongest deliberate preview names replacement memory-cuttings
PASS returning-strongest refused native placement keeps exact world and bytes
PASS returning-strongest explicit place owns one copy memory-cuttings
PASS returning-strongest deliberate preview names replacement memory-refuge
PASS returning-strongest explicit place owns one copy memory-refuge
PASS returning-strongest deliberate preview names replacement memory-bellglass
PASS returning-strongest explicit place owns one copy memory-bellglass
PASS returning-strongest deliberate preview names replacement memory-farroad
PASS returning-strongest explicit place owns one copy memory-farroad
PASS returning-strongest appearance ablation exactly restores batches and framebuffer follow
PASS returning-strongest actual low-quality follow model memory-cuttings
PASS returning-strongest actual low-quality follow model memory-refuge
PASS returning-strongest actual low-quality follow model memory-bellglass
PASS returning-strongest actual low-quality follow model memory-farroad
PASS returning-strongest appearance ablation exactly restores batches and framebuffer adventure
PASS returning-strongest actual low-quality adventure model memory-cuttings
PASS returning-strongest actual low-quality adventure model memory-refuge
PASS returning-strongest actual low-quality adventure model memory-bellglass
PASS returning-strongest actual low-quality adventure model memory-farroad
PASS returning-strongest removal retains finite ownership
PASS returning-strongest native undo refusal keeps layout and bytes
PASS returning-strongest undo restores the actual owned piece
PASS returning-strongest redo removes it without material refund
PASS returning-strongest exact home/cost checkpoint before placed room and history
PASS returning-strongest awaited close observes production pagehide save placed room and history
PASS returning-strongest exact standalone HTML
PASS returning-strongest raw startup equals last observed successful native storage placed room and history
PASS returning-strongest awaited-page-close startup is latest exact owned checkpoint placed room and history
PASS returning-strongest loaded checkpoint keeps home and prior systems placed room and history
PASS returning-strongest all four pieces and old key survive
PASS no runtime errors
PASS identical HTML and source identities throughout test
{
  "status": "passed",
  "passed": 243,
  "failed": 0,
  "output": "D:\\07-GAMES\\Firstlight\\artifacts\\cosmos-open-confluence-20261005\\remote-full03-browser\\home_history_browser"
}
