PASS exact generated offline HTML loads
PASS fresh Journal visibly explains empty accepted work
PASS opening the Journal does not accept or grant
PASS earlier campaign remains below the new board
PASS all five Roads cards declare their actual saved work status
PASS production route is supported at 11,9
PASS production walking finishes with traveler able to act
PASS production route arrives at 11,9
PASS initial expedition kit earned through production command
PASS production route is supported at 18,6
PASS production walking finishes with traveler able to act
PASS production route arrives at 18,6
PASS deliberate crossing retains saved work and inventory
PASS production route is supported at -7,97
PASS production walking finishes with traveler able to act
PASS production route arrives at -7,97
PASS accepted but unfinished trail offers no premature claim
PASS production route is supported at -6,-68
PASS production walking finishes with traveler able to act
PASS production route arrives at -6,-68
PASS routine first survey is separately accepted
PASS unfinished survey also omits a premature turn-in control
PASS Journal distinguishes accepted trail from survey run
PASS accepted trail board has giver, exact material fee and eligible next work
PASS board exposes no accept, record, claim, fitting confirmation or crossing controls
PASS fallen-bough is an available map action
PASS fallen-bough map route closes menu and resumes focus
PASS fallen-bough route selection grants no work or reward
PASS production walking finishes with traveler able to act
PASS fallen-bough route reaches actual interaction range
PASS fallen-bough is recorded only by deliberate physical action
PASS free return reaches Firstlight
PASS earned world saves on native origin
PASS native reload retains earned trail, survey and earlier ownership
PASS native reload uses disclosed home checkpoint
PASS partial trail remains visible at home after native reload
PASS off-realm Journal omits local-map shortcuts
PASS reading saved work at home neither travels nor changes progress
PASS Road card reports retained partial progress
PASS shore-reeds is an available map action
PASS shore-reeds map route closes menu and resumes focus
PASS shore-reeds route selection grants no work or reward
PASS production walking finishes with traveler able to act
PASS shore-reeds route reaches actual interaction range
PASS shore-reeds is recorded only by deliberate physical action
PASS shore-stone is an available map action
PASS shore-stone map route closes menu and resumes focus
PASS shore-stone route selection grants no work or reward
PASS production walking finishes with traveler able to act
PASS shore-stone route reaches actual interaction range
PASS shore-stone is recorded only by deliberate physical action
PASS road-pack is an available map action
PASS road-pack map route closes menu and resumes focus
PASS road-pack route selection grants no work or reward
PASS production walking finishes with traveler able to act
PASS road-pack route reaches actual interaction range
PASS road-pack is recorded only by deliberate physical action
PASS fully earned trail is visibly ready and unpaid
PASS all required actions can finish while survey objectives remain separate
PASS free return reaches Firstlight
PASS earned world saves on native origin
PASS native reload retains earned trail, survey and earlier ownership
PASS native reload uses disclosed home checkpoint
PASS unpaid completion survives native home reload
PASS workshop remains locked before the deliberate trail claim
PASS deliberate crossing retains saved work and inventory
PASS production route is supported at -7,97
PASS production walking finishes with traveler able to act
PASS production route arrives at -7,97
PASS ready claim is offered at the actual work giver
PASS existing deliberate claim pays exact fee once
PASS claim retains separate accepted survey and earlier loadout
PASS claimed trail moves into clearly labelled completed work
PASS claimed work displays once-only payment and no next actions
PASS workshop status declares unlocked fitting and current complete cost
PASS free return reaches Firstlight
PASS earned world saves on native origin
PASS native reload retains earned trail, survey and earlier ownership
PASS native reload uses disclosed home checkpoint
PASS journal shortcut is consumed by character-name text field
PASS new native character has its own empty work board
PASS new character has no implicit class or soul choice
PASS switching back restores earned trail and original survey board
PASS follow camera retains the same saved work through actual V shortcut
PASS adventure camera retains the same saved work through actual V shortcut
PASS both third-person and diorama projections were exercised
PASS compact Journal keeps accepted and completed work readable
PASS compact board has no horizontal overflow
PASS compact work navigation retains practical button targets
PASS no runtime or browser errors
