PASS HTTP body matches exact integrated HTML
PASS actual read-only skitter caller hook exists
PASS production path accepts 11,9
PASS production path arrives alive at 11,9
PASS fresh expedition kit earned through actual E
PASS visible riverbank acceptance retains actual quest identity
PASS production path accepts 15,7
PASS production path arrives alive at 15,7
PASS actual E enters the riverbank
PASS accepted fresh outing emits two ordinary skitters and Old Bristle
PASS fresh idle live ordinary and named counts position yaw and ground match actual actors
PASS fresh idle submitted full matrices apply named scale and yaw exactly once
PASS fresh idle six feet stay above actual ground
PASS fresh idle crouch and recovery follow only actual authoritative timers
PASS fresh idle feedback agrees with confirmed actual hit state
PASS fresh idle repeated drawing cannot mutate durable state or enemy actors
PASS read-only skitter snapshot cannot alter the caller or combat cache
PASS stationary safe-camp intent invents no displacement gait
PASS actual boulder destination refuses player path intent
PASS refused path with stationary actors fabricates no skitter gait
PASS production path accepts -7,7.4
PASS production path arrives alive at -7,7.4
PASS actual chase path is accepted
PASS accepted actual pursuit displacement drives gait
PASS actual chase live ordinary and named counts position yaw and ground match actual actors
PASS actual chase submitted full matrices apply named scale and yaw exactly once
PASS actual chase six feet stay above actual ground
PASS actual chase crouch and recovery follow only actual authoritative timers
PASS actual chase feedback agrees with confirmed actual hit state
PASS actual windup live ordinary and named counts position yaw and ground match actual actors
PASS actual windup submitted full matrices apply named scale and yaw exactly once
PASS actual windup six feet stay above actual ground
PASS actual windup crouch and recovery follow only actual authoritative timers
PASS actual windup feedback agrees with confirmed actual hit state
PASS real windup has a timed crouch with planted six feet
PASS actual modal pause freezes timers HP poses and submitted matrices
PASS actual recovery live ordinary and named counts position yaw and ground match actual actors
PASS actual recovery submitted full matrices apply named scale and yaw exactly once
PASS actual recovery six feet stay above actual ground
PASS actual recovery crouch and recovery follow only actual authoritative timers
PASS actual recovery feedback agrees with confirmed actual hit state
PASS enemy strike does not fabricate confirmed player-hit flash or recoil
PASS actual production command accepts target-select
PASS actual blade impact reduces real HP before confirming feedback
PASS actual blade impact alone supplies flash and directional recoil
PASS actual confirmed blade hit live ordinary and named counts position yaw and ground match actual actors
PASS actual confirmed blade hit submitted full matrices apply named scale and yaw exactly once
PASS actual confirmed blade hit six feet stay above actual ground
PASS actual confirmed blade hit crouch and recovery follow only actual authoritative timers
PASS actual confirmed blade hit feedback agrees with confirmed actual hit state
PASS confirmed hit repeated drawing cannot mutate durable state or enemy actors
PASS actual submitted rigs contribute positive framebuffer pixels
PASS opposite camera live ordinary and named counts position yaw and ground match actual actors
PASS opposite camera submitted full matrices apply named scale and yaw exactly once
PASS opposite camera six feet stay above actual ground
PASS opposite camera crouch and recovery follow only actual authoritative timers
PASS opposite camera feedback agrees with confirmed actual hit state
PASS V switches actual projection with finite creature rendering
PASS opposite camera repeated drawing cannot mutate durable state or enemy actors
PASS actual production command accepts target-select
PASS actual attacks defeat river-skitter-west
PASS actual production command accepts target-clear
PASS actual defeat clears all river-skitter-west model parts
PASS actual reduced-motion setting suppresses only secondary bob
PASS production path accepts 5,-3
PASS production path arrives alive at 5,-3
PASS actual production command accepts target-select
PASS real reduced-motion impact retains confirmed flash and removes recoil
PASS actual production command accepts target-select
PASS actual attacks defeat river-skitter-east
PASS actual production command accepts target-clear
PASS actual defeat clears all river-skitter-east model parts
PASS production path accepts -5,-11
PASS production path arrives alive at -5,-11
PASS actual named windup live ordinary and named counts position yaw and ground match actual actors
PASS actual named windup submitted full matrices apply named scale and yaw exactly once
PASS actual named windup six feet stay above actual ground
PASS actual named windup crouch and recovery follow only actual authoritative timers
PASS actual named windup feedback agrees with confirmed actual hit state
PASS Old Bristle uses actual longer windup and five distinct spines
PASS reduced motion retains the actual named timed crouch
PASS actual named recovery live ordinary and named counts position yaw and ground match actual actors
PASS actual named recovery submitted full matrices apply named scale and yaw exactly once
PASS actual named recovery six feet stay above actual ground
PASS actual named recovery crouch and recovery follow only actual authoritative timers
PASS actual named recovery feedback agrees with confirmed actual hit state
PASS named recovery reads the actual longer authoritative duration
PASS actual production command accepts target-select
PASS actual attacks defeat river-old-bristle
PASS actual production command accepts target-clear
PASS actual defeat clears all river-old-bristle model parts
PASS actual defeat of every outing skitter leaves no creature model submission
PASS HTTP body matches exact integrated HTML
PASS actual read-only skitter caller hook exists
PASS returning checkpoint keeps the actually earned equipped trail bow
PASS actual Stay prevents helper attacks in isolated bow proof
PASS production path accepts 11,9
PASS production path arrives alive at 11,9
PASS visible riverbank acceptance retains actual quest identity
PASS production path accepts 15,7
PASS production path arrives alive at 15,7
PASS actual E enters the riverbank
PASS production path accepts 3,2
PASS production path arrives alive at 3,2
PASS real riverbank boulder blocks an otherwise in-range bow target
PASS actual wall-blocked arrow refusal changes no target HP flash recoil or projectile
PASS wall refusal repeated drawing cannot mutate durable state or enemy actors
PASS production path accepts -5,-10
PASS production path arrives alive at -5,-10
PASS actual production command accepts attack
PASS actual bow release creates travelling arrow without instant target damage
PASS actual projectile collision causes named HP damage and confirmed feedback
PASS actual travelling bow impact live ordinary and named counts position yaw and ground match actual actors
PASS actual travelling bow impact submitted full matrices apply named scale and yaw exactly once
PASS actual travelling bow impact six feet stay above actual ground
PASS actual travelling bow impact crouch and recovery follow only actual authoritative timers
PASS actual travelling bow impact feedback agrees with confirmed actual hit state
PASS rendering retained earned bow and prior main-road completion
PASS focused actual creature paths have no application or page errors
