PASS current regenerated production HTML
PASS new page has no implicit audio context or consent
PASS actual running audio projects field, quiet=False
PASS sound control exposes its actual opt-in state
PASS actual running audio projects field, quiet=True
PASS actual running audio projects field, quiet=False
PASS production walk 11,9
PASS initial kit is genuinely command earned
PASS production walk 18,6
PASS actual road enters heaven
PASS actual running audio projects heaven, quiet=False
PASS actual running audio projects heaven, quiet=True
PASS actual running audio projects heaven, quiet=False
PASS explicit return retains the home route
PASS actual running audio projects field, quiet=False
PASS production walk 18,6
PASS actual road enters hell
PASS actual running audio projects hell, quiet=False
PASS actual running audio projects hell, quiet=True
PASS actual running audio projects hell, quiet=False
PASS explicit return retains the home route
PASS actual running audio projects field, quiet=False
PASS production walk 18,6
PASS actual road enters earthlands
PASS actual running audio projects coast, quiet=False
PASS actual running audio projects coast, quiet=True
PASS actual running audio projects coast, quiet=False
PASS explicit return retains the home route
PASS actual running audio projects field, quiet=False
PASS production walk 18,6
PASS actual road enters atlantis
PASS actual running audio projects atlantis, quiet=False
PASS actual running audio projects atlantis, quiet=True
PASS actual running audio projects atlantis, quiet=False
PASS production walk 8,-16
PASS real swim reaches [8, -1.05, -22]
PASS actual running audio projects submerged, quiet=False
PASS underwater profile follows actual body medium
PASS real swim reaches [8, -2.55, -28]
PASS real swim reaches [8, -2.7, -29.5]
PASS real swim reaches [8, -2.7, -32]
PASS actual running audio projects atlantis, quiet=False
PASS air court restores the air profile in its actual dry volume
PASS real swim reaches [8, -2.7, -35]
PASS real swim reaches [8, -2.7, -32]
PASS actual running audio projects atlantis, quiet=False
PASS air court restores the air profile in its actual dry volume
PASS real swim reaches [8, -2.7, -29.5]
PASS real swim reaches [8, -1.8, -29]
PASS real swim reaches [12, -1.8, -29]
PASS real swim reaches [12, -1.4, -38.4]
PASS real swim reaches [12, -1.4, -39.3]
PASS actual running audio projects submerged, quiet=False
PASS actual landing exits the gallery
PASS actual running audio projects atlantis, quiet=False
PASS explicit return retains the home route
PASS actual running audio projects field, quiet=False
PASS production walk 14,-5
PASS actual running audio projects cosmos, quiet=False
PASS actual running audio projects field, quiet=False
PASS all eight original profiles render complete real audio samples
PASS each profile has bounded nonzero sample energy without clipping
PASS profile sample steps are bounded through the owned filtered graph
PASS a quiet graph renders exact silence
PASS synthetic hidden event fades the owned ambient bus
PASS actual running audio projects field, quiet=False
PASS synthetic pagehide retires four owned loops
PASS actual running audio projects field, quiet=False
PASS application mute retains no active ambient consent
PASS ambient projection preserves notebook, score, house and explicit soul history
PASS current character can save after optional audio lifecycle
PASS real native reload requires fresh audio opt-in
PASS no actual browser errors
