PASS served artifact matches exact integration HTML
PASS actual app exposes the reviewed durable workshop callback
PASS production walking accepts 11,9
PASS production walking arrives able to act at 11,9
PASS fresh kit earned through actual E control
PASS production walking accepts 15.1,-2.2
PASS production walking arrives able to act at 15.1,-2.2
PASS real gather timber-3 swing succeeds
PASS real gather timber-3 swing succeeds
PASS real gather timber-3 swing succeeds
PASS real gather timber-3 swing succeeds
PASS production walking accepts 14.1,14.8
PASS production walking arrives able to act at 14.1,14.8
PASS real gather timber-4 swing succeeds
PASS real gather timber-4 swing succeeds
PASS real gather timber-4 swing succeeds
PASS real gather timber-4 swing succeeds
PASS production walking accepts 3.1,10.8
PASS production walking arrives able to act at 3.1,10.8
PASS real gather fibre-1 swing succeeds
PASS production walking accepts 12.1,14.8
PASS production walking arrives able to act at 12.1,14.8
PASS real gather fibre-3 swing succeeds
PASS production walking accepts 3.1,13.8
PASS production walking arrives able to act at 3.1,13.8
PASS real gather stone-1 swing succeeds
PASS real gather stone-1 swing succeeds
PASS real gather stone-1 swing succeeds
PASS real gather stone-1 swing succeeds
PASS fresh bow inputs earned without item or position edits
PASS production walking accepts 11,9
PASS production walking arrives able to act at 11,9
PASS earned supplies saved before refusal proof
PASS actual K bow craft leaves complete canonical world unchanged
PASS actual K bow craft leaves exact native saved bytes unchanged
PASS actual K bow craft exposes real storage refusal without success feedback
PASS actual K bow craft is visible above the actual open modal
PASS actual K bow craft restores paused menu ownership
PASS actual K failure adds no bow receipt or materials spend
PASS same UI request identity retries safely after storage recovery
PASS same identity pays actual bow materials exactly once
PASS successful bow remains an explicit equip choice
PASS successful receipt makes exact retry a no-op
PASS receipt identity with changed terms refuses atomically
PASS new identity cannot recraft a unique owned bow
PASS actual K sandbox plank craft leaves complete canonical world unchanged
PASS actual K sandbox plank craft leaves exact native saved bytes unchanged
PASS actual K sandbox plank craft exposes real storage refusal without success feedback
PASS actual K sandbox plank craft is visible above the actual open modal
PASS actual K sandbox plank craft restores paused menu ownership
PASS actual K successful sandbox craft saves its materials and output
PASS compact K sandbox craft leaves complete canonical world unchanged
PASS compact K sandbox craft leaves exact native saved bytes unchanged
PASS compact K sandbox craft exposes real storage refusal without success feedback
PASS compact K sandbox craft is visible above the actual open modal
PASS compact K sandbox craft restores paused menu ownership
PASS compact visible refusal keeps crafting content within the viewport
PASS actual C equipment change leaves complete canonical world unchanged
PASS actual C equipment change leaves exact native saved bytes unchanged
PASS actual C equipment change exposes real storage refusal without success feedback
PASS actual C equipment change is visible above the actual open modal
PASS actual C equipment change restores paused menu ownership
PASS actual C deliberate equip saves the selected bow
PASS fresh workshop return saves to native storage
PASS fresh workshop return reopens the exact saved bytes
PASS fresh workshop return retains complete economic and work records
PASS fresh workshop return reopens at the disclosed home checkpoint
PASS served artifact matches exact integration HTML
PASS actual app exposes the reviewed durable workshop callback
PASS production walking accepts 11,9
PASS production walking arrives able to act at 11,9
PASS returning earned partial survey and supplies remain intact
PASS actual field-guide first fitting leaves complete canonical world unchanged
PASS actual field-guide first fitting leaves exact native saved bytes unchanged
PASS actual field-guide first fitting exposes real storage refusal without success feedback
PASS actual field-guide first fitting is visible above the actual open modal
PASS actual field-guide first fitting restores paused menu ownership
PASS actual field-guide fitting saves its exact complete cost
PASS field-guide fitting retains unfinished survey identity and earlier loadout
PASS first fitting return saves to native storage
PASS first fitting return reopens the exact saved bytes
PASS first fitting return retains complete economic and work records
PASS first fitting return reopens at the disclosed home checkpoint
PASS native new character does not inherit prior fitting or survey
PASS switching back retains first fitting and earned partial survey
PASS original tab owns actual native character writer lock
PASS served artifact matches exact integration HTML
PASS actual app exposes the reviewed durable workshop callback
PASS second native tab cannot acquire the same character writer lock
PASS actual read-only tab fitting refuses without changing live fields
PASS actual read-only tab fitting preserves prior fitting receipts and native library
PASS read-only tab explains actual writer refusal
PASS managed library second fitting leaves complete canonical world unchanged
PASS managed library second fitting leaves exact native saved bytes unchanged
PASS managed library second fitting exposes real storage refusal without success feedback
PASS managed library second fitting is visible above the actual open modal
PASS managed library second fitting restores paused menu ownership
PASS original writer can complete the finite second fitting
PASS completed finite fitting keeps the original survey and weapon
PASS managed complete fitting return saves to native storage
PASS managed complete fitting return reopens the exact saved bytes
PASS managed complete fitting return retains complete economic and work records
PASS managed complete fitting return reopens at the disclosed home checkpoint
PASS served artifact matches exact integration HTML
PASS actual app exposes the reviewed durable workshop callback
PASS actual C veteran socket swap leaves complete canonical world unchanged
PASS actual C veteran socket swap leaves exact native saved bytes unchanged
PASS actual C veteran socket swap exposes real storage refusal without success feedback
PASS actual C veteran socket swap is visible above the actual open modal
PASS actual C veteran socket swap restores paused menu ownership
PASS successful actual C swap returns ruby and spends exactly one moonstone
PASS socket swap retains existing weapon identity, other socket and historical work
PASS veteran socket return saves to native storage
PASS veteran socket return reopens the exact saved bytes
PASS veteran socket return retains complete economic and work records
PASS veteran socket return reopens at the disclosed home checkpoint
PASS all focused native-browser paths have no runtime page errors
