{"completed":2,"variants":["blade","bow"],"crossings":4,"routes":87,"output":"D:\\07-GAMES\\Firstlight\\artifacts\\connected-earth-roads-20261006\\browser04\\earned-sources"}
PASS blade exact generated page loads
PASS blade production walking valley 0,23
PASS blade lake terms require visible confirmation
PASS blade original lake route enters Hearthwater
PASS blade local map exposes signed road
PASS blade remote invitation cannot cross
PASS blade map route walks to the physical northern fork
PASS blade production walking earth-hearthwater-approach 12,-42
PASS blade numbered Hearthwater atlas walks to the supported road endpoint
PASS blade HEARTHWATER submitted finite fingerboards
PASS blade HEARTHWATER boards and dressing have no camera authority
PASS blade HEARTHWATER submitted sign touches canonical ground and clears walking body
PASS blade HEARTHWATER inspection preserves world
PASS HEARTHWATER third sign-only positive pixels restore exactly
PASS blade HEARTHWATER diorama remains available
PASS HEARTHWATER diorama sign-only positive pixels restore exactly
PASS blade road declares route danger and original home
PASS blade arrived sign offers explicit crossing
PASS blade view key is consumed inside road dialog
PASS blade explicit continuation reaches world-earthlands
PASS blade crossing grants and accepts nothing
PASS blade source ticket cannot replay
PASS blade production walking world-earthlands 0,104
PASS blade numbered Coastward atlas walks to the supported road endpoint
PASS blade COASTWARD submitted finite fingerboards
PASS blade COASTWARD boards and dressing have no camera authority
PASS blade COASTWARD submitted sign touches canonical ground and clears walking body
PASS blade COASTWARD inspection preserves world
PASS COASTWARD third sign-only positive pixels restore exactly
PASS blade COASTWARD diorama remains available
PASS COASTWARD diorama sign-only positive pixels restore exactly
PASS blade Coastward map draws distinct local connection
PASS blade exact generated page loads
PASS blade COASTWARD-ARRIVAL whole Chromium restart returns home
PASS blade production walking valley 0,23
PASS blade lake terms require visible confirmation
PASS blade original lake route enters Hearthwater
PASS blade production walking earth-hearthwater-approach 0,10
PASS blade production walking earth-hearthwater-approach 14,-12
PASS blade production walking earth-hearthwater-approach 12,-26
PASS blade production walking earth-hearthwater-approach 0,-35
PASS blade production walking earth-hearthwater-approach 7,-38
PASS blade production walking earth-hearthwater-approach 12,-42
PASS blade production walking earth-hearthwater-approach 18.3,-42
PASS blade road declares route danger and original home
PASS blade arrived sign offers explicit crossing
PASS blade view key is consumed inside road dialog
PASS blade explicit continuation reaches world-earthlands
PASS blade crossing grants and accepts nothing
PASS blade source ticket cannot replay
PASS blade production walking world-earthlands 0,104
PASS blade production walking world-earthlands 0,92
PASS blade production walking world-earthlands 0,16
PASS blade production walking world-earthlands 14,15
PASS blade production walking world-earthlands 14,-34
PASS blade production walking world-earthlands 4,-41
PASS blade production walking world-earthlands 4,-67
PASS blade production walking world-earthlands -6,-68
PASS blade Merren offers actual local work with declared payment
PASS blade production walking world-earthlands -15,-46
PASS blade production walking world-earthlands 13,-54
PASS blade production walking world-earthlands 8,-69
PASS blade exact generated page loads
PASS blade COMPLETED-UNPAID whole Chromium restart returns home
PASS blade native restart preserves all three unpaid observations
PASS blade production walking valley 0,23
PASS blade lake terms require visible confirmation
PASS blade original lake route enters Hearthwater
PASS blade production walking earth-hearthwater-approach 0,10
PASS blade production walking earth-hearthwater-approach 14,-12
PASS blade production walking earth-hearthwater-approach 12,-26
PASS blade production walking earth-hearthwater-approach 0,-35
PASS blade production walking earth-hearthwater-approach 7,-38
PASS blade production walking earth-hearthwater-approach 12,-42
PASS blade production walking earth-hearthwater-approach 18.3,-42
PASS blade road declares route danger and original home
PASS blade arrived sign offers explicit crossing
PASS blade view key is consumed inside road dialog
PASS blade explicit continuation reaches world-earthlands
PASS blade crossing grants and accepts nothing
PASS blade source ticket cannot replay
PASS blade production walking world-earthlands 0,104
PASS blade production walking world-earthlands 0,92
PASS blade production walking world-earthlands 0,16
PASS blade production walking world-earthlands 14,15
PASS blade production walking world-earthlands 14,-34
PASS blade production walking world-earthlands 4,-41
PASS blade production walking world-earthlands 4,-67
PASS blade production walking world-earthlands -6,-68
PASS blade visible turn-in pays exactly once
PASS blade changed request cannot repeat payout
PASS blade production walking world-earthlands 4,-67
PASS blade production walking world-earthlands 4,-41
PASS blade production walking world-earthlands 14,-34
PASS blade production walking world-earthlands 14,15
PASS blade production walking world-earthlands 0,16
PASS blade production walking world-earthlands 0,92
PASS blade production walking world-earthlands 0,104
PASS blade production walking world-earthlands 8,106
PASS blade road declares route danger and original home
PASS blade arrived sign offers explicit crossing
PASS blade view key is consumed inside road dialog
PASS blade explicit continuation reaches earth-hearthwater-approach
PASS blade crossing grants and accepts nothing
PASS blade source ticket cannot replay
PASS blade reverse transition dispatches Earth return owner
PASS compact crossing action is scrollable focusable and inside viewport
PASS compact native continuation input crosses without rewards
PASS blade road declares route danger and original home
PASS blade arrived sign offers explicit crossing
PASS blade view key is consumed inside road dialog
PASS blade explicit continuation reaches earth-hearthwater-approach
PASS blade crossing grants and accepts nothing
PASS blade source ticket cannot replay
PASS blade exact generated page loads
PASS blade HEARTHWATER-RETURN whole Chromium restart returns home
PASS blade production walking valley 0,23
PASS blade lake terms require visible confirmation
PASS blade original lake route enters Hearthwater
PASS blade Escape returns to original home after road trip
PASS bow exact generated page loads
PASS bow production walking valley 0,23
PASS bow lake terms require visible confirmation
PASS bow original lake route enters Hearthwater
PASS bow local map exposes signed road
PASS bow remote invitation cannot cross
PASS bow map route walks to the physical northern fork
PASS bow production walking earth-hearthwater-approach 12,-42
PASS bow numbered Hearthwater atlas walks to the supported road endpoint
PASS bow HEARTHWATER submitted finite fingerboards
PASS bow HEARTHWATER boards and dressing have no camera authority
PASS bow HEARTHWATER submitted sign touches canonical ground and clears walking body
PASS bow HEARTHWATER inspection preserves world
PASS bow road declares route danger and original home
PASS bow arrived sign offers explicit crossing
PASS bow view key is consumed inside road dialog
PASS bow explicit continuation reaches world-earthlands
PASS bow crossing grants and accepts nothing
PASS bow source ticket cannot replay
PASS bow production walking world-earthlands 0,104
PASS bow numbered Coastward atlas walks to the supported road endpoint
PASS bow COASTWARD submitted finite fingerboards
PASS bow COASTWARD boards and dressing have no camera authority
PASS bow COASTWARD submitted sign touches canonical ground and clears walking body
PASS bow COASTWARD inspection preserves world
PASS bow Coastward map draws distinct local connection
PASS bow exact generated page loads
PASS bow COASTWARD-ARRIVAL whole Chromium restart returns home
PASS bow production walking valley 0,23
PASS bow lake terms require visible confirmation
PASS bow original lake route enters Hearthwater
PASS bow production walking earth-hearthwater-approach 0,10
PASS bow production walking earth-hearthwater-approach 14,-12
PASS bow production walking earth-hearthwater-approach 12,-26
PASS bow production walking earth-hearthwater-approach 0,-35
PASS bow production walking earth-hearthwater-approach 7,-38
PASS bow production walking earth-hearthwater-approach 12,-42
PASS bow production walking earth-hearthwater-approach 18.3,-42
PASS bow road declares route danger and original home
PASS bow arrived sign offers explicit crossing
PASS bow view key is consumed inside road dialog
PASS bow explicit continuation reaches world-earthlands
PASS bow crossing grants and accepts nothing
PASS bow source ticket cannot replay
PASS bow production walking world-earthlands 0,104
PASS bow production walking world-earthlands 0,92
PASS bow production walking world-earthlands 0,16
PASS bow production walking world-earthlands 14,15
PASS bow production walking world-earthlands 14,-34
PASS bow production walking world-earthlands 4,-41
PASS bow production walking world-earthlands 4,-67
PASS bow production walking world-earthlands -6,-68
PASS bow Merren offers actual local work with declared payment
PASS bow production walking world-earthlands -15,-46
PASS bow production walking world-earthlands 13,-54
PASS bow production walking world-earthlands 8,-69
PASS bow exact generated page loads
PASS bow COMPLETED-UNPAID whole Chromium restart returns home
PASS bow native restart preserves all three unpaid observations
PASS bow production walking valley 0,23
PASS bow lake terms require visible confirmation
PASS bow original lake route enters Hearthwater
PASS bow production walking earth-hearthwater-approach 0,10
PASS bow production walking earth-hearthwater-approach 14,-12
PASS bow production walking earth-hearthwater-approach 12,-26
PASS bow production walking earth-hearthwater-approach 0,-35
PASS bow production walking earth-hearthwater-approach 7,-38
PASS bow production walking earth-hearthwater-approach 12,-42
PASS bow production walking earth-hearthwater-approach 18.3,-42
PASS bow road declares route danger and original home
PASS bow arrived sign offers explicit crossing
PASS bow view key is consumed inside road dialog
PASS bow explicit continuation reaches world-earthlands
PASS bow crossing grants and accepts nothing
PASS bow source ticket cannot replay
PASS bow production walking world-earthlands 0,104
PASS bow production walking world-earthlands 0,92
PASS bow production walking world-earthlands 0,16
PASS bow production walking world-earthlands 14,15
PASS bow production walking world-earthlands 14,-34
PASS bow production walking world-earthlands 4,-41
PASS bow production walking world-earthlands 4,-67
PASS bow production walking world-earthlands -6,-68
PASS bow visible turn-in pays exactly once
PASS bow changed request cannot repeat payout
PASS bow production walking world-earthlands 4,-67
PASS bow production walking world-earthlands 4,-41
PASS bow production walking world-earthlands 14,-34
PASS bow production walking world-earthlands 14,15
PASS bow production walking world-earthlands 0,16
PASS bow production walking world-earthlands 0,92
PASS bow production walking world-earthlands 0,104
PASS bow production walking world-earthlands 8,106
PASS bow road declares route danger and original home
PASS bow arrived sign offers explicit crossing
PASS bow view key is consumed inside road dialog
PASS bow explicit continuation reaches earth-hearthwater-approach
PASS bow crossing grants and accepts nothing
PASS bow source ticket cannot replay
PASS bow reverse transition dispatches Earth return owner
PASS bow exact generated page loads
PASS bow HEARTHWATER-RETURN whole Chromium restart returns home
PASS bow production walking valley 0,23
PASS bow lake terms require visible confirmation
PASS bow original lake route enters Hearthwater
PASS bow Escape returns to original home after road trip
PASS strongest exact generated page loads
PASS strongest production walking valley 0,23
PASS strongest lake terms require visible confirmation
PASS strongest original lake route enters Hearthwater
PASS strongest local map exposes signed road
PASS strongest remote invitation cannot cross
PASS strongest map route walks to the physical northern fork
PASS strongest production walking earth-hearthwater-approach 12,-42
PASS strongest numbered Hearthwater atlas walks to the supported road endpoint
PASS strongest HEARTHWATER submitted finite fingerboards
PASS strongest HEARTHWATER boards and dressing have no camera authority
PASS strongest HEARTHWATER submitted sign touches canonical ground and clears walking body
PASS strongest HEARTHWATER inspection preserves world
PASS strongest road declares route danger and original home
PASS strongest arrived sign offers explicit crossing
PASS strongest view key is consumed inside road dialog
PASS strongest explicit continuation reaches world-earthlands
PASS strongest crossing grants and accepts nothing
PASS strongest source ticket cannot replay
PASS strongest production walking world-earthlands 0,104
PASS strongest numbered Coastward atlas walks to the supported road endpoint
PASS strongest COASTWARD submitted finite fingerboards
PASS strongest COASTWARD boards and dressing have no camera authority
PASS strongest COASTWARD submitted sign touches canonical ground and clears walking body
PASS strongest COASTWARD inspection preserves world
PASS strongest Coastward map draws distinct local connection
PASS strongest exact generated page loads
PASS strongest COASTWARD-ARRIVAL whole Chromium restart returns home
PASS strongest production walking valley 0,23
PASS strongest lake terms require visible confirmation
PASS strongest original lake route enters Hearthwater
PASS strongest production walking earth-hearthwater-approach 0,10
PASS strongest production walking earth-hearthwater-approach 14,-12
PASS strongest production walking earth-hearthwater-approach 12,-26
PASS strongest production walking earth-hearthwater-approach 0,-35
PASS strongest production walking earth-hearthwater-approach 7,-38
PASS strongest production walking earth-hearthwater-approach 12,-42
PASS strongest production walking earth-hearthwater-approach 18.3,-42
PASS strongest road declares route danger and original home
PASS strongest arrived sign offers explicit crossing
PASS strongest view key is consumed inside road dialog
PASS strongest explicit continuation reaches world-earthlands
PASS strongest crossing grants and accepts nothing
PASS strongest source ticket cannot replay
PASS strongest returning road preserves equipment sockets and story
PASS strongest road declares route danger and original home
PASS strongest arrived sign offers explicit crossing
PASS strongest view key is consumed inside road dialog
PASS strongest explicit continuation reaches earth-hearthwater-approach
PASS strongest crossing grants and accepts nothing
PASS strongest source ticket cannot replay
PASS strongest reverse transition dispatches Earth return owner
PASS strongest exact generated page loads
PASS strongest HEARTHWATER-RETURN whole Chromium restart returns home
PASS strongest production walking valley 0,23
PASS strongest lake terms require visible confirmation
PASS strongest original lake route enters Hearthwater
PASS strongest Escape returns to original home after road trip
PASS no browser runtime exceptions
Earth road browser: 285/285; errors 0
