✔ both road endpoints, arrivals and solid posts use canonical supported geometry (15.1616ms)
✔ lake-to-Coastward-to-Hearthwater preserves every durable field and original home (4.339ms)
✔ direct five-light visitor returns through Hearthwater without relocating home (1.5753ms)
✔ cold reopening on either side preserves home and all progress (7.3298ms)
✔ save refusal and unavailable scene consume ticket without adopting a transition (5.5621ms)
✔ stale ownership, source position, trip and home refuse before saving (2.6264ms)
✔ build and post-sync failure restore original runtime reference and complete graph (2.6081ms)
✔ dead, underwater, distant, unsupported and obstructed bodies cannot preview (1.4071ms)
✔ a successful ticket cannot pay, accept work or replay even at the opposite sign (1.0665ms)
✔ riverbank access after the local return retains the same original checkpoint (3.902ms)
✔ production road composition keeps every legacy piece except explicitly local leaf clearance (31.7213ms)
✔ new ground joins actual legacy top edges and its own cells without a visible seam (9.179ms)
✔ installed brace actually contacts the east wall outer face and clears the open passage (2.2009ms)
✔ delivered boards rest on the real glade rack and stack without unsupported gaps (46.1613ms)
✔ managed allocation material rests on ground and connects its prepared bands (1.4007ms)
✔ both shape-valid allocation histories project only their recorded steps and explicit claim (13.1ms)
✔ worksite actual mesh stays supported and full-body routes/choice/work/foe anchors remain clear (196.6133ms)
✔ grounded board/posts and shallow readable record layers keep connected construction (1.4948ms)
✔ actual static caller emits coalesced floor, unchanged seventy banks and one box per physical solid (151.6731ms)
✔ worn path quads use actual support and undergrowth intersects soil without blocking bodies (313.7986ms)
✔ binding attaches to actual production rig across every weapon/carry/combat/reduced-motion phase and preserves older parts (1417.2696ms)
✔ binding presentation belongs only to an actual selected owned item, never another character or equipped item (1.0331ms)
✔ actual WorldArt dynamic timber caller submits recorded work and resets scene/fog ownership (31.2376ms)
✔ production fog frame has finite translation-relative focus, no non-Earth ownership and strict guards (9.6315ms)
✔ borrowed kit belongs to exact active inspection, restores its checked form and never backfills paid runs (5.9989ms)
# Scope: actual Core/commands/moveTo/tick and UI owners; DOM string/attribute sink, validated RAM save acknowledgement. No native/browser/pixel proof.
# Setup counters: 27 production movement legs; 940 production ticks. Late-history cases are labelled synthetic derivatives of the installed fixture.
✔ fresh actual Journal prioritizes usable Chapter I and retains all locked requests (13.398ms)
✔ actual kit, crossing and accepted trail retain manual Homestead (19.2297ms)
✔ manual Story keeps actual chapter and its visible tracker opens Journal in a local realm (7.6207ms)
✔ a different explicit tracker choice replaces the transient selection (7.6972ms)
✔ real accepted commission card Track replaces Homestead without changing any saved facts (14.4975ms)
✔ failed actual project pin does not create a manual preference or alter the current tracker (1.6603ms)
✔ passive acceptance projection cannot steal a manual choice; no preference is saved (9.9306ms)
✔ actual continuation acceptance retains manual Homestead and appears outside the locked Journal group (synthetic late history) (8.7362ms)
✔ claimed campaign stays visibly completed after a prior explicit track (labelled synthetic late history) (8.3601ms)
✔ actual legacy Cosmos and Hearthwater visits cannot overwrite a manually selected Homestead (23.655ms)
✔ no manual preference survives a new Simulation body or a cold UI constructor (7.3679ms)
✔ realm concept catalogue accurately names installed local arcs without promising full realms (0.4ms)
ℹ tests 37
ℹ suites 0
ℹ pass 37
ℹ fail 0
ℹ cancelled 0
ℹ skipped 0
ℹ todo 0
ℹ duration_ms 2358.2217
