Python: 3.13.15; Node: v24.18.0
Logs: D:\07-GAMES\Firstlight\artifacts\final-remote-63e3330-20261003\commands
Running build...
PASS: build
HTML: 2606833 bytes; SHA-256 2d09d40a858d03b9fe0d8389846d6346e1ceae7d3aba63859a8d8e318e94c8cc
Running syntax-adventure-art...
PASS: syntax-adventure-art
Running syntax-adventure-ui...
PASS: syntax-adventure-ui
Running syntax-adventure...
PASS: syntax-adventure
Running syntax-app...
PASS: syntax-app
Running syntax-arsenal-art...
PASS: syntax-arsenal-art
Running syntax-arsenal-ui...
PASS: syntax-arsenal-ui
Running syntax-arsenal...
PASS: syntax-arsenal
Running syntax-beacon-art...
PASS: syntax-beacon-art
Running syntax-beacon...
PASS: syntax-beacon
Running syntax-bridge-art...
PASS: syntax-bridge-art
Running syntax-bridge-moment-view...
PASS: syntax-bridge-moment-view
Running syntax-characters-ui...
PASS: syntax-characters-ui
Running syntax-characters...
PASS: syntax-characters
Running syntax-classes-ui...
PASS: syntax-classes-ui
Running syntax-classes...
PASS: syntax-classes
Running syntax-coastward-settlement-art...
PASS: syntax-coastward-settlement-art
Running syntax-coastward-woodland-art...
PASS: syntax-coastward-woodland-art
Running syntax-combat...
PASS: syntax-combat
Running syntax-companion-art...
PASS: syntax-companion-art
Running syntax-core...
PASS: syntax-core
Running syntax-cosmos-art...
PASS: syntax-cosmos-art
Running syntax-cosmos-ui...
PASS: syntax-cosmos-ui
Running syntax-cosmos...
PASS: syntax-cosmos
Running syntax-creative...
PASS: syntax-creative
Running syntax-crossing-art...
PASS: syntax-crossing-art
Running syntax-crossing-ui...
PASS: syntax-crossing-ui
Running syntax-crossing...
PASS: syntax-crossing
Running syntax-drover-art...
PASS: syntax-drover-art
Running syntax-earth-art...
PASS: syntax-earth-art
Running syntax-earth-expedition-art...
PASS: syntax-earth-expedition-art
Running syntax-earth-expedition-beast-art...
PASS: syntax-earth-expedition-beast-art
Running syntax-earth-expedition-dialogue...
PASS: syntax-earth-expedition-dialogue
Running syntax-earth-expedition-ui...
PASS: syntax-earth-expedition-ui
Running syntax-earth-expedition...
PASS: syntax-earth-expedition
Running syntax-earth-notes-art...
PASS: syntax-earth-notes-art
Running syntax-earth-notes-ui...
PASS: syntax-earth-notes-ui
Running syntax-earth-notes...
PASS: syntax-earth-notes
Running syntax-earth-shoulder-art...
PASS: syntax-earth-shoulder-art
Running syntax-earth-story-ui...
PASS: syntax-earth-story-ui
Running syntax-earth-story...
PASS: syntax-earth-story
Running syntax-earth-ui...
PASS: syntax-earth-ui
Running syntax-earth...
PASS: syntax-earth
Running syntax-elderweald-trail-art...
PASS: syntax-elderweald-trail-art
Running syntax-elderweald-world...
PASS: syntax-elderweald-world
Running syntax-engine...
PASS: syntax-engine
Running syntax-experience...
PASS: syntax-experience
Running syntax-gathering-adapter...
PASS: syntax-gathering-adapter
Running syntax-gathering-art...
PASS: syntax-gathering-art
Running syntax-gathering-music...
PASS: syntax-gathering-music
Running syntax-gathering-ui...
PASS: syntax-gathering-ui
Running syntax-gathering...
PASS: syntax-gathering
Running syntax-mill-gate-art...
PASS: syntax-mill-gate-art
Running syntax-millwright-art...
PASS: syntax-millwright-art
Running syntax-pursuit-ui...
PASS: syntax-pursuit-ui
Running syntax-pursuit...
PASS: syntax-pursuit
Running syntax-quarry-art...
PASS: syntax-quarry-art
Running syntax-realm-art-data...
PASS: syntax-realm-art-data
Running syntax-realm-atlas-ui...
PASS: syntax-realm-atlas-ui
Running syntax-realm-craft...
PASS: syntax-realm-craft
Running syntax-realm-givers-art...
PASS: syntax-realm-givers-art
Running syntax-realm-trails-art...
PASS: syntax-realm-trails-art
Running syntax-realm-trails-cosmos...
PASS: syntax-realm-trails-cosmos
Running syntax-realm-trails-north...
PASS: syntax-realm-trails-north
Running syntax-realm-trails-south...
PASS: syntax-realm-trails-south
Running syntax-realm-trails-ui...
PASS: syntax-realm-trails-ui
Running syntax-realm-trails...
PASS: syntax-realm-trails
Running syntax-road-art...
PASS: syntax-road-art
Running syntax-road...
PASS: syntax-road
Running syntax-rpg-ui...
PASS: syntax-rpg-ui
Running syntax-sandbox-art...
PASS: syntax-sandbox-art
Running syntax-sandbox-ui...
PASS: syntax-sandbox-ui
Running syntax-sandbox...
PASS: syntax-sandbox
Running syntax-skitter-art...
PASS: syntax-skitter-art
Running syntax-soundscape...
PASS: syntax-soundscape
Running syntax-starter-art...
PASS: syntax-starter-art
Running syntax-starter-ui...
PASS: syntax-starter-ui
Running syntax-starter...
PASS: syntax-starter
Running syntax-surface-assets...
PASS: syntax-surface-assets
Running syntax-traveler-art...
PASS: syntax-traveler-art
Running syntax-traveler-equipment-art...
PASS: syntax-traveler-equipment-art
Running syntax-workshop-transactions...
PASS: syntax-workshop-transactions
Running syntax-world-atlantis-earth...
PASS: syntax-world-atlantis-earth
Running syntax-world-foundations-art...
PASS: syntax-world-foundations-art
Running syntax-world-foundations-ui...
PASS: syntax-world-foundations-ui
Running syntax-world-foundations...
PASS: syntax-world-foundations
Running syntax-world-ground-coalescing...
PASS: syntax-world-ground-coalescing
Running syntax-world-heaven-hell...
PASS: syntax-world-heaven-hell
Running syntax-world...
PASS: syntax-world
Running rules...
PASS: rules
1..1083
# tests 1083
# suites 0
# pass 1083
# fail 0
# cancelled 0
# skipped 0
# todo 0
# duration_ms 5764.8055
Running python...
PASS: python

----------------------------------------------------------------------
Ran 57 tests in 11.404s

OK (skipped=1)
Running crossing-blade...
PASS: crossing-blade
Running crossing-bow...
PASS: crossing-bow
Running starter-blade...
PASS: starter-blade
Running starter-bow...
PASS: starter-bow
Running starter-veteran...
PASS: starter-veteran
Running pursuit-blade...
PASS: pursuit-blade
Running pursuit-bow...
PASS: pursuit-bow
Running pursuit-veteran...
PASS: pursuit-veteran
Running characters-journey...
PASS: characters-journey
Running classes-journey...
PASS: classes-journey
Running cosmos-journey...
PASS: cosmos-journey
Running earth-journey...
PASS: earth-journey
Running earth-outing-blade...
PASS: earth-outing-blade
Running earth-outing-bow...
PASS: earth-outing-bow
Running earth-outing-veteran...
PASS: earth-outing-veteran
Running earth-story-blade...
PASS: earth-story-blade
Running earth-story-bow...
PASS: earth-story-bow
Running earth-story-veteran...
PASS: earth-story-veteran
Running earth-notes-blade...
PASS: earth-notes-blade
Running earth-notes-bow...
PASS: earth-notes-bow
Running earth-notes-veteran...
PASS: earth-notes-veteran
Running gathering-blade...
PASS: gathering-blade
Running gathering-bow...
PASS: gathering-bow
Running gathering-veteran...
PASS: gathering-veteran
Running world-foundations-blade...
PASS: world-foundations-blade
Running world-foundations-bow...
PASS: world-foundations-bow
Running world-foundations-veteran...
PASS: world-foundations-veteran
Running realm-trails-blade...
PASS: realm-trails-blade
Running realm-trails-bow...
PASS: realm-trails-bow
Running realm-trails-south-blade...
PASS: realm-trails-south-blade
Running realm-trails-south-bow...
PASS: realm-trails-south-bow
Running realm-comparator-blade...
PASS: realm-comparator-blade
Running realm-comparator-bow...
PASS: realm-comparator-bow
Running realm-comparator-veteran...
PASS: realm-comparator-veteran
Running earth-expedition-blade...
PASS: earth-expedition-blade
Running earth-expedition-bow...
PASS: earth-expedition-bow
Running earth-expedition-veteran...
PASS: earth-expedition-veteran
Running earth_ground_material_browser...
PASS: earth_ground_material_browser
Running realm_givers_browser...
PASS exact integrated sources are embedded in the offline build
PASS labelled Chapter I command-earned source has the declared hash
PASS browser response matches frozen offline HTML
PASS ordinary software WebGL RAF is active
PASS actual Import character opens a preview without creating a slot
PASS confirmed earned character retains original currency, gear and Chapter I history
PASS Walk to Roads marker movement is accepted
PASS Walk to Roads marker finishes through ordinary RAF
PASS Walk to Roads marker reaches its physical destination
PASS heaven crossing terms disclose free return and separate work consent
PASS heaven requires explicit crossing confirmation
PASS heaven crossing does not accept or pay work
PASS desktop-close drawer suppresses the home/label overlays
FAIL desktop-close normal close control wins its actual hit test
Traceback (most recent call last):
  File "D:\07-GAMES\Firstlight\authoring\coastward-remote-63e3330-20261003\tests\realm_givers_browser.py", line 294, in <module>
    drawer_regression('desktop-close')
    ~~~~~~~~~~~~~~~~~^^^^^^^^^^^^^^^^^
  File "D:\07-GAMES\Firstlight\authoring\coastward-remote-63e3330-20261003\tests\realm_givers_browser.py", line 189, in drawer_regression
    check(label+' normal close control wins its actual hit test',hit)
    ~~~~~^^^^^^^^^^^^^^^^^^^^^^^^^^^^^^^^^^^^^^^^^^^^^^^^^^^^^^^^^^^^
  File "D:\07-GAMES\Firstlight\authoring\coastward-remote-63e3330-20261003\tests\realm_givers_browser.py", line 50, in check
    raise AssertionError(name+(': '+str(detail) if detail is not None else ''))
AssertionError: desktop-close normal close control wins its actual hit test

FAILED: realm_givers_browser (exit 1); see D:\07-GAMES\Firstlight\artifacts\final-remote-63e3330-20261003\commands\realm_givers_browser.log
