PASS exact generated build loads
PASS production walk reaches (0, 23)
PASS entry remains explicit
PASS production walk reaches (0, 16)
PASS bridge text and optional side framing are legible
PASS camera shortcut is consumed inside marker dialog
PASS explicit framing keeps third-person style and closes ordinary pause dialog
PASS four vaults are actually submitted above the physical water plane
PASS bridge and mountain pieces retain camera-collision and generic-cutaway opt-outs
PASS production world enables the local aperture on the accepted span
PASS only the 44 eligible rail boxes occupy the dedicated production batch
PASS perspective side-1 x-1.29 z19.5 reveals actual lower-leg pixels where the rail obscures them
PASS perspective side-1 x-1.29 z19.5 preserves the exact reflection
PASS perspective side-1 x-1.29 z19.5 preserves the encoded solid shadow
PASS perspective side-1 x-1.29 z20.65 reveals actual lower-leg pixels where the rail obscures them
PASS perspective side-1 x-1.29 z20.65 preserves the exact reflection
PASS perspective side-1 x-1.29 z20.65 preserves the encoded solid shadow
PASS perspective side-1 x0 z19.5 reveals actual lower-leg pixels where the rail obscures them
PASS perspective side-1 x0 z19.5 preserves the exact reflection
PASS perspective side-1 x0 z19.5 preserves the encoded solid shadow
PASS perspective side-1 x0 z20.65 reveals actual lower-leg pixels where the rail obscures them
PASS perspective side-1 x0 z20.65 preserves the exact reflection
PASS perspective side-1 x0 z20.65 preserves the encoded solid shadow
PASS perspective side-1 x1.29 z19.5 reveals actual lower-leg pixels where the rail obscures them
PASS perspective side-1 x1.29 z19.5 preserves the exact reflection
PASS perspective side-1 x1.29 z19.5 preserves the encoded solid shadow
PASS perspective side-1 x1.29 z20.65 reveals actual lower-leg pixels where the rail obscures them
PASS perspective side-1 x1.29 z20.65 preserves the exact reflection
PASS perspective side-1 x1.29 z20.65 preserves the encoded solid shadow
PASS perspective side1 x-1.29 z19.5 reveals actual lower-leg pixels where the rail obscures them
PASS perspective side1 x-1.29 z19.5 preserves the exact reflection
PASS perspective side1 x-1.29 z19.5 preserves the encoded solid shadow
PASS perspective side1 x-1.29 z20.65 reveals actual lower-leg pixels where the rail obscures them
PASS perspective side1 x-1.29 z20.65 preserves the exact reflection
PASS perspective side1 x-1.29 z20.65 preserves the encoded solid shadow
PASS perspective side1 x0 z19.5 reveals actual lower-leg pixels where the rail obscures them
PASS perspective side1 x0 z19.5 preserves the exact reflection
PASS perspective side1 x0 z19.5 preserves the encoded solid shadow
PASS perspective side1 x0 z20.65 reveals actual lower-leg pixels where the rail obscures them
PASS perspective side1 x0 z20.65 preserves the exact reflection
PASS perspective side1 x0 z20.65 preserves the encoded solid shadow
PASS perspective side1 x1.29 z19.5 reveals actual lower-leg pixels where the rail obscures them
PASS perspective side1 x1.29 z19.5 preserves the exact reflection
PASS perspective side1 x1.29 z19.5 preserves the encoded solid shadow
PASS perspective side1 x1.29 z20.65 reveals actual lower-leg pixels where the rail obscures them
PASS perspective side1 x1.29 z20.65 preserves the exact reflection
PASS perspective side1 x1.29 z20.65 preserves the encoded solid shadow
PASS orthographic side-1 x-1.29 z19.5 reveals actual lower-leg pixels where the rail obscures them
PASS orthographic side-1 x-1.29 z19.5 preserves the exact reflection
PASS orthographic side-1 x-1.29 z19.5 preserves the encoded solid shadow
PASS orthographic side-1 x-1.29 z20.65 reveals actual lower-leg pixels where the rail obscures them
PASS orthographic side-1 x-1.29 z20.65 preserves the exact reflection
PASS orthographic side-1 x-1.29 z20.65 preserves the encoded solid shadow
PASS orthographic side-1 x0 z19.5 reveals actual lower-leg pixels where the rail obscures them
PASS orthographic side-1 x0 z19.5 preserves the exact reflection
PASS orthographic side-1 x0 z19.5 preserves the encoded solid shadow
PASS orthographic side-1 x0 z20.65 reveals actual lower-leg pixels where the rail obscures them
PASS orthographic side-1 x0 z20.65 preserves the exact reflection
PASS orthographic side-1 x0 z20.65 preserves the encoded solid shadow
PASS orthographic side-1 x1.29 z19.5 reveals actual lower-leg pixels where the rail obscures them
PASS orthographic side-1 x1.29 z19.5 preserves the exact reflection
PASS orthographic side-1 x1.29 z19.5 preserves the encoded solid shadow
PASS orthographic side-1 x1.29 z20.65 reveals actual lower-leg pixels where the rail obscures them
PASS orthographic side-1 x1.29 z20.65 preserves the exact reflection
PASS orthographic side-1 x1.29 z20.65 preserves the encoded solid shadow
PASS orthographic side1 x-1.29 z19.5 reveals actual lower-leg pixels where the rail obscures them
PASS orthographic side1 x-1.29 z19.5 preserves the exact reflection
PASS orthographic side1 x-1.29 z19.5 preserves the encoded solid shadow
PASS orthographic side1 x-1.29 z20.65 reveals actual lower-leg pixels where the rail obscures them
PASS orthographic side1 x-1.29 z20.65 preserves the exact reflection
PASS orthographic side1 x-1.29 z20.65 preserves the encoded solid shadow
PASS orthographic side1 x0 z19.5 reveals actual lower-leg pixels where the rail obscures them
PASS orthographic side1 x0 z19.5 preserves the exact reflection
PASS orthographic side1 x0 z19.5 preserves the encoded solid shadow
PASS orthographic side1 x0 z20.65 reveals actual lower-leg pixels where the rail obscures them
PASS orthographic side1 x0 z20.65 preserves the exact reflection
PASS orthographic side1 x0 z20.65 preserves the encoded solid shadow
PASS orthographic side1 x1.29 z19.5 reveals actual lower-leg pixels where the rail obscures them
PASS orthographic side1 x1.29 z19.5 preserves the exact reflection
PASS orthographic side1 x1.29 z19.5 preserves the encoded solid shadow
PASS orthographic side1 x1.29 z20.65 reveals actual lower-leg pixels where the rail obscures them
PASS orthographic side1 x1.29 z20.65 preserves the exact reflection
PASS orthographic side1 x1.29 z20.65 preserves the encoded solid shadow
PASS far rail stays pixel-identical behind the subject
PASS local rail effect stays off outside the span and Earth without GL errors
PASS actual submitted shoreline is bounded steep dressing, with no camera or cutaway authority
PASS flanking water has no navigation target
PASS production walk reaches (0, 27.5)
PASS production walk reaches (0, 10)
PASS production world disables the local aperture on the bank
PASS production walk reaches (0, 16)
PASS same explicit framing retains diorama style
PASS world cloud layer changes actual main framebuffer pixels
PASS same cloud layer changes actual reflected framebuffer pixels
PASS isolated Earth current/wake toggle changes actual pixels with clouds disabled
PASS combined current/cloud motion contributes actual pixels
PASS reduced-motion rendering freezes the added motion exactly
PASS low-quality water/cloud fallback remains rendered without GL errors
PASS perspective Earth optical profile changes actual same-time water pixels
PASS perspective authored mountain depth changes actual same-time main pixels
PASS perspective mountain depth also changes the actual reflected framebuffer
PASS orthographic Earth optical profile changes actual same-time water pixels
PASS orthographic authored mountain depth changes actual same-time main pixels
PASS orthographic mountain depth also changes the actual reflected framebuffer
PASS Earth optics and mountain-only haze do not change non-Earth pixels or leak GL errors
PASS R resets current diorama style
PASS V returns to saved third-person side orbit
PASS bridge sightseeing changes no XP, ownership, story or equipment
PASS reload resumes at acknowledged lake checkpoint preserving camera profiles
PASS bridge diagnostic is absent outside Earth
PASS production walk reaches (0, 23)
PASS entry remains explicit
PASS production walk reaches (0, 10)
PASS production walk reaches (0, 24)
PASS command-earned returning bow crosses without reward/history changes
PASS actual saved cutaway control can disable the local rail effect
PASS cutaway-off and both camera memories survive a whole-page reload
PASS production walk reaches (0, 23)
PASS entry remains explicit
PASS production walk reaches (0, 19.5)
PASS saved cutaway-off reaches the actual on-span renderer after reload
PASS reload preserves returning equipment and story owners
PASS all browser runtime errors remain visible and absent
PASS normal RAF page is visible
PASS ordinary RAF walking uses explicitly selected low graphics
PASS normal-time walk accepted (0, 23)
PASS normal-time walk arrives (0, 23)
PASS normal-time walk accepted (0, 16)
PASS normal-time walk arrives (0, 16)
PASS normal-time crossing move is accepted
PASS actual visible app RAF advances bridge position and submitted stride
PASS submitted local leg joints change during ordinary crossing
PASS normal app pause preserves bridge position and stride
PASS visible normal app resumes and reaches opposite bridge bank
PASS actual reduced-motion control reaches the bridge traveller
PASS normal-time walk accepted (0, 19.5)
PASS normal-time walk arrives (0, 19.5)
PASS normal and accelerated browser runtime errors are absent
{
  "method": "Actual bridge UI, supported walking, both cameras and GPU framebuffer effects.\n\nIsolated software WebGL engineering coverage. Accelerated rule walking and\nlabelled command-earned returning fixtures are not human feel or RTX timing.\nThe separate ordinary-RAF walk selects Low through the real graphics control;\nbalanced effects are covered by independent framebuffer probes above it.\n",
  "html_sha256": "8ad7e3f020eb93b79b2d812e51a86248780c54b28593face9a115412f7e7b5bf",
  "checks": [
    {
      "name": "exact generated build loads",
      "passed": true
    },
    {
      "name": "production walk reaches (0, 23)",
      "passed": true
    },
    {
      "name": "entry remains explicit",
      "passed": true
    },
    {
      "name": "production walk reaches (0, 16)",
      "passed": true
    },
    {
      "name": "bridge text and optional side framing are legible",
      "passed": true
    },
    {
      "name": "camera shortcut is consumed inside marker dialog",
      "passed": true
    },
    {
      "name": "explicit framing keeps third-person style and closes ordinary pause dialog",
      "passed": true
    },
    {
      "name": "four vaults are actually submitted above the physical water plane",
      "passed": true
    },
    {
      "name": "bridge and mountain pieces retain camera-collision and generic-cutaway opt-outs",
      "passed": true
    },
    {
      "name": "production world enables the local aperture on the accepted span",
      "passed": true
    },
    {
      "name": "only the 44 eligible rail boxes occupy the dedicated production batch",
      "passed": true
    },
    {
      "name": "perspective side-1 x-1.29 z19.5 reveals actual lower-leg pixels where the rail obscures them",
      "passed": true
    },
    {
      "name": "perspective side-1 x-1.29 z19.5 preserves the exact reflection",
      "passed": true
    },
    {
      "name": "perspective side-1 x-1.29 z19.5 preserves the encoded solid shadow",
      "passed": true
    },
    {
      "name": "perspective side-1 x-1.29 z20.65 reveals actual lower-leg pixels where the rail obscures them",
      "passed": true
    },
    {
      "name": "perspective side-1 x-1.29 z20.65 preserves the exact reflection",
      "passed": true
    },
    {
      "name": "perspective side-1 x-1.29 z20.65 preserves the encoded solid shadow",
      "passed": true
    },
    {
      "name": "perspective side-1 x0 z19.5 reveals actual lower-leg pixels where the rail obscures them",
      "passed": true
    },
    {
      "name": "perspective side-1 x0 z19.5 preserves the exact reflection",
      "passed": true
    },
    {
      "name": "perspective side-1 x0 z19.5 preserves the encoded solid shadow",
      "passed": true
    },
    {
      "name": "perspective side-1 x0 z20.65 reveals actual lower-leg pixels where the rail obscures them",
      "passed": true
    },
    {
      "name": "perspective side-1 x0 z20.65 preserves the exact reflection",
      "passed": true
    },
    {
      "name": "perspective side-1 x0 z20.65 preserves the encoded solid shadow",
      "passed": true
    },
    {
      "name": "perspective side-1 x1.29 z19.5 reveals actual lower-leg pixels where the rail obscures them",
      "passed": true
    },
    {
      "name": "perspective side-1 x1.29 z19.5 preserves the exact reflection",
      "passed": true
    },
    {
      "name": "perspective side-1 x1.29 z19.5 preserves the encoded solid shadow",
      "passed": true
    },
    {
      "name": "perspective side-1 x1.29 z20.65 reveals actual lower-leg pixels where the rail obscures them",
      "passed": true
    },
    {
      "name": "perspective side-1 x1.29 z20.65 preserves the exact reflection",
      "passed": true
    },
    {
      "name": "perspective side-1 x1.29 z20.65 preserves the encoded solid shadow",
      "passed": true
    },
    {
      "name": "perspective side1 x-1.29 z19.5 reveals actual lower-leg pixels where the rail obscures them",
      "passed": true
    },
    {
      "name": "perspective side1 x-1.29 z19.5 preserves the exact reflection",
      "passed": true
    },
    {
      "name": "perspective side1 x-1.29 z19.5 preserves the encoded solid shadow",
      "passed": true
    },
    {
      "name": "perspective side1 x-1.29 z20.65 reveals actual lower-leg pixels where the rail obscures them",
      "passed": true
    },
    {
      "name": "perspective side1 x-1.29 z20.65 preserves the exact reflection",
      "passed": true
    },
    {
      "name": "perspective side1 x-1.29 z20.65 preserves the encoded solid shadow",
      "passed": true
    },
    {
      "name": "perspective side1 x0 z19.5 reveals actual lower-leg pixels where the rail obscures them",
      "passed": true
    },
    {
      "name": "perspective side1 x0 z19.5 preserves the exact reflection",
      "passed": true
    },
    {
      "name": "perspective side1 x0 z19.5 preserves the encoded solid shadow",
      "passed": true
    },
    {
      "name": "perspective side1 x0 z20.65 reveals actual lower-leg pixels where the rail obscures them",
      "passed": true
    },
    {
      "name": "perspective side1 x0 z20.65 preserves the exact reflection",
      "passed": true
    },
    {
      "name": "perspective side1 x0 z20.65 preserves the encoded solid shadow",
      "passed": true
    },
    {
      "name": "perspective side1 x1.29 z19.5 reveals actual lower-leg pixels where the rail obscures them",
      "passed": true
    },
    {
      "name": "perspective side1 x1.29 z19.5 preserves the exact reflection",
      "passed": true
    },
    {
      "name": "perspective side1 x1.29 z19.5 preserves the encoded solid shadow",
      "passed": true
    },
    {
      "name": "perspective side1 x1.29 z20.65 reveals actual lower-leg pixels where the rail obscures them",
      "passed": true
    },
    {
      "name": "perspective side1 x1.29 z20.65 preserves the exact reflection",
      "passed": true
    },
    {
      "name": "perspective side1 x1.29 z20.65 preserves the encoded solid shadow",
      "passed": true
    },
    {
      "name": "orthographic side-1 x-1.29 z19.5 reveals actual lower-leg pixels where the rail obscures them",
      "passed": true
    },
    {
      "name": "orthographic side-1 x-1.29 z19.5 preserves the exact reflection",
      "passed": true
    },
    {
      "name": "orthographic side-1 x-1.29 z19.5 preserves the encoded solid shadow",
      "passed": true
    },
    {
      "name": "orthographic side-1 x-1.29 z20.65 reveals actual lower-leg pixels where the rail obscures them",
      "passed": true
    },
    {
      "name": "orthographic side-1 x-1.29 z20.65 preserves the exact reflection",
      "passed": true
    },
    {
      "name": "orthographic side-1 x-1.29 z20.65 preserves the encoded solid shadow",
      "passed": true
    },
    {
      "name": "orthographic side-1 x0 z19.5 reveals actual lower-leg pixels where the rail obscures them",
      "passed": true
    },
    {
      "name": "orthographic side-1 x0 z19.5 preserves the exact reflection",
      "passed": true
    },
    {
      "name": "orthographic side-1 x0 z19.5 preserves the encoded solid shadow",
      "passed": true
    },
    {
      "name": "orthographic side-1 x0 z20.65 reveals actual lower-leg pixels where the rail obscures them",
      "passed": true
    },
    {
      "name": "orthographic side-1 x0 z20.65 preserves the exact reflection",
      "passed": true
    },
    {
      "name": "orthographic side-1 x0 z20.65 preserves the encoded solid shadow",
      "passed": true
    },
    {
      "name": "orthographic side-1 x1.29 z19.5 reveals actual lower-leg pixels where the rail obscures them",
      "passed": true
    },
    {
      "name": "orthographic side-1 x1.29 z19.5 preserves the exact reflection",
      "passed": true
    },
    {
      "name": "orthographic side-1 x1.29 z19.5 preserves the encoded solid shadow",
      "passed": true
    },
    {
      "name": "orthographic side-1 x1.29 z20.65 reveals actual lower-leg pixels where the rail obscures them",
      "passed": true
    },
    {
      "name": "orthographic side-1 x1.29 z20.65 preserves the exact reflection",
      "passed": true
    },
    {
      "name": "orthographic side-1 x1.29 z20.65 preserves the encoded solid shadow",
      "passed": true
    },
    {
      "name": "orthographic side1 x-1.29 z19.5 reveals actual lower-leg pixels where the rail obscures them",
      "passed": true
    },
    {
      "name": "orthographic side1 x-1.29 z19.5 preserves the exact reflection",
      "passed": true
    },
    {
      "name": "orthographic side1 x-1.29 z19.5 preserves the encoded solid shadow",
      "passed": true
    },
    {
      "name": "orthographic side1 x-1.29 z20.65 reveals actual lower-leg pixels where the rail obscures them",
      "passed": true
    },
    {
      "name": "orthographic side1 x-1.29 z20.65 preserves the exact reflection",
      "passed": true
    },
    {
      "name": "orthographic side1 x-1.29 z20.65 preserves the encoded solid shadow",
      "passed": true
    },
    {
      "name": "orthographic side1 x0 z19.5 reveals actual lower-leg pixels where the rail obscures them",
      "passed": true
    },
    {
      "name": "orthographic side1 x0 z19.5 preserves the exact reflection",
      "passed": true
    },
    {
      "name": "orthographic side1 x0 z19.5 preserves the encoded solid shadow",
      "passed": true
    },
    {
      "name": "orthographic side1 x0 z20.65 reveals actual lower-leg pixels where the rail obscures them",
      "passed": true
    },
    {
      "name": "orthographic side1 x0 z20.65 preserves the exact reflection",
      "passed": true
    },
    {
      "name": "orthographic side1 x0 z20.65 preserves the encoded solid shadow",
      "passed": true
    },
    {
      "name": "orthographic side1 x1.29 z19.5 reveals actual lower-leg pixels where the rail obscures them",
      "passed": true
    },
    {
      "name": "orthographic side1 x1.29 z19.5 preserves the exact reflection",
      "passed": true
    },
    {
      "name": "orthographic side1 x1.29 z19.5 preserves the encoded solid shadow",
      "passed": true
    },
    {
      "name": "orthographic side1 x1.29 z20.65 reveals actual lower-leg pixels where the rail obscures them",
      "passed": true
    },
    {
      "name": "orthographic side1 x1.29 z20.65 preserves the exact reflection",
      "passed": true
    },
    {
      "name": "orthographic side1 x1.29 z20.65 preserves the encoded solid shadow",
      "passed": true
    },
    {
      "name": "far rail stays pixel-identical behind the subject",
      "passed": true
    },
    {
      "name": "local rail effect stays off outside the span and Earth without GL errors",
      "passed": true
    },
    {
      "name": "actual submitted shoreline is bounded steep dressing, with no camera or cutaway authority",
      "passed": true
    },
    {
      "name": "flanking water has no navigation target",
      "passed": true
    },
    {
      "name": "production walk reaches (0, 27.5)",
      "passed": true
    },
    {
      "name": "production walk reaches (0, 10)",
      "passed": true
    },
    {
      "name": "production world disables the local aperture on the bank",
      "passed": true
    },
    {
      "name": "production walk reaches (0, 16)",
      "passed": true
    },
    {
      "name": "same explicit framing retains diorama style",
      "passed": true
    },
    {
      "name": "world cloud layer changes actual main framebuffer pixels",
      "passed": true
    },
    {
      "name": "same cloud layer changes actual reflected framebuffer pixels",
      "passed": true
    },
    {
      "name": "isolated Earth current/wake toggle changes actual pixels with clouds disabled",
      "passed": true
    },
    {
      "name": "combined current/cloud motion contributes actual pixels",
      "passed": true
    },
    {
      "name": "reduced-motion rendering freezes the added motion exactly",
      "passed": true
    },
    {
      "name": "low-quality water/cloud fallback remains rendered without GL errors",
      "passed": true
    },
    {
      "name": "perspective Earth optical profile changes actual same-time water pixels",
      "passed": true
    },
    {
      "name": "perspective authored mountain depth changes actual same-time main pixels",
      "passed": true
    },
    {
      "name": "perspective mountain depth also changes the actual reflected framebuffer",
      "passed": true
    },
    {
      "name": "orthographic Earth optical profile changes actual same-time water pixels",
      "passed": true
    },
    {
      "name": "orthographic authored mountain depth changes actual same-time main pixels",
      "passed": true
    },
    {
      "name": "orthographic mountain depth also changes the actual reflected framebuffer",
      "passed": true
    },
    {
      "name": "Earth optics and mountain-only haze do not change non-Earth pixels or leak GL errors",
      "passed": true
    },
    {
      "name": "R resets current diorama style",
      "passed": true
    },
    {
      "name": "V returns to saved third-person side orbit",
      "passed": true
    },
    {
      "name": "bridge sightseeing changes no XP, ownership, story or equipment",
      "passed": true
    },
    {
      "name": "reload resumes at acknowledged lake checkpoint preserving camera profiles",
      "passed": true
    },
    {
      "name": "bridge diagnostic is absent outside Earth",
      "passed": true
    },
    {
      "name": "production walk reaches (0, 23)",
      "passed": true
    },
    {
      "name": "entry remains explicit",
      "passed": true
    },
    {
      "name": "production walk reaches (0, 10)",
      "passed": true
    },
    {
      "name": "production walk reaches (0, 24)",
      "passed": true
    },
    {
      "name": "command-earned returning bow crosses without reward/history changes",
      "passed": true
    },
    {
      "name": "actual saved cutaway control can disable the local rail effect",
      "passed": true
    },
    {
      "name": "cutaway-off and both camera memories survive a whole-page reload",
      "passed": true
    },
    {
      "name": "production walk reaches (0, 23)",
      "passed": true
    },
    {
      "name": "entry remains explicit",
      "passed": true
    },
    {
      "name": "production walk reaches (0, 19.5)",
      "passed": true
    },
    {
      "name": "saved cutaway-off reaches the actual on-span renderer after reload",
      "passed": true
    },
    {
      "name": "reload preserves returning equipment and story owners",
      "passed": true
    },
    {
      "name": "all browser runtime errors remain visible and absent",
      "passed": true
    },
    {
      "name": "normal RAF page is visible",
      "passed": true
    },
    {
      "name": "ordinary RAF walking uses explicitly selected low graphics",
      "passed": true
    },
    {
      "name": "normal-time walk accepted (0, 23)",
      "passed": true
    },
    {
      "name": "normal-time walk arrives (0, 23)",
      "passed": true
    },
    {
      "name": "normal-time walk accepted (0, 16)",
      "passed": true
    },
    {
      "name": "normal-time walk arrives (0, 16)",
      "passed": true
    },
    {
      "name": "normal-time crossing move is accepted",
      "passed": true
    },
    {
      "name": "actual visible app RAF advances bridge position and submitted stride",
      "passed": true
    },
    {
      "name": "submitted local leg joints change during ordinary crossing",
      "passed": true
    },
    {
      "name": "normal app pause preserves bridge position and stride",
      "passed": true
    },
    {
      "name": "visible normal app resumes and reaches opposite bridge bank",
      "passed": true
    },
    {
      "name": "actual reduced-motion control reaches the bridge traveller",
      "passed": true
    },
    {
      "name": "normal-time walk accepted (0, 19.5)",
      "passed": true
    },
    {
      "name": "normal-time walk arrives (0, 19.5)",
      "passed": true
    },
    {
      "name": "normal and accelerated browser runtime errors are absent",
      "passed": true
    }
  ],
  "errors": [],
  "browser_errors": [],
  "rail_visibility": {
    "method": "Original-color leg pixels match clear-rail reference; test-only ID color mask uses actual submitted shin/boot meshes. Translated actual pose is a synthetic boundary fixture, not player movement.",
    "cases": [
      {
        "projection": "perspective",
        "side": -1,
        "x": -1.29,
        "z": 19.5,
        "legReferencePixels": 127,
        "beforeLegPixels": 34,
        "afterLegPixels": 127,
        "revealed": 93,
        "missingBefore": 93,
        "reflectionChanged": 0,
        "shadowChanged": 0
      },
      {
        "projection": "perspective",
        "side": -1,
        "x": -1.29,
        "z": 20.65,
        "legReferencePixels": 127,
        "beforeLegPixels": 109,
        "afterLegPixels": 127,
        "revealed": 18,
        "missingBefore": 18,
        "reflectionChanged": 0,
        "shadowChanged": 0
      },
      {
        "projection": "perspective",
        "side": -1,
        "x": 0,
        "z": 19.5,
        "legReferencePixels": 127,
        "beforeLegPixels": 18,
        "afterLegPixels": 127,
        "revealed": 109,
        "missingBefore": 109,
        "reflectionChanged": 0,
        "shadowChanged": 0
      },
      {
        "projection": "perspective",
        "side": -1,
        "x": 0,
        "z": 20.65,
        "legReferencePixels": 127,
        "beforeLegPixels": 79,
        "afterLegPixels": 127,
        "revealed": 48,
        "missingBefore": 48,
        "reflectionChanged": 0,
        "shadowChanged": 0
      },
      {
        "projection": "perspective",
        "side": -1,
        "x": 1.29,
        "z": 19.5,
        "legReferencePixels": 127,
        "beforeLegPixels": 77,
        "afterLegPixels": 127,
        "revealed": 50,
        "missingBefore": 50,
        "reflectionChanged": 0,
        "shadowChanged": 0
      },
      {
        "projection": "perspective",
        "side": -1,
        "x": 1.29,
        "z": 20.65,
        "legReferencePixels": 127,
        "beforeLegPixels": 127,
        "afterLegPixels": 127,
        "revealed": 0,
        "missingBefore": 0,
        "reflectionChanged": 0,
        "shadowChanged": 0
      },
      {
        "projection": "perspective",
        "side": 1,
        "x": -1.29,
        "z": 19.5,
        "legReferencePixels": 127,
        "beforeLegPixels": 77,
        "afterLegPixels": 127,
        "revealed": 50,
        "missingBefore": 50,
        "reflectionChanged": 0,
        "shadowChanged": 0
      },
      {
        "projection": "perspective",
        "side": 1,
        "x": -1.29,
        "z": 20.65,
        "legReferencePixels": 127,
        "beforeLegPixels": 127,
        "afterLegPixels": 127,
        "revealed": 0,
        "missingBefore": 0,
        "reflectionChanged": 0,
        "shadowChanged": 0
      },
      {
        "projection": "perspective",
        "side": 1,
        "x": 0,
        "z": 19.5,
        "legReferencePixels": 127,
        "beforeLegPixels": 18,
        "afterLegPixels": 127,
        "revealed": 109,
        "missingBefore": 109,
        "reflectionChanged": 0,
        "shadowChanged": 0
      },
      {
        "projection": "perspective",
        "side": 1,
        "x": 0,
        "z": 20.65,
        "legReferencePixels": 127,
        "beforeLegPixels": 79,
        "afterLegPixels": 127,
        "revealed": 48,
        "missingBefore": 48,
        "reflectionChanged": 0,
        "shadowChanged": 0
      },
      {
        "projection": "perspective",
        "side": 1,
        "x": 1.29,
        "z": 19.5,
        "legReferencePixels": 127,
        "beforeLegPixels": 34,
        "afterLegPixels": 127,
        "revealed": 93,
        "missingBefore": 93,
        "reflectionChanged": 0,
        "shadowChanged": 0
      },
      {
        "projection": "perspective",
        "side": 1,
        "x": 1.29,
        "z": 20.65,
        "legReferencePixels": 127,
        "beforeLegPixels": 109,
        "afterLegPixels": 127,
        "revealed": 18,
        "missingBefore": 18,
        "reflectionChanged": 0,
        "shadowChanged": 0
      },
      {
        "projection": "orthographic",
        "side": -1,
        "x": -1.29,
        "z": 19.5,
        "legReferencePixels": 124,
        "beforeLegPixels": 32,
        "afterLegPixels": 124,
        "revealed": 92,
        "missingBefore": 92,
        "reflectionChanged": 0,
        "shadowChanged": 0
      },
      {
        "projection": "orthographic",
        "side": -1,
        "x": -1.29,
        "z": 20.65,
        "legReferencePixels": 124,
        "beforeLegPixels": 96,
        "afterLegPixels": 124,
        "revealed": 28,
        "missingBefore": 28,
        "reflectionChanged": 0,
        "shadowChanged": 0
      },
      {
        "projection": "orthographic",
        "side": -1,
        "x": 0,
        "z": 19.5,
        "legReferencePixels": 124,
        "beforeLegPixels": 72,
        "afterLegPixels": 123,
        "revealed": 51,
        "missingBefore": 52,
        "reflectionChanged": 0,
        "shadowChanged": 0
      },
      {
        "projection": "orthographic",
        "side": -1,
        "x": 0,
        "z": 20.65,
        "legReferencePixels": 124,
        "beforeLegPixels": 104,
        "afterLegPixels": 123,
        "revealed": 19,
        "missingBefore": 20,
        "reflectionChanged": 0,
        "shadowChanged": 0
      },
      {
        "projection": "orthographic",
        "side": -1,
        "x": 1.29,
        "z": 19.5,
        "legReferencePixels": 124,
        "beforeLegPixels": 124,
        "afterLegPixels": 124,
        "revealed": 0,
        "missingBefore": 0,
        "reflectionChanged": 0,
        "shadowChanged": 0
      },
      {
        "projection": "orthographic",
        "side": -1,
        "x": 1.29,
        "z": 20.65,
        "legReferencePixels": 124,
        "beforeLegPixels": 124,
        "afterLegPixels": 124,
        "revealed": 0,
        "missingBefore": 0,
        "reflectionChanged": 0,
        "shadowChanged": 0
      },
      {
        "projection": "orthographic",
        "side": 1,
        "x": -1.29,
        "z": 19.5,
        "legReferencePixels": 124,
        "beforeLegPixels": 124,
        "afterLegPixels": 124,
        "revealed": 0,
        "missingBefore": 0,
        "reflectionChanged": 0,
        "shadowChanged": 0
      },
      {
        "projection": "orthographic",
        "side": 1,
        "x": -1.29,
        "z": 20.65,
        "legReferencePixels": 124,
        "beforeLegPixels": 124,
        "afterLegPixels": 124,
        "revealed": 0,
        "missingBefore": 0,
        "reflectionChanged": 0,
        "shadowChanged": 0
      },
      {
        "projection": "orthographic",
        "side": 1,
        "x": 0,
        "z": 19.5,
        "legReferencePixels": 124,
        "beforeLegPixels": 72,
        "afterLegPixels": 123,
        "revealed": 51,
        "missingBefore": 52,
        "reflectionChanged": 0,
        "shadowChanged": 0
      },
      {
        "projection": "orthographic",
        "side": 1,
        "x": 0,
        "z": 20.65,
        "legReferencePixels": 124,
        "beforeLegPixels": 104,
        "afterLegPixels": 123,
        "revealed": 19,
        "missingBefore": 20,
        "reflectionChanged": 0,
        "shadowChanged": 0
      },
      {
        "projection": "orthographic",
        "side": 1,
        "x": 1.29,
        "z": 19.5,
        "legReferencePixels": 124,
        "beforeLegPixels": 32,
        "afterLegPixels": 124,
        "revealed": 92,
        "missingBefore": 92,
        "reflectionChanged": 0,
        "shadowChanged": 0
      },
      {
        "projection": "orthographic",
        "side": 1,
        "x": 1.29,
        "z": 20.65,
        "legReferencePixels": 124,
        "beforeLegPixels": 97,
        "afterLegPixels": 124,
        "revealed": 27,
        "missingBefore": 27,
        "reflectionChanged": 0,
        "shadowChanged": 0
      }
    ],
    "farRailChanged": 0,
    "outsideSpanChanged": 0,
    "nonEarthChanged": 0,
    "glError": 0
  },
  "framebuffer": {
    "cloudMain": 293196,
    "cloudReflection": 873815,
    "earthCurrentPixels": 144265,
    "motion": 243369,
    "frozen": 0,
    "lowNonBlack": 491520,
    "glError": 0,
    "reflection": {
      "method": "world-plane P*V*H",
      "height": 0.01,
      "horizontalFlip": false
    },
    "meshes": {
      "drawCalls": 6,
      "texturedDrawCalls": 0,
      "texturedInstances": 0,
      "surfaceMaterials": {
        "version": 1,
        "id": "earth-weathered-timber-v1",
        "status": "loading",
        "ready": false,
        "error": null,
        "width": 512,
        "height": 512,
        "colorFormat": "SRGB8_ALPHA8",
        "roughnessFormat": "R8",
        "textureBytes": 0,
        "mipmapBytes": 0,
        "totalTextureBytes": 0,
        "decodedImageBytes": 0,
        "decodeWallMs": 0,
        "uploadCpuMs": 0,
        "timingScope": "CPU wall-clock; decode includes asynchronous wait; upload excludes GPU completion",
        "memoryScope": "Estimated texture storage; excludes driver overhead; decodedImageBytes is peak RGBA decoder storage, released after upload",
        "enabled": true
      },
      "instances": 372,
      "triangles": 16808
    }
  },
  "optical_profile": {
    "views": [
      {
        "projection": "perspective",
        "waterPixels": 235427,
        "mountainPixels": 115126,
        "reflectedMountainPixels": 143263
      },
      {
        "projection": "orthographic",
        "waterPixels": 429088,
        "mountainPixels": 13587,
        "reflectedMountainPixels": 34178
      }
    ],
    "nonEarthPixels": 0,
    "glError": 0
  },
  "returning_fixture": {
    "path": "docs\\evidence\\classes\\HUNTER_SOURCE.json",
    "sha256": "405247931795051c08a1daaedf47aeda7c13df7c72080ec625b00d42f41989f6",
    "label": "command-earned bow checkpoint"
  },
  "normal_raf": [
    {
      "stamp": 28927.9,
      "elapsed": 0,
      "z": 16.32,
      "phase": 5.817764173314432,
      "blend": 0.8254272044526364,
      "time": 8.78210199999999,
      "leftFoot": [
        -0.115,
        0.06300000000000011,
        0.14149923158817057
      ],
      "rightFoot": [
        0.115,
        0.1322127529493789,
        -0.021499231588170603
      ],
      "visible": "visible",
      "paused": false
    },
    {
      "stamp": 28994.5,
      "elapsed": 66.59999999999854,
      "z": 16.533119999999997,
      "phase": 0.5264843866282458,
      "blend": 0.9398559919231733,
      "time": 8.848701999999989,
      "leftFoot": [
        -0.115,
        0.063,
        -0.04390044457070691
      ],
      "rightFoot": [
        0.115,
        0.13676663512952353,
        0.1639004445707069
      ],
      "visible": "visible",
      "paused": false
    },
    {
      "stamp": 30077.8,
      "elapsed": 1149.8999999999978,
      "z": 16.853119999999997,
      "phase": 2.0158320149967417,
      "blend": 0.9878571341910461,
      "time": 8.948701999999988,
      "leftFoot": [
        -0.115,
        0.08222249521846886,
        -0.1361597459612808
      ],
      "rightFoot": [
        0.115,
        0.063,
        0.25615974596128077
      ],
      "visible": "visible",
      "paused": false
    },
    {
      "stamp": 30094.4,
      "elapsed": 1166.5,
      "z": 16.906240000000004,
      "phase": 2.263063721305944,
      "blend": 0.9906895090723927,
      "time": 8.96530199999999,
      "leftFoot": [
        -0.115,
        0.10537943258414345,
        -0.10777937657329739
      ],
      "rightFoot": [
        0.115,
        0.06299999999999989,
        0.22777937657329742
      ],
      "visible": "visible",
      "paused": false
    },
    {
      "stamp": 30294.5,
      "elapsed": 1366.5999999999985,
      "z": 17.226240000000004,
      "phase": 3.75241134967444,
      "blend": 0.9981202443008953,
      "time": 9.06530199999999,
      "leftFoot": [
        -0.115,
        0.133328200843506,
        0.1859412437259667
      ],
      "rightFoot": [
        0.115,
        0.06299999999999989,
        -0.06594124372596671
      ],
      "visible": "visible",
      "paused": false
    },
    {
      "stamp": 30477.7,
      "elapsed": 1549.7999999999993,
      "z": 17.546240000000004,
      "phase": 5.241758978042936,
      "blend": 0.9996204838696702,
      "time": 9.16530199999999,
      "leftFoot": [
        -0.115,
        0.063,
        0.24981551961910967
      ],
      "rightFoot": [
        0.115,
        0.08976636743670158,
        -0.12981551961910967
      ],
      "visible": "visible",
      "paused": false
    },
    {
      "stamp": 30811.1,
      "elapsed": 1883.199999999997,
      "z": 17.866240000000005,
      "phase": 0.44792129923184554,
      "blend": 0.9999233770147636,
      "time": 9.26530199999999,
      "leftFoot": [
        -0.115,
        0.06300000000000011,
        -0.03527312316893673
      ],
      "rightFoot": [
        0.115,
        0.14829867621083487,
        0.1552731231689367
      ],
      "visible": "visible",
      "paused": false
    },
    {
      "stamp": 30827.7,
      "elapsed": 1899.7999999999993,
      "z": 17.91936000000001,
      "phase": 0.695153005541048,
      "blend": 0.9999412496506086,
      "time": 9.281901999999992,
      "leftFoot": [
        -0.115,
        0.063,
        -0.08090237012168675
      ],
      "rightFoot": [
        0.115,
        0.12492073908136575,
        0.20090237012168674
      ],
      "visible": "visible",
      "paused": false
    },
    {
      "stamp": 30977.7,
      "elapsed": 2049.7999999999993,
      "z": 18.239360000000012,
      "phase": 2.184500633909544,
      "blend": 0.9999881385090269,
      "time": 9.381901999999991,
      "leftFoot": [
        -0.115,
        0.09782394183509885,
        -0.11985233752782459
      ],
      "rightFoot": [
        0.115,
        0.063,
        0.2398523375278246
      ],
      "visible": "visible",
      "paused": false
    },
    {
      "stamp": 31144.4,
      "elapsed": 2216.5,
      "z": 18.559360000000012,
      "phase": 3.6738482622780397,
      "blend": 0.9999976052062743,
      "time": 9.481901999999991,
      "leftFoot": [
        -0.115,
        0.14095872941658755,
        0.1716449385381456
      ],
      "rightFoot": [
        0.115,
        0.06300000000000011,
        -0.051644938538145585
      ],
      "visible": "visible",
      "paused": false
    },
    {
      "stamp": 31311.1,
      "elapsed": 2383.199999999997,
      "z": 18.879360000000013,
      "phase": 5.163195890646536,
      "blend": 0.9999995164994855,
      "time": 9.58190199999999,
      "leftFoot": [
        -0.115,
        0.063,
        0.25802098709767596
      ],
      "rightFoot": [
        0.115,
        0.08293187732162838,
        -0.1380209870976759
      ],
      "visible": "visible",
      "paused": false
    },
    {
      "stamp": 31477.7,
      "elapsed": 2549.7999999999993,
      "z": 19.199360000000013,
      "phase": 0.36935821183544526,
      "blend": 0.9999999023829297,
      "time": 9.68190199999999,
      "leftFoot": [
        -0.115,
        0.063,
        -0.019423732439800723
      ],
      "rightFoot": [
        0.115,
        0.15431499721927228,
        0.13942373243980072
      ],
      "visible": "visible",
      "paused": false
    },
    {
      "stamp": 31644.4,
      "elapsed": 2716.5,
      "z": 19.519360000000013,
      "phase": 1.8587058402039411,
      "blend": 0.9999999802914534,
      "time": 9.78190199999999,
      "leftFoot": [
        -0.115,
        0.07146580303258249,
        -0.15094469916207717
      ],
      "rightFoot": [
        0.115,
        0.063,
        0.2709446991620772
      ],
      "visible": "visible",
      "paused": false
    },
    {
      "stamp": 31794.4,
      "elapsed": 2866.5,
      "z": 19.839360000000013,
      "phase": 3.348053468572437,
      "blend": 0.999999996020913,
      "time": 9.88190199999999,
      "leftFoot": [
        -0.115,
        0.1635874964671304,
        0.10509937703290309
      ],
      "rightFoot": [
        0.115,
        0.063,
        0.014900622967096891
      ],
      "visible": "visible",
      "paused": false
    },
    {
      "stamp": 31961,
      "elapsed": 3033.0999999999985,
      "z": 20.159360000000014,
      "phase": 4.837401096940933,
      "blend": 0.9999999991966362,
      "time": 9.98190199999999,
      "leftFoot": [
        -0.115,
        0.063,
        0.2782831542608162
      ],
      "rightFoot": [
        0.115,
        0.06463241263063418,
        -0.1582831542608162
      ],
      "visible": "visible",
      "paused": false
    },
    {
      "stamp": 32111,
      "elapsed": 3183.0999999999985,
      "z": 20.479360000000014,
      "phase": 0.043563418129842546,
      "blend": 0.9999999998378036,
      "time": 10.081901999999989,
      "leftFoot": [
        -0.115,
        0.063,
        0.0504190790836895
      ],
      "rightFoot": [
        0.115,
        0.1678008600079684,
        0.06958092091631049
      ],
      "visible": "visible",
      "paused": false
    },
    {
      "stamp": 32261,
      "elapsed": 3333.0999999999985,
      "z": 20.799360000000014,
      "phase": 1.5329110464983384,
      "blend": 0.9999999999672531,
      "time": 10.181901999999988,
      "leftFoot": [
        -0.115,
        0.063,
        -0.15984213648492784
      ],
      "rightFoot": [
        0.115,
        0.06315063382996583,
        0.27984213648492784
      ],
      "visible": "visible",
      "paused": false
    },
    {
      "stamp": 32411,
      "elapsed": 3483.0999999999985,
      "z": 21.119360000000015,
      "phase": 3.0222586748668343,
      "blend": 0.9999999999933885,
      "time": 10.281901999999988,
      "leftFoot": [
        -0.115,
        0.16651182150846994,
        0.03380879119573852
      ],
      "rightFoot": [
        0.115,
        0.063,
        0.08619120880426148
      ],
      "visible": "visible",
      "paused": false
    },
    {
      "stamp": 32561.1,
      "elapsed": 3633.199999999997,
      "z": 21.439360000000015,
      "phase": 4.511606303235331,
      "blend": 0.9999999999986652,
      "time": 10.381901999999988,
      "leftFoot": [
        -0.115,
        0.06717635987357079,
        0.2755803724192834
      ],
      "rightFoot": [
        0.115,
        0.06299999999999989,
        -0.15558037241928344
      ],
      "visible": "visible",
      "paused": false
    },
    {
      "stamp": 32711,
      "elapsed": 3783.0999999999985,
      "z": 21.759360000000015,
      "phase": 6.000953931603826,
      "blend": 0.9999999999997305,
      "time": 10.481901999999987,
      "leftFoot": [
        -0.115,
        0.06299999999999989,
        0.12126987557333682
      ],
      "rightFoot": [
        0.115,
        0.15985599682763324,
        -0.0012698755733368122
      ],
      "visible": "visible",
      "paused": false
    },
    {
      "stamp": 32844.3,
      "elapsed": 3916.4000000000015,
      "z": 22.079360000000015,
      "phase": 1.2071162527927353,
      "blend": 0.9999999999999456,
      "time": 10.581901999999987,
      "leftFoot": [
        -0.115,
        0.063,
        -0.1456107006721349
      ],
      "rightFoot": [
        0.115,
        0.0762860573503395,
        0.2656107006721349
      ],
      "visible": "visible",
      "paused": false
    },
    {
      "stamp": 32994.3,
      "elapsed": 4066.4000000000015,
      "z": 22.399360000000016,
      "phase": 2.696463881161231,
      "blend": 0.999999999999989,
      "time": 10.681901999999987,
      "leftFoot": [
        -0.115,
        0.1485336234306463,
        -0.03472630378178282
      ],
      "rightFoot": [
        0.115,
        0.06300000000000011,
        0.15472630378178281
      ],
      "visible": "visible",
      "paused": false
    },
    {
      "stamp": 33127.6,
      "elapsed": 4199.699999999997,
      "z": 22.719360000000016,
      "phase": 4.185811509529727,
      "blend": 0.9999999999999978,
      "time": 10.781901999999986,
      "leftFoot": [
        -0.115,
        0.08952132491434889,
        0.2501970876084042
      ],
      "rightFoot": [
        0.115,
        0.063,
        -0.13019708760840418
      ],
      "visible": "visible",
      "paused": false
    },
    {
      "stamp": 33261,
      "elapsed": 4333.0999999999985,
      "z": 23.039360000000016,
      "phase": 5.675159137898223,
      "blend": 0.9999999999999996,
      "time": 10.881901999999986,
      "leftFoot": [
        -0.115,
        0.063,
        0.1856746697287959
      ],
      "rightFoot": [
        0.115,
        0.13373589102889666,
        -0.0656746697287959
      ],
      "visible": "visible",
      "paused": false
    },
    {
      "stamp": 33277.6,
      "elapsed": 4349.699999999997,
      "z": 23.092480000000013,
      "phase": 5.922390844207376,
      "blend": 0.9999999999999997,
      "time": 10.898501999999985,
      "leftFoot": [
        -0.115,
        0.063,
        0.1376638846272053
      ],
      "rightFoot": [
        0.115,
        0.15491474602446847,
        -0.01766388462720532
      ],
      "visible": "visible",
      "paused": false
    },
    {
      "stamp": 33527.6,
      "elapsed": 4599.699999999997,
      "z": 23.412480000000013,
      "phase": 1.1285531653962853,
      "blend": 0.9999999999999999,
      "time": 10.998501999999984,
      "leftFoot": [
        -0.115,
        0.063,
        -0.13883466609676615
      ],
      "rightFoot": [
        0.115,
        0.08223143457871257,
        0.2588346660967661
      ],
      "visible": "visible",
      "paused": false
    },
    {
      "stamp": 33777.6,
      "elapsed": 4849.699999999997,
      "z": 23.732480000000013,
      "phase": 2.617900793764781,
      "blend": 1,
      "time": 11.098501999999984,
      "leftFoot": [
        -0.115,
        0.14174153514812587,
        -0.05001773445052295
      ],
      "rightFoot": [
        0.115,
        0.06299999999999989,
        0.17001773445052293
      ],
      "visible": "visible",
      "paused": false
    },
    {
      "stamp": 33794.3,
      "elapsed": 4866.4000000000015,
      "z": 23.785920000000026,
      "phase": 2.8666218477023784,
      "blend": 1,
      "time": 11.115201999999988,
      "leftFoot": [
        -0.115,
        0.16025913956775967,
        0.0002658552680188733
      ],
      "rightFoot": [
        0.115,
        0.06299999999999989,
        0.11973414473198113
      ],
      "visible": "visible",
      "paused": false
    },
    {
      "stamp": 33910.9,
      "elapsed": 4983,
      "z": 24.105920000000026,
      "phase": 4.355969476070874,
      "blend": 1,
      "time": 11.215201999999987,
      "leftFoot": [
        -0.115,
        0.0757833163189317,
        0.2661734704231392
      ],
      "rightFoot": [
        0.115,
        0.063,
        -0.14617347042313925
      ],
      "visible": "visible",
      "paused": false
    },
    {
      "stamp": 34027.6,
      "elapsed": 5099.699999999997,
      "z": 24.425920000000026,
      "phase": 5.845317104439371,
      "blend": 1,
      "time": 11.315201999999987,
      "leftFoot": [
        -0.115,
        0.06300000000000011,
        0.15328214534257947
      ],
      "rightFoot": [
        0.115,
        0.14912265171136402,
        -0.03328214534257948
      ],
      "visible": "visible",
      "paused": false
    }
  ],
  "passed": true
}
