PASS exact generated build loaded
PASS physical walk reaches 9,-5.8
PASS observatory entered through its existing door
PASS physical walk reaches -2,0
PASS fresh-blade-detour invitation declares route, comparison and honest non-power reward
PASS fresh-blade-detour reading does not accept or claim unpaid delivery
PASS field-note dialog consumes camera shortcut
PASS fresh-blade-detour accepts at field table
PASS canonical reload retains observations and delivery entitlement
PASS physical walk reaches 0,23
PASS notebook navigation follows real ground to orchard-stone
PASS one accepted rubbing for orchard-stone
PASS camera styles swap while keeping observation
PASS canonical reload retains observations and delivery entitlement
PASS physical walk reaches 0,23
PASS notebook navigation follows real ground to bank-footing
PASS one accepted rubbing for bank-footing
PASS camera styles swap while keeping observation
PASS notebook navigation follows real ground to shelter-mark
PASS one accepted rubbing for shelter-mark
PASS camera styles swap while keeping observation
PASS canonical reload retains observations and delivery entitlement
PASS physical walk reaches 9,-5.8
PASS observatory entered through its existing door
PASS physical walk reaches -2,0
PASS tracing is a readable diagram rather than an icon
PASS wrong tracing bearing leaves durable state untouched
PASS incorrect alignment explains north-south axis
PASS compact notebook has no horizontal overflow
PASS tracing rotates through actual controls to valid axis
PASS fresh-blade-detour comparison succeeds
PASS canonical reload retains observations and delivery entitlement
PASS physical walk reaches 9,-5.8
PASS observatory entered through its existing door
PASS physical walk reaches -2,0
PASS fresh-blade-detour explicit tentative interpretation persists
PASS response keeps hypothesis separate from established observation
PASS fresh-blade-detour no payout, gear, XP or campaign changes
PASS fresh-blade-detour personal notebook, music, house and inventory preserved
PASS changed request cannot record twice
PASS canonical reload retains observations and delivery entitlement
PASS physical walk reaches 9,-5.8
PASS observatory entered through its existing door
PASS physical walk reaches -2,0
PASS completed chart can be reviewed after reload
PASS physical walk reaches 9,-5.8
PASS observatory entered through its existing door
PASS physical walk reaches -2,0
PASS fresh-bow-quarry invitation declares route, comparison and honest non-power reward
PASS fresh-bow-quarry reading does not accept or claim unpaid delivery
PASS field-note dialog consumes camera shortcut
PASS fresh-bow-quarry accepts at field table
PASS canonical reload retains observations and delivery entitlement
PASS physical walk reaches 0,23
PASS notebook navigation follows real ground to orchard-stone
PASS one accepted rubbing for orchard-stone
PASS camera styles swap while keeping observation
PASS canonical reload retains observations and delivery entitlement
PASS physical walk reaches 0,23
PASS notebook navigation follows real ground to bank-footing
PASS one accepted rubbing for bank-footing
PASS camera styles swap while keeping observation
PASS notebook navigation follows real ground to shelter-mark
PASS one accepted rubbing for shelter-mark
PASS camera styles swap while keeping observation
PASS canonical reload retains observations and delivery entitlement
PASS physical walk reaches 9,-5.8
PASS observatory entered through its existing door
PASS physical walk reaches -2,0
PASS tracing is a readable diagram rather than an icon
PASS wrong tracing bearing leaves durable state untouched
PASS incorrect alignment explains north-south axis
PASS tracing rotates through actual controls to valid axis
PASS fresh-bow-quarry comparison succeeds
PASS canonical reload retains observations and delivery entitlement
PASS physical walk reaches 9,-5.8
PASS observatory entered through its existing door
PASS physical walk reaches -2,0
PASS fresh-bow-quarry explicit tentative interpretation persists
PASS response keeps hypothesis separate from established observation
PASS fresh-bow-quarry no payout, gear, XP or campaign changes
PASS fresh-bow-quarry personal notebook, music, house and inventory preserved
PASS changed request cannot record twice
PASS canonical reload retains observations and delivery entitlement
PASS physical walk reaches 9,-5.8
PASS observatory entered through its existing door
PASS physical walk reaches -2,0
PASS completed chart can be reviewed after reload
PASS physical walk reaches 9,-5.8
PASS observatory entered through its existing door
PASS physical walk reaches -2,0
PASS veteran-mill invitation declares route, comparison and honest non-power reward
PASS veteran-mill reading does not accept or claim unpaid delivery
PASS field-note dialog consumes camera shortcut
PASS veteran-mill accepts at field table
PASS canonical reload retains observations and delivery entitlement
PASS physical walk reaches 0,23
PASS notebook navigation follows real ground to orchard-stone
PASS one accepted rubbing for orchard-stone
PASS camera styles swap while keeping observation
PASS canonical reload retains observations and delivery entitlement
PASS physical walk reaches 0,23
PASS notebook navigation follows real ground to bank-footing
PASS one accepted rubbing for bank-footing
PASS camera styles swap while keeping observation
PASS notebook navigation follows real ground to shelter-mark
PASS one accepted rubbing for shelter-mark
PASS camera styles swap while keeping observation
PASS canonical reload retains observations and delivery entitlement
PASS physical walk reaches 9,-5.8
PASS observatory entered through its existing door
PASS physical walk reaches -2,0
PASS tracing is a readable diagram rather than an icon
PASS wrong tracing bearing leaves durable state untouched
PASS incorrect alignment explains north-south axis
PASS tracing rotates through actual controls to valid axis
PASS veteran-mill comparison succeeds
PASS canonical reload retains observations and delivery entitlement
PASS physical walk reaches 9,-5.8
PASS observatory entered through its existing door
PASS physical walk reaches -2,0
PASS veteran-mill explicit tentative interpretation persists
PASS response keeps hypothesis separate from established observation
PASS veteran-mill no payout, gear, XP or campaign changes
PASS veteran-mill personal notebook, music, house and inventory preserved
PASS changed request cannot record twice
PASS canonical reload retains observations and delivery entitlement
PASS physical walk reaches 9,-5.8
PASS observatory entered through its existing door
PASS physical walk reaches -2,0
PASS completed chart can be reviewed after reload
PASS new character inherits no notes or delivery
PASS original character retains its own chart
PASS no runtime errors
Field-note browser checks: 134/134; errors: 0
