PASS exact rebuilt HTML response
PASS physical comparator route 11,9
PASS initial kit through accepted production command
PASS physical comparator route 18,6
PASS physical comparator route 3,7
PASS before acceptance route danger and complete reward are visible
PASS explicit acceptance preserves original survey and inventory
PASS UI walks to a supported readable approach beside the instrument
PASS map shows available real station
PASS route map is a readable figure, not an icon
PASS physical E opens keyboard-operable comparator
PASS comparator figure retains its actual readable dimensions
PASS unaligned recording spends nothing and completes nothing
PASS actual keyboard inputs align the local scale
PASS preview cannot mutate saved rewards or story history
PASS explicit aligned UI record saves the selected measurement
PASS partial accepted state can save
PASS native reload retains exact readings and original history
PASS physical comparator route 18,6
PASS physical comparator route 14,-28
PASS map shows available real station
PASS route map is a readable figure, not an icon
PASS physical E opens keyboard-operable comparator
PASS comparator figure retains its actual readable dimensions
PASS unaligned recording spends nothing and completes nothing
PASS actual keyboard inputs align the local scale
PASS preview cannot mutate saved rewards or story history
PASS explicit aligned UI record saves the selected measurement
PASS partial accepted state can save
PASS native reload retains exact readings and original history
PASS physical comparator route 18,6
PASS physical comparator route -1,-43
PASS service arm follows two accepted measurements
PASS physical comparator route 3,7
PASS explicit Cosmos reward pays exact quantities once
PASS changed request cannot duplicate calibration reward
PASS paid calibration survives native reload
PASS no browser or application errors
