PASS identical standalone file-origin game loaded
PASS five readable realm choices
PASS embedded world raster decodes
PASS concept status is explicit
PASS earth selection retains keyboard focus
PASS earth selection actually changes the concept panel
PASS earth declares actual availability
PASS earth grants no progression
PASS earth offers an invitation without silently crossing
PASS heaven selection retains keyboard focus
PASS heaven selection actually changes the concept panel
PASS heaven declares actual availability
PASS heaven grants no progression
PASS heaven offers an invitation without silently crossing
PASS hell selection retains keyboard focus
PASS hell selection actually changes the concept panel
PASS hell declares actual availability
PASS hell grants no progression
PASS hell offers an invitation without silently crossing
PASS atlantis selection retains keyboard focus
PASS atlantis selection actually changes the concept panel
PASS atlantis declares actual availability
PASS atlantis grants no progression
PASS atlantis offers an invitation without silently crossing
PASS cosmos selection retains keyboard focus
PASS cosmos selection actually changes the concept panel
PASS cosmos declares actual availability
PASS cosmos grants no progression
PASS cosmos offers an invitation without silently crossing
PASS embedded material reference decodes
PASS menu consumes camera shortcut
PASS compact page fits width
PASS compact realm buttons remain usable
PASS earth opens disclosed existing journey
PASS earth invitation does not teleport
PASS cosmos opens disclosed existing journey
PASS cosmos invitation does not teleport
PASS heaven opens disclosed existing journey
PASS heaven invitation does not teleport
PASS hell opens disclosed existing journey
PASS hell invitation does not teleport
PASS atlantis opens disclosed existing journey
PASS atlantis invitation does not teleport
PASS notes score furnishings inventory and story unchanged
PASS no external asset requests
PASS no mojibake in rendered copy
PASS camera swap still works after atlas
PASS no unhandled errors
Realm atlas browser: 48/48; errors: 0
