✔ isolated global-script/CommonJS export a dependency-free frozen appearance API only (2.6847ms)
✔ only actual windup and recovery timers produce the grounded combat posture (2.4639ms)
✔ stationary chase intent, pause and elapsed time never fabricate trot, attack results or recoil (7.8229ms)
✔ actual triangle bounds stay grounded, finite, compact and inside the existing tell radius (444.6662ms)
✔ four articulated legs connect actual body, knee meshes and grounded hooves (14.5152ms)
✔ head, muzzle, tusks, ridge and tail have actual attached mesh anchors (30.9611ms)
✔ world root applies translation, supplied support and actual yaw exactly once (3.0397ms)
✔ confirmed flash changes colors only, and all records are fresh read-only projections (0.7778ms)
✔ invalid placements/durations/modes and unwritable outputs refuse before partial emission (7.737ms)
✔ actual expedition root encounters retain exact rules and physical anchors after pure art projection (91.0218ms)
PASS only existing exact person identities and frozen API are exported
PASS unknown people refuse without aliasing protected/old residents or deriving a speaker from input
PASS fresh optional presentation neither accepts work nor assumes a prior visit or repair
PASS every accepted story stage and both retained choices have short deterministic quiet readings
PASS all story subsets reject false prerequisite, allocation and claim histories before composing speech
PASS unpaid deliveries recognize the actual allocation and require a separate explicit camp claim
PASS only claimed stories recognize exact paid currency/materials and existing support, without guessing XP or current balance
PASS active and ready patrol readings preserve first repair, allocation and exact run without claiming new payment
PASS paid patrol and finite record boundary do not promise another repair or an unavailable next circuit
PASS binding recognition follows canonical committed record, never equipment, inventory or a granted new option
PASS specific route and encounter advice matches current anchors and distinct real weapon constraints
PASS presentation leaves an entire production world and its accepted/paid/bound records byte-identical
PASS browser IIFE and CommonJS return identical pure readings with no DOM or runtime globals
PASS CommonJS canonical lookup remains pure when the already-loaded Adventure global is absent
Earth expedition dialogue: 14 focused cases passed; 318 frozen output checks. Synthetic presentation fixtures, not native dialogue or earned progression.
✔ tests\earth_expedition_dialogue.test.cjs (98.5459ms)
ℹ tests 11
ℹ suites 0
ℹ pass 11
ℹ fail 0
ℹ cancelled 0
ℹ skipped 0
ℹ todo 0
ℹ duration_ms 690.0127
