✔ unstarted, absent, unknown and unowned equipment produce no gear (22.1995ms)
✔ read-only attachment summary reports exactly the rendered grip and actual markers (10.8774ms)
✔ a command-earned kit is held at the right palm through actual root yaw and terrain height (2.8821ms)
✔ curved bow grip and both string segments attach to the two moving palms (3.0431ms)
✔ ordinary travel stows blade at hip and bow at back without hand-held copies (19.2724ms)
✔ each catalogue weapon preserves its own colour, gem, fittings and separate Oren temper (80.9577ms)
✔ markers project only the selected weapon rather than another owned weapon (1.6997ms)
✔ family silhouettes differ within a bounded traveller scale (10.8412ms)
✔ blade anticipation, recovery and guard keep the grip connected while changing orientation (2.1454ms)
✔ reduced motion keeps essential palm connections without phase-driven blade flourishes (3.6112ms)
✔ all equipment transforms stay finite, orthogonal and under forty instances (22.8112ms)
✔ read-only rendering does not create runtime, commands, effects or arrows (1.99ms)
✔ gathered and command-crafted bow projects the actual equipped item (37.6336ms)
✔ finite realm collars preserve prior markers and follow the actual blade or curved bow segment (158.7669ms)
ℹ tests 14
ℹ suites 0
ℹ pass 14
ℹ fail 0
ℹ cancelled 0
ℹ skipped 0
ℹ todo 0
ℹ duration_ms 458.5984
