PASS fresh-blade exact assembled HTML loads
Traceback (most recent call last):
  File "D:\07-GAMES\Firstlight\authoring\bridge-moment\tests\earth_expedition_browser.py", line 97, in <module>
    chooser.value.set_files(str(fixture));page.wait_for_selector('[data-rpg="chars-confirm-import"]');page.locator('[data-rpg="chars-confirm-import"]').click();page.wait_for_function('Realm.diagnostics.characters.active==="character-2"');render();check(variant+' native import adds separate complete earned character',diag()['characters']['count']==2 and ownership(state())==ownership(source) and ev('localStorage.getItem(RealmCore.KEY)')==old_key);initial=state();enter();workspace('expedition');text=page.locator('#rpg-content').inner_text();check(variant+' terms expose route danger rewards choices and binding cost',all(t in text for t in ['wetland footbridge','64 / 136','45 XP','18 sunmarks','3 ore','8 timber','8 fibre','+2 attack','6 fibre']));check(variant+' reading never accepts or spends',not state()['earthExpedition']['story']['accepted'] and state()['adventure']['coins']==initial['adventure']['coins']);shot('terms')
                                                                                                                                                                ~~~~~~~~~~~~~~~~~~~~~~^^^^^^^^^^^^^^^^^^^^^^^^^^^^^^^^^^^^^^^^^^^^^^^^^^^^^^^
  File "C:\dev\firstlight-artifacts\bootstrap-2026-09-12\browser-env\Lib\site-packages\playwright\sync_api\_generated.py", line 11595, in wait_for_function
    self._sync(
    ~~~~~~~~~~^
        self._impl_obj.wait_for_function(
        ^^^^^^^^^^^^^^^^^^^^^^^^^^^^^^^^^
    ...<4 lines>...
        )
        ^
    )
    ^
  File "C:\dev\firstlight-artifacts\bootstrap-2026-09-12\browser-env\Lib\site-packages\playwright\_impl\_sync_base.py", line 115, in _sync
    return task.result()
           ~~~~~~~~~~~^^
  File "C:\dev\firstlight-artifacts\bootstrap-2026-09-12\browser-env\Lib\site-packages\playwright\_impl\_page.py", line 1110, in wait_for_function
    return await self._main_frame.wait_for_function(**locals_to_params(locals()))
           ^^^^^^^^^^^^^^^^^^^^^^^^^^^^^^^^^^^^^^^^^^^^^^^^^^^^^^^^^^^^^^^^^^^^^^
  File "C:\dev\firstlight-artifacts\bootstrap-2026-09-12\browser-env\Lib\site-packages\playwright\_impl\_frame.py", line 878, in wait_for_function
    await self._channel.send("waitForFunction", self._timeout, params)
  File "C:\dev\firstlight-artifacts\bootstrap-2026-09-12\browser-env\Lib\site-packages\playwright\_impl\_connection.py", line 69, in send
    return await self._connection.wrap_api_call(
           ^^^^^^^^^^^^^^^^^^^^^^^^^^^^^^^^^^^^^
    ...<3 lines>...
    )
    ^
  File "C:\dev\firstlight-artifacts\bootstrap-2026-09-12\browser-env\Lib\site-packages\playwright\_impl\_connection.py", line 559, in wrap_api_call
    raise rewrite_error(error, f"{parsed_st['apiName']}: {error}") from None
playwright._impl._errors.Error: Page.wait_for_function: EvalError: Evaluating a string as JavaScript violates the following Content Security Policy directive because 'unsafe-eval' is not an allowed source of script: script-src 'unsafe-inline'".

    at eval (<anonymous>)
    at predicate (eval at evaluate (:290:30), <anonymous>:4:56)
    at next (eval at evaluate (:290:30), <anonymous>:29:29)

{
  "status": "failed",
  "passed": 1,
  "failed": 0,
  "out": "D:\\07-GAMES\\Firstlight\\artifacts\\coastward-expedition-20261003\\browser-02"
}
