PASS fresh-blade exact assembled HTML loads
PASS fresh-blade native import adds separate complete earned character
PASS fresh-blade crosses through visible saved-checkpoint terms
PASS fresh-blade terms expose route danger rewards choices and binding cost
PASS fresh-blade reading never accepts or spends
PASS fresh-blade visible route Rill
PASS fresh-blade explicit acceptance preserves campaign and equipment
PASS fresh-blade switching restores the living-road tracker
PASS fresh-blade accepted expedition durable before closing
PASS fresh-blade exact assembled HTML loads
PASS fresh-blade whole Chromium restart retains accepted expedition
PASS fresh-blade crosses through visible saved-checkpoint terms
PASS fresh-blade visible route Read the camp load board
PASS fresh-blade visible field action assess-load
PASS fresh-blade visible route material preparation
PASS fresh-blade deliberate allocation persists
PASS fresh-blade chosen supply and partial work durable before closing
PASS fresh-blade exact assembled HTML loads
PASS fresh-blade whole Chromium restart retains chosen supply and partial work
PASS fresh-blade crosses through visible saved-checkpoint terms
PASS fresh-blade visible route Check the wetland watercourse
PASS fresh-blade visible field action read-water
PASS fresh-blade visible route Clear the crossing infestation
PASS fresh-blade accepted phase owns actual enemy
PASS fresh-blade actual walk earth-stormfall-crossing-v1 approach
PASS fresh-blade Tab selects earth-stormfall-crossing-v1
PASS fresh-blade actual AI tell occurs
PASS fresh-blade muted visible tell invites Brace or movement
PASS fresh-blade visible Brace arms mitigation
PASS fresh-blade visible autoattack enables stationary intent
PASS fresh-blade real impacts record accepted defeat
PASS fresh-blade quest combat grants no legacy loot
PASS fresh-blade accepted production target-clear
PASS fresh-blade visible route Read the living root anchor
PASS fresh-blade visible field action read-root-load
PASS fresh-blade visible route Clear the root-bank infestation
PASS fresh-blade accepted phase owns actual enemy
PASS fresh-blade actual walk earth-stormfall-root-v1 approach
PASS fresh-blade Tab selects earth-stormfall-root-v1
PASS fresh-blade actual AI tell occurs
PASS fresh-blade muted visible tell invites Brace or movement
PASS fresh-blade visible Brace arms mitigation
PASS fresh-blade visible autoattack enables stationary intent
PASS fresh-blade real impacts record accepted defeat
PASS fresh-blade quest combat grants no legacy loot
PASS fresh-blade accepted production target-clear
PASS fresh-blade visible route Fit the alternate route brace
PASS fresh-blade visible field action brace-root-channel
PASS fresh-blade visible route Deliver the chosen allocation
PASS fresh-blade visible field action deliver-allocation
PASS fresh-blade objectives complete and unpaid durable before closing
PASS fresh-blade exact assembled HTML loads
PASS fresh-blade whole Chromium restart retains objectives complete and unpaid
PASS fresh-blade crosses through visible saved-checkpoint terms
PASS fresh-blade visible route story return
PASS fresh-blade visible claim pays exact story currency
PASS fresh-blade reward keeps equipment and sockets
PASS fresh-blade giver recognizes completion
PASS fresh-blade claimed story payment durable before closing
PASS fresh-blade exact assembled HTML loads
PASS fresh-blade whole Chromium restart retains claimed story payment
PASS fresh-blade crosses through visible saved-checkpoint terms
PASS fresh-blade visible route patrol acceptance
PASS fresh-blade new patrol owns run 1
PASS fresh-blade visible route Inspect the wetland course
PASS fresh-blade visible field action inspect-water
PASS fresh-blade visible route Clear the patrol crossing pocket
PASS fresh-blade accepted phase owns actual enemy
PASS fresh-blade actual walk earth-living-road-patrol-v1-run-1-crossing approach
PASS fresh-blade Tab selects earth-living-road-patrol-v1-run-1-crossing
PASS fresh-blade actual AI tell occurs
PASS fresh-blade muted visible tell invites Brace or movement
PASS fresh-blade visible Brace arms mitigation
PASS fresh-blade visible autoattack enables stationary intent
PASS fresh-blade real impacts record accepted defeat
PASS fresh-blade quest combat grants no legacy loot
PASS fresh-blade accepted production target-clear
PASS fresh-blade visible route Inspect the supported root passage
PASS fresh-blade visible field action inspect-root
PASS fresh-blade visible route Clear the patrol bank pocket
PASS fresh-blade accepted phase owns actual enemy
PASS fresh-blade actual walk earth-living-road-patrol-v1-run-1-root approach
PASS fresh-blade Tab selects earth-living-road-patrol-v1-run-1-root
PASS fresh-blade actual AI tell occurs
PASS fresh-blade muted visible tell invites Brace or movement
PASS fresh-blade visible Brace arms mitigation
PASS fresh-blade visible autoattack enables stationary intent
PASS fresh-blade real impacts record accepted defeat
PASS fresh-blade quest combat grants no legacy loot
PASS fresh-blade accepted production target-clear
PASS fresh-blade visible route Record the return glade
PASS fresh-blade visible field action inspect-glade
PASS fresh-blade visible route patrol return
PASS fresh-blade patrol 1 pays exact package
PASS fresh-blade changed request cannot duplicate payment
PASS fresh-blade visible route patrol acceptance
PASS fresh-blade new patrol owns run 2
PASS fresh-blade visible route Inspect the wetland course
PASS fresh-blade visible field action inspect-water
PASS fresh-blade visible route Clear the patrol crossing pocket
PASS fresh-blade accepted phase owns actual enemy
PASS fresh-blade actual walk earth-living-road-patrol-v1-run-2-crossing approach
PASS fresh-blade Tab selects earth-living-road-patrol-v1-run-2-crossing
PASS fresh-blade actual AI tell occurs
PASS fresh-blade muted visible tell invites Brace or movement
PASS fresh-blade visible Brace arms mitigation
PASS fresh-blade visible autoattack enables stationary intent
PASS fresh-blade real impacts record accepted defeat
PASS fresh-blade quest combat grants no legacy loot
PASS fresh-blade accepted production target-clear
PASS fresh-blade visible route Inspect the supported root passage
PASS fresh-blade visible field action inspect-root
PASS fresh-blade visible route Clear the patrol bank pocket
PASS fresh-blade accepted phase owns actual enemy
PASS fresh-blade actual walk earth-living-road-patrol-v1-run-2-root approach
PASS fresh-blade Tab selects earth-living-road-patrol-v1-run-2-root
PASS fresh-blade actual AI tell occurs
PASS fresh-blade muted visible tell invites Brace or movement
PASS fresh-blade visible Brace arms mitigation
PASS fresh-blade visible autoattack enables stationary intent
PASS fresh-blade real impacts record accepted defeat
PASS fresh-blade quest combat grants no legacy loot
PASS fresh-blade accepted production target-clear
PASS fresh-blade visible route Record the return glade
PASS fresh-blade visible field action inspect-glade
PASS fresh-blade visible route patrol return
PASS fresh-blade patrol 2 pays exact package
PASS fresh-blade changed request cannot duplicate payment
PASS fresh-blade two independently paid patrols durable before closing
PASS fresh-blade exact assembled HTML loads
PASS fresh-blade whole Chromium restart retains two independently paid patrols
PASS fresh-blade actual walk home workbench
PASS fresh-blade binding preview compares without spending
PASS fresh-blade binding costs are exact without healing or autoequip
PASS fresh-blade finite bound stats are correct
PASS fresh-blade finite binding applied durable before closing
PASS fresh-blade exact assembled HTML loads
PASS fresh-blade whole Chromium restart retains finite binding applied
PASS fresh-blade binding cannot be spent twice
PASS fresh-blade actual walk Roads of Light
PASS fresh-blade crosses through visible saved-checkpoint terms
PASS fresh-blade visible route new unpaid patrol
PASS fresh-blade next intentional run is three
PASS fresh-blade stale rendered contract cannot change later run
PASS fresh-blade visible route Inspect the wetland course
PASS fresh-blade visible field action inspect-water
PASS fresh-blade accepted phase owns actual enemy
PASS fresh-blade actual walk earth-living-road-patrol-v1-run-3-crossing approach
PASS fresh-blade Tab selects earth-living-road-patrol-v1-run-3-crossing
PASS fresh-blade actual AI tell occurs
PASS fresh-blade muted visible tell invites Brace or movement
PASS fresh-blade visible Brace arms mitigation
PASS fresh-blade visible autoattack enables stationary intent
PASS fresh-blade real impacts record accepted defeat
PASS fresh-blade quest combat grants no legacy loot
PASS fresh-blade accepted production target-clear
PASS fresh-blade retains adventure camera
Traceback (most recent call last):
  File "D:\07-GAMES\Firstlight\authoring\bridge-moment\tests\earth_expedition_browser.py", line 108, in <module>
    close();page.locator('[data-rpg="camera"][data-id="'+view+'"]').click();render();check(variant+' retains '+view+' camera',diag()['camera']['projection']==('perspective' if view=='adventure' else 'orthographic'));shot('bound-'+view)
            ~~~~~~~~~~~~~~~~~~~~~~~~~~~~~~~~~~~~~~~~~~~~~~~~~~~~~~~~~~~~~^^
  File "C:\dev\firstlight-artifacts\bootstrap-2026-09-12\browser-env\Lib\site-packages\playwright\sync_api\_generated.py", line 15637, in click
    self._sync(
    ~~~~~~~~~~^
        self._impl_obj.click(
        ^^^^^^^^^^^^^^^^^^^^^
    ...<10 lines>...
        )
        ^
    )
    ^
  File "C:\dev\firstlight-artifacts\bootstrap-2026-09-12\browser-env\Lib\site-packages\playwright\_impl\_sync_base.py", line 115, in _sync
    return task.result()
           ~~~~~~~~~~~^^
  File "C:\dev\firstlight-artifacts\bootstrap-2026-09-12\browser-env\Lib\site-packages\playwright\_impl\_locator.py", line 162, in click
    return await self._frame._click(self._selector, strict=True, **params)
           ^^^^^^^^^^^^^^^^^^^^^^^^^^^^^^^^^^^^^^^^^^^^^^^^^^^^^^^^^^^^^^^
  File "C:\dev\firstlight-artifacts\bootstrap-2026-09-12\browser-env\Lib\site-packages\playwright\_impl\_frame.py", line 566, in _click
    await self._channel.send("click", self._timeout, locals_to_params(locals()))
  File "C:\dev\firstlight-artifacts\bootstrap-2026-09-12\browser-env\Lib\site-packages\playwright\_impl\_connection.py", line 69, in send
    return await self._connection.wrap_api_call(
           ^^^^^^^^^^^^^^^^^^^^^^^^^^^^^^^^^^^^^
    ...<3 lines>...
    )
    ^
  File "C:\dev\firstlight-artifacts\bootstrap-2026-09-12\browser-env\Lib\site-packages\playwright\_impl\_connection.py", line 559, in wrap_api_call
    raise rewrite_error(error, f"{parsed_st['apiName']}: {error}") from None
playwright._impl._errors.TimeoutError: Locator.click: Timeout 30000ms exceeded.
Call log:
  - waiting for locator("[data-rpg=\"camera\"][data-id=\"diorama\"]")


{
  "status": "failed",
  "passed": 157,
  "failed": 0,
  "out": "D:\\07-GAMES\\Firstlight\\artifacts\\coastward-expedition-20261003\\browser-03"
}
