PASS fresh-blade exact assembled HTML loads
Traceback (most recent call last):
  File "D:\07-GAMES\Firstlight\authoring\bridge-moment\tests\earth_expedition_browser.py", line 85, in <module>
    context=start();page=spawn();workspace('characters');old_key=ev('localStorage.getItem(RealmCore.KEY)');page.locator('[data-rpg="chars-import"]').click();page.locator('#import-file').set_input_files(fixture);page.wait_for_selector('.chars-import-preview');page.locator('[data-rpg="chars-confirm-import"]').click();page.wait_for_function('Realm.diagnostics.characters.active==="character-2"');render();check(variant+' native import adds separate complete earned character',diag()['characters']['count']==2 and ownership(state())==ownership(source) and ev('localStorage.getItem(RealmCore.KEY)')==old_key);initial=state();enter();workspace('expedition');text=page.locator('#rpg-content').inner_text();check(variant+' terms expose route danger rewards choices and binding cost',all(t in text for t in ['wetland footbridge','64 / 136','45 XP','18 sunmarks','3 ore','8 timber','8 fibre','+2 attack','6 fibre']));check(variant+' reading never accepts or spends',not state()['earthExpedition']['story']['accepted'] and state()['adventure']['coins']==initial['adventure']['coins']);shot('terms')
                                                                                                                                                                                                                   ~~~~~~~~~~~~~~~~~~~~~~^^^^^^^^^^^^^^^^^^^^^^^^^
  File "C:\dev\firstlight-artifacts\bootstrap-2026-09-12\browser-env\Lib\site-packages\playwright\sync_api\_generated.py", line 8213, in wait_for_selector
    self._sync(
    ~~~~~~~~~~^
        self._impl_obj.wait_for_selector(
        ^^^^^^^^^^^^^^^^^^^^^^^^^^^^^^^^^
            selector=selector, timeout=timeout, state=state, strict=strict
            ^^^^^^^^^^^^^^^^^^^^^^^^^^^^^^^^^^^^^^^^^^^^^^^^^^^^^^^^^^^^^^
        )
        ^
    )
    ^
  File "C:\dev\firstlight-artifacts\bootstrap-2026-09-12\browser-env\Lib\site-packages\playwright\_impl\_sync_base.py", line 115, in _sync
    return task.result()
           ~~~~~~~~~~~^^
  File "C:\dev\firstlight-artifacts\bootstrap-2026-09-12\browser-env\Lib\site-packages\playwright\_impl\_page.py", line 419, in wait_for_selector
    return await self._main_frame.wait_for_selector(**locals_to_params(locals()))
           ^^^^^^^^^^^^^^^^^^^^^^^^^^^^^^^^^^^^^^^^^^^^^^^^^^^^^^^^^^^^^^^^^^^^^^
  File "C:\dev\firstlight-artifacts\bootstrap-2026-09-12\browser-env\Lib\site-packages\playwright\_impl\_frame.py", line 369, in wait_for_selector
    await self._channel.send(
        "waitForSelector", self._timeout, locals_to_params(locals())
    )
  File "C:\dev\firstlight-artifacts\bootstrap-2026-09-12\browser-env\Lib\site-packages\playwright\_impl\_connection.py", line 69, in send
    return await self._connection.wrap_api_call(
           ^^^^^^^^^^^^^^^^^^^^^^^^^^^^^^^^^^^^^
    ...<3 lines>...
    )
    ^
  File "C:\dev\firstlight-artifacts\bootstrap-2026-09-12\browser-env\Lib\site-packages\playwright\_impl\_connection.py", line 559, in wrap_api_call
    raise rewrite_error(error, f"{parsed_st['apiName']}: {error}") from None
playwright._impl._errors.TimeoutError: Page.wait_for_selector: Timeout 30000ms exceeded.
Call log:
  - waiting for locator(".chars-import-preview") to be visible


During handling of the above exception, another exception occurred:

Traceback (most recent call last):
  File "C:\Users\Dom\AppData\Local\Programs\Python\Python313\Lib\shutil.py", line 625, in _rmtree_unsafe
    os.unlink(fullname)
    ~~~~~~~~~^^^^^^^^^^
PermissionError: [WinError 32] The process cannot access the file because it is being used by another process: 'D:\\07-GAMES\\Firstlight\\artifacts\\coastward-expedition-20261003\\browser-01\\profiles\\fresh-blade-2unh6iui\\Default\\Cache\\No_Vary_Search\\journal.baj'

During handling of the above exception, another exception occurred:

Traceback (most recent call last):
  File "D:\07-GAMES\Firstlight\authoring\bridge-moment\tests\earth_expedition_browser.py", line 81, in <module>
    with tempfile.TemporaryDirectory(prefix=variant+'-',dir=profiles) as profile:
         ~~~~~~~~~~~~~~~~~~~~~~~~~~~^^^^^^^^^^^^^^^^^^^^^^^^^^^^^^^^^
  File "C:\Users\Dom\AppData\Local\Programs\Python\Python313\Lib\tempfile.py", line 952, in __exit__
    self.cleanup()
    ~~~~~~~~~~~~^^
  File "C:\Users\Dom\AppData\Local\Programs\Python\Python313\Lib\tempfile.py", line 956, in cleanup
    self._rmtree(self.name, ignore_errors=self._ignore_cleanup_errors)
    ~~~~~~~~~~~~^^^^^^^^^^^^^^^^^^^^^^^^^^^^^^^^^^^^^^^^^^^^^^^^^^^^^^
  File "C:\Users\Dom\AppData\Local\Programs\Python\Python313\Lib\tempfile.py", line 936, in _rmtree
    _shutil.rmtree(name, onexc=onexc)
    ~~~~~~~~~~~~~~^^^^^^^^^^^^^^^^^^^
  File "C:\Users\Dom\AppData\Local\Programs\Python\Python313\Lib\shutil.py", line 790, in rmtree
    return _rmtree_unsafe(path, onexc)
  File "C:\Users\Dom\AppData\Local\Programs\Python\Python313\Lib\shutil.py", line 629, in _rmtree_unsafe
    onexc(os.unlink, fullname, err)
    ~~~~~^^^^^^^^^^^^^^^^^^^^^^^^^^
  File "C:\Users\Dom\AppData\Local\Programs\Python\Python313\Lib\tempfile.py", line 911, in onexc
    _os.unlink(path)
    ~~~~~~~~~~^^^^^^
PermissionError: [WinError 32] The process cannot access the file because it is being used by another process: 'D:\\07-GAMES\\Firstlight\\artifacts\\coastward-expedition-20261003\\browser-01\\profiles\\fresh-blade-2unh6iui\\Default\\Cache\\No_Vary_Search\\journal.baj'

Traceback (most recent call last):
  File "D:\07-GAMES\Firstlight\authoring\bridge-moment\tests\earth_expedition_browser.py", line 102, in <module>
    if context:context.close()
               ~~~~~~~~~~~~~^^
  File "C:\dev\firstlight-artifacts\bootstrap-2026-09-12\browser-env\Lib\site-packages\playwright\sync_api\_generated.py", line 13548, in close
    return mapping.from_maybe_impl(self._sync(self._impl_obj.close(reason=reason)))
                                   ~~~~~~~~~~^^^^^^^^^^^^^^^^^^^^^^^^^^^^^^^^^^^^^
  File "C:\dev\firstlight-artifacts\bootstrap-2026-09-12\browser-env\Lib\site-packages\playwright\_impl\_sync_base.py", line 104, in _sync
    raise Error("Event loop is closed! Is Playwright already stopped?")
playwright._impl._errors.Error: Event loop is closed! Is Playwright already stopped?
