✔ Coastward skirts are bounded deterministic static instances in one shared mesh kind (36.6759ms)
✔ every actual upper seam meets rendered grass underside on a real exposed union boundary (13.5268ms)
✔ actual skirt triangles remain below every supported foot plane and sink all lower edge vertices (11.6729ms)
✔ all exposed surface normals retain their positive outward and upward orientation after transformation (5.1639ms)
✔ bridge sides remain open and all actual full-body routes stay above decorative geometry (321.2711ms)
✔ normal submission adds skirts only to Coastward and never changes canonical definitions or saves (34.0069ms)
✔ joining and subdividing equal-height source cells introduces no interior skirt or duplicate seam (0.2277ms)
✔ the new woodland floor is actual traversable ground linking both original lanes (0.9747ms)
✔ smooth bank surface vertices share normals across triangle joins without changing the old rock mesh (1.8335ms)
✔ only existing channel posts and four approach lamps join the main-view cutaway aperture (33.8955ms)
✔ all new static scenery uses supported finite meshes instead of silent cylinder fallback (210.4583ms)
✔ visible solid boxes match canonical body collision footprints and heights (31.1766ms)
✔ submitted opaque geometry leaves the actual 3D gallery body route clear (21.6302ms)
✔ wet volume under the civic deck retains actual head clearance (1.8077ms)
✔ only the canonical air-court ceiling receives preference-controlled roof reveal (19.8616ms)
✔ isolated IIFE and CommonJS expose only one frozen pure function (1.5696ms)
✔ actual 955-cell expanded Earth partition reduces to 64 exact rectangles (26.7088ms)
✔ every shared world-ground caller and old Coastward retain exact floor area, owner, color and height (33.3911ms)
✔ real bridge source boundaries and river void remain separate from bank masses (9.0203ms)
✔ Atlantis gallery edge partitions remain exact and no cell crosses camera-medium boundary (1.6187ms)
✔ a labelled untagged Atlantis control demonstrates why caller-owned gallery metadata is required (1.775ms)
✔ only complete shared edges merge; holes, corners, tiny gaps and differing metadata remain (1.2979ms)
✔ metadata values and arrays are deep-fresh, order-independent and never aliases (0.4481ms)
✔ empty input, input permutations and repeated coalescing are deterministic and fresh (27.7651ms)
✔ invalid, overlapping, accessor or nondata records refuse before input mutation (1.2927ms)
✔ actual submitted vertices stay finite and terrain draw work falls without dropping area (4.1307ms)
ℹ tests 26
ℹ suites 0
ℹ pass 26
ℹ fail 0
ℹ cancelled 0
ℹ skipped 0
ℹ todo 0
ℹ duration_ms 578.2915
