✔ adventure defaults round trip without equipment or story (3.1021ms)
✔ v4 migration preserves sandbox, composition, notes, appearance without source mutation (4.1227ms)
✔ realm05 browser key is copied without overwriting previous save (2.8295ms)
✔ starter supplies require actual workshop proximity (5.4561ms)
✔ starter kit is one claim and equips owned items (0.7624ms)
✔ retry is idempotent while changed terms under same ID are rejected (1.2548ms)
✔ entry requires supplies, repaired crossing, pickaxe and proximity (1.3798ms)
✔ interior saves retain safe exterior return position (1.1147ms)
✔ authored entry, fox and encounter positions are walkable (0.2113ms)
✔ outer walls and NaN cannot be walked through (0.1636ms)
✔ digging checks scene, tool and reach before mutation (1.5714ms)
✔ two actual strikes excavate rock and open a path (11.0531ms)
✔ pick cooldown prevents duplicate immediate strokes (7.1514ms)
✔ outer cells refuse excavation (0.487ms)
✔ removed stone cannot pay again (4.2136ms)
✔ cold reopening reconstructs excavation but restarts outside (4.033ms)
✔ attacks cannot damage distant targets (0.6827ms)
✔ line of sight blocks attacks through rock (0.472ms)
✔ melee decreases health, respects cooldown and creates one defeat/cache (5.1905ms)
✔ sweep consumes stamina only once per cooldown (0.5892ms)
✔ insufficient stamina refuses without mutation (0.9421ms)
✔ dodge respects cave collision instead of tunneling (1.0305ms)
✔ dodge avoidance protects against imminent impact (3.8968ms)
✔ telegraph hits its declared destination, not a tracking player (2.5393ms)
✔ failed evasion incurs damage reduced by armor (1.2155ms)
✔ pause stops actual timers and combat (1.3118ms)
✔ daylight slider is not a cooldown cheat (0.4999ms)
✔ healing consumes tonic, caps at maximum and has cooldown (0.4239ms)
✔ rest requires spring and is not available in combat (0.511ms)
✔ death stops movement and resurrection preserves loot (0.5944ms)
✔ paused resurrection is possible without resuming time implicitly (0.3906ms)
✔ living players cannot resurrect for a free teleport (0.3355ms)
✔ loot is proximity checked and cannot be claimed twice (0.4351ms)
✔ full pouch rejects atomically and preserves cache (1.0521ms)
✔ equipment must be owned and goes into the declared slot (0.352ms)
✔ increased health capacity does not heal on equip (0.3351ms)
✔ forge consumes exact inputs once (0.443ms)
✔ forge outside workbench fails without cost (0.8571ms)
✔ rescue requires proximity and threat clearance (0.4011ms)
✔ companion naming is bounded data and mode is enumerated (0.4197ms)
✔ Stay retains fox in its scene during active session (0.4315ms)
✔ Follow explicitly recalls across a scene boundary (0.3947ms)
✔ defeated enemies stay defeated on re-entry (1.0879ms)
✔ unfinished enemies reset on re-entry; partial health is not a win (0.3188ms)
✔ relic requires guardian defeat and proximity, with single claim (0.3012ms)
✔ envoy requires relic at the spring (0.3026ms)
✔ final choice stays single across command IDs and cold reload (0.7152ms)
✔ import rejects negative ore (0.3088ms)
✔ import rejects NaN stamina (0.1004ms)
✔ import rejects foreign gear (0.1633ms)
✔ import rejects non-owned equip (0.1379ms)
✔ import rejects duplicate cells (0.0895ms)
✔ import rejects outer excavation (0.0881ms)
✔ import rejects noncanonical cell (0.0732ms)
✔ import rejects relic without defeat (0.0727ms)
✔ import rejects gift without envoy (0.0733ms)
✔ import rejects oversized name (0.0769ms)
✔ import rejects duplicate drop (0.0673ms)
✔ import rejects impossible chips (0.0713ms)
✔ import rejects excess health (0.0876ms)
✔ import rejects foreign enemy (0.1108ms)
✔ import rejects unstarted rescue (0.1054ms)
✔ invalid command envelope cannot mutate persistent state (0.8182ms)
✔ prototype-looking item key safely refuses (0.7237ms)
✔ circular command data is safely refused (0.7771ms)
✔ no private memory or credentials enter save (0.7057ms)
✔ version07 raw save migrates without losing road or creative state (9.4157ms)
✔ legacy storage key is copied not overwritten (5.0376ms)
✔ fresh arsenal has no free bows gems or medals (0.3402ms)
✔ gem records reject invalid quantities and unknown fields (12.046ms)
✔ socket validation needs owned weapon and known gem (3.9395ms)
✔ medal requires bounded completion time and vice versa (5.8373ms)
✔ unstarted record cannot mint loose gems or a medal (0.4048ms)
✔ craft refuses before supplies, remote bench, paused or unknown recipe (5.1161ms)
✔ bow recipe consumes exact wood fiber stone and creates a unique item (1.1021ms)
✔ insufficient material on any ingredient causes no partial charge (4.0421ms)
✔ longbow requires original bow then keeps it and charges exact components (1.2011ms)
✔ craft duplicate id never charges twice and changed content is refused (1.854ms)
✔ gem crafting charges correct actual material and currency balances (0.4393ms)
✔ gem capacity, ore and coin refusals are atomic (2.562ms)
✔ socket requires actual outdoor workbench and loose gem (2.1244ms)
✔ fitting replacing reclaiming preserves total gem quantities (0.444ms)
✔ socket changes stats only for currently equipped weapon (0.4031ms)
✔ moonstone raises capacity without healing and removal clamps current HP (0.3748ms)
✔ socket rejects same setting, wrong slot, foreign weapon, unknown gem (2.6023ms)
✔ full reclaim pouch prevents swap without consuming new gem (1.3489ms)
✔ socket duplicate cannot charge, reclaim or alter stats twice (0.7318ms)
✔ range entry checks workshop proximity and prepared character (3.3043ms)
✔ range collision bounds and pillars affect real walking (1.1225ms)
✔ range path routes around a pillar, not through it (3.3008ms)
✔ range south exit requires proximity and restores workshop position (0.9594ms)
✔ save inside court restores outside without unfinished arrows or round (1.3169ms)
✔ bow provides ranged profile while all previous blades keep their reach (0.5636ms)
✔ bows refuse village shots and blades refuse practice target attacks (2.2095ms)
✔ launch spends exact stamina and damage is delayed until actual travel (4.9284ms)
✔ cooldown and low stamina refusals do not consume resources (2.8494ms)
✔ unknown out of range and obstructed targets do not launch (1.8116ms)
✔ arrow direction is fixed and can miss a moving enemy (1.7514ms)
✔ damage snapshots the launch gear, not later equipped weapon (1.0366ms)
✔ incoming arrow grants timed enemy awareness at current world time (0.7569ms)
✔ line trace chooses first target regardless of requested target order (0.1877ms)
✔ wall precedes targets behind it and already-hit ids are ignored (0.1237ms)
✔ swept segments catch a target between endpoints (0.0888ms)
✔ degenerate and invalid geometry is bounded (0.4356ms)
✔ projectiles cross road water but not real obstacles (0.5827ms)
✔ mine stone and court pillars stop arrows (0.4921ms)
✔ piercing light can hit at most two bodies and each at most once (0.8533ms)
✔ ordinary arrow only hits first intervening target (1.0959ms)
✔ leaving and dying discard transient arrows (1.2003ms)
✔ no arrow follows an enemy forever (1.3092ms)
✔ a fired arrow reaching zero HP creates one ordinary cache and XP result (1.8992ms)
✔ target motion is reproducible and only the sun moves (0.2176ms)
✔ round requires range and bow and cannot restart a running clock (1.968ms)
✔ practice arrows hit real targets without XP harm defeat or loot (1.0999ms)
✔ untimed target hits cannot mint a practice reward (0.3857ms)
✔ known-answer six hits award one medal five coins one amber (0.4006ms)
✔ repeated completed rounds improve best but never pay again (0.2894ms)
✔ longer round preserves faster recorded time (0.3132ms)
✔ partial hits and timeout have no reward; new round starts empty (4.9812ms)
✔ pause freezes timer projectile and moving target (1.7806ms)
✔ daylight adjustment does not advance practice clock (0.4766ms)
✔ round stop preserves prior medal and clears arrows (1.3285ms)
✔ reward overflow does not mark medal or partly pay (0.6844ms)
✔ saved medal sockets and health validate in a cold restart (1.1765ms)
✔ equipped amber modifies actual fox damage, unequipped amber does not (1.2067ms)
✔ Realm08 world migrates to current schema without changing supported content (10.7461ms)
✔ fresh beacon contains no earned alignment or free story completion (0.381ms)
✔ beacon import rejects version (0.6694ms)
✔ beacon import rejects missingSoul (0.473ms)
✔ beacon import rejects badStatus (0.3878ms)
✔ beacon import rejects badCounts (1.0326ms)
✔ beacon import rejects unknownRoute (0.2664ms)
✔ beacon import rejects unearnedCompletion (0.271ms)
✔ beacon import rejects rewardEarly (0.3097ms)
✔ beacon import rejects graceEarly (0.4425ms)
✔ beacon import rejects negativeRadiance (0.2863ms)
✔ beacon import rejects corruptionNoHistory (0.2641ms)
✔ beacon import rejects falsePower (0.2058ms)
✔ beacon import rejects fakeScar (0.197ms)
✔ beacon import rejects duplicatedScars (0.172ms)
✔ beacon import rejects unearnedRelic (0.2256ms)
✔ beacon import rejects nonintegerAttempts (0.222ms)
✔ beacon opening requires story and physical scene (19.5366ms)
✔ answer at beacon settles an unreported chapter II exactly once (5.6666ms)
✔ arrival has three actual valid paths and does not start combat automatically (9.5811ms)
✔ cannot accept Grace or start battle during the descent (5.6002ms)
✔ Grace is optional and a deliberate single claim (13.1194ms)
✔ first defense can start without accepting a Grace (6.7577ms)
✔ new events never insert their IDs into ordinary defeat or cache persistence (6.1367ms)
✔ complete waves opens exactly one reward, replaying request cannot double pay (66.8604ms)
✔ full pouch refuses defense reward atomically (140.6399ms)
✔ ordinary failure is recoverable and protects completed content (9.2662ms)
✔ withdrawal loses the encounter but a reload does not invent a win (24.1947ms)
✔ pause stops arrival movement, enemy windups, ward and timers (33.8726ms)
✔ repair spends actual stamina, obeys position cooldown and maximum (51.1741ms)
✔ Oren repairs, Mara reveals and Ilan replenishes stamina on active schedules (7.2073ms)
✔ passive presence is not a guaranteed defense win (87.8608ms)
✔ attempt cap refuses before healing or spending resources (6.3049ms)
✔ cinder is an explicit exclusive choice and acceptance does not corrupt (78.2976ms)
✔ sealing a cinder imposes neither power nor corruption (67.6064ms)
✔ replay rewards and failures cannot damage a completed chapter (67.3294ms)
✔ future route records do not teleport or unlock nonexistent geography (57.1984ms)
✔ target cycling is nearest-first, reversible and never starts attacking (4.1036ms)
✔ hidden dead and very distant targets are not selectable (5.2571ms)
✔ autoattack repeatedly uses real cooldowns without moving the player (21.4869ms)
✔ out of range autoattack waits rather than walking or spending stamina (14.9803ms)
✔ selected target death stops autoattack instead of pulling a new foe (23.1604ms)
✔ clear target, scene changes and restart never retain autoattack (19.7108ms)
✔ Brace halves guarded damage for its actual timed window (15.4747ms)
✔ Brace refuses insufficient stamina without charging a cooldown (10.0984ms)
✔ Briar reveals a cloaked foe, exposes and interrupts a locked windup (14.7396ms)
✔ Briar Stay prevents the companion skill (16.8033ms)
✔ Aegis is a finite barrier, not immortality, and needs accepted Grace (12.9017ms)
✔ Cinder health cost is nonlethal and its scar is persistent but not repeated (63.8877ms)
✔ renouncing the cinder removes power and present corruption, not its history (127.15ms)
✔ choice switching never grants damage by itself or silently starts PvP (15.3312ms)
✔ mutation receipts protect identical retries and reject changed choices (27.6299ms)
✔ first target selected after a scene change survives the next tick (12.7066ms)
✔ rail eligibility preserves every reviewed bridge transform, color and mesh (6.3807ms)
✔ rail visibility uniform resets per batch and remains off in reflection, other realms and off-span (1.5931ms)
✔ bridge floor is a continuous narrow supported corridor; flanking water rejects movement and picking (448.8836ms)
✔ fresh and returning movement crosses both banks and retains canonical ownership (101.5234ms)
✔ bridge pieces respect finite budgets, floor, open rails and per-pier water contact (1.2994ms)
✔ vault is actual finite open elliptic geometry, not a filled box or floating ring (1.8615ms)
✔ Earth submits the bridge instead of terrain columns inside its water span (19.1902ms)
✔ asymmetric mountain mesh is bounded finite original ground rather than cone peaks (3.1496ms)
✔ world cloud basis preserves the exact reflected VP horizontal handedness in both cameras (1.2164ms)
✔ rock skirt has outward finite faces, a straight upper seam and submerged irregular lower edge (0.8767ms)
✔ actual shoreline world triangles leave vaults and supported walking floor clear without fake flat ground (37.6076ms)
✔ mountain spacing leaves three receding layers and fits the existing scenery budget (1.2063ms)
✔ global/CommonJS expose only a frozen pure planner (2.2102ms)
✔ actual Hearthwater and Coastward midpoint plans retain the existing adventure framing (1.4834ms)
✔ all actual diorama styles retain half nine and relative zoom without switching preset or FOV (1.0194ms)
✔ canonical bank joins remain frameable at each actual deck end (0.3118ms)
✔ supported ground just beyond each deck refuses framing rather than extending bridge identity (0.2437ms)
✔ Hearthwater physical foot support rejects the visible-deck fringe and retains valid inner edge (0.3425ms)
✔ Coastward framing obeys actual full-actor rail exclusion even inside the supported patch (0.5202ms)
✔ actual supported off-bridge work and roads refuse without any planned camera fields (0.3006ms)
✔ synthetic malformed input/presets/diving/base widths refuse with fresh readable results (0.3998ms)
✔ plans ignore health and extra authority objects, preserve frozen inputs and return fresh views (0.4495ms)
✔ synthetic missing/malformed canonical data refuse safely before exposing a view (3.1472ms)
✔ per-view preferences roundtrip without changing progression or creative content (9.3014ms)
✔ old camera preferences acquire empty view memory and keep their selected mode (1.2399ms)
✔ invalid optional view profiles cannot inject nonfinite camera state or discard valid peers (1.6379ms)
✔ unknown view-memory versions fall back while keeping ordinary settings and saves (0.7537ms)
✔ perspective has depth and the requested vertical field of view (1.0919ms)
✔ production picking inverts ground projection across orbit, FOV and aspect (4.235ms)
✔ perspective sky and behind-camera points never become movement destinations (0.2796ms)
✔ obstruction sweep pulls in before a wall, ignores a clear ray and handles a grazing near plane (0.4253ms)
✔ perspective water reflection retains contact UV and actual world mirror (0.3057ms)
✔ presentation preferences roundtrip without modifying old progression or creative state (10.1942ms)
✔ clearance bounds preserve rotated wall extents and explicitly exclude foliage and low ground (0.5327ms)
✔ clearance sees opted-in dynamic construction and keeps actor batches out (0.746ms)
✔ explicit realm walls keep camera clearance below the legacy floor cutoff (0.2443ms)
✔ legacy load leaves every stored byte untouched until explicit character creation (10.8609ms)
✔ switching saves outgoing state and restores complete independent characters (5.5564ms)
✔ quota failures never switch identity, spend state, or create partial slots (3.6128ms)
✔ imports copy a validated character into a new slot and full capacity is atomic (4.4468ms)
✔ deletion requires the exact inactive target name and never reuses its identity (4.8273ms)
✔ stale UI revisions and external storage changes refuse mutations (1.1019ms)
✔ a present corrupt library cannot silently restore or overwrite an old world (0.3206ms)
✔ managed writes require ownership of the browser editing lock (0.9255ms)
✔ a legacy tab detects another writer before save, migration, or explicit replacement (0.9673ms)
✔ invalid imported state and invalid library identities reject before any write (2.5428ms)
✔ failed legacy replacement retains the loaded runtime and original bytes (0.5163ms)
✔ editing lock is held until release and a competing owner must retry explicitly (5.5251ms)
✔ version6 migrates to current schema with no inferred class and all banked XP intact (14.4912ms)
✔ class choice requires kit, proximity, known ID and explicit confirmation atomically (20.2476ms)
✔ hunter is deliberate, one-time, reloadable and grants no gear/history/XP (7.221ms)
✔ magician is deliberate, one-time, reloadable and grants no gear/history/XP (3.0535ms)
✔ invalid class state and impossible unstarted class are refused (1.1226ms)
✔ technique refuses unassigned, wrong scene, pause, death and absent target (16.7187ms)
✔ hunter validates range, LOS, stamina and durable cooldown before paying (4.8392ms)
✔ magician validates range, LOS, stamina and durable cooldown before paying (10.1034ms)
✔ hunter marks without a hit and only the next actual blade impact gains bounded damage (5.8315ms)
✔ hunter mark is not consumed by another target, companion or soul damage (0.85ms)
✔ bow mark follows swept collision, with no payout on a missed arrow (2.1603ms)
✔ an obstructed arrow cannot consume mark or make confirmed-hit feedback (0.7503ms)
✔ marks expire and cannot cross scene, run identity or reload (1.3541ms)
✔ magician creates one actual damage event, faces target and never spawns an arrow (0.5466ms)
✔ class techniques do not earn the archery medal and leave weapon family free (1.936ms)
✔ Coastward skirts are bounded deterministic static instances in one shared mesh kind (66.701ms)
✔ every actual upper seam meets rendered grass underside on a real exposed union boundary (29.7044ms)
✔ actual skirt triangles remain below every supported foot plane and sink all lower edge vertices (23.888ms)
✔ all exposed surface normals retain their positive outward and upward orientation after transformation (9.7195ms)
✔ bridge sides remain open and all actual full-body routes stay above decorative geometry (827.6451ms)
✔ normal submission adds skirts only to Coastward and never changes canonical definitions or saves (124.0192ms)
✔ joining and subdividing equal-height source cells introduces no interior skirt or duplicate seam (0.3177ms)
✔ the new woodland floor is actual traversable ground linking both original lanes (2.0669ms)
✔ smooth bank surface vertices share normals across triangle joins without changing the old rock mesh (27.6039ms)
✔ only existing channel posts and four approach lamps join the main-view cutaway aperture (81.482ms)
✔ browser and CommonJS expose the same pure interface without foreign global mutation (2.3077ms)
✔ all three canonical buildings have bounded deterministic original exterior parts (14.3509ms)
✔ roof shells and framing follow actual parent extents and meet the roof profile (1.2188ms)
✔ timber matrices are positive orthonormal and local grain meets declared endpoints (2.2974ms)
✔ body-height facade stays within existing collision clearance, eaves remain overhead (12.6113ms)
✔ actual emitted geometry leaves all authored public routes and task actors clear (471.9864ms)
✔ all opaque dressing inherits house cutaway tags without camera or body authority (2.5613ms)
✔ changed parent positions and supplied floor heights move dressing rather than hard-code geography (1.5834ms)
✔ decoration writes only computed geometry and leaves definitions and simulation untouched (3.3894ms)
✔ malformed parents or height refuse before any writer mutation (2.4151ms)
✔ isolated global/CommonJS expose only the frozen pure woodland API (4.0507ms)
✔ ten actual parents receive deterministic mixed canopy within the total budget (4.2137ms)
✔ every actual mesh/basis is finite, positive and parent-tagged without new camera/body authority (52.9524ms)
✔ actual bark faces intersect the unchanged trunk while low roots stay supported and close (7.9309ms)
✔ rising branches meet the trunk, timber grain endpoints and opaque crown volumes (6.8477ms)
✔ upper and lower crown meshes overlap into coherent crowns at the CPU rest pose (1.1847ms)
✔ all route full-body envelopes stay clear including conservative crown wind bounds (47.5531ms)
✔ high opaque art clears a full actor and canopy spread stays bounded by actual parents (38.8425ms)
✔ reserved wind envelope matches current source path and only foliage opts in (5.2342ms)
✔ parent and supplied-height changes move every part without hard-coded coordinates (9.1181ms)
✔ decorate appends only fresh geometry and never reads simulation/progression (3.9736ms)
✔ missing/duplicate/malformed parents or unsupported heights refuse before writer mutation (2.1418ms)
✔ selected real-time strike and recovery status retain their actual timer without writes (17.6699ms)
✔ owner-aware warning charge (3.303ms)
✔ owner-aware warning bell-outer (1.5222ms)
✔ owner-aware warning bell-inner (0.7352ms)
✔ owner-aware warning ward (0.6699ms)
✔ owner-aware warning strike (0.4651ms)
✔ active charge is untimed and distinct from its preceding warning and later opening (0.6246ms)
✔ clears cue at idle (0.5467ms)
✔ clears cue at pursue (0.6259ms)
✔ clears cue at return (0.5827ms)
✔ clears cue at practice (0.4993ms)
✔ clears cue at hidden (0.9359ms)
✔ clears cue at defeated (0.3107ms)
✔ clears cue at unselected (0.2898ms)
✔ clears cue at far (0.392ms)
✔ clears cue at paused (0.3732ms)
✔ clears cue at dead-player (0.3633ms)
✔ clears cue at noncombat (0.3934ms)
✔ clears cue at invalid-timer (0.3237ms)
✔ clears cue at expired-timer (0.3731ms)
✔ clears cue at unknown-ring (0.4225ms)
✔ clears cue at missing-aim (0.347ms)
✔ clears cue at unknown-charge (0.319ms)
✔ clears cue at unknown-owner (0.3176ms)
✔ clears cue at invalid-event-kind (0.3403ms)
✔ clears cue at invalid-bell-kind (0.7077ms)
✔ opening cue never promises weapon readiness across reach, stamina or obstruction (0.9992ms)
✔ blade anticipates then repeatedly hits at its actual cadence, without walking (30.5592ms)
✔ bow anticipates then repeatedly hits at its actual cadence, without walking (9.5943ms)
✔ pending attack cancels on stop (1.8888ms)
✔ pending attack cancels on range (1.0697ms)
✔ pending attack cancels on target (1.3258ms)
✔ pending attack cancels on pause (0.6655ms)
✔ pending attack cancels on death (1.2437ms)
✔ blocked arrow has no confirmed hit number or hit reaction (1.308ms)
✔ projectile that misses moving target cannot create confirmed feedback (2.9055ms)
✔ confirmed hit stamps the damaged target once and scene change clears transient feedback (1.5372ms)
✔ isolated browser global and CommonJS expose the same bounded pure API (3.2303ms)
✔ gait phase follows actual displacement and is independent of sampling subdivision/speed (0.8478ms)
✔ stationary blocked intent cannot trot and stopping settles without advancing stride (0.8794ms)
✔ repeated samples and long pauses preserve the full pose; paused travel is consumed (3.5507ms)
✔ scene, teleport and clock discontinuities reset gait without mutating previous samples (0.2945ms)
✔ injured unbonded Briar is completely still and has no bond collar (1.25ms)
✔ reduced motion retains all four essential legs while suppressing time-driven secondary drift (0.474ms)
✔ diagonal trot has visible clearance, fixed leg lengths and no paw below supplied ground (2809.2808ms)
✔ actual bone transforms meet shared joints through every authored pose and placement (11.3158ms)
✔ tail segments overlap at shared anchors and cream tip remains attached (3.4535ms)
✔ familiar teal collar touches the neck and head details stay in a shared articulated frame (1.2643ms)
✔ inner ear patches stay on and within the actual outer-ear front facets (9.5264ms)
✔ all actual mesh transforms are finite, positive and bounded for all part kinds (367.885ms)
✔ pure pose/draw never changes placement, motion, supplied state or existing output entries (1.4432ms)
✔ invalid or mismatched actual placement refuses before any partial draw (0.7015ms)
✔ fresh world is valid and round trips (8.2756ms)
✔ seeded world decoration is repeatable (0.4848ms)
✔ water and nonfinite ground are not walkable (0.1491ms)
✔ buildings and the spring are obstacles (0.115ms)
✔ every landmark has walkable admission (0.2493ms)
✔ all 121 landmark routes exist and sampled segments avoid obstacles (2308.3937ms)
✔ click movement arrives without overshooting (10.3981ms)
✔ manual motion is bounded at terrain edge (5.8418ms)
✔ invalid move does not replace current route (0.7764ms)
✔ invalid tick cannot corrupt time (0.6417ms)
✔ pause stops simulation (1.1953ms)
✔ time flow setting stops only the clock (1.5637ms)
✔ day rolls over with a new event (31.3383ms)
✔ all three share home during supper (0.2716ms)
✔ daytime projects have different destinations (0.206ms)
✔ routines travel to the shared house (28.8933ms)
✔ enter requires proximity (0.872ms)
✔ enter, save and leave preserve outside position (3.2885ms)
✔ interior table and walls collide (0.1788ms)
✔ non-interior locations cannot be entered (0.393ms)
✔ planting requires being in the garden (0.7563ms)
✔ twelve flowers are bounded and recoverable (3.7217ms)
✔ duplicate accepted command does not duplicate a note (0.4199ms)
✔ same id with changed payload conflicts (0.3715ms)
✔ duplicate refusal remains refusal (2.786ms)
✔ notes are data, not markup (0.2379ms)
✔ notebook enforces length and capacity (0.2313ms)
✔ authored conversation records encounter without a network request (0.1942ms)
✔ unknown resident is rejected (0.1602ms)
✔ journal retains 200 ordered entries (0.7828ms)
✔ save and load accept acknowledged storage (0.9578ms)
✔ quota refusal is not a saved success (0.4142ms)
✔ corrupt storage is preserved rather than overwritten on load (0.1088ms)
✔ import rejects invalid locations and malformed versions (0.4493ms)
✔ import roster is exact and extra prototype properties are discarded (0.3361ms)
✔ import cannot enable audio and rejects invalid event sequence (0.2196ms)
✔ both ground approaches connect arrival to occupied observatory with radius clearance (115.3805ms)
✔ entry saves the exact source before changing scenes, and reload returns to that source (25.2932ms)
✔ a failed save or unavailable scene refuses travel atomically (3.3848ms)
✔ stale character, revision, simulation, position and cancelled tickets cannot enter (1.5761ms)
✔ scene build failure restores the source and a consumed ticket cannot retry (2.9484ms)
✔ fall recovery recalls to safe ground and normal return works from the far end (1.8595ms)
✔ height-aware ray picks real support and refuses sky, the ridge and cover (14.6136ms)
✔ manual walking slides along boundaries without crossing unsupported corner segments (19.7277ms)
✔ all original scores have bounded notes and serialize exactly (8.03ms)
✔ tempo, voice, dimensions and boolean impostors rejected (0.5524ms)
✔ scores discard imported authority and execution fields (0.1802ms)
✔ unknown composition does not silently substitute another (0.1286ms)
✔ score revision compare-and-swap refuses stale changes atomically (14.8309ms)
✔ accepted score edit increments revision and survives cold reconstruction (2.0786ms)
✔ invalid score command does not partially change title or revision (2.5337ms)
✔ duplicate score edit is not applied twice (0.4638ms)
✔ version-two import preserves old notes, flowers and user coordinates (1.0235ms)
✔ legacy localStorage is read but never overwritten by a v3 save (1.6189ms)
✔ corrupt v3 does not fall back to and overwrite an older save (0.2956ms)
✔ default retreat is schema-valid and entry is clear (0.3828ms)
✔ new island is connected while the water alongside bridge is not walkable (22.793ms)
✔ all new destinations are reachable without jumping over obstacles (34.0043ms)
✔ retreat opens, closes and saves the outside return position (70.7455ms)
✔ placement is a real collision obstacle (0.3596ms)
✔ rotated furniture footprint rotates with the mesh contract (0.2049ms)
✔ rug is visible furniture but not a blocking volume (0.0989ms)
✔ duplicate slots, unknown types, invalid rotations and palettes rejected (0.2546ms)
✔ edit, undo and redo retain monotonic layout revisions (0.4989ms)
✔ stale layout mutation leaves full state unchanged (1.0112ms)
✔ furniture cannot be placed on the visitor (6.3599ms)
✔ every furniture kind in every slot preserves an entry escape route (7.1395ms)
✔ visitor appearance and exact name are exportable data (2.4058ms)
✔ invalid appearance refuses unknown indexes and does not mutate (1.4023ms)
✔ family gathering requires proximity to real stage (0.362ms)
✔ gathering routes three inhabitants rather than teleporting (32.6422ms)
✔ gathering expires and does not resume as a false persisted performance (71.6419ms)
✔ event timing matches 16 eighth-notes and MIDI two-bar length (0.7752ms)
✔ all voices synthesize finite stereo data and bounded peaks (200.0257ms)
✔ an empty score produces actual silence, not a hidden soundtrack (5.0782ms)
✔ synthesized output is reproducible for identical scores (95.7586ms)
✔ different edited notes change actual rendered audio (127.95ms)
✔ WAV header, byte length and final samples are correct (118.3285ms)
✔ WAV encoder refuses malformed or nonfinite channels (0.4232ms)
✔ MIDI has one type-zero track, valid length, tempo and end marker (0.8681ms)
✔ 09 save migrates without mutating original or losing chapters (16.9418ms)
✔ new world has no free entry, equipment, attunement or chapter rewards (0.4326ms)
✔ strict crossing save rejects wrongVersion (0.6421ms)
✔ strict crossing save rejects missingField (0.4616ms)
✔ strict crossing save rejects nonbool (0.3546ms)
✔ strict crossing save rejects unvisitedAttune (1.0037ms)
✔ strict crossing save rejects unvisitedProject (0.3242ms)
✔ strict crossing save rejects unknownProject (0.2414ms)
✔ strict crossing save rejects duplicateProject (0.2538ms)
✔ strict crossing save rejects earlyRepair (0.7569ms)
✔ strict crossing save rejects earlyComplete (0.3743ms)
✔ strict crossing save rejects earlyReward (0.2234ms)
✔ entry requires the defended beacon and actual gate location (34.5863ms)
✔ entry resets target/auto and gives no items or health (3.86ms)
✔ all named places, bells, encounter homes, clapper and entry are reachable (109.8697ms)
✔ buildings and outer bounds stop walking and arrows (0.3767ms)
✔ stream blocks walking except bridge but not travelling arrows (2.2519ms)
✔ outdoor construction and gathering cannot mutate village geography (5.0092ms)
✔ public forge is a true workbench; components cost actual material (5.3238ms)
✔ meeting and clue require local proximity and are single claim (14.1001ms)
✔ Briar search has real location, bond, follow and route prerequisites (47.9551ms)
✔ manual close inspection works when Briar stays behind (14.66ms)
✔ search pause keeps discovery and companion motion frozen (29.1322ms)
✔ new guardian uses distinct ring and circle impact rules (0.2327ms)
✔ wide ring rewards entering center; next tell alternates to inner strike (131.8209ms)
✔ new encounters are targetable and respond to real autoattack (35.7034ms)
✔ clear event caches pay the new roster once and persist separately (18.2949ms)
✔ bell repair requires clapper and all three clearances (8.698ms)
✔ wrong bell order restarts sequence without taking inventory (15.5395ms)
✔ bell cannot be played remotely or faster than its cooldown (24.5121ms)
✔ three local ordered tones complete the bell but not the reward (10.8754ms)
✔ Rowan reward is atomic, local and cannot be duplicated (38.0074ms)
✔ free bell playing after completion cannot reset quest or pay loot (16.4534ms)
✔ tone entry is transient; repair, kills and clues survive reload (3.3778ms)
✔ merchant exchanges fail cleanly when funds, quantities or scope fail (12.6511ms)
✔ merchant armor retains proper slot and does not heal on purchase/equip (3.1424ms)
✔ ore and berries exchange deduct exactly, overflow is refused (2.6325ms)
✔ inn restores actual vitals and denies service outside its porch (3.2112ms)
✔ common works deduct actual materials once and preserve home layout (26.044ms)
✔ commission failure leaves supplies and flags untouched (33.3215ms)
✔ waystone needs discovery and physical origin, does not heal or charge (23.3501ms)
✔ unattuned village cannot be fast-travelled to (17.8718ms)
✔ travel refuses active attack modes and beacon assault (20.9697ms)
✔ ordinary departure is local and preserves progress (3.4334ms)
✔ same command receipt cannot be repurposed or pay twice (4.0856ms)
✔ defeat recovery preserves crossing facts and revives outside (22.6335ms)
✔ cutaway preference is persisted and old migration defaults on (3.2301ms)
✔ Fenna retains exact supported rule-adjacent anchors and does not invent consent (18.1297ms)
✔ confirmed arrival alone opens the load, and payment cannot redraw or repay it (4.6443ms)
✔ bounded complete drover and cart transforms remain positive and finite (222.6719ms)
✔ rope grasp shares the actual coil frame, with connected upper and lower arms (10.4314ms)
✔ feet and four cart wheel rims meet actual terrain at both existing sites (1.7918ms)
✔ short cart shafts stay clear of the established gathering cloth approach (0.4389ms)
✔ cart shafts cannot pass through Fenna at either existing waiting or delivered stance (28.1395ms)
✔ sampling has no hidden clock, and reduced motion holds a connected complete pose (9.2463ms)
✔ entry requires resolved delivery and physical field table; unpaid arrival is eligible (35.7157ms)
✔ table and all marks have real connected, walkable approaches (318.2841ms)
✔ no pre-accept backfill; each accepted physical observation occurs once (7.9328ms)
✔ table comparison rejects missing clues, obstructed or distant approach and malformed bearings atomically (28.1878ms)
✔ axis 0 and honest old-road preserve every reward and earlier system (4.5026ms)
✔ axis 0 and honest waterworks preserve every reward and earlier system (4.3751ms)
✔ axis 180 and honest old-road preserve every reward and earlier system (4.2024ms)
✔ axis 180 and honest waterworks preserve every reward and earlier system (3.7782ms)
✔ each accepted, partly observed, compared and recorded stage survives reload (6.1425ms)
✔ schema8 migration preserves unpaid delivery and all prior fields at XP boundaries without changing input (8.1673ms)
✔ missing, future, unknown and inconsistent notes refuse without erasing state (4.6043ms)
✔ array-coerced interpretation cannot masquerade as a stable ID in a completed save (1.4196ms)
✔ inspection and declined job create no progress; acceptance needs kit and proximity (33.9761ms)
✔ every task uses supported reachable Earth ground (1332.8825ms)
✔ mill prerequisites and timber cost are atomic and charged once (5.3812ms)
✔ mill completes with one finite payout and no gear, XP or chapter changes (2.4841ms)
✔ quarry completes with one finite payout and no gear, XP or chapter changes (4.5976ms)
✔ detour completes with one finite payout and no gear, XP or chapter changes (5.385ms)
✔ quarry and detour never consume personal materials; both observations precede lane marking (1.1848ms)
✔ full ore refuses entire payout and preserves completed entitlement (4.9738ms)
✔ full coins refuses entire payout and preserves completed entitlement (1.8683ms)
✔ full fiber refuses entire payout and preserves completed entitlement (2.1248ms)
✔ all durable stages survive canonical reload with no implicit rewards or reacceptance (8.4106ms)
✔ schema7 migration preserves banked XP and every older canonical field without mutating input (8.2056ms)
✔ current-schema missing, future and inconsistent story state refuses instead of erasing (5.5699ms)
✔ other improvements remain available after claim without replaying delivery or payment (1.7867ms)
✔ new trail marker does not steal the existing Lantern Pier interaction radius (7.8919ms)
✔ orchard and ridge approaches connect the lake to Bellweather west road (137.6358ms)
✔ entry saves exact lake checkpoint and transient Earth room never becomes persisted position (15.1042ms)
✔ travel refusal and scene failure are atomic (3.8134ms)
✔ stale character, revision, position and cancellation cannot enter (1.4239ms)
✔ fall recovery uses supported entry and return works from the far road (2.259ms)
✔ height-aware surface pick accepts ground and refuses watercourse, solids and sky (19.1039ms)
✔ manual movement slides without crossing unsupported segments (24.8349ms)
PASS deep-frozen finite catalogue and branch allocations
PASS stable finite IDs, physical anchors, and required ordered DAG
PASS only optional missing world ledger migrates to fresh
PASS all story subsets enforce real prerequisites, allocation, acceptance and claim
PASS patrol accepted identity is exactly lastClaim plus one and follows its own DAG
PASS progress exposes only reachable next actions and both physical choices without mutation
PASS required binding validates canonical owned weapons, exact shape and paired nulls
PASS bonus follows selected equipped weapon and never mutates HP, sockets or old fittings
PASS enemy catalogue is accepted-phase/run-qualified and never a legacy payout
PASS Core contract either fails closed before integration or saves before live adoption
{"status":"passed","checks":10,"method":"pure schema/topology/bonus and explicitly labelled adversarial fixtures; physical production journey separate"}
✔ tests\earth_expedition.test.cjs (171.3347ms)
✔ orchard worksite crossing preserves outer save checkpoint and returns to the orchard (23.9501ms)
✔ initial kit and physical orchard arrival are required; the scene cannot bypass old chapter gates (2.5413ms)
✔ worksite travel write and construction failures preserve the exact active source (4.4453ms)
✔ worksite preview rejects stale identity, source revision, source position and simulation (5.0487ms)
✔ river exit only returns to Earth for an active Earth trip; the old workshop route is unchanged (0.7104ms)
✔ a completed unclaimed survey, class cooldown and companion survive both route boundaries (3.2884ms)
✔ death recovery from the connected worksite clears all transient route state (1.0219ms)
✔ browser return protocol rolls back failed construction with live encounter state intact (2.3664ms)
✔ Oren supplies earned through the orchard persist without consuming ordinary materials (3.1453ms)
✔ Earth scenery cannot overlap walking ground or the close third-person camera corridor (26.1992ms)
✔ Cosmos invitation labels belong only to the valley, never Earth or the riverbank (1.4244ms)
✔ captured terrain, field random sequence, static scenery, camera solids and bridge remain byte-identical to PR33 (29.9797ms)
✔ nine bounded tapering rock sections dress thirty-six actual grass strips in the existing batch (13.2384ms)
✔ upper rock seam matches every transformed grass underside rather than canonical edge height (14.2813ms)
✔ orthogonal positive bases preserve renderer normals without a shear shortcut (8.9302ms)
✔ every actual slope vertex stays outside ground below the lip and within measured endpoint margin (18.0401ms)
✔ actual non-cap faces have outward normals and never create a horizontal walking shelf (33.0984ms)
✔ actual adjacent cap planes retain overlap at every exposed height, not only the top endpoints (7.181ms)
✔ near-edge road movement and old task approaches survive while outside ground and picking stay refused (65.9537ms)
✔ projection never mutates its source strips and is independent of simulation time or task state (8.9711ms)
✔ isolated global/CommonJS expose only the pure API and recursively frozen authority data (4.136ms)
✔ extension IDs appear exactly once and installed production retains the physical contract (10.5616ms)
✔ broad connected floor footprint and all solids are finite, bounded and supported (16.698ms)
✔ all intended legs and old routes use the actual production full-radius support/solid rules (28.291ms)
✔ bridge crosses a real four-metre river gap with open centered approaches (12.6539ms)
✔ root passage and enemy side pockets preserve free return routes and supported reading/support anchors (6.6852ms)
✔ deterministic bounded tier geometry never changes frozen physical data or accesses state (24.6048ms)
✔ actual submitted mesh transforms are finite, positive, orthogonal and supported-kind compatible (259.8572ms)
✔ every ground-detail vertex rests on actual land and low roots remain within parent clearance (584.908ms)
✔ actual opaque mesh envelopes clear every full-body route and task/NPC/encounter anchor (2842.2529ms)
✔ branches intersect their parent and actual crown volume, with a bounded existing shader envelope (5.6174ms)
✔ overlapping opaque crowns form connected rest silhouettes instead of detached floating clusters (3.5874ms)
✔ overhead crown and shelter parts follow cutaway while collision/camera authority is unchanged (25.8835ms)
✔ schema 9 migrates non-destructively with an unaccepted invitation (9.1589ms)
✔ missing current record and forward schema are refused (1.117ms)
✔ arrival not payment opens the invitation (33.4119ms)
✔ supported places are reachable by actual pathfinder (3.4619ms)
✔ all arrangements complete silently without economy, score or campaign changes (6.8792ms)
✔ early or unknown actions change nothing (2.8324ms)
✔ prototype and non-string choices are refused atomically (7.0263ms)
✔ completion cannot be repeated after receipt eviction (2.5669ms)
✔ changed terms cannot reuse an accepted command identity (44.6624ms)
✔ paused, fallen and revision-saturated characters cannot progress (10.6019ms)
✔ malformed durable combinations do not load (0.7788ms)
✔ original arrangements are deterministic, finite, stereo and bounded (642.1014ms)
✔ full schema9 world migration preserves unpaid delivery, personal creations and every XP boundary (12.9359ms)
✔ native character library migrates each world without sharing the table memory (3.5589ms)
✔ forward adventure saves stay refused by native storage and leave exact bytes intact (4.5993ms)
✔ the actual drawn tabletop is reachable and supports the gathering interaction (3.0832ms)
✔ prepared cloth and the actual Earth tabletop share one reachable location (11.257ms)
✔ silent completion: mill; cloth→lantern→stand (21.4999ms)
✔ silent completion: mill; cloth→stand→lantern (1.3809ms)
✔ silent completion: mill; lantern→cloth→stand (1.3732ms)
✔ silent completion: mill; lantern→stand→cloth (0.7436ms)
✔ silent completion: mill; stand→cloth→lantern (0.9685ms)
✔ silent completion: mill; stand→lantern→cloth (1.2461ms)
✔ silent completion: quarry; cloth→lantern→stand (0.6418ms)
✔ silent completion: quarry; cloth→stand→lantern (0.6345ms)
✔ silent completion: quarry; lantern→cloth→stand (1.0987ms)
✔ silent completion: quarry; lantern→stand→cloth (1.0106ms)
✔ silent completion: quarry; stand→cloth→lantern (1.1414ms)
✔ silent completion: quarry; stand→lantern→cloth (0.6271ms)
✔ silent completion: detour; cloth→lantern→stand (0.5436ms)
✔ silent completion: detour; cloth→stand→lantern (0.8867ms)
✔ silent completion: detour; lantern→cloth→stand (0.5239ms)
✔ silent completion: detour; lantern→stand→cloth (0.4767ms)
✔ silent completion: detour; stand→cloth→lantern (0.9168ms)
✔ silent completion: detour; stand→lantern→cloth (0.5181ms)
✔ new table never captures unpaid-delivery interaction on the overlap edge (0.9003ms)
✔ finished preparation relinquishes its contextual interaction (0.4999ms)
✔ arrival is a boolean fact, not arbitrary truthy data (0.1203ms)
✔ missing arrival cannot grant invitation (0.05ms)
✔ invalid choice refuses without mutation: null (0.8509ms)
✔ invalid choice refuses without mutation: 1 (0.5309ms)
✔ invalid choice refuses without mutation: ["mill"] (0.4173ms)
✔ invalid choice refuses without mutation: {} (0.4032ms)
✔ invalid choice refuses without mutation: "constructor" (0.6981ms)
✔ invalid choice refuses without mutation: "__proto__" (0.3945ms)
✔ invalid choice refuses without mutation: "unknown" (0.3459ms)
✔ distant or wrong-scene acceptance cannot mutate state (0.1953ms)
✔ distant or wrong-scene acceptance cannot mutate state (0.1279ms)
✔ distant or wrong-scene acceptance cannot mutate state (2.7528ms)
✔ impossible saved gathering is refused (0.3502ms)
✔ impossible saved gathering is refused (2.6481ms)
✔ impossible saved gathering is refused (0.206ms)
✔ impossible saved gathering is refused (0.2974ms)
✔ impossible saved gathering is refused (0.0916ms)
✔ stop is safe even when an audio node already disconnected (306.7706ms)
✔ suspended context starts no source until resume succeeds (295.5943ms)
✔ stopping while resume is pending prevents late music (1.7198ms)
✔ a newer preview cannot be replaced by an older resume completion (291.1304ms)
✔ denied resume resolves false with no source or unhandled rejection (0.7653ms)
✔ failed source startup cleans every newly created node (308.6956ms)
✔ owner eligibility is rechecked after a delayed resume (0.7309ms)
✔ an ended callback from an old source cannot stop new audio (464.1929ms)
✔ deterministic, finite, stereo music: mill (138.4838ms)
✔ deterministic, finite, stereo music: quarry (106.5202ms)
✔ deterministic, finite, stereo music: detour (110.8796ms)
✔ all five trails distinguish unaccepted, active, ready and claimed saved facts (29.2702ms)
✔ eligible work lists preparations, never a later locked encounter or optional work as required (2.6828ms)
✔ one realm can retain a once-only trail and a separate repeat survey run without merging fees (1.9492ms)
✔ unpaid completion stays ahead of other work and paid trails have no next action (0.7336ms)
✔ journal and road statuses remain pure and never construct an escort actor (3.9863ms)
✔ home journal retains exact fees, giver, progress and explicitly separate survey identity (1.125ms)
✔ empty journal gives a deliberate road entry and preserves campaign ordering below it (0.6995ms)
✔ claim control is absent before completion and present only at the actual ready giver (1.7054ms)
✔ survey claim control also requires its own complete current run at the correct separate giver (1.9863ms)
✔ a recorded or prerequisite-locked dry route refuses stale controls without walking (2.2327ms)
✔ a route uses the restored current simulation, refusing a previous character trail id (1.3545ms)
✔ water, air-court and escort routes give guidance without impossible dry walks (0.6638ms)
✔ available-action map legend routes dry work but names gallery controls instead of walking underwater (1.2821ms)
✔ Road marker navigation uses the current realm return point and refuses unrelated or wet rooms (0.8191ms)
✔ road cards show claimed trails and current repeat runs as distinct records (0.4869ms)
✔ gate lift is a pure projection of the existing saved repair (4.6194ms)
✔ five separated timber planks have positive connected transforms and vertical grain (1.7177ms)
✔ jammed and repaired hardware differ without becoming navigation or camera authorities (0.8806ms)
✔ rack stays engaged with the fixed pinion in both leaf positions (0.7075ms)
✔ fixed frame stays around the established bank anchor with three mapped members (0.8988ms)
✔ gate projection remains bounded to 29 moving parts and five timber instances (0.3062ms)
✔ Ansel keeps the exact Earth resident anchor and excludes navigation/camera ownership (8.8041ms)
✔ bounded body and tool transforms remain finite and positive through the full work cycle (49.4099ms)
✔ both hands belong to the actual square frame throughout inspection (1.0635ms)
✔ proper 3D segments connect both elbows, hands and legs without cross-body gaps (0.5164ms)
✔ feet meet the supplied ground and the square has a real right angle (0.3779ms)
✔ pure sampling changes only with supplied time and reduced motion keeps one complete stance (3.1734ms)
✔ creative presentation tick preserves sandbox blueprint and grid (20.1346ms)
✔ creative tick still clears its own stale playing and room-selection fields (8.7872ms)
✔ selected slot and active music never replace another presentation owner (17.2086ms)
✔ placement confirmation stays disabled before a tile is selected (2.8185ms)
✔ explicit survey acceptance uses kit and the next expected sequence (24.4344ms)
✔ older saves acquire empty project data without changing XP or creative work (21.1003ms)
✔ a pin is a persisted attainable choice, not ownership or campaign consent (3.5965ms)
✔ guide projects real craft sources and honest comparisons for an unowned weapon (0.9884ms)
✔ next-step preview resolves the Ashwood prerequisite separately from the longbow target (1.1577ms)
✔ each prerequisite and target preview matches the actual craft then deliberate equip (14.9318ms)
✔ next-step forge and both finite fittings match accepted commands without spending during preview (2.8268ms)
✔ unequipped bow fitting preview keeps distinct sockets, health and Oren temper (1.3955ms)
✔ finished, uncraftable and invalid project IDs have no invented next step (1.4103ms)
✔ repeated immutable next-step previews keep XP, all history, cost, vitals and selected socket unchanged (17.7133ms)
✔ Oren comparisons explicitly use current XP and do not project or award the separate XP reward (16.6423ms)
✔ survey cannot be accepted remotely or before kit, and failed start is atomic (6.9374ms)
✔ survey temporarily owns encounters without replaying the once-only quest (2.6225ms)
✔ accepted sample events require run identity, proximity and once-per-run ownership (6.4467ms)
✔ actual defeat progresses the active run but creates no story defeat, cache or XP (1.5572ms)
✔ each deliberate completed run pays once, including after reload and receipt eviction (4.8653ms)
✔ changed request IDs cannot claim an incomplete run or a stale entitlement (2.1675ms)
✔ full ore refuses the entire claim and preserves earned entitlement (2.0326ms)
✔ full coins refuses the entire claim and preserves earned entitlement (1.7302ms)
✔ full fiber refuses the entire claim and preserves earned entitlement (1.4427ms)
✔ finite fittings consume whole costs, keep equipped identity and preserve sockets (1.9465ms)
✔ invalid, distant, out-of-order and missing-cost fittings never partly spend materials (2.7849ms)
✔ improving an unequipped bow never equips it or changes the equipped socket (0.3681ms)
✔ fittings affect both real damage paths and leave obstruction rules intact (7.0066ms)
✔ present malformed ledgers refuse import instead of resetting paid history (3.992ms)
✔ Darric remains at the supported existing anchor beside the real collection approach (6.5373ms)
✔ complete actor and actual tool matrices remain finite positive and bounded across every stage (139.2484ms)
✔ both gloved hands meet the real resting handle through every pose and stage (7.7007ms)
✔ full 3D limb bases connect submitted endpoints instead of rotating only in one plane (14.7305ms)
✔ transformed soles meet canonical shallow ground within six millimetres (0.6815ms)
✔ actual actor and mallet volumes clear collection stance sign and reserved blocks at pose extremes (99.0455ms)
✔ actual mallet head clears body boxes and conservative round bounds through the full posing cycle (735.5475ms)
✔ three stable individually tallied blocks project release only and twelve flush stones project packing only (15.2125ms)
✔ pure pose uses only supplied simulation time and reduced motion freezes each complete stage (29.8613ms)
✔ the pure API owns the nine retained points and two Elderweald residents, with unchanged names and deeply frozen profiles (1.8328ms)
✔ actual production mesh vertices are finite, supported and bounded through real ground height and yaw (526.315ms)
✔ the exact actor meshes stay on current patches and clear authoritative nearby solid boxes (415.368ms)
✔ actual beam mesh endpoints connect the named limb and tool joints under root transforms (36.8219ms)
✔ each useful tool actually touches its holding palm and has a supported component graph (18.538ms)
✔ Calen alone has source-backed folded wings joined to the real cloak surface and clear of hands and head (47.5148ms)
✔ material combinations, clothing silhouettes and tools are distinct without assigning game classes or ancestry (2.901ms)
✔ repeated time samples are pure, idle never walks or works, and pause/reduced motion are quiet (117.293ms)
✔ unknown people, invalid anchors or output refuse before any partial mutation (0.6295ms)
✔ adventure 10 and missing optional trails preserve all ten XP boundaries and source input (53.6575ms)
✔ current/future schemas refuse missing fields, foreign steps and impossible histories (28.3115ms)
✔ trail acceptance and realm fitting require their cross-owner earned histories on import (3.088ms)
✔ acceptance requires the kit, correct realm, physical giver and living dry character (7.0251ms)
✔ malformed transient XZ and depth cannot qualify a physical trail action (7.417ms)
✔ accept/step refusal from throwing or unavailable persistence changes no live state (8.2975ms)
✔ supply preparation is physical, dependency-checked and grants nothing before claim (23.1211ms)
✔ wet readings need actual depth/body medium and cannot be recorded on the overhead deck (10.9831ms)
✔ Bellglass chart works in the actual air court and wrong choices are costless refusals (9.487ms)
✔ each material slot and currency limit refuses the whole declared claim, then exact capacity succeeds (85.7964ms)
✔ claim validates/saves the full paid candidate before applying it and retains live owner objects (15.8805ms)
✔ claim clamps XP at 9999 without replacing the retained five-level curve (7.3178ms)
✔ partial, ready and paid records survive snapshot/reload without accepting or paying again (6.1673ms)
✔ a real in-memory character Store makes quota refusal atomic and pays one saved entitlement (6.4188ms)
✔ a missing saver refuses claim and fitting without recording a false durable success (6.5417ms)
✔ managed Store writer and changed-source refusals preserve the complete unpaid trail (12.2628ms)
✔ independent character worlds keep trail claims and the fitting entitlement separate (4.6844ms)
✔ a fitting requires claimed work, an outdoor bench, life, an owned weapon and complete cost (176.2687ms)
✔ finite fitting spends only after persistence and adds exactly three to the selected equipped blade (4.8549ms)
✔ fitting an unequipped canonical bow never equips it and the one global spend excludes another weapon (5.352ms)
✔ returning finite starter/river work, ruby, pinned project, banked XP and weapon behavior survive fitting (19.9933ms)
✔ accepted Atlantis pages are readable at home and from another realm after cold reload (8.646ms)
✔ all legal Southern progress snapshots emit bounded supported kinds and finite positive production matrices (72.0091ms)
✔ appearance projects acceptance and each true step; the packed job appears only after all supplies and packing (4.3073ms)
✔ Bellglass reveals separate recorded readings, corrected layered chart and fitted marker without erasing the older scale (4.4273ms)
✔ actual Earth mesh feet stay on canonical ground and clear walking, task and giver body envelopes (347.0581ms)
✔ actual Bellglass full meshes clear the complete XYZ visitor route, dive blockers and step bodies (35.2748ms)
✔ desk, inclined layered chart, suspended gauge and bed-mounted feet meet their real supports (4.6489ms)
✔ bed, court and suspended-gauge support heights agree with the actual generic scene writer (5.4856ms)
✔ South work geometry is static across pause, time, reduced motion and both camera settings; all input data stays unchanged (22.1463ms)
✔ real trail commands leave the chart unconnected after wrong choice or refused save, then project a committed correction (17.3463ms)
✔ six northern and Cosmos projections retain pinned base output without depending on Git history (3.0012ms)
✔ browser global and CommonJS preserve the original interface and add no foreign global authority (1.3699ms)
✔ one stable finite definition has supported schema and exact declared payment (2.5646ms)
✔ every nested catalogue value is immutable, including target anchors (0.7951ms)
✔ instrument readings follow the actual authored XZ anchors and strict finite scale (0.9966ms)
✔ both optical targets agree with geometry actually submitted by CosmosArt (53.8801ms)
✔ giver and all three actions use actual dry floor, radius clearance and line access (1.076ms)
✔ complete out-and-back circuit follows production segments with dense radius-safe samples (21.5476ms)
✔ data loading and browser export do not invoke save, simulation, reward or art authority (7.7337ms)
✔ two real sight stations expose earned comparator preview without mutating the world (382.6271ms)
✔ misaligned, absent, remote, nonfinite and out-of-scale calibration cannot record or spend (134.2883ms)
✔ unrecorded dial resets on cold reload; recorded values, prerequisites and once-only claim survive (844.8542ms)
✔ save refusal leaves an aligned physical comparator retryable and its earned state unchanged (82.1231ms)
✔ import refuses fabricated instrument histories while preserving source objects (10.0047ms)
✔ north trails: exact frozen catalogue contract and distinct persistent namespaces (7.835ms)
✔ Heaven: three independent relay actions, optional real opening and post-defeat physical repair (0.6772ms)
✔ Hell: all route safety is required; actual ally arrival follows separate defeat and explicit invitation (0.5059ms)
✔ graph guard detects cycles, unknown prerequisites, optional completion gates and encounter mismatch (2.2847ms)
✔ heaven: production ground, exact collision and navigation provide every action a giver/home return (1407.119ms)
✔ heaven: production accepted movement physically walks ordered work and freely returns home (291.0142ms)
✔ hell: production ground, exact collision and navigation provide every action a giver/home return (2667.1388ms)
✔ hell: production accepted movement physically walks ordered work and freely returns home (421.3086ms)
✔ Hell: supported escorted macro route uses a real culvert detour and remains within Refuge at its endpoint (188.4469ms)
✔ catalogue is deterministic inert data in browser and CommonJS hosts, with no save/scene/reward effects (4.6262ms)
✔ acceptance needs the correct realm, initial kit and physical giver; inspecting/failed actions remain inert (46.0141ms)
✔ interactions require actual proximity and all DAG preparations; combat/escort steps cannot be clicked complete (15.1393ms)
✔ strict escort history rejects impossible arrival/checkpoint records while legacy saves migrate without trail credit (2.4135ms)
✔ story death accepts only the current actual zero-HP actor; replay has no legacy loot or payout (56.1531ms)
✔ Heaven closed bearing records no hit; actual pulse recovery is 1.8 and preparation changes a later real opening to 2.6 (13.1191ms)
✔ same-room story roster update preserves current enemy HP/intent, real arrow, companion, effects and invincibility (156.2929ms)
✔ missing or refused durable combat saver cannot manufacture a defeat; successful retry records it once (48.8678ms)
✔ real Neris waits for distance and explicit wait/follow; player-only arrival cannot finish rescue (268.6654ms)
✔ actual ordinary sentinel death stops escort; cold reload/revive resumes durable safe checkpoint and owns a fresh actor (111.2862ms)
✔ refused checkpoint save stays retryable; actual arrival can only be adopted after saver accepts (35.6451ms)
✔ explicit assisted extraction is distinct, actual Refuge placement and save-atomic; completion survives unpaid reload (14.8307ms)
✔ ready claim is physical, atomic, once-only and retained on capacity/save refusal and cold replay (38.1055ms)
✔ finite fitting preserves selected identity, actual prior socket, validated prior pursuit bonus and global once limit (52.5001ms)
✔ both terms are deeply frozen and browser/CommonJS exports agree without mutable service access (4.5919ms)
✔ stable terms, finite step topology and choice references match the approved data contract (0.6364ms)
✔ givers retain current canonical point ownership and every dry step has supported collision-free ground (6.0408ms)
✔ the complete dry circuit follows real supported segments and stays outside the optional foe detection radius (162.5927ms)
✔ underwater and air-court anchors agree with actual full-body clearance and character medium (84.6132ms)
✔ production depth movement reaches every new anchor through the real doorway and east lane, then exits (31.513ms)
✔ the material claim supports an existing recipe without a new item, resource node or weapon stat (0.5228ms)
✔ labels distinguish job supplies, physical depth, protected history and finite claimed materials (0.3903ms)
✔ horizontal reflection keeps every point on its plane fixed (1.1313ms)
✔ reflection applied twice restores a point (0.2702ms)
✔ actual render matrix keeps contact UV invariant at many view angles (2.7837ms)
✔ reflected height changes vertical position but not lateral direction (0.2633ms)
✔ regression specimen detects the previous reflected-lookAt defect (0.2078ms)
✔ non-finite reflection height is rejected (0.3185ms)
✔ road defaults are distinct records and start without progress (5.5551ms)
✔ all route destinations are on terrain; river and trunks are obstacles (8.2347ms)
✔ visibility rejects invalid endpoints, extreme inputs, and water crossing (1.1711ms)
✔ consistent completed road validates and all objectives complete (0.7294ms)
✔ unearned and duplicate facts are rejected rather than reset (0.7081ms)
✔ road validation requires story, companion, and encounter prerequisites (0.2668ms)
✔ world05 migrates without changing any prior creative/sandbox fields (15.5586ms)
✔ all supported previous schemas migrate without road wins (7.3308ms)
✔ adapter migration writes new key and leaves previous key unchanged (1.945ms)
✔ gate refuses unfinished chapter without mutation (11.6832ms)
✔ gate refuses remote and wrong-scene entry (7.961ms)
✔ earned gift allows entry and preserves exterior restart (1.8748ms)
✔ normal road return is restricted to southern gate (2.3524ms)
✔ road save reopens safely outside with progress retained (24.2584ms)
✔ all map landmarks and encounter origins walkable (0.5121ms)
✔ river blocks nonbridge crossings and rejects nonfinite coordinates (0.478ms)
✔ boulders cart tower and trunks all participate in collision (0.2769ms)
✔ path crosses bridge instead of cutting across water (22.1743ms)
✔ dodge does not tunnel through the river (2.0837ms)
✔ new encounters do not enable village combat (3.8213ms)
✔ melee cannot hit through solid road geometry (4.0982ms)
✔ Seek needs bonded Follow fox and a nearby discoverable scent (4.8275ms)
✔ discovery only occurs after physical path travel (21.1649ms)
✔ Stay cancels pending scent without issuing discovery (46.9291ms)
✔ leaving cancels scent instead of revealing cache remotely (3.1932ms)
✔ unrevealed distant or already claimed cache refuses without mutation (9.8651ms)
✔ cache overflow keeps balances and unclaimed discovery (2.1182ms)
✔ cache retry does not duplicate rewards (2.1106ms)
✔ repair needs latch prowler ore and proximity (5.3176ms)
✔ repair charges exactly once under any command id (2.1029ms)
✔ shop refuses unopened remote and wrong-scene trades (5.6572ms)
✔ tonic purchase obeys cost capacity and idempotency (2.0118ms)
✔ changed trade offer under same id is refused (2.7575ms)
✔ unique mantle costs 18 and can be equipped not repurchased (2.1875ms)
✔ insufficient currency preserves equipment and balance (24.1142ms)
✔ copper sale exact and bounded (2.7259ms)
✔ sunberry sale consumes actual sandbox garden produce (15.3925ms)
✔ unknown trade never falls through to an offer (4.1147ms)
✔ pause freezes scent movement and time and refuses actions (4.5457ms)
✔ charge direction locks during windup rather than tracking evasion (31.4412ms)
✔ charge sweep respects banks and hits at most once per charge (36.6143ms)
✔ leaving charge lane avoids damage (4.473ms)
✔ path follower routes around rock and never enters it (8.5408ms)
✔ fox on invalid ground explicitly recalled rather than stranded (2.0698ms)
✔ beacon requires three encounters and only rewards once (6.815ms)
✔ return reward requires cart beacon and actual spring (5.0243ms)
✔ new equipment and chapter facts survive round trip (4.2027ms)
✔ inconsistent completion duplicate IDs and hidden cache claims reject (4.495ms)
✔ invalid nested road data refuses rather than silently resetting (0.4411ms)
✔ road defeat permits explicit recovery without erasing quest or inventory (1.2823ms)
✔ sandbox starts empty except four seeds and round trips (27.9897ms)
✔ all village resource nodes have a walkable approach (1.5162ms)
✔ rejected gather leaves inventory and resource unchanged (1.7233ms)
✔ wood takes four hand swings and yields five timber once (64.1951ms)
✔ cooldown rejects fast repeated swings without damage (1.2244ms)
✔ axe reduces timber harvest to two swings (0.9646ms)
✔ fibre supplies actual resource and one seed (0.5969ms)
✔ resource reappears after active time, not clock slider (133.4562ms)
✔ pause stops regrowth (0.9078ms)
✔ craft atomically consumes exact recipe and produces count (2.016ms)
✔ insufficient recipe never partially consumes (0.9195ms)
✔ advanced tool requires proximity to workbench (0.5527ms)
✔ inventory capacity refuses complete recipe before debit (0.3331ms)
✔ old accepted command cannot be replayed after save reload (1.172ms)
✔ old refusal is stable inside bounded deduplication window (0.3708ms)
✔ deduplication ledger is bounded and validated (2.1078ms)
✔ unknown and prototype inventory properties are refused (0.3988ms)
✔ forged negative or non-finite counts are refused (0.2434ms)
✔ forged bridge and resource rosters are refused (0.1556ms)
✔ bridge is gated until paid repair (0.8101ms)
✔ unlocked bridge has a route to the homestead and back (45.1395ms)
✔ all frontier resources have an accessible approach after repair (0.6608ms)
✔ crystal requires the crafted pick (0.4573ms)
✔ building only in marked bounds and within reach (0.7901ms)
✔ a block on the player is refused without consuming inventory (0.5164ms)
✔ gold lane admits deck but rejects blocking wall (1.3315ms)
✔ actual building changes pathfinding and reclaim restores it (1.8717ms)
✔ deck and block layers may coexist; stone stacks to three only (8.2105ms)
✔ reclaim returns exactly the topmost crafted item (1.8582ms)
✔ different furniture cannot overlap the same occupied layer (1.823ms)
✔ unsupported stacks and duplicate layers fail import (18.9776ms)
✔ construction cannot trap a player in a closed enclosure (37.7243ms)
✔ harvest follows plant, water, growth, then yields food and seeds (19.8226ms)
✔ growing bed cannot be recycled to silently lose crop state (1.0185ms)
✔ placed workbench unlocks workbench recipes locally (1.2591ms)
✔ save on unlocked shore preserves player, crops and builds (4.0855ms)
✔ version-three save migration preserves creative data, starts clean inventory (0.955ms)
✔ migration never overwrites earlier storage key (1.3059ms)
✔ invalid bridge-state save cannot place player beyond locked crossing (0.6338ms)
✔ sandbox rejects gameplay in interiors (0.855ms)
✔ an oversized delta cannot fast-forward the sandbox (1.022ms)
✔ a full end-to-end milestone fixture is consistent and restorable (23.6688ms)
✔ isolated browser and CommonJS export only the pure four-function API (7.6282ms)
✔ actual displacement drives stride independently of subdivision, speed and chase intent (16.4612ms)
✔ stopping holds phase, settles legs, and repeated samples do not fabricate motion (4.6293ms)
✔ long pauses freeze the full drawable pose and consume skipped placement (19.491ms)
✔ scene/teleport/clock resets are isolated from source samples (0.7983ms)
✔ only actual windup with finite authoritative duration produces the crouched tell (1.2374ms)
✔ recovery uses actual remaining duration to settle the head without implying success (0.4321ms)
✔ reduced motion keeps six-leg gait and authoritative tell but suppresses bob (0.4141ms)
✔ six jointed legs use tripod phases, fixed bone lengths and visible swing clearance (18.3088ms)
✔ actual emitted meshes remain above supplied ground, finite, positive and bounded (1523.9674ms)
✔ all actual leg skins meet shared anchors at ordinary/named scales and floor/yaw changes (14.0044ms)
✔ hips, plates and named spine roots attach inside the actual convex carapace (1.8658ms)
✔ named scale occurs exactly once and unchanged original body envelope is preserved (0.4363ms)
✔ confirmed flash color and recoil come only from caller feedback, leaving joints and rules untouched (0.4886ms)
✔ fresh motion/pose/parts and draw preserve all input and existing output records (0.8094ms)
✔ malformed placement, recoil or mismatched named pose refuses before output mutation (1.0564ms)
✔ the original immutable room profiles are separate from state and services (3.5308ms)
✔ five roads and actual Atlantis body medium have honest distinct atmosphere (0.4183ms)
✔ quiet state is driven by pause hidden page or actual death while retaining profile identity (0.224ms)
✔ only living visible daytime outdoor Earth can chirp; no birds underground or in cosmic realms (0.4531ms)
✔ bounded graph creates exactly one noise loop and three voices connected only to its own bus (4.8118ms)
✔ room transitions schedule a new local mix once, with no per-frame allocation or master mutation (2.1445ms)
✔ pause and hidden changes fade the bus without stopping or replacing composed music master (1.3751ms)
✔ bird cadence requires continuous elapsed frames and never backfills through reload or hidden gaps (2.2354ms)
✔ disposal retires every owned loop and connection once and fences later updates (2.0975ms)
✔ profile projection does not change caller state or allocate audio authority (0.783ms)
✔ reward blade and bow use actual equipment material in world geometry (38.7756ms)
✔ named warning geometry includes the exact rule-defined strike radius (5.981ms)
✔ riverbank rendering enables existing outdoor water and matches collision obstacles (4.971ms)
✔ new quest state is explicit, versioned and round trips (4.6655ms)
✔ version-five adventure migrates without altering existing campaign or creative data (7.113ms)
✔ all banked XP boundaries retain XP and the existing five-level curve (13.8082ms)
✔ acceptance requires kit and actual Oren proximity without campaign consent (23.4704ms)
✔ acceptance is one explicit event and survives cold reload (2.4649ms)
✔ pre-acceptance pocket has no quest kills or pickups to backfill (2.1197ms)
✔ room dispatch and each objective use real collision-valid routes (35.8232ms)
✔ each bundle is unique, proximity checked and never spends ordinary materials (8.5207ms)
✔ named defeat can precede bundles and stays resolved after returning/re-entry (2.3844ms)
✔ incomplete, distant and unknown-reward turn-ins refuse atomically (6.2583ms)
✔ full currency capacity preserves every objective and reward for retry (1.3186ms)
✔ oren_sunblade is awarded once, deliberately equipped, and saved with correct mechanics (2.0419ms)
✔ oren_reedbow is awarded once, deliberately equipped, and saved with correct mechanics (1.3252ms)
✔ single veteran temper preserves weapon identity, socket, cadence and health (0.8513ms)
✔ temper refuses unknown, unowned and armor targets without a partial payout (8.6537ms)
✔ new bow really launches primary and piercing projectiles with costs and hit events (7.0698ms)
✔ practice target supports blade and yields no XP, loot, coins or quest progress (1.0232ms)
✔ new equipment keeps independent removable socket and validates after reload (2.4581ms)
✔ named tell locks aim and allows both a guarded hit and a movement response (13.1115ms)
✔ save validation rejects impossible quest state and reward combinations (4.028ms)
✔ kit blade sees the actual ordinary tell and Brace halves its resolved hit (121.0362ms)
✔ fresh bow sees the actual ordinary tell and Brace halves its resolved hit (103.4777ms)
✔ movement away from the locked ordinary aim avoids its actual impact with the kit (14.5833ms)
✔ fixed ordinary health stays easy for stronger gear without scaling or changing banked XP (42.7265ms)
✔ ordinary fights stay optional and named threat, rewards, cooldown and weapon distinctions retain their rules (1.2486ms)
✔ both decoded maps are required; scene clear neither cancels nor reloads engine maps (10.8142ms)
✔ missing maps and incompatible contracts stay usable with untextured fallback (39.0902ms)
✔ PNG payload type and grayscale header are checked before decoding (4.2223ms)
✔ decode errors and wrong decoded dimensions cancel peers and stale completions (3.2782ms)
✔ failed uploads free temporary maps and restore shared texture/unpack state (3.1352ms)
✔ map-only disposal invalidates in-flight completions and deletes only owned ready textures (3.6747ms)
✔ two engines independently own their decoders and uploaded maps (25.8773ms)
✔ context loss invalidates images and maps with no restoration or later upload (3.8807ms)
✔ timber shares exact box geometry and collision extent with complete grain-oriented face UVs (2.9615ms)
✔ material flags stay per batch; reflection uses material while depth and cutaway retain their scope (3.4953ms)
✔ unstarted, absent, unknown and unowned equipment produce no gear (96.3031ms)
✔ read-only attachment summary reports exactly the rendered grip and actual markers (75.298ms)
✔ a command-earned kit is held at the right palm through actual root yaw and terrain height (7.2125ms)
✔ curved bow grip and both string segments attach to the two moving palms (7.9386ms)
✔ ordinary travel stows blade at hip and bow at back without hand-held copies (50.2197ms)
✔ each catalogue weapon preserves its own colour, gem, fittings and separate Oren temper (269.9791ms)
✔ markers project only the selected weapon rather than another owned weapon (4.8397ms)
✔ family silhouettes differ within a bounded traveller scale (27.3296ms)
✔ blade anticipation, recovery and guard keep the grip connected while changing orientation (4.9876ms)
✔ reduced motion keeps essential palm connections without phase-driven blade flourishes (8.7432ms)
✔ all equipment transforms stay finite, orthogonal and under forty instances (54.4252ms)
✔ read-only rendering does not create runtime, commands, effects or arrows (5.8615ms)
✔ gathered and command-crafted bow projects the actual equipped item (93.2585ms)
✔ finite realm collars preserve prior markers and follow the actual blade or curved bow segment (324.2156ms)
✔ queued release joins the actual full windup pose, including submitted blade axis (45.2211ms)
✔ direct accepted strikes start at ready and never fabricate a prior windup (1.1397ms)
✔ a bounded cut has intermediate poses and settles without a phase-boundary jump (8.4311ms)
✔ submitted blade basis has no arbitrary roll flips during its complete cut and settle (115.0056ms)
✔ actual blade and tip volumes clear the conservative head bounds through the whole attack (426.2482ms)
✔ body balance is visible above fixed physical feet and quiet in reduced motion (25.6792ms)
✔ reduced motion bounds the blade hand cue and suppresses secondary equipment/body sweep (4.2986ms)
✔ guard and swim override both release origins without adding a second attack pose (5.5766ms)
✔ rendered palms, balanced torso and canonical gear share one frame through actual world yaw (31.4746ms)
✔ carried gear and the held blade sheath remain outside the accepted-release curves (13.3505ms)
✔ production autoattack still uses its real queued epoch and accepted manual attack has no fake anticipation (22.0056ms)
✔ CommonJS and browser globals expose the same bounded rig API (1.8543ms)
✔ gallery stroke keeps limbs connected and reduced motion settles the arms (3.562ms)
✔ gait phase follows accepted distance and survives frame subdivision (0.6917ms)
✔ stationary walking intent never drives foot shuffling (0.9575ms)
✔ stopping holds phase and eases the feet into a settled stance (0.5596ms)
✔ repeated samples and long pauses preserve the complete drawable pose (4.397ms)
✔ paused coordinates are consumed without turning skipped travel into steps (0.2823ms)
✔ scene changes, teleports and clock discontinuities reset the stance (0.3127ms)
✔ reduced motion keeps essential gait and weapon alignment without secondary drift (1.1013ms)
✔ walking has visible foot clearance and preserves fixed limb lengths (3.4811ms)
✔ blade/bow anticipation, recovery and guard are connected and distinct (1.4741ms)
✔ draw segments actually connect the named joints under root translation and yaw (4.2908ms)
✔ palette choices and explicitly supplied armor colour are retained (1.5924ms)
✔ all transforms stay finite, actor geometry has no camera authority, and budget stays bounded (77.1213ms)
✔ malformed numerical motion inputs cannot poison matrices (0.6602ms)
✔ sampling, posing and drawing leave input rules, motion and profiles immutable (2.9058ms)
✔ refused bow transaction preserves every live field and can retry one identical request (41.5264ms)
✔ sandbox craft saves materials, output, receipt and journal together (6.4545ms)
✔ forge cannot spend ore or coins before a durable write (4.7359ms)
✔ socket replacement and removal preserve loose gems on refusal and return them exactly once (18.3056ms)
✔ equipping preserves selected equipment on refusal and retains the live combat runtime (6.5851ms)
✔ both finite field-guide fittings save exact costs and keep weapon identity, socket and equipment (9.2922ms)
✔ explicit starter oren_sunblade survives refusal and pays its one canonical reward (7.8227ms)
✔ explicit starter oren_reedbow survives refusal and pays its one canonical reward (4.7225ms)
✔ explicit starter temper survives refusal and pays its one canonical reward (7.7029ms)
✔ completed survey payout is one atomic current-run ledger transition (4.1588ms)
✔ Tessa tonic uses current road context and durably spends exactly one offer (17.9142ms)
✔ Tessa mantle uses current road context and durably spends exactly one offer (6.5763ms)
✔ Tessa sell-copper uses current road context and durably spends exactly one offer (7.0898ms)
✔ Tessa sell-berries uses current road context and durably spends exactly one offer (8.5837ms)
✔ Bellweather bench uses actual local position while saving the home checkpoint (4.2218ms)
✔ source conflict leaves supplies and the other tab saved bytes intact (2.0508ms)
✔ managed character writer rejection keeps current character materials and receipts intact (5.1317ms)
✔ thrown saver preserves the full live state and does not reserve the request identity (1.65ms)
✔ rules refuse wrong benches, insufficient costs, invalid ownership and changed receipt terms before saving (2.5672ms)
✔ pause policies remain canonical and a saver is always required for a new successful action (1.9285ms)
✔ validation refusal keeps the exact live canonical state and prevents saving (1.2248ms)
✔ only the reviewed state-only economic and finite Earth-story names are accepted (0.8531ms)
✔ exactly five finite Earth-story actions join the explicit command set (0.1528ms)
✔ Earth consent saves before adoption and keeps all live context and actor epochs (3.9546ms)
✔ every mill delivery transition survives quota refusal and same-request retry with one cost and payout (33.0961ms)
✔ Earth task prerequisites, cost, source room, local position and pause refuse before saving (9.4826ms)
✔ all compatible improvements remain available after the single delivery without a second payout (38.9434ms)
✔ each Earth payment capacity refusal preserves unpaid work and exact rewards have zero XP (22.6183ms)
✔ Earth repair rejects foreign source bytes and keeps the other writer intact (3.0404ms)
✔ managed writer refusal preserves Earth payment and permits a later owned retry (10.6701ms)
✔ all new static scenery uses supported finite meshes instead of silent cylinder fallback (558.7613ms)
✔ visible solid boxes match canonical body collision footprints and heights (54.3317ms)
✔ submitted opaque geometry leaves the actual 3D gallery body route clear (49.9983ms)
✔ wet volume under the civic deck retains actual head clearance (2.1147ms)
✔ only the canonical air-court ceiling receives preference-controlled roof reveal (36.7566ms)
✔ exact two canonical realms have finite, unique, immutable data and stable work identities (4.7472ms)
✔ module load publishes only its declared API and never reads a simulation or host service (23.3419ms)
✔ every entry and interaction anchor has full actor clearance on bounded dry ground (1.3639ms)
✔ both Earth approaches, work loop and optional side routes have analytically continuous ground (8.9709ms)
✔ Farwake work and the far landing remain connected without diving or a closed civic back wall (2.4985ms)
✔ bounded gallery route clears physical walls and full body depth, including the real court doorway (1.6864ms)
✔ dive entry and wet exit anchors agree with reachable transfer destinations (0.2461ms)
✔ actual decoration is finite, deterministic, bounded and pure across claimed/unclaimed worlds (106.4688ms)
✔ roofs and important structural decoration agree with the canonical solid footprints (9.6298ms)
✔ civic side support physically meets the canopy underside across its full length (0.796ms)
✔ bridge timber skins use the real UV mesh, clear every retained joint and stay above only existing deck (12.2074ms)
✔ narrow field path geometry lies wholly on supported clear ground and door faces remain closed decoration (20.0901ms)
✔ distant ridges use the actual mountain mesh and remain outside Earth rather than becoming false paths (23.7904ms)
✔ every accepted objective has a validated production path back to its own giver (736.7308ms)
✔ blade falls in hell and revives at home with accepted work and belongings retained (169.3452ms)
✔ bow falls in earthlands and revives at home with accepted work and belongings retained (241.1935ms)
✔ blade earns hell defeat, guarded combat, retreat and free return without legacy rewards (85.4834ms)
ℹ {"realm":"hell","style":"blade","weapon":"trail_blade","entry":{"x":0,"z":31,"yaw":3.141592653589793},"stage":{"x":44,"z":-82},"battle":{"x":44,"z":-92.9},"refuge":{"x":44,"z":-60},"firstBrace":{"at":47.59999999999943,"aim":{"x":44,"z":-92.9},"windupRemaining":1.05,"hitAfter":1.0499999999999403,"healthBefore":100,"healthAfter":96,"recoveryRemaining":1.1},"firstAttack":{"hits":1,"hp":90,"firstArrowAfter":null,"impacts":[{"after":0.19999999999998863,"before":90,"hp":74}]},"secondBrace":{"at":114.49999999999564,"aim":{"x":44,"z":-92.9},"windupRemaining":1.05,"hitAfter":1.0499999999999403,"healthBefore":100,"healthAfter":96,"recoveryRemaining":1.1},"battleResult":{"hits":6,"hp":90,"firstArrowAfter":null,"impacts":[{"after":0.19999999999998863,"before":90,"hp":74},{"after":0.7999999999999545,"before":74,"hp":58},{"after":1.3999999999999204,"before":58,"hp":42},{"after":1.9999999999998863,"before":42,"hp":26},{"after":2.599999999999852,"before":26,"hp":10},{"after":3.199999999999818,"before":10,"hp":0}]},"tickSeconds":0.05}
✔ bow earns hell defeat, guarded combat, retreat and free return without legacy rewards (78.1368ms)
ℹ {"realm":"hell","style":"bow","weapon":"trail_bow","entry":{"x":0,"z":31,"yaw":3.141592653589793},"stage":{"x":44,"z":-82},"battle":{"x":44,"z":-90},"refuge":{"x":44,"z":-60},"firstBrace":{"at":99.49999999999649,"aim":{"x":44,"z":-90},"windupRemaining":1.05,"hitAfter":1.0499999999999403,"healthBefore":100,"healthAfter":96,"recoveryRemaining":1.1},"firstAttack":{"hits":1,"hp":90,"firstArrowAfter":0.19999999999998863,"impacts":[{"after":0.3499999999999801,"before":90,"hp":77}]},"secondBrace":{"at":165.65000000000342,"aim":{"x":44,"z":-90},"windupRemaining":1.05,"hitAfter":1.0500000000002387,"healthBefore":100,"healthAfter":96,"recoveryRemaining":1.1},"battleResult":{"hits":7,"hp":90,"firstArrowAfter":0.20000000000004547,"impacts":[{"after":0.3500000000000796,"before":90,"hp":77},{"after":1.1500000000002615,"before":77,"hp":64},{"after":1.9500000000004434,"before":64,"hp":51},{"after":2.7500000000006253,"before":51,"hp":38},{"after":3.550000000000807,"before":38,"hp":25},{"after":4.350000000000989,"before":25,"hp":12},{"after":5.150000000001171,"before":12,"hp":0}]},"tickSeconds":0.05}
✔ blade earns earthlands defeat, guarded combat, retreat and free return without legacy rewards (318.1276ms)
ℹ {"realm":"earthlands","style":"blade","weapon":"trail_blade","entry":{"x":0,"z":104,"yaw":3.141592653589793},"stage":{"x":-29,"z":-8},"battle":{"x":-29,"z":-18.9},"refuge":{"x":0,"z":23},"firstBrace":{"at":51.14999999999923,"aim":{"x":-29,"z":-18.9},"windupRemaining":0.75,"hitAfter":0.7499999999999574,"healthBefore":100,"healthAfter":96,"recoveryRemaining":1.1},"firstAttack":{"hits":1,"hp":72,"firstArrowAfter":null,"impacts":[{"after":0.19999999999998863,"before":72,"hp":56}]},"secondBrace":{"at":127.4499999999949,"aim":{"x":-29,"z":-18.9},"windupRemaining":0.75,"hitAfter":0.75,"healthBefore":100,"healthAfter":96,"recoveryRemaining":1.1},"battleResult":{"hits":5,"hp":72,"firstArrowAfter":null,"impacts":[{"after":0.20000000000004547,"before":72,"hp":56},{"after":0.7500000000001705,"before":56,"hp":40},{"after":1.3000000000002956,"before":40,"hp":24},{"after":1.8500000000004206,"before":24,"hp":8},{"after":2.4000000000005457,"before":8,"hp":0}]},"tickSeconds":0.05}
✔ bow earns earthlands defeat, guarded combat, retreat and free return without legacy rewards (318.1859ms)
ℹ {"realm":"earthlands","style":"bow","weapon":"trail_bow","entry":{"x":0,"z":104,"yaw":3.141592653589793},"stage":{"x":-29,"z":-8},"battle":{"x":-29,"z":-16},"refuge":{"x":0,"z":23},"firstBrace":{"at":101.1499999999964,"aim":{"x":-29,"z":-16},"windupRemaining":0.75,"hitAfter":0.7499999999999574,"healthBefore":100,"healthAfter":96,"recoveryRemaining":1.1},"firstAttack":{"hits":1,"hp":72,"firstArrowAfter":0.19999999999998863,"impacts":[{"after":0.29999999999998295,"before":72,"hp":59}]},"secondBrace":{"at":175.2000000000056,"aim":{"x":-29,"z":-16},"windupRemaining":0.75,"hitAfter":0.7500000000001705,"healthBefore":100,"healthAfter":96,"recoveryRemaining":1.1},"battleResult":{"hits":6,"hp":72,"firstArrowAfter":0.20000000000004547,"impacts":[{"after":0.3000000000000682,"before":72,"hp":59},{"after":1.1000000000002501,"before":59,"hp":46},{"after":1.900000000000432,"before":46,"hp":33},{"after":2.700000000000614,"before":33,"hp":20},{"after":3.500000000000796,"before":20,"hp":7},{"after":4.300000000000978,"before":7,"hp":0}]},"tickSeconds":0.05}
✔ optional journeys migrate old world 9 saves without touching banked XP, choices, home or music (10.1681ms)
✔ new schema rejects forward, malformed, unknown and impossible claim history (12.3733ms)
✔ five-light gate is supported and separate from existing lake and Cosmos markers (4.5331ms)
✔ travel checkpoints original state, and rejects changed owner, revision, position or ticket (18.4957ms)
✔ travel, free return, re-entry and cold reload do not grant or advance accepted work (3.9517ms)
✔ accepted objectives require physical arrival and current run; repeats remain once-only (4.3958ms)
✔ save refusal and capacity-blocked turn-in preserve completed objectives, currency and journal atomically (8.8722ms)
✔ claim fences survive changed request IDs, reload, re-entry and intentional smaller repeat runs (35.5424ms)
✔ reward changes only declared fields and retains explicit classes, gear, sockets, XP ceiling and story history (11.071ms)
✔ only canonical local enemies use local defeat records and never enter legacy loot history (3.053ms)
✔ copied or live enemies cannot manufacture a defeat, and a real defeat preserves the revision ceiling (1.8825ms)
✔ bow targets and actual arrows use new scene ground, while solid cover blocks hits (5.7403ms)
✔ skipped active run identities are rejected rather than inventing an unknown payout history (0.1931ms)
✔ failure after scene sync restores the original runtime graph as well as position and room (2.7716ms)
✔ every new realm objective can return to its real giver through production navigation (443.2749ms)
✔ gallery has actual depth, held release, body/camera medium separation and true blocking air-court walls (4.322ms)
✔ companion menu preserves dry waiting position, and an explicit recall uses the dry entry during a dive (3.1598ms)
✔ heaven: stable contract, finite geometry, pure bounded quest and readable anchors (3.7147ms)
✔ heaven: connected physical ground gives every point and enemy a body-width approach and return (283.4534ms)
✔ heaven: submitted original art has finite transforms, matched cover, and a modest local instance/triangle budget (122.6833ms)
✔ heaven: decorating is deterministic, owns no scene lifecycle and leaves all source/simulation/inventory state unchanged (25.4453ms)
✔ heaven: height supplied by the world caller shifts all local structures, routes and markers coherently (10.1481ms)
✔ hell: stable contract, finite geometry, pure bounded quest and readable anchors (0.5652ms)
✔ hell: connected physical ground gives every point and enemy a body-width approach and return (165.0203ms)
✔ hell: submitted original art has finite transforms, matched cover, and a modest local instance/triangle budget (58.9768ms)
✔ hell: decorating is deterministic, owns no scene lifecycle and leaves all source/simulation/inventory state unchanged (10.6358ms)
✔ hell: height supplied by the world caller shifts all local structures, routes and markers coherently (3.8547ms)
✔ Heaven: both actual causeway/arcade loops fit a traveller without stepping through instrument, columns or workshop (6.0647ms)
✔ Heaven: distinct narrow route inlays sit on supported paving and the fork remains flat and clear (21.0487ms)
✔ Heaven: the cultivated Ruby-fork band has actual native support and leaves routes, solids and interaction approaches clear (43.7706ms)
✔ Heaven: all low blossoms attach to rooted stems and fit their shallow planting beds (7.5482ms)
✔ Heaven: cultivated detail has a bounded geometry cost and is identical with reduced motion enabled (9.1178ms)
✔ Hell: only the existing Refuge roof slab and patched ribs carry the bounded reveal tag (3.0725ms)
✔ Hell: distinct east/west approaches and the free home path avoid the optional sentinel even within an eleven-unit threat pocket (88.3663ms)
✔ Module exposes the browser/CommonJS contract and rejects unknown decoration without touching the caller (0.2685ms)
ℹ tests 1036
ℹ suites 0
ℹ pass 1036
ℹ fail 0
ℹ cancelled 0
ℹ skipped 0
ℹ todo 0
ℹ duration_ms 5788.2626
