✔ installed brace actually contacts the east wall outer face and clears the open passage (1.5258ms)
✔ delivered boards rest on the real glade rack and stack without unsupported gaps (37.1245ms)
✔ managed allocation material rests on ground and connects its prepared bands (0.883ms)
✔ both shape-valid allocation histories project only their recorded steps and explicit claim (7.513ms)
✔ worksite actual mesh stays supported and full-body routes/choice/work/foe anchors remain clear (42.9407ms)
✔ grounded board/posts and shallow readable record layers keep connected construction (0.8547ms)
✔ actual static caller emits coalesced floor, unchanged seventy banks and one box per physical solid (96.9899ms)
✔ worn path quads use actual support and undergrowth intersects soil without blocking bodies (193.8209ms)
✔ binding attaches to actual production rig across every weapon/carry/combat/reduced-motion phase and preserves older parts (930.9101ms)
✔ binding presentation belongs only to an actual selected owned item, never another character or equipped item (1.037ms)
✔ actual WorldArt dynamic timber caller submits recorded work and resets scene/fog ownership (24.793ms)
✔ production fog frame has finite translation-relative focus, no non-Earth ownership and strict guards (7.0587ms)
PASS fresh invitation exposes both exact allocations, fixed danger, binding cost and deliberate consent
PASS actual RPG dispatch gives near expedition priority and closing clears an unspent preview
PASS missing optional ledger migrates to read-only fresh UI while malformed/current/future records never reach it
PASS real UI delegates acceptance and physical branch work; remote, premature and forged defeat clicks grant nothing
PASS all valid story stages expose only current DAG routes; legend never performs remote work
PASS walk dispatch is current-route filtered, physically supported and never grants objective credit
PASS ready UI requires explicit local claim and preserves complete reward on save refusal
PASS rendered patrol metadata fences stale accept/work/claim including missing and malformed run fields
PASS production comparison retains bow behavior, socket, current XP and earlier fits without auto-equipping
PASS binding preview refuses changed character, simulation, adventure revision and weapon; cancellation spends nothing
PASS real CharacterStore saver refuses an external write between binding preview and confirmation atomically
PASS explicit binding confirmation spends once at actual station, leaves equipment/HP/XP and socket intact
PASS capped and near-cap acceptance cards disclose actual credit and real claim agrees
PASS actual RPG tick leaves expedition ready/paid/patrol tracker last over concurrent survey and trail
PASS actual app applyWorld restore selects accepted or ready expedition and active patrol without losing history
PASS actual app worldContext installs synchronous savers on fresh restored Sim before active expedition combat
Earth expedition CPU UI: 16/16 cases passed; 0 failed.
✔ tests\earth_expedition_ui.test.cjs (235.6857ms)
ℹ tests 13
ℹ suites 0
ℹ pass 13
ℹ fail 0
ℹ cancelled 0
ℹ skipped 0
ℹ todo 0
ℹ duration_ms 1459.2502
