import-confirmation 2.94
imported-earned-source 3.43
home-kit-diorama 4.95
home-kit-third 5.77
earth-crossing-terms 6.29
expedition-terms 6.71
story-accepted 62.91
story-assess-load 67.91
chosen-allocation 71.69
woodland-diorama-v-exchange 72.16
story-read-water 82.21
story-clear-crossing-guarded-tell 91.6
story-clear-crossing-defeated 93.69
story-read-root-load 106.62
story-clear-root-pests-guarded-tell 113.39
story-clear-root-pests-defeated 118.27
story-brace-root-channel 125.0
installed-root-brace-third 126.01
installed-root-brace-diorama 126.95
story-deliver-allocation 141.15
story-complete-unpaid-outdoors 141.53
story-unpaid 185.72
story-paid 185.95
rill-recognition 186.24
paid-rill-third 187.17
paid-rill-diorama 188.09
patrol-1-accepted 189.1
patrol-1-inspect-water 205.4
patrol-1-clear-crossing-guarded-tell 214.81
patrol-1-clear-crossing-defeated 217.03
patrol-1-inspect-root 230.01
patrol-1-clear-root-pests-guarded-tell 236.76
patrol-1-clear-root-pests-defeated 241.14
patrol-1-inspect-glade 256.45
patrol-1-unpaid 300.63
patrol-1-paid 300.85
rill-patrol-recognition 301.14
sela-optional-reading 314.75
paid-world-before-free-return 315.14
free-home-return 315.59
before-binding-practice-actual-impact-adventure 324.65
before-binding-practice-actual-impact-follow 325.64
binding-explicit-preview 330.66
binding-paid 332.76
bound-weapon-third 333.96
bound-weapon-diorama-v-exchange 334.93
after-binding-practice-actual-impact-adventure 340.68
after-binding-practice-actual-impact-follow 341.66
before-native-reload 346.79
native-reload-paid-and-bound 348.32
{
  "status": "passed",
  "checks": 4758,
  "output": "D:\\07-GAMES\\Firstlight\\artifacts\\coastward-expedition-20261003\\native-blade-take02",
  "wall_seconds": 349.35113389999606,
  "video": {
    "path": "fffb28a5044b127609b46c7c42879f6c.webm",
    "bytes": 43709654,
    "sha256": "3d2a5264eb0257016f586ec8df03a9a506320cdb1f67d05dd211b1e127bb1471",
    "lf_sha256": "a98b8b8e00c35318b1c5c05b6bba9fa2b36cb44920b992713701d407c10e58d2",
    "audio": false
  }
}
