import-confirmation 2.72
imported-earned-source 3.2
home-kit-diorama 4.69
home-kit-third 5.61
earth-crossing-terms 5.98
expedition-terms 6.38
story-accepted 62.6
story-assess-load 67.55
chosen-allocation 72.53
woodland-diorama-v-exchange 72.92
story-read-water 86.61
story-clear-crossing-guarded-tell 96.06
story-clear-crossing-defeated 99.71
story-read-root-load 112.65
story-clear-root-pests-guarded-tell 119.47
story-clear-root-pests-defeated 127.75
story-brace-root-channel 134.47
installed-root-brace-third 135.48
installed-root-brace-diorama 136.47
story-deliver-allocation 150.67
story-complete-unpaid-outdoors 151.06
story-unpaid 195.33
story-paid 195.58
rill-recognition 195.88
paid-rill-third 196.86
paid-rill-diorama 197.89
sela-optional-reading 211.56
paid-world-before-free-return 212.03
free-home-return 212.43
before-binding-practice-actual-impact-adventure 222.54
before-binding-practice-actual-impact-follow 223.77
binding-explicit-preview 229.79
binding-paid 231.9
bound-weapon-third 232.87
bound-weapon-diorama-v-exchange 233.84
after-binding-practice-actual-impact-adventure 240.67
after-binding-practice-actual-impact-follow 241.81
before-native-reload 247.82
native-reload-paid-and-bound 249.55
{
  "status": "passed",
  "checks": 3393,
  "output": "D:\\07-GAMES\\Firstlight\\artifacts\\coastward-expedition-20261003\\native-bow-take01",
  "wall_seconds": 250.37981399998534,
  "video": {
    "path": "1dc0d6d461d4f3b779883279879da320.webm",
    "bytes": 31282096,
    "sha256": "718dcaeb55d0baf8b710756c2e17fee3e9eaed0891f4ae5896df2f97a3ccb51b",
    "lf_sha256": "3270f0ad24891b10e01a86d657c4df957e1ba10b64bf67f99eb4c93c0a553d40",
    "audio": false
  }
}
