import-confirmation 2.55
imported-earned-source 3.07
home-kit-diorama 4.57
home-kit-third 5.27
earth-crossing-terms 5.64
expedition-terms 6.07
story-accepted 62.27
story-assess-load 67.26
chosen-allocation 72.34
woodland-diorama-v-exchange 72.78
story-read-water 86.57
story-clear-crossing-guarded-tell 96.02
story-clear-crossing-defeated 96.71
story-read-root-load 109.73
story-clear-root-pests-guarded-tell 116.69
story-clear-root-pests-defeated 118.42
story-brace-root-channel 125.27
installed-root-brace-third 126.29
installed-root-brace-diorama 127.24
story-deliver-allocation 141.46
story-complete-unpaid-outdoors 141.86
story-unpaid 186.09
story-paid 186.51
rill-recognition 186.97
paid-rill-third 187.9
paid-rill-diorama 188.85
sela-optional-reading 202.35
paid-world-before-free-return 202.8
free-home-return 203.26
before-binding-practice-actual-impact-adventure 215.34
before-binding-practice-actual-impact-follow 216.45
binding-explicit-preview 221.5
binding-paid 223.79
bound-weapon-third 224.8
bound-weapon-diorama-v-exchange 225.78
after-binding-practice-actual-impact-adventure 231.45
after-binding-practice-actual-impact-follow 232.71
before-native-reload 237.75
native-reload-paid-and-bound 239.31
{
  "status": "passed",
  "checks": 2791,
  "output": "D:\\07-GAMES\\Firstlight\\artifacts\\coastward-expedition-20261003\\native-veteran-take01",
  "wall_seconds": 239.83773440000368,
  "video": {
    "path": "0a00363247f8d9cb1dee0ced2b69955f.webm",
    "bytes": 30179187,
    "sha256": "7f7563201977ca41c1f32759a476720bf114310f923cbe472e7b1579d10e27a8",
    "lf_sha256": "04e7cfb56f22660fb9be654a03d79876cf583402759d9c9d3ea0ade9aa73e66a",
    "audio": false
  }
}
