import-confirmation 3.89
imported-earned-source 4.37
home-kit-diorama 5.81
home-kit-third 6.75
earth-crossing-terms 7.22
expedition-terms 7.63
story-accepted 64.07
story-assess-load 69.02
chosen-allocation 72.9
woodland-diorama-v-exchange 73.34
story-read-water 83.36
story-clear-crossing-guarded-tell 92.83
story-clear-crossing-defeated 95.05
story-read-root-load 107.93
story-clear-root-pests-guarded-tell 114.76
story-clear-root-pests-defeated 119.61
story-brace-root-channel 126.36
installed-root-brace-third 127.4
installed-root-brace-diorama 128.38
story-deliver-allocation 142.49
story-complete-unpaid-outdoors 142.88
story-unpaid 187.09
story-paid 187.34
rill-recognition 187.79
paid-rill-third 188.76
paid-rill-diorama 189.78
patrol-1-accepted 190.78
patrol-1-inspect-water 207.09
patrol-1-clear-crossing-guarded-tell 216.47
patrol-1-clear-crossing-defeated 218.6
patrol-1-inspect-root 231.55
patrol-1-clear-root-pests-guarded-tell 238.36
patrol-1-clear-root-pests-defeated 242.71
patrol-1-inspect-glade 257.93
patrol-1-unpaid 302.22
patrol-1-paid 302.44
rill-patrol-recognition 302.86
sela-optional-reading 318.54
paid-world-before-free-return 318.95
free-home-return 319.39
binding-explicit-preview 323.83
binding-paid 325.94
bound-weapon-third 326.85
bound-weapon-diorama-v-exchange 327.81
before-native-reload 328.2
native-reload-paid-and-bound 330.06
{
  "status": "passed",
  "checks": 4351,
  "output": "D:\\07-GAMES\\Firstlight\\artifacts\\coastward-expedition-20261003\\native-blade-take01",
  "wall_seconds": 331.35584709999966,
  "video": {
    "path": "2b6ce30db6a7bd0de5d581186ea2b93b.webm",
    "bytes": 40995272,
    "sha256": "27f4389cb3529ab91fde01083c58025f046afdd2f0a22f9e8878aea506313c2c",
    "lf_sha256": "4deaaa58cc80f1e6ae634e9502adca1b7caa2631d9b3c81f90f9a9e411dd84a4",
    "audio": false
  }
}
