✔ isolated global/CommonJS expose only the pure API and recursively frozen authority data (3.4294ms)
✔ extension IDs appear exactly once and installed production retains the physical contract (7.5334ms)
✔ broad connected floor footprint and all solids are finite, bounded and supported (5.5555ms)
✔ all intended legs and old routes use the actual production full-radius support/solid rules (19.7633ms)
✔ bridge crosses a real four-metre river gap with open centered approaches (7.4432ms)
✔ root passage and enemy side pockets preserve free return routes and supported reading/support anchors (2.9662ms)
✔ deterministic bounded tier geometry never changes frozen physical data or accesses state (14.3826ms)
✔ actual submitted mesh transforms are finite, positive, orthogonal and supported-kind compatible (137.576ms)
✔ every ground-detail vertex rests on actual land and low roots remain within parent clearance (206.3615ms)
✔ actual opaque mesh envelopes clear every full-body route and task/NPC/encounter anchor (1645.1133ms)
✔ branches intersect their parent and actual crown volume, with a bounded existing shader envelope (4.7914ms)
✔ overlapping opaque crowns form connected rest silhouettes instead of detached floating clusters (2.8299ms)
✔ overhead crown and shelter parts follow cutaway while collision/camera authority is unchanged (23.314ms)
✔ both decoded maps are required; scene clear neither cancels nor reloads engine maps (8.3298ms)
✔ missing maps and incompatible contracts stay usable with untextured fallback (8.9892ms)
✔ PNG payload type and grayscale header are checked before decoding (1.5827ms)
✔ decode errors and wrong decoded dimensions cancel peers and stale completions (2.2096ms)
✔ failed uploads free temporary maps and restore shared texture/unpack state (1.8994ms)
✔ map-only disposal invalidates in-flight completions and deletes only owned ready textures (2.8798ms)
✔ two engines independently own their decoders and uploaded maps (1.7016ms)
✔ context loss invalidates images and maps with no restoration or later upload (2.4249ms)
✔ timber shares exact box geometry and collision extent with complete grain-oriented face UVs (1.7241ms)
✔ material flags stay per batch; reflection uses material while depth and cutaway retain their scope (2.4869ms)
✔ isolated IIFE and CommonJS expose only one frozen pure function (2.5613ms)
✔ actual 955-cell expanded Earth partition reduces to 64 exact rectangles (35.8807ms)
✔ every shared world-ground caller and old Coastward retain exact floor area, owner, color and height (35.8923ms)
✔ real bridge source boundaries and river void remain separate from bank masses (8.3451ms)
✔ Atlantis gallery edge partitions remain exact and no cell crosses camera-medium boundary (1.7036ms)
✔ a labelled untagged Atlantis control demonstrates why caller-owned gallery metadata is required (2.5816ms)
✔ only complete shared edges merge; holes, corners, tiny gaps and differing metadata remain (1.5066ms)
✔ metadata values and arrays are deep-fresh, order-independent and never aliases (0.4102ms)
✔ empty input, input permutations and repeated coalescing are deterministic and fresh (30.4921ms)
✔ invalid, overlapping, accessor or nondata records refuse before input mutation (1.4171ms)
✔ actual submitted vertices stay finite and terrain draw work falls without dropping area (5.0035ms)
ℹ tests 34
ℹ suites 0
ℹ pass 34
ℹ fail 0
ℹ cancelled 0
ℹ skipped 0
ℹ todo 0
ℹ duration_ms 2197.0663
