✔ actual preimage returns unsafe direct links despite clear large-body endpoints (22.5004ms)
✔ new direct tests reject the cover shortcut and every complete .65/.95 detour is clear (13.269ms)
✔ actual segment observers prove radius reaches direct, nearby, grid and smoothing links (8.0077ms)
✔ smaller permitted body can cross the actual observatory gap without being forced to .31 (1.6805ms)
✔ actual bridge support accepts player/body radii and refuses a body wider than its deck (0.893ms)
✔ generic sampled room links also use requested radius instead of its player default (2.0184ms)
✔ WorldFoundation branch remains radius-qualified through the unified line helper (8.2919ms)
✔ default .31 complete paths and explicit .31 paths remain exactly compatible with preimage (271.5993ms)
✔ both APIs reject invalid radii, permit bounded zero/two, and do not query geometry on invalid input (1.0102ms)
✔ installed Cosmos extension uses the actual body-qualified Core and permanent geometry (75.8409ms)
✔ unaccepted or wrong-scene artwork creates no scene items or saved work (1.717ms)
✔ original apparatus transforms are finite, collision-free and leave all state unchanged (2.2338ms)
✔ ring rims remain centred on the frozen contact frame at rotated world positions (24.4237ms)
✔ released outer feed visibly changes only supplied future-frame radius (5.8747ms)
✔ asymmetrically clipped cross arms render within each actual locked extent after rotation (5.3872ms)
✔ released transverse feed produces one actual warned arm without inventing a second (1.1878ms)
✔ locked Optical line warning honors its clipped length with no protruding decoration (3.7285ms)
✔ unowned, settled or non-live bodies cannot impersonate an active warning (0.9568ms)
✔ retained support settings/account change appearance without creating completed facts (1.0937ms)
✔ opening a paused workspace preserves the owned body and its already locked warning (1.0593ms)
✔ very short clipped warnings keep every cap inside the supplied frame (13.2273ms)
READ_ONLY_SOURCE_EPOCH_FILES 6
✔ catalogue and all nested structures are frozen; import is data only (1.2814ms)
✔ exact existing room/prerequisite/giver remain owned by the current source (0.7638ms)
✔ all identifiers are finite and every dependency precedes its consumer (0.3837ms)
✔ any two DISTINCT supports suffice; two variants of one never qualify (0.2007ms)
✔ all three pairs and all four assistance combinations complete the abstract graph (1.9455ms)
✔ all-three variants enrich the same graph without a larger fee or third-support gate (1.331ms)
✔ supplied alternatives are explicit and require neither rare work nor payment (0.1887ms)
✖ actual exhaustion, both physical feeds and central disable remain independent facts (0.5305ms)
✔ physical reconfiguration of two PREPARED supports is required after accountability (0.4699ms)
✔ finite version-one migration and open/account/claim facts have explicit boundaries (0.1304ms)
✖ honest whole-payload fee is fixed, with no equipment grant or existing-curve change (0.2232ms)
✔ two prospective threat identities are distinct ordinary fixed bodies with safe retreat (0.4571ms)
✔ both guardian attacks have distinct measurable safe regions (0.0826ms)
✖ saved physical releases change future geometry rather than health/damage/timing (0.1787ms)
✔ prospective geometry stays within seven patches/eight STATIC solids and fixed height (0.1523ms)
✔ extension meets the actual east service edge without a height seam (3.7211ms)
✔ every declared whole route passes actual production W.segment and independent continuous support (2.7607ms)
✔ all action/witness anchors fit whole bodies and every new action is connected to its service route (0.8562ms)
✔ full anchored ring/cross envelopes remain on the prospective arena floor at every yaw (2.4209ms)
✔ whole-body check rejects a genuine narrow gap despite supported endpoints (0.3416ms)
✔ byte-pinned original geometry lacks the extension; actual installed support supplies it (0.3263ms)
✔ byte-frozen attribution retains exact recovered-proposal anchors and bounded public/private scope (0.2578ms)
✔ all installed/preimage input bytes stay untouched after catalogue/support checks (1.3157ms)
✔ installed contracts and globals are the actual Core/Adventure/World/Cosmos owners (3.0882ms)
✔ optional version-one Core migration adds only empty Cosmos state and preserves prior owners (13.0868ms)
✔ actual Core rejects malformed/future owner, impossible prerequisites and reordered history (30.7621ms)
✔ physical acceptance/work are fenced by actual character, revision, room, kit and comparator (2.6372ms)
✔ save refusal and exceptions never adopt acceptance or trim protected snapshot owners (5.0705ms)
✔ real save candidate refuses character, room, revision or reentrant field mutation before adoption (6.063ms)
✔ any two distinct supplied/ordinary supports qualify; exclusive alternatives cannot count twice (5.673ms)
✔ wrong settings and manual exhaustion/choice requests cannot create gate or encounter facts (3.6237ms)
✔ all forty declared lead/mode/choice combinations preserve old owners and pay a separate fee once (457.8465ms)
✔ prepared configuration, accountability, opened, verified and claimed remain separate saved gates (10.1372ms)
✔ whole-fee capacity and refused claim save are atomic and retry without double payout (58.8855ms)
✔ claim refusal for a changed character leaves the local apparatus unpaid and retryable (9.4603ms)
✔ stored XP one through five and cap retain health, sockets, equipment, cameras and prior claims (49.8586ms)
✔ accepted witness reads are pure; exact roster identity, anchor, body and character own damage (4.4871ms)
✔ actual Adventure lethal damage dispatch saves only campaign exhaustion; refusal restores HP one (4.893ms)
✔ actual targeted blade and swept bow callers can hit live owners with no generic reward replay (8.8121ms)
✔ actual Cosmos arrow geometry rejects opaque cover, unsupported floor, invalid aim and diving (4.8112ms)
✔ actual AI initiates immutable ring, makes one scheduled contact and stays anchored through recovery (8.6386ms)
✔ actual locked ring permits physical quiet-circle escape without retargeting or contact (11.1159ms)
✔ pause preserves the exact actual lock and schedule while damage caller remains inactive (7.5132ms)
✔ actual bow-distance AI selects a cross without forced cycle; beyond actual reach stays quiet (14.3338ms)
✔ live cross clips unequal arms at installed opaque cover and misses a clear quadrant or covered traveler (11.103ms)
✔ live physical releases preserve the current frame and alter only subsequent AI locks (8.4282ms)
✔ actual clipped warnings stay finite on real support and cover across representative clear AI aims (34.4642ms)
✔ leave/reload retain saved work but reconstruct only unfinished actual owners and clear transient locks (6.2128ms)
✔ bounded revision/journal refusal preserves unpaid history and whole-fee balances (23.0355ms)
✔ all actual installed test inputs remain byte-frozen during this bounded run (1.2384ms)
✔ import defines helpers without loading game owners or writing/generating a fixture (51.4283ms)
✔ defaults cover three real kit families, all three lead pairs and both account choices (0.7009ms)
✔ every two/three-support ordinary/supplied selection remains explicit and distinct (1.0235ms)
✔ invalid, duplicated, hidden or incomplete support choices refuse before execution (0.9808ms)
✔ CLI has exact public options and refuses missing values, seed-only success or unsupported switches (0.2481ms)
✔ portable installed default uses exact canonical JSON scratch; staged default stays local (0.2548ms)
✔ new output is bounded, refuses traversal/overwrite and arbitrary checkout writes (17.4199ms)
✔ bow stand fits the actual installed road body instead of its unsupported centerline edge (2.9834ms)
✔ history checks detect equipment/socket/class/old-campaign/construction changes without freezing legitimate crop time (1.4469ms)
✔ runner source contains no actor/health/progress/cycle injection or direct resolution/attack-frame call (0.593ms)
✔ terms disclose exact fee, danger, alternatives and account before consent; panel grants nothing (1.8484ms)
✔ accept intent uses current active and revision; reading and walking never grant acceptance (1.4042ms)
✔ old panel binding cannot command after movement, revision, character or context replacement (4.2285ms)
✔ routes contain available physical objectives and no fake completion marker (0.855ms)
✔ configure sends exact declared setting only at an available real fixture (1.4641ms)
✔ missing work or a forged defeat action cannot command its completion from the UI (0.9971ms)
✔ choice preview leaves ledger unchanged; explicit confirm binds exact choice and checkpoint (1.1818ms)
✔ changed preview or alternate confirmation cannot record consent (3.8517ms)
✔ cancel and stale tick preserve undecided consent; completed tracking returns to story (1.1478ms)
✔ prepared-support tracker makes two-support gate legible without advancing history (0.9729ms)
✔ missing-prerequisite guidance names the actual separately owned comparator (2.7904ms)
✔ the RPG page adapter filters unrelated tabs without rebinding a confirmation (0.6535ms)
INSTALLED_GEOMETRY_INPUT_FILES 46
✔ exact original source fixtures and installed catalogue match the declared freeze (0.931ms)
✔ original geometry rejects the new reach; installed owner adds only seven patches/eight solids (12.7893ms)
✔ existing entry, slopes, actors, instrument and all legacy geometry remain exact (3.7719ms)
✔ every declared route is accepted by both real physical owners with full body/capsule clearance (6.9858ms)
✔ all action/witness anchors and full ring/cross court footprints fit actual fixed-height support (4.6994ms)
✔ public loop remains physical regardless of any proposed saved campaign choice/open state (10.3196ms)
✔ exact body support rejects compass-sample holes and unsupported patch shortcuts (19.3332ms)
✔ each real blocker refuses body, sight and first-hit pick while the declared detour stays clear (6.9698ms)
✔ real height-aware picks see garden/road/court, and camera blocker bounds match all eight solids (4.7075ms)
✔ actual production Core routes from Anik to every new anchor and back around the permanent public loop (2734.9011ms)
✔ real movement and ordinary return preserve the empty installed campaign and fee balances (425.22ms)
✔ new geometry art uses actual WorldArt and real mesh transforms; exact opaque envelope metadata survives submission (12.3033ms)
✔ new floor partition is an exact nonoverlapping rectangle union excluding the original ground (2.4242ms)
✔ old sloping floor/vegetation, observatory and sky submissions stay byte-equivalent; new slabs never flatten them (24.6602ms)
✔ paint/work/plant details stay on genuine supported surfaces and create no extra opaque blocker (68.1647ms)
✔ new static geometry stays bounded and art import/make/draw grant no campaign or economic facts (7.3314ms)
ℹ 308 added static instances / 3576 actual procedural triangles / 9 shared static batches
✔ actual repaired Core keeps the large-body cover detour and map frames the full supported reach (4.3225ms)
✔ both ground approaches connect arrival to occupied observatory with radius clearance (209.4814ms)
✔ entry saves the exact source before changing scenes, and reload returns to that source (3.907ms)
✔ a failed save or unavailable scene refuses travel atomically (2.1707ms)
✔ stale character, revision, simulation, position and cancelled tickets cannot enter (1.5572ms)
✔ scene build failure restores the source and a consumed ticket cannot retry (1.2677ms)
✔ fall recovery recalls to safe ground and normal return works from the far end (1.6461ms)
✔ height-aware ray picks real support and refuses sky, the ridge and cover (37.9397ms)
✔ manual walking slides along boundaries without crossing unsupported corner segments (32.4157ms)
✔ all source dependencies remained byte-frozen throughout the focused run (3.2865ms)
✔ both actual witness models have wholly supported footprints and grounded feet (18.2102ms)
✔ each witness has a full-body viewing approach reached through the actual planner (92.7875ms)
✔ Avar left-side gap stays impassable while the right-side approach is supported (0.1421ms)
ℹ tests 122
ℹ suites 0
ℹ pass 119
ℹ fail 3
ℹ cancelled 0
ℹ skipped 0
ℹ todo 0
ℹ duration_ms 3903.1065

✖ failing tests:

test at tests\cosmos_campaign_data.test.cjs:120:1
✖ actual exhaustion, both physical feeds and central disable remain independent facts (0.5305ms)
  AssertionError [ERR_ASSERTION]: The input did not match the regular expression /alone neither releases/. Input:
  
  'Disable the Guardian with your blade or bow. Both feeds must also be released before you disconnect the central link. The account, independent settings and payment still wait.'
  
      at TestContext.<anonymous> (D:\07-GAMES\Firstlight\authoring\atlantis-harbour-campaign-20261004\tests\cosmos_campaign_data.test.cjs:126:9)
      at Test.runInAsyncScope (node:async_hooks:227:14)
      at Test.run (node:internal/test_runner/test:1325:25)
      at Test.processPendingSubtests (node:internal/test_runner/test:911:18)
      at Test.postRun (node:internal/test_runner/test:1465:19)
      at Test.run (node:internal/test_runner/test:1390:12)
      at async Test.processPendingSubtests (node:internal/test_runner/test:911:7) {
    generatedMessage: true,
    code: 'ERR_ASSERTION',
    actual: 'Disable the Guardian with your blade or bow. Both feeds must also be released before you disconnect the central link. The account, independent settings and payment still wait.',
    expected: /alone neither releases/,
    operator: 'match',
    diff: 'simple'
  }

test at tests\cosmos_campaign_data.test.cjs:141:1
✖ honest whole-payload fee is fixed, with no equipment grant or existing-curve change (0.2232ms)
  AssertionError [ERR_ASSERTION]: The input did not match the regular expression /not a universal weapon upgrade/. Input:
  
  'Avar’s harmful synchronization is stopped. At least two branches now have their own settings, and the instrument keeps the account you chose. The public service loop and road home remain open. Anik has paid 20 sunmarks, 5 ore, 4 timber, 3 fibre and 2 crystal once, plus up to 50 XP within your stored cap. Use the materials for projects you choose; your equipment is unchanged. The comparator, drawing shelf and earlier work retain their own records. Sidereth, Elaris and the Far Confluence remain ahead. This local repair does not settle the Regent’s war or the ultimate Answering.'
  
      at TestContext.<anonymous> (D:\07-GAMES\Firstlight\authoring\atlantis-harbour-campaign-20261004\tests\cosmos_campaign_data.test.cjs:144:9)
      at Test.runInAsyncScope (node:async_hooks:227:14)
      at Test.run (node:internal/test_runner/test:1325:25)
      at Test.processPendingSubtests (node:internal/test_runner/test:911:18)
      at Test.postRun (node:internal/test_runner/test:1465:19)
      at Test.run (node:internal/test_runner/test:1390:12)
      at async Test.processPendingSubtests (node:internal/test_runner/test:911:7) {
    generatedMessage: true,
    code: 'ERR_ASSERTION',
    actual: 'Avar’s harmful synchronization is stopped. At least two branches now have their own settings, and the instrument keeps the account you chose. The public service loop and road home remain open. Anik has paid 20 sunmarks, 5 ore, 4 timber, 3 fibre and 2 crystal once, plus up to 50 XP within your stored cap. Use the materials for projects you choose; your equipment is unchanged. The comparator, drawing shelf and earlier work retain their own records. Sidereth, Elaris and the Far Confluence remain ahead. This local repair does not settle the Regent’s war or the ultimate Answering.',
    expected: /not a universal weapon upgrade/,
    operator: 'match',
    diff: 'simple'
  }

test at tests\cosmos_campaign_data.test.cjs:163:1
✖ saved physical releases change future geometry rather than health/damage/timing (0.1787ms)
  AssertionError [ERR_ASSERTION]: The input did not match the regular expression /current warning\/contact frame remains unchanged/. Input:
  
  'Release the west feed to remove the transverse bar from later crosses. If an attack is already marked, that attack still follows its mark. You may make this release during the fight or after the Guardian stops.'
  
      at TestContext.<anonymous> (D:\07-GAMES\Firstlight\authoring\atlantis-harbour-campaign-20261004\tests\cosmos_campaign_data.test.cjs:167:71)
      at Test.runInAsyncScope (node:async_hooks:227:14)
      at Test.run (node:internal/test_runner/test:1325:25)
      at Test.processPendingSubtests (node:internal/test_runner/test:911:18)
      at Test.postRun (node:internal/test_runner/test:1465:19)
      at Test.run (node:internal/test_runner/test:1390:12)
      at async Test.processPendingSubtests (node:internal/test_runner/test:911:7) {
    generatedMessage: true,
    code: 'ERR_ASSERTION',
    actual: 'Release the west feed to remove the transverse bar from later crosses. If an attack is already marked, that attack still follows its mark. You may make this release during the fight or after the Guardian stops.',
    expected: /current warning\/contact frame remains unchanged/,
    operator: 'match',
    diff: 'simple'
  }
