Python: 3.13.15; Node: v24.18.0
Logs: D:\07-GAMES\Firstlight\artifacts\cosmos-open-confluence-20261005\source02
Running build...
PASS: build
HTML: 2962845 bytes; SHA-256 53c3aefa9bbc9a8e99eb187141c67ab435b1d97f89ca8f49686118a36c8db899
Running syntax-adventure-art...
PASS: syntax-adventure-art
Running syntax-adventure-ui...
PASS: syntax-adventure-ui
Running syntax-adventure...
PASS: syntax-adventure
Running syntax-app...
PASS: syntax-app
Running syntax-arsenal-art...
PASS: syntax-arsenal-art
Running syntax-arsenal-ui...
PASS: syntax-arsenal-ui
Running syntax-arsenal...
PASS: syntax-arsenal
Running syntax-atlantis-campaign-art...
PASS: syntax-atlantis-campaign-art
Running syntax-atlantis-campaign-data...
PASS: syntax-atlantis-campaign-data
Running syntax-atlantis-campaign-ui...
PASS: syntax-atlantis-campaign-ui
Running syntax-atlantis-campaign...
PASS: syntax-atlantis-campaign
Running syntax-beacon-art...
PASS: syntax-beacon-art
Running syntax-beacon...
PASS: syntax-beacon
Running syntax-bridge-art...
PASS: syntax-bridge-art
Running syntax-bridge-community-art...
PASS: syntax-bridge-community-art
Running syntax-bridge-community-ui...
PASS: syntax-bridge-community-ui
Running syntax-bridge-community...
PASS: syntax-bridge-community
Running syntax-bridge-moment-view...
PASS: syntax-bridge-moment-view
Running syntax-characters-ui...
PASS: syntax-characters-ui
Running syntax-characters...
PASS: syntax-characters
Running syntax-classes-ui...
PASS: syntax-classes-ui
Running syntax-classes...
PASS: syntax-classes
Running syntax-coastward-settlement-art...
PASS: syntax-coastward-settlement-art
Running syntax-coastward-woodland-art...
PASS: syntax-coastward-woodland-art
Running syntax-combat-view...
PASS: syntax-combat-view
Running syntax-combat...
PASS: syntax-combat
Running syntax-companion-art...
PASS: syntax-companion-art
Running syntax-core...
PASS: syntax-core
Running syntax-cosmos-art...
PASS: syntax-cosmos-art
Running syntax-cosmos-campaign-art...
PASS: syntax-cosmos-campaign-art
Running syntax-cosmos-campaign-data...
PASS: syntax-cosmos-campaign-data
Running syntax-cosmos-campaign-ui...
PASS: syntax-cosmos-campaign-ui
Running syntax-cosmos-campaign...
PASS: syntax-cosmos-campaign
Running syntax-cosmos-ui...
PASS: syntax-cosmos-ui
Running syntax-cosmos...
PASS: syntax-cosmos
Running syntax-creative...
PASS: syntax-creative
Running syntax-crossing-art...
PASS: syntax-crossing-art
Running syntax-crossing-ui...
PASS: syntax-crossing-ui
Running syntax-crossing...
PASS: syntax-crossing
Running syntax-drover-art...
PASS: syntax-drover-art
Running syntax-earth-art...
PASS: syntax-earth-art
Running syntax-earth-expedition-art...
PASS: syntax-earth-expedition-art
Running syntax-earth-expedition-beast-art...
PASS: syntax-earth-expedition-beast-art
Running syntax-earth-expedition-dialogue...
PASS: syntax-earth-expedition-dialogue
Running syntax-earth-expedition-ui...
PASS: syntax-earth-expedition-ui
Running syntax-earth-expedition...
PASS: syntax-earth-expedition
Running syntax-earth-notes-art...
PASS: syntax-earth-notes-art
Running syntax-earth-notes-ui...
PASS: syntax-earth-notes-ui
Running syntax-earth-notes...
PASS: syntax-earth-notes
Running syntax-earth-shoulder-art...
PASS: syntax-earth-shoulder-art
Running syntax-earth-story-ui...
PASS: syntax-earth-story-ui
Running syntax-earth-story...
PASS: syntax-earth-story
Running syntax-earth-ui...
PASS: syntax-earth-ui
Running syntax-earth...
PASS: syntax-earth
Running syntax-elderweald-trail-art...
PASS: syntax-elderweald-trail-art
Running syntax-elderweald-world...
PASS: syntax-elderweald-world
Running syntax-engine...
PASS: syntax-engine
Running syntax-experience...
PASS: syntax-experience
Running syntax-gathering-adapter...
PASS: syntax-gathering-adapter
Running syntax-gathering-art...
PASS: syntax-gathering-art
Running syntax-gathering-music...
PASS: syntax-gathering-music
Running syntax-gathering-ui...
PASS: syntax-gathering-ui
Running syntax-gathering...
PASS: syntax-gathering
Running syntax-heaven-campaign-art...
PASS: syntax-heaven-campaign-art
Running syntax-heaven-campaign-data...
PASS: syntax-heaven-campaign-data
Running syntax-heaven-campaign-ui...
PASS: syntax-heaven-campaign-ui
Running syntax-heaven-campaign...
PASS: syntax-heaven-campaign
Running syntax-hell-campaign-art...
PASS: syntax-hell-campaign-art
Running syntax-hell-campaign-data...
PASS: syntax-hell-campaign-data
Running syntax-hell-campaign-ui...
PASS: syntax-hell-campaign-ui
Running syntax-hell-campaign...
PASS: syntax-hell-campaign
Running syntax-home-history-art...
PASS: syntax-home-history-art
Running syntax-home-history-ui...
PASS: syntax-home-history-ui
Running syntax-home-history...
PASS: syntax-home-history
Running syntax-local-life-art...
PASS: syntax-local-life-art
Running syntax-local-life-ui...
PASS: syntax-local-life-ui
Running syntax-local-life...
PASS: syntax-local-life
Running syntax-mill-gate-art...
PASS: syntax-mill-gate-art
Running syntax-millwright-art...
PASS: syntax-millwright-art
Running syntax-pursuit-ui...
PASS: syntax-pursuit-ui
Running syntax-pursuit...
PASS: syntax-pursuit
Running syntax-quarry-art...
PASS: syntax-quarry-art
Running syntax-realm-art-data...
PASS: syntax-realm-art-data
Running syntax-realm-atlas-ui...
PASS: syntax-realm-atlas-ui
Running syntax-realm-craft...
PASS: syntax-realm-craft
Running syntax-realm-givers-art...
PASS: syntax-realm-givers-art
Running syntax-realm-trails-art...
PASS: syntax-realm-trails-art
Running syntax-realm-trails-cosmos...
PASS: syntax-realm-trails-cosmos
Running syntax-realm-trails-north...
PASS: syntax-realm-trails-north
Running syntax-realm-trails-south...
PASS: syntax-realm-trails-south
Running syntax-realm-trails-ui...
PASS: syntax-realm-trails-ui
Running syntax-realm-trails...
PASS: syntax-realm-trails
Running syntax-road-art...
PASS: syntax-road-art
Running syntax-road...
PASS: syntax-road
Running syntax-rpg-ui...
PASS: syntax-rpg-ui
Running syntax-sandbox-art...
PASS: syntax-sandbox-art
Running syntax-sandbox-ui...
PASS: syntax-sandbox-ui
Running syntax-sandbox...
PASS: syntax-sandbox
Running syntax-skitter-art...
PASS: syntax-skitter-art
Running syntax-soundscape...
PASS: syntax-soundscape
Running syntax-starter-art...
PASS: syntax-starter-art
Running syntax-starter-ui...
PASS: syntax-starter-ui
Running syntax-starter...
PASS: syntax-starter
Running syntax-surface-assets...
PASS: syntax-surface-assets
Running syntax-traveler-art...
PASS: syntax-traveler-art
Running syntax-traveler-equipment-art...
PASS: syntax-traveler-equipment-art
Running syntax-workshop-transactions...
PASS: syntax-workshop-transactions
Running syntax-world-atlantis-earth...
PASS: syntax-world-atlantis-earth
Running syntax-world-foundations-art...
PASS: syntax-world-foundations-art
Running syntax-world-foundations-ui...
PASS: syntax-world-foundations-ui
Running syntax-world-foundations...
PASS: syntax-world-foundations
Running syntax-world-ground-coalescing...
PASS: syntax-world-ground-coalescing
Running syntax-world-heaven-hell...
PASS: syntax-world-heaven-hell
Running syntax-world...
PASS: syntax-world
Running rules...
PASS: rules
1..1371
# tests 1371
# suites 0
# pass 1371
# fail 0
# cancelled 0
# skipped 0
# todo 0
# duration_ms 6719.9286
Running python...
PASS: python

----------------------------------------------------------------------
Ran 95 tests in 33.770s

OK (skipped=1)
Running crossing-blade...
PASS: crossing-blade
Running crossing-bow...
PASS: crossing-bow
Running starter-blade...
PASS: starter-blade
Running starter-bow...
PASS: starter-bow
Running starter-veteran...
PASS: starter-veteran
Running pursuit-blade...
PASS: pursuit-blade
Running pursuit-bow...
PASS: pursuit-bow
Running pursuit-veteran...
PASS: pursuit-veteran
Running characters-journey...
PASS: characters-journey
Running classes-journey...
PASS: classes-journey
Running cosmos-journey...
node:assert:152
  throw new AssertionError(obj);
  ^

AssertionError [ERR_ASSERTION]: stayed companion is not rendered as following in the source scene
    at run (D:\07-GAMES\Firstlight\authoring\atlantis-harbour-campaign-20261004\tests\cosmos_journey.cjs:55:47)
    at Object.<anonymous> (D:\07-GAMES\Firstlight\authoring\atlantis-harbour-campaign-20261004\tests\cosmos_journey.cjs:66:53)
    at Module._compile (node:internal/modules/cjs/loader:1871:14)
    at Object..js (node:internal/modules/cjs/loader:2002:10)
    at Module.load (node:internal/modules/cjs/loader:1594:32)
    at Module._load (node:internal/modules/cjs/loader:1396:12)
    at wrapModuleLoad (node:internal/modules/cjs/loader:255:19)
    at Module.executeUserEntryPoint [as runMain] (node:internal/modules/run_main:154:5)
    at node:internal/main/run_main_module:33:47 {
  generatedMessage: false,
  code: 'ERR_ASSERTION',
  actual: null,
  expected: null,
  operator: 'notStrictEqual',
  diff: 'simple'
}

Node.js v24.18.0

FAILED: cosmos-journey (exit 1); see D:\07-GAMES\Firstlight\artifacts\cosmos-open-confluence-20261005\source02\cosmos-journey.log
