PASS Served build identity
PASS Accepted walk 11,9
PASS Reached 11,9
PASS Kit earned via E
PASS Survey accepted from visible field guide
PASS Accepted walk 15,7
PASS Reached 15,7
PASS Accepted walk 5,-3
PASS Reached 5,-3
PASS Accepted target-select
PASS Accepted close approach
PASS Actual Reedback warning visible
PASS HP and player readiness retained
PASS Countdown follows real positive timer
PASS Diorama retains live cue
PASS Pause clears cue and retains Paused readiness
PASS Pause freezes actual enemy timer
PASS Resume restores same actual warning
PASS Accepted UI Brace gives honest active defense copy
PASS Actual recovery opening visible
PASS Warning/recovery projection does not award or equip
PASS Accepted target-clear
PASS Cleared selection removes stale cue
PASS Synthetic owner copy Wide ring
PASS Owner cue retains actual HP/readiness Wide ring
PASS Synthetic owner copy Inner strike
PASS Owner cue retains actual HP/readiness Inner strike
PASS Synthetic owner copy Beacon strike
PASS Owner cue retains actual HP/readiness Beacon strike
PASS Synthetic owner copy Charging
PASS Owner cue retains actual HP/readiness Charging
PASS Live charge does not invent countdown
PASS Positive last fraction never shows zero deadline
PASS Compact target panel stays inside screen
PASS Compact cue has no text overflow
PASS Synthetic visible ward clears target at 390
PASS Synthetic visible ward clears target at 820
PASS Reduced motion retains static legible cue
PASS Death removes cue immediately
PASS Accepted walk 15,7
PASS Reached 15,7
PASS Accepted walk 5,-3
PASS Reached 5,-3
PASS Accepted target-select
PASS fresh-bow accepted close approach
PASS fresh-bow actual warning with original equipped family
PASS fresh-bow actual opening keeps HP and readiness
PASS fresh-bow owns no extra reward from viewing phases
PASS Accepted target-clear
PASS fresh-bow leaves no stale opening
PASS Accepted walk 15,7
PASS Reached 15,7
PASS Accepted walk 5,-3
PASS Reached 5,-3
PASS Accepted target-select
PASS veteran accepted close approach
PASS veteran actual warning with original equipped family
PASS veteran actual opening keeps HP and readiness
PASS veteran owns no extra reward from viewing phases
PASS Accepted target-clear
PASS veteran leaves no stale opening
PASS No browser errors
