{
  "status": "passed",
  "variant": "command-earned-returning-veteran",
  "source": "evidence10/pursuit/veteran/07_PRACTICE_PERSISTED.json",
  "sourceSha256": "9a2c51dfdd456e5e5cadebcad270f17c970de872b84dbfea3fc4367caa56a64f",
  "checks": {
    "staleCharacterRefused": true,
    "staleRevisionRefused": true,
    "writeRefusalAtomic": true,
    "entryNoCanonicalMutation": true,
    "bothApproachesWalked": true,
    "lookoutReachable": true,
    "followStayPreserved": true,
    "returnPreserved": true,
    "sceneFailureRollback": true,
    "reopenSourceSide": true
  },
  "acceleratedTicks": true,
  "personalSaves": false
}
