PASS Edition10 and migrated world/adventure versions
PASS Existing three chapters preserved
PASS Camera cutaway default enabled
PASS M opens a real map workspace
PASS Map pauses local simulation
PASS Map is usable size
PASS Undiscovered village travel is disabled
PASS Known anchor travels to Sunward
PASS Travel no healing or money grant
PASS Map route closes menu: cross-enter
PASS Northern gate loads village
PASS Village geometry real instance count
PASS Chapter tracker advances to Bell Road
PASS New local minimap visible
PASS Map route closes menu: waystone
PASS Waystone opens local service
PASS Attunement saved
PASS Map route closes menu: keeper
PASS Rowan contextual dialogue
PASS No chapters completed by arriving
PASS Keeper quest accepted
PASS Local numbered routes visible
PASS Explicit fox search disclosed
PASS Map route closes menu: inscription
PASS Clue supplies textual order
PASS Inscription persists
PASS Journal retains clue
PASS Journal has six chapter objectives
PASS Map route closes menu: shop
PASS Merchant service clear
PASS Merchant exact payment and unique ownership
PASS Duplicate purchase button disabled
PASS Coat has real comparison
PASS Equip alters guard without free healing
PASS Map route closes menu: inn
PASS Inn explicitly a porch service
PASS Inn restores resources
PASS Map route closes menu: board
PASS Two commissions displayed
PASS Commission shows costs
PASS Map route closes menu: workbench
PASS Public forge uses unified crafting
PASS Valid route (1, 10)
PASS Reached (1, 10)
PASS Context prompt shows Map key away from a service
PASS Clicking Map prompt opens map
PASS Map route closes menu: thicket
PASS Briar explicit seek now available
PASS Search starts without teleporting fox
PASS Briar uncovers the clapper
PASS Discovered clue added to map
PASS Actual keyboard battle defeats cross-thorn
PASS Valid route (-10, -7)
PASS Reached (-10, -7)
PASS Prowler cache collected once
PASS Valid route (-13, -9)
PASS Reached (-13, -9)
PASS Quest part recovered
PASS Valid route (0, -10)
PASS Reached (0, -10)
PASS Actual keyboard battle defeats cross-prism
PASS Valid route (8, -13)
PASS Reached (8, -13)
PASS Tuner cache collected
PASS Map route closes menu: inn
PASS Valid route (0, -15)
PASS Reached (0, -15)
PASS Actual keyboard battle defeats cross-warden
PASS Keeper uses both ring modes
PASS Valid route (0, -23)
PASS Reached (0, -23)
PASS Keeper cache collected
PASS Map route closes menu: court
PASS Court shows actual repair requirements
PASS Repair persisted
PASS No reward before melody
PASS Valid route (3, -20)
PASS Reached (3, -20)
PASS Wrong first tone resets only melody
PASS Valid route (-3, -20)
PASS Reached (-3, -20)
PASS First resonator accepted
PASS Valid route (0, -18.5)
PASS Reached (0, -18.5)
PASS Second resonator accepted
PASS Valid route (3, -20)
PASS Reached (3, -20)
PASS Third tone completes restoration
PASS Sound stays off unless enabled
PASS Map route closes menu: keeper
PASS Reward adds 18 and charm once
PASS Repeat claim disabled
PASS Quest charm equipped
PASS Map route closes menu: waystone
PASS New network returns home
PASS Travel preserves earned and creative state
PASS No automatic targeting after travel
PASS Cold storage fixture retains complete chapter
PASS Cold restart does not resume a fight
PASS Map route closes menu: board
PASS Lantern commission deducts exact material and pays once
PASS Lantern commission repeat disabled
PASS Harvest commission consumes 4 and gives one ruby
PASS Both project flags persisted
PASS Touch map opens via nav icon
PASS Touch map has readable dimensions
PASS Active Map tab scrolls into view on touch
PASS No horizontal page overflow
PASS Mobile map can close
PASS Map pauses normal RAF progression
PASS Closing resumes normal RAF progression
PASS Fallback map still boots durable chapter
PASS Fallback travels through same rules
PASS No unhandled browser errors
PASS No external resource requests
