{
  "status": "passed",
  "variant": "fresh-bow",
  "commands": 54,
  "positionEdits": 0,
  "inventoryGrants": 0,
  "plantedDefeats": 0,
  "acceleratedTick": true,
  "defeated": [
    "river-skitter-west",
    "river-skitter-east",
    "river-old-bristle"
  ],
  "bundles": [
    "river-rope",
    "river-tools",
    "river-canvas"
  ],
  "reward": {
    "choice": "oren_reedbow",
    "weapon": "oren_reedbow"
  },
  "stats": {
    "level": 2,
    "attack": 19,
    "defense": 1,
    "maxHP": 110
  }
}
