import-confirmation 20.71
imported-earned-source 28.5
home-kit-diorama 30.86
home-kit-third 32.46
earth-crossing-terms 33.89
expedition-terms 35.67
story-accepted 93.16
story-assess-load 98.94
chosen-allocation 104.93
woodland-diorama-v-exchange 106.61
story-read-water 121.46
story-clear-crossing-guarded-tell 131.62
story-clear-crossing-defeated 136.0
story-read-root-load 150.72
story-explicit-frame-foe 159.3
story-bank-sweep-native-side-step-opening 167.03
story-clear-root-pests-guarded-tell 172.46
story-clear-root-pests-defeated 182.2
story-brace-root-channel 190.25
installed-root-brace-third 193.82
installed-root-brace-diorama 197.55
story-deliver-allocation 212.48
story-complete-unpaid-outdoors 213.88
story-unpaid 259.08
story-paid 260.74
rill-recognition 262.04
paid-rill-third 263.88
paid-rill-diorama 265.6
patrol-1-accepted 267.6
patrol-1-inspect-water 285.35
patrol-1-clear-crossing-guarded-tell 296.12
patrol-1-clear-crossing-defeated 301.03
patrol-1-inspect-root 315.28
patrol-1-explicit-frame-foe 324.48
patrol-1-clear-root-pests-guarded-tell 328.43
patrol-1-clear-root-pests-defeated 337.47
supplied-kit-pending-diorama 354.34
supplied-kit-pending-third 357.75
patrol-1-inspect-glade 358.87
supplied-kit-checked-diorama 360.79
supplied-kit-checked-third 362.34
patrol-1-unpaid 410.91
patrol-1-paid 412.14
rill-patrol-recognition 413.85
sela-optional-reading 429.27
paid-world-before-free-return 430.44
free-home-return 431.5
before-binding-practice-actual-impact-adventure 443.13
before-binding-practice-actual-impact-follow 446.02
binding-explicit-preview 454.86
binding-paid 458.55
bound-weapon-third 460.62
bound-weapon-diorama-v-exchange 462.55
after-binding-practice-actual-impact-adventure 471.45
after-binding-practice-actual-impact-follow 475.1
before-native-reload 483.57
native-reload-paid-and-bound 488.36
{
  "status": "passed",
  "checks": 5109,
  "output": "D:\\07-GAMES\\Firstlight\\artifacts\\living-road-return-work-20261004\\normal-bow-04",
  "wall_seconds": 515.5443610000075,
  "video": {
    "path": "ab8f5318ba7cd94c6abac3e329e51743.webm",
    "bytes": 56257878,
    "sha256": "2fe110f0d6f68ef7995f46ef440b837327d88c602b031dbee8d7919e3ff3b480",
    "lf_sha256": "a0927520580745f0e2c0de97697dbcd7fbaffad1325ba96da80f9c9bb05ee414",
    "audio": false
  }
}
