import-confirmation 4.59
imported-earned-source 5.29
home-kit-diorama 6.93
home-kit-third 7.78
earth-crossing-terms 8.19
expedition-terms 8.65
story-accepted 65.1
story-assess-load 70.1
chosen-allocation 75.11
woodland-diorama-v-exchange 75.58
story-read-water 89.49
story-clear-crossing-guarded-tell 99.2
story-clear-crossing-defeated 102.97
story-read-root-load 116.12
story-explicit-frame-foe 122.46
story-bank-sweep-before-native-side-step 123.57
story-bank-sweep-native-side-step-opening 125.2
story-clear-root-pests-guarded-tell 127.89
story-clear-root-pests-defeated 136.42
story-brace-root-channel 142.79
installed-root-brace-third 143.8
installed-root-brace-diorama 144.93
story-deliver-allocation 159.5
story-complete-unpaid-outdoors 160.09
story-unpaid 204.43
story-paid 204.78
rill-recognition 205.22
paid-rill-third 206.3
paid-rill-diorama 207.5
patrol-1-accepted 208.71
patrol-1-inspect-water 225.13
patrol-1-clear-crossing-guarded-tell 234.72
patrol-1-clear-crossing-defeated 238.54
patrol-1-inspect-root 251.62
patrol-1-explicit-frame-foe 257.71
patrol-1-clear-root-pests-guarded-tell 259.44
patrol-1-clear-root-pests-defeated 267.19
supplied-kit-pending-diorama 283.3
supplied-kit-pending-third 284.37
patrol-1-inspect-glade 284.7
supplied-kit-checked-diorama 285.77
supplied-kit-checked-third 286.79
patrol-1-unpaid 330.87
patrol-1-paid 331.15
rill-patrol-recognition 331.53
sela-optional-reading 345.54
paid-world-before-free-return 346.08
free-home-return 346.93
before-binding-practice-actual-impact-adventure 357.16
before-binding-practice-actual-impact-follow 358.53
binding-explicit-preview 364.75
binding-paid 367.03
bound-weapon-third 368.09
bound-weapon-diorama-v-exchange 369.3
after-binding-practice-actual-impact-adventure 376.3
after-binding-practice-actual-impact-follow 377.52
before-native-reload 383.81
native-reload-paid-and-bound 385.77
{
  "status": "passed",
  "checks": 5059,
  "output": "D:\\07-GAMES\\Firstlight\\artifacts\\living-road-return-work-20261004\\normal-bow-02",
  "wall_seconds": 394.05375469999854,
  "video": {
    "path": "eef2ea311c5897107428273af79d1fc3.webm",
    "bytes": 47753482,
    "sha256": "4a2b9077530188f743320ab91fd9e39f4f3058dd5164386c04d8111fb42feeb9",
    "lf_sha256": "fff30044941dd597cc5eeb207a2d28268f7c0ba976d38753ea51ff26c649fe4f",
    "audio": false
  }
}
