import-confirmation 4.11
imported-earned-source 5.0
home-kit-diorama 6.62
home-kit-third 7.64
earth-crossing-terms 8.16
expedition-terms 8.72
story-accepted 65.17
story-assess-load 70.32
chosen-allocation 74.3
woodland-diorama-v-exchange 74.95
story-read-water 85.11
story-clear-crossing-guarded-tell 94.85
story-clear-crossing-defeated 97.34
story-read-root-load 110.57
story-explicit-frame-foe 116.79
story-bank-sweep-before-native-side-step 118.15
story-bank-sweep-native-side-step-opening 119.97
story-clear-root-pests-guarded-tell 122.41
story-clear-root-pests-defeated 127.65
story-brace-root-channel 134.01
installed-root-brace-third 135.21
installed-root-brace-diorama 136.38
story-deliver-allocation 150.6
story-complete-unpaid-outdoors 151.3
story-unpaid 195.54
story-paid 196.01
rill-recognition 196.39
paid-rill-third 197.58
paid-rill-diorama 198.61
patrol-1-accepted 199.88
patrol-1-inspect-water 216.42
patrol-1-clear-crossing-guarded-tell 225.78
patrol-1-clear-crossing-defeated 228.0
patrol-1-inspect-root 240.85
patrol-1-explicit-frame-foe 246.84
patrol-1-clear-root-pests-guarded-tell 248.51
patrol-1-clear-root-pests-defeated 252.89
supplied-kit-pending-diorama 268.81
supplied-kit-pending-third 269.74
patrol-1-inspect-glade 270.12
supplied-kit-checked-diorama 271.41
supplied-kit-checked-third 272.33
patrol-1-unpaid 316.35
patrol-1-paid 316.6
rill-patrol-recognition 317.0
sela-optional-reading 330.7
paid-world-before-free-return 331.1
free-home-return 331.5
before-binding-practice-actual-impact-adventure 340.75
before-binding-practice-actual-impact-follow 341.87
binding-explicit-preview 347.13
binding-paid 349.29
bound-weapon-third 350.36
bound-weapon-diorama-v-exchange 351.79
after-binding-practice-actual-impact-adventure 357.58
after-binding-practice-actual-impact-follow 358.56
before-native-reload 364.03
native-reload-paid-and-bound 365.98
{
  "status": "passed",
  "checks": 4781,
  "output": "D:\\07-GAMES\\Firstlight\\artifacts\\living-road-return-work-20261004\\normal-blade-01",
  "wall_seconds": 374.6949074000004,
  "video": {
    "path": "6c6aa38e9e45a1347f4f9707e3a14f28.webm",
    "bytes": 45971851,
    "sha256": "4f0842a028c6cf2b1ef875149816d6d025d5a62db2ce9fb8da9f4e7700bf371f",
    "lf_sha256": "a5acb6536967aa78242620dd2b0cf27ebc2da3c16c41e2e3cb6b19a483b60442",
    "audio": false
  }
}
