RUN timber_browser
PASSED timber_browser 15.19s
RUN traveler_browser
PASSED traveler_browser 36.79s
RUN bridge_browser
PASSED bridge_browser 88.95s
RUN combat_cue_browser
PASSED combat_cue_browser 12.27s
RUN world_foundations_browser
PASSED world_foundations_browser 63.78s
RUN world_cutaway_browser
PASSED world_cutaway_browser 1.28s
RUN realm_trails_browser
PASSED realm_trails_browser 28.28s
RUN realm_trails_north_browser
FAILED realm_trails_north_browser 194.58s
RUN realm_trails_cosmos_browser
PASSED realm_trails_cosmos_browser 26.2s
RUN soundscape_browser
PASSED soundscape_browser 31.94s
RUN journey_usability_browser
PASSED journey_usability_browser 21.54s
RUN workshop_transactions_browser
PASSED workshop_transactions_browser 27.69s
RUN companion_presentation_browser
PASSED companion_presentation_browser 113.96s
RUN skitter_presentation_browser
PASSED skitter_presentation_browser 27.68s
RUN coastward_scenery_browser
PASSED coastward_scenery_browser 155.59s
RUN earth_story_transactions_browser
PASSED earth_story_transactions_browser 15.93s
RUN coastward_bridge_posts_browser
PASSED coastward_bridge_posts_browser 330.74s
RUN practice_visibility_browser
PASSED practice_visibility_browser 477.83s
RUN realm_work_presentation_browser
PASSED realm_work_presentation_browser 428.41s
