test_default_commands_and_environment_remain_unchanged (test_verify_browser_storage.BrowserStorage.test_default_commands_and_environment_remain_unchanged) ... ok
test_default_output_mode_routes_only_suites_with_existing_windows_drive_guards (test_verify_browser_storage.BrowserStorage.test_default_output_mode_routes_only_suites_with_existing_windows_drive_guards) ... FAIL
test_earned_sources_copy_byte_exactly_without_overwriting_prior_evidence (test_verify_browser_storage.BrowserStorage.test_earned_sources_copy_byte_exactly_without_overwriting_prior_evidence) ... ok
test_evidence_root_is_claimed_once_without_overwriting_old_reports (test_verify_browser_storage.BrowserStorage.test_evidence_root_is_claimed_once_without_overwriting_old_reports) ... ok
test_explicit_output_uses_supported_cli_and_env_contracts (test_verify_browser_storage.BrowserStorage.test_explicit_output_uses_supported_cli_and_env_contracts) ... ERROR

======================================================================
ERROR: test_explicit_output_uses_supported_cli_and_env_contracts (test_verify_browser_storage.BrowserStorage.test_explicit_output_uses_supported_cli_and_env_contracts)
----------------------------------------------------------------------
Traceback (most recent call last):
  File "D:\07-GAMES\Firstlight\authoring\bridge-moment\tests\test_verify_browser_storage.py", line 30, in test_explicit_output_uses_supported_cli_and_env_contracts
    command,env=V.browser_run_spec(suite,output,mode="supported")
                ~~~~~~~~~~~~~~~~~~^^^^^^^^^^^^^^^^^^^^^^^^^^^^^^^
TypeError: browser_run_spec() got an unexpected keyword argument 'mode'

======================================================================
FAIL: test_default_output_mode_routes_only_suites_with_existing_windows_drive_guards (test_verify_browser_storage.BrowserStorage.test_default_output_mode_routes_only_suites_with_existing_windows_drive_guards)
----------------------------------------------------------------------
Traceback (most recent call last):
  File "D:\07-GAMES\Firstlight\authoring\bridge-moment\tests\test_verify_browser_storage.py", line 21, in test_default_output_mode_routes_only_suites_with_existing_windows_drive_guards
    self.assertEqual(V.browser_run_spec(suite,output),([V.sys.executable,f"tests/{suite}.py"],{}))
    ~~~~~~~~~~~~~~~~^^^^^^^^^^^^^^^^^^^^^^^^^^^^^^^^^^^^^^^^^^^^^^^^^^^^^^^^^^^^^^^^^^^^^^^^^^^^^^
AssertionError: Tuples differ: (['C:[92 chars]r.py', '--output', '\\synthetic-evidence\\bridge_browser'], {}) != (['C:[92 chars]r.py'], {})

First differing element 0:
['C:\[86 chars]rowser.py', '--output', '\\synthetic-evidence\\bridge_browser']
['C:\[86 chars]rowser.py']

  (['C:\\Users\\Dom\\AppData\\Local\\Programs\\Python\\Python313\\python.exe',
-   'tests/bridge_browser.py',
+   'tests/bridge_browser.py'],
?                            +

-   '--output',
-   '\\synthetic-evidence\\bridge_browser'],
   {})

----------------------------------------------------------------------
Ran 5 tests in 0.016s

FAILED (failures=1, errors=1)
