Python: 3.13.15; Node: v24.18.0
Logs: D:\07-GAMES\Firstlight\artifacts\final-remote-634bf66-20261003\commands
Running build...
PASS: build
HTML: 2606682 bytes; SHA-256 fa596e6ee108e5e3b3e8a3c6ba02bd043975940025c6230faa9b03404b6b1333
Running syntax-adventure-art...
PASS: syntax-adventure-art
Running syntax-adventure-ui...
PASS: syntax-adventure-ui
Running syntax-adventure...
PASS: syntax-adventure
Running syntax-app...
PASS: syntax-app
Running syntax-arsenal-art...
PASS: syntax-arsenal-art
Running syntax-arsenal-ui...
PASS: syntax-arsenal-ui
Running syntax-arsenal...
PASS: syntax-arsenal
Running syntax-beacon-art...
PASS: syntax-beacon-art
Running syntax-beacon...
PASS: syntax-beacon
Running syntax-bridge-art...
PASS: syntax-bridge-art
Running syntax-bridge-moment-view...
PASS: syntax-bridge-moment-view
Running syntax-characters-ui...
PASS: syntax-characters-ui
Running syntax-characters...
PASS: syntax-characters
Running syntax-classes-ui...
PASS: syntax-classes-ui
Running syntax-classes...
PASS: syntax-classes
Running syntax-coastward-settlement-art...
PASS: syntax-coastward-settlement-art
Running syntax-coastward-woodland-art...
PASS: syntax-coastward-woodland-art
Running syntax-combat...
PASS: syntax-combat
Running syntax-companion-art...
PASS: syntax-companion-art
Running syntax-core...
PASS: syntax-core
Running syntax-cosmos-art...
PASS: syntax-cosmos-art
Running syntax-cosmos-ui...
PASS: syntax-cosmos-ui
Running syntax-cosmos...
PASS: syntax-cosmos
Running syntax-creative...
PASS: syntax-creative
Running syntax-crossing-art...
PASS: syntax-crossing-art
Running syntax-crossing-ui...
PASS: syntax-crossing-ui
Running syntax-crossing...
PASS: syntax-crossing
Running syntax-drover-art...
PASS: syntax-drover-art
Running syntax-earth-art...
PASS: syntax-earth-art
Running syntax-earth-expedition-art...
PASS: syntax-earth-expedition-art
Running syntax-earth-expedition-beast-art...
PASS: syntax-earth-expedition-beast-art
Running syntax-earth-expedition-dialogue...
PASS: syntax-earth-expedition-dialogue
Running syntax-earth-expedition-ui...
PASS: syntax-earth-expedition-ui
Running syntax-earth-expedition...
PASS: syntax-earth-expedition
Running syntax-earth-notes-art...
PASS: syntax-earth-notes-art
Running syntax-earth-notes-ui...
PASS: syntax-earth-notes-ui
Running syntax-earth-notes...
PASS: syntax-earth-notes
Running syntax-earth-shoulder-art...
PASS: syntax-earth-shoulder-art
Running syntax-earth-story-ui...
PASS: syntax-earth-story-ui
Running syntax-earth-story...
PASS: syntax-earth-story
Running syntax-earth-ui...
PASS: syntax-earth-ui
Running syntax-earth...
PASS: syntax-earth
Running syntax-elderweald-trail-art...
PASS: syntax-elderweald-trail-art
Running syntax-elderweald-world...
PASS: syntax-elderweald-world
Running syntax-engine...
PASS: syntax-engine
Running syntax-experience...
PASS: syntax-experience
Running syntax-gathering-adapter...
PASS: syntax-gathering-adapter
Running syntax-gathering-art...
PASS: syntax-gathering-art
Running syntax-gathering-music...
PASS: syntax-gathering-music
Running syntax-gathering-ui...
PASS: syntax-gathering-ui
Running syntax-gathering...
PASS: syntax-gathering
Running syntax-mill-gate-art...
PASS: syntax-mill-gate-art
Running syntax-millwright-art...
PASS: syntax-millwright-art
Running syntax-pursuit-ui...
PASS: syntax-pursuit-ui
Running syntax-pursuit...
PASS: syntax-pursuit
Running syntax-quarry-art...
PASS: syntax-quarry-art
Running syntax-realm-art-data...
PASS: syntax-realm-art-data
Running syntax-realm-atlas-ui...
PASS: syntax-realm-atlas-ui
Running syntax-realm-craft...
PASS: syntax-realm-craft
Running syntax-realm-givers-art...
PASS: syntax-realm-givers-art
Running syntax-realm-trails-art...
PASS: syntax-realm-trails-art
Running syntax-realm-trails-cosmos...
PASS: syntax-realm-trails-cosmos
Running syntax-realm-trails-north...
PASS: syntax-realm-trails-north
Running syntax-realm-trails-south...
PASS: syntax-realm-trails-south
Running syntax-realm-trails-ui...
PASS: syntax-realm-trails-ui
Running syntax-realm-trails...
PASS: syntax-realm-trails
Running syntax-road-art...
PASS: syntax-road-art
Running syntax-road...
PASS: syntax-road
Running syntax-rpg-ui...
PASS: syntax-rpg-ui
Running syntax-sandbox-art...
PASS: syntax-sandbox-art
Running syntax-sandbox-ui...
PASS: syntax-sandbox-ui
Running syntax-sandbox...
PASS: syntax-sandbox
Running syntax-skitter-art...
PASS: syntax-skitter-art
Running syntax-soundscape...
PASS: syntax-soundscape
Running syntax-starter-art...
PASS: syntax-starter-art
Running syntax-starter-ui...
PASS: syntax-starter-ui
Running syntax-starter...
PASS: syntax-starter
Running syntax-surface-assets...
PASS: syntax-surface-assets
Running syntax-traveler-art...
PASS: syntax-traveler-art
Running syntax-traveler-equipment-art...
PASS: syntax-traveler-equipment-art
Running syntax-workshop-transactions...
PASS: syntax-workshop-transactions
Running syntax-world-atlantis-earth...
PASS: syntax-world-atlantis-earth
Running syntax-world-foundations-art...
PASS: syntax-world-foundations-art
Running syntax-world-foundations-ui...
PASS: syntax-world-foundations-ui
Running syntax-world-foundations...
PASS: syntax-world-foundations
Running syntax-world-ground-coalescing...
PASS: syntax-world-ground-coalescing
Running syntax-world-heaven-hell...
PASS: syntax-world-heaven-hell
Running syntax-world...
PASS: syntax-world
Running rules...
PASS: rules
1..1081
# tests 1081
# suites 0
# pass 1081
# fail 0
# cancelled 0
# skipped 0
# todo 0
# duration_ms 5819.6441
Running python...
PASS: python

----------------------------------------------------------------------
Ran 57 tests in 8.710s

OK (skipped=1)
Running crossing-blade...
PASS: crossing-blade
Running crossing-bow...
PASS: crossing-bow
Running starter-blade...
PASS: starter-blade
Running starter-bow...
PASS: starter-bow
Running starter-veteran...
PASS: starter-veteran
Running pursuit-blade...
PASS: pursuit-blade
Running pursuit-bow...
PASS: pursuit-bow
Running pursuit-veteran...
PASS: pursuit-veteran
Running characters-journey...
PASS: characters-journey
Running classes-journey...
PASS: classes-journey
Running cosmos-journey...
PASS: cosmos-journey
Running earth-journey...
PASS: earth-journey
Running earth-outing-blade...
PASS: earth-outing-blade
Running earth-outing-bow...
PASS: earth-outing-bow
Running earth-outing-veteran...
PASS: earth-outing-veteran
Running earth-story-blade...
PASS: earth-story-blade
Running earth-story-bow...
PASS: earth-story-bow
Running earth-story-veteran...
PASS: earth-story-veteran
Running earth-notes-blade...
PASS: earth-notes-blade
Running earth-notes-bow...
PASS: earth-notes-bow
Running earth-notes-veteran...
PASS: earth-notes-veteran
Running gathering-blade...
PASS: gathering-blade
Running gathering-bow...
PASS: gathering-bow
Running gathering-veteran...
PASS: gathering-veteran
Running world-foundations-blade...
PASS: world-foundations-blade
Running world-foundations-bow...
PASS: world-foundations-bow
Running world-foundations-veteran...
PASS: world-foundations-veteran
Running realm-trails-blade...
PASS: realm-trails-blade
Running realm-trails-bow...
PASS: realm-trails-bow
Running realm-trails-south-blade...
PASS: realm-trails-south-blade
Running realm-trails-south-bow...
PASS: realm-trails-south-bow
Running realm-comparator-blade...
PASS: realm-comparator-blade
Running realm-comparator-bow...
PASS: realm-comparator-bow
Running realm-comparator-veteran...
PASS: realm-comparator-veteran
Running earth-expedition-blade...
PASS: earth-expedition-blade
Running earth-expedition-bow...
PASS: earth-expedition-bow
Running earth-expedition-veteran...
PASS: earth-expedition-veteran
Running crossing_browser...
PASS: crossing_browser
Running regression09_browser...
PASS: regression09_browser
Running cutaway_browser...
PASS: cutaway_browser
Running reflection_browser...
PASS: reflection_browser
Running native_origin_browser...
PASS: native_origin_browser
Running starter_browser...
PASS: starter_browser
Running camera_browser...
PASS: camera_browser
Running pursuit_browser...
PASS: pursuit_browser
Running characters_browser...
PASS: characters_browser
Running classes_browser...
PASS: classes_browser
Running cosmos_browser...
PASS: cosmos_browser
Running earth_browser...
PASS: earth_browser
Running earth_story_browser...
PASS: earth_story_browser
Running earth_notes_browser...
PASS: earth_notes_browser
Running gathering_browser...
PASS: gathering_browser
Running realm_atlas_browser...
PASS: realm_atlas_browser
Running timber_browser...
PASS: timber_browser
Running traveler_browser...
PASS: traveler_browser
Running bridge_browser...
PASS: bridge_browser
Running combat_cue_browser...
PASS: combat_cue_browser
Running world_foundations_browser...
PASS: world_foundations_browser
Running world_cutaway_browser...
PASS: world_cutaway_browser
Running realm_trails_browser...
PASS: realm_trails_browser
Running realm_trails_north_browser...
PASS: realm_trails_north_browser
Running realm_trails_cosmos_browser...
PASS: realm_trails_cosmos_browser
Running soundscape_browser...
PASS: soundscape_browser
Running journey_usability_browser...
PASS: journey_usability_browser
Running workshop_transactions_browser...
PASS: workshop_transactions_browser
Running companion_presentation_browser...
PASS: companion_presentation_browser
Running skitter_presentation_browser...
PASS: skitter_presentation_browser
Running coastward_scenery_browser...
PASS: coastward_scenery_browser
Running realm_givers_browser...
verhead label is intentionally suppressed
PASS merren approaches preserve state before any real companion command
PASS merren label regression starts with the existing earned follow bond
PASS merren near adventure keeps the actual bonded actor grounded and present
PASS merren near adventure suppresses only the companion tag at actual person range
PASS merren near follow keeps the actual bonded actor grounded and present
PASS merren near follow suppresses only the companion tag at actual person range
PASS merren-tag-close drawer suppresses the home/label overlays
PASS merren-tag-close normal close control wins its actual hit test
PASS merren-tag-close normal click closes Settings and restores free return
PASS merren-tag-close restored home control is normally hit-testable
PASS merren actual stay control remains enabled in the Companion workspace
PASS merren stay records exactly one accepted command with real terms
PASS merren stay preserves currency, gear, bond and history except its explicit mode and receipt
PASS merren stay retains working selected-mode feedback
PASS merren near-stay adventure keeps the actual bonded actor grounded and present
PASS merren near-stay adventure suppresses only the companion tag at actual person range
PASS merren near-stay follow keeps the actual bonded actor grounded and present
PASS merren near-stay follow suppresses only the companion tag at actual person range
PASS merren has a supported clear walk beyond the real suppression boundary
PASS Walk away from merren while Briar stays movement is accepted
PASS Walk away from merren while Briar stays finishes through ordinary RAF
PASS Walk away from merren while Briar stays reaches its physical destination
PASS merren Stay holds the physical actor while the player actually walks away
PASS merren real walking and label suppression add no other canonical work
PASS merren actual follow control remains enabled in the Companion workspace
PASS merren follow records exactly one accepted command with real terms
PASS merren follow preserves currency, gear, bond and history except its explicit mode and receipt
PASS merren follow retains working selected-mode feedback
PASS merren Follow physically brings Briar back without granting or recalling a new actor
PASS merren away-follow adventure keeps the actual bonded actor grounded and present
PASS merren away-follow adventure restores the visible tag outside every person range
PASS merren away-follow follow keeps the actual bonded actor grounded and present
PASS merren away-follow follow restores the visible tag outside every person range
PASS Native reapproach to merren finishes through ordinary RAF
PASS merren reapproach adventure keeps the actual bonded actor grounded and present
PASS merren reapproach adventure suppresses only the companion tag at actual person range
PASS merren reapproach follow keeps the actual bonded actor grounded and present
PASS merren reapproach follow suppresses only the companion tag at actual person range
PASS merren completed near/far control round trip preserves the exact permitted state
PASS merren adventure uses the real point, ground, yaw and realm
PASS merren adventure submits bounded attached production geometry
PASS merren adventure honors caller pause and reduced motion
PASS merren adventure actor center is inside the current camera view
PASS merren adventure actual framebuffer contains this giver
PASS merren adventure appearance ablation restores exact pixels and authority
PASS merren follow uses the real point, ground, yaw and realm
PASS merren follow submits bounded attached production geometry
PASS merren follow honors caller pause and reduced motion
PASS merren follow actor center is inside the current camera view
PASS merren follow actual framebuffer contains this giver
PASS merren follow appearance ablation restores exact pixels and authority
PASS merren physical E opens that existing name and dialogue
PASS merren repeated production drawing is byte-pure while modal-paused
PASS merren modal pause freezes actual body and tool matrices
PASS Native approach to elderweald-rill finishes through ordinary RAF
PASS elderweald-rill native conversation offset is 1.7m
PASS elderweald-rill close context names the actual person
PASS elderweald-rill close overhead label is intentionally suppressed
PASS elderweald-rill adventure uses the real point, ground, yaw and realm
PASS elderweald-rill adventure submits bounded attached production geometry
PASS elderweald-rill adventure honors caller pause and reduced motion
PASS elderweald-rill adventure actor center is inside the current camera view
PASS elderweald-rill adventure actual framebuffer contains this giver
PASS elderweald-rill adventure appearance ablation restores exact pixels and authority
PASS elderweald-rill follow uses the real point, ground, yaw and realm
PASS elderweald-rill follow submits bounded attached production geometry
PASS elderweald-rill follow honors caller pause and reduced motion
PASS elderweald-rill follow actor center is inside the current camera view
FAIL elderweald-rill follow actual framebuffer contains this giver
Traceback (most recent call last):
  File "D:\07-GAMES\Firstlight\authoring\coastward-remote-634bf66-20261003\tests\realm_givers_browser.py", line 323, in <module>
    check(id+' '+camera+' actual framebuffer contains this giver',appearance['changedChannels']>30,appearance)
    ~~~~~^^^^^^^^^^^^^^^^^^^^^^^^^^^^^^^^^^^^^^^^^^^^^^^^^^^^^^^^^^^^^^^^^^^^^^^^^^^^^^^^^^^^^^^^^^^^^^^^^^^^^
  File "D:\07-GAMES\Firstlight\authoring\coastward-remote-634bf66-20261003\tests\realm_givers_browser.py", line 45, in check
    raise AssertionError(name+(': '+str(detail) if detail is not None else ''))
AssertionError: elderweald-rill follow actual framebuffer contains this giver: {'id': 'elderweald-rill', 'changedChannels': 0, 'restoredChannels': 0, 'width': 1088, 'height': 680, 'glError': 0, 'statePure': True, 'playerPure': True, 'writerRestored': True, 'camera': 'follow'}

FAILED: realm_givers_browser (exit 1); see D:\07-GAMES\Firstlight\artifacts\final-remote-634bf66-20261003\commands\realm_givers_browser.log
