PASS exact integrated sources are embedded in the offline build
PASS labelled Chapter I command-earned source has the declared hash
PASS browser response matches frozen offline HTML
PASS ordinary software WebGL RAF is active
PASS actual Import character opens a preview without creating a slot
PASS confirmed earned character retains original currency, gear and Chapter I history
PASS Walk to Roads marker movement is accepted
PASS Walk to Roads marker finishes through ordinary RAF
PASS Walk to Roads marker reaches its physical destination
PASS heaven crossing terms disclose free return and separate work consent
PASS heaven requires explicit crossing confirmation
PASS heaven crossing does not accept or pay work
PASS desktop-close drawer suppresses the home/label overlays
PASS desktop-close normal close control wins its actual hit test
PASS desktop-close normal click closes Settings and restores free return
PASS desktop-close restored home control is normally hit-testable
PASS compact-close drawer suppresses the home/label overlays
PASS compact-close normal close control wins its actual hit test
PASS compact-close normal click closes Settings and restores free return
PASS compact-close restored home control is normally hit-testable
PASS Native approach to heaven-rielle finishes through ordinary RAF
PASS heaven-rielle native conversation offset is 1.7m
PASS heaven-rielle close context names the actual person
PASS heaven-rielle close overhead label is intentionally suppressed
PASS heaven-rielle adventure uses the real point, ground, yaw and realm
PASS heaven-rielle adventure submits bounded attached production geometry
PASS heaven-rielle adventure honors caller pause and reduced motion
PASS heaven-rielle adventure actor center is inside the current camera view
PASS heaven-rielle adventure actual framebuffer contains this giver
PASS heaven-rielle adventure appearance ablation restores exact pixels and authority
PASS heaven-rielle follow uses the real point, ground, yaw and realm
PASS heaven-rielle follow submits bounded attached production geometry
PASS heaven-rielle follow honors caller pause and reduced motion
PASS heaven-rielle follow actor center is inside the current camera view
PASS heaven-rielle follow actual framebuffer contains this giver
PASS heaven-rielle follow appearance ablation restores exact pixels and authority
PASS heaven-rielle physical E opens that existing name and dialogue
PASS heaven-rielle repeated production drawing is byte-pure while modal-paused
PASS heaven-rielle modal pause freezes actual body and tool matrices
PASS Native approach to heaven-calen finishes through ordinary RAF
PASS heaven-calen native conversation offset is 1.7m
PASS heaven-calen close context names the actual person
PASS heaven-calen close overhead label is intentionally suppressed
PASS heaven-calen adventure uses the real point, ground, yaw and realm
PASS heaven-calen adventure submits bounded attached production geometry
PASS heaven-calen adventure honors caller pause and reduced motion
PASS heaven-calen adventure actor center is inside the current camera view
PASS heaven-calen adventure actual framebuffer contains this giver
PASS heaven-calen adventure appearance ablation restores exact pixels and authority
PASS heaven-calen follow uses the real point, ground, yaw and realm
PASS heaven-calen follow submits bounded attached production geometry
PASS heaven-calen follow honors caller pause and reduced motion
PASS heaven-calen follow actor center is inside the current camera view
PASS heaven-calen follow actual framebuffer contains this giver
PASS heaven-calen follow appearance ablation restores exact pixels and authority
PASS heaven-calen physical E opens that existing name and dialogue
PASS heaven-calen repeated production drawing is byte-pure while modal-paused
PASS heaven-calen modal pause freezes actual body and tool matrices
PASS Native approach to heaven-yselle finishes through ordinary RAF
PASS heaven-yselle native conversation offset is 1.7m
PASS heaven-yselle close context names the actual person
PASS heaven-yselle close overhead label is intentionally suppressed
PASS heaven-yselle adventure uses the real point, ground, yaw and realm
PASS heaven-yselle adventure submits bounded attached production geometry
PASS heaven-yselle adventure honors caller pause and reduced motion
PASS heaven-yselle adventure actor center is inside the current camera view
PASS heaven-yselle adventure actual framebuffer contains this giver
PASS heaven-yselle adventure appearance ablation restores exact pixels and authority
PASS heaven-yselle follow uses the real point, ground, yaw and realm
PASS heaven-yselle follow submits bounded attached production geometry
PASS heaven-yselle follow honors caller pause and reduced motion
PASS heaven-yselle follow actor center is inside the current camera view
PASS heaven-yselle follow actual framebuffer contains this giver
PASS heaven-yselle follow appearance ablation restores exact pixels and authority
PASS heaven-yselle physical E opens that existing name and dialogue
PASS heaven-yselle repeated production drawing is byte-pure while modal-paused
PASS heaven-yselle modal pause freezes actual body and tool matrices
PASS heaven UI reduced motion freezes all local giver geometry
PASS heaven visiting and inspecting preserve complete earned work/history
PASS managed native save commits through the app writer
PASS native reload retains character and canonical history at home checkpoint
PASS native reload leaves every local work unaccepted
PASS Walk to Roads marker movement is accepted
PASS Walk to Roads marker finishes through ordinary RAF
PASS Walk to Roads marker reaches its physical destination
PASS hell crossing terms disclose free return and separate work consent
PASS hell requires explicit crossing confirmation
PASS hell crossing does not accept or pay work
PASS Native approach to hell-istra finishes through ordinary RAF
PASS hell-istra native conversation offset is 1.7m
PASS hell-istra close context names the actual person
PASS hell-istra close overhead label is intentionally suppressed
PASS hell-istra adventure uses the real point, ground, yaw and realm
PASS hell-istra adventure submits bounded attached production geometry
PASS hell-istra adventure honors caller pause and reduced motion
PASS hell-istra adventure actor center is inside the current camera view
PASS hell-istra adventure actual framebuffer contains this giver
PASS hell-istra adventure appearance ablation restores exact pixels and authority
PASS hell-istra follow uses the real point, ground, yaw and realm
PASS hell-istra follow submits bounded attached production geometry
PASS hell-istra follow honors caller pause and reduced motion
PASS hell-istra follow actor center is inside the current camera view
PASS hell-istra follow actual framebuffer contains this giver
PASS hell-istra follow appearance ablation restores exact pixels and authority
PASS hell-istra physical E opens that existing name and dialogue
PASS hell-istra repeated production drawing is byte-pure while modal-paused
PASS hell-istra modal pause freezes actual body and tool matrices
PASS Native approach to hell-tovan finishes through ordinary RAF
PASS hell-tovan native conversation offset is 1.7m
PASS hell-tovan close context names the actual person
PASS hell-tovan close overhead label is intentionally suppressed
PASS hell-tovan approaches preserve state before any real companion command
PASS hell-tovan label regression starts with the existing earned follow bond
PASS hell-tovan near adventure keeps the actual bonded actor grounded and present
PASS hell-tovan near adventure suppresses only the companion tag at actual person range
PASS hell-tovan near follow keeps the actual bonded actor grounded and present
PASS hell-tovan near follow suppresses only the companion tag at actual person range
PASS hell-tovan-tag-close drawer suppresses the home/label overlays
PASS hell-tovan-tag-close normal close control wins its actual hit test
PASS hell-tovan-tag-close normal click closes Settings and restores free return
PASS hell-tovan-tag-close restored home control is normally hit-testable
PASS hell-tovan actual stay control remains enabled in the Companion workspace
PASS hell-tovan stay records exactly one accepted command with real terms
PASS hell-tovan stay preserves currency, gear, bond and history except its explicit mode and receipt
PASS hell-tovan stay retains working selected-mode feedback
PASS hell-tovan near-stay adventure keeps the actual bonded actor grounded and present
PASS hell-tovan near-stay adventure suppresses only the companion tag at actual person range
PASS hell-tovan near-stay follow keeps the actual bonded actor grounded and present
PASS hell-tovan near-stay follow suppresses only the companion tag at actual person range
PASS hell-tovan has a supported clear walk beyond the real suppression boundary
PASS Walk away from hell-tovan while Briar stays movement is accepted
PASS Walk away from hell-tovan while Briar stays finishes through ordinary RAF
PASS Walk away from hell-tovan while Briar stays reaches its physical destination
PASS hell-tovan Stay holds the physical actor while the player actually walks away
PASS hell-tovan real walking and label suppression add no other canonical work
PASS hell-tovan actual follow control remains enabled in the Companion workspace
PASS hell-tovan follow records exactly one accepted command with real terms
PASS hell-tovan follow preserves currency, gear, bond and history except its explicit mode and receipt
PASS hell-tovan follow retains working selected-mode feedback
PASS hell-tovan Follow physically brings Briar back without granting or recalling a new actor
PASS hell-tovan away-follow adventure keeps the actual bonded actor grounded and present
PASS hell-tovan away-follow adventure restores the visible tag outside every person range
PASS hell-tovan away-follow follow keeps the actual bonded actor grounded and present
PASS hell-tovan away-follow follow restores the visible tag outside every person range
PASS Native reapproach to hell-tovan finishes through ordinary RAF
PASS hell-tovan reapproach adventure keeps the actual bonded actor grounded and present
PASS hell-tovan reapproach adventure suppresses only the companion tag at actual person range
PASS hell-tovan reapproach follow keeps the actual bonded actor grounded and present
PASS hell-tovan reapproach follow suppresses only the companion tag at actual person range
PASS hell-tovan completed near/far control round trip preserves the exact permitted state
PASS hell-tovan adventure uses the real point, ground, yaw and realm
PASS hell-tovan adventure submits bounded attached production geometry
PASS hell-tovan adventure honors caller pause and reduced motion
PASS hell-tovan adventure actor center is inside the current camera view
PASS hell-tovan adventure actual framebuffer contains this giver
PASS hell-tovan adventure appearance ablation restores exact pixels and authority
PASS hell-tovan follow uses the real point, ground, yaw and realm
PASS hell-tovan follow submits bounded attached production geometry
PASS hell-tovan follow honors caller pause and reduced motion
PASS hell-tovan follow actor center is inside the current camera view
PASS hell-tovan follow actual framebuffer contains this giver
PASS hell-tovan follow appearance ablation restores exact pixels and authority
PASS hell-tovan physical E opens that existing name and dialogue
PASS hell-tovan repeated production drawing is byte-pure while modal-paused
PASS hell-tovan modal pause freezes actual body and tool matrices
PASS hell UI reduced motion freezes all local giver geometry
PASS hell visiting and inspecting preserve complete earned work/history
PASS hell native free return preserves canonical earned state
PASS Walk to Roads marker movement is accepted
PASS Walk to Roads marker finishes through ordinary RAF
PASS Walk to Roads marker reaches its physical destination
PASS atlantis crossing terms disclose free return and separate work consent
PASS atlantis requires explicit crossing confirmation
PASS atlantis crossing does not accept or pay work
PASS Native approach to nereme finishes through ordinary RAF
PASS nereme native conversation offset is 1.7m
PASS nereme close context names the actual person
PASS nereme close overhead label is intentionally suppressed
PASS nereme adventure uses the real point, ground, yaw and realm
PASS nereme adventure submits bounded attached production geometry
PASS nereme adventure honors caller pause and reduced motion
PASS nereme adventure actor center is inside the current camera view
PASS nereme adventure actual framebuffer contains this giver
PASS nereme adventure appearance ablation restores exact pixels and authority
PASS nereme follow uses the real point, ground, yaw and realm
PASS nereme follow submits bounded attached production geometry
PASS nereme follow honors caller pause and reduced motion
PASS nereme follow actor center is inside the current camera view
PASS nereme follow actual framebuffer contains this giver
PASS nereme follow appearance ablation restores exact pixels and authority
PASS nereme physical E opens that existing name and dialogue
PASS nereme repeated production drawing is byte-pure while modal-paused
PASS nereme modal pause freezes actual body and tool matrices
PASS Native approach to sahra finishes through ordinary RAF
PASS sahra native conversation offset is 1.7m
PASS sahra close context names the actual person
PASS sahra close overhead label is intentionally suppressed
PASS sahra adventure uses the real point, ground, yaw and realm
PASS sahra adventure submits bounded attached production geometry
PASS sahra adventure honors caller pause and reduced motion
PASS sahra adventure actor center is inside the current camera view
PASS sahra adventure actual framebuffer contains this giver
PASS sahra adventure appearance ablation restores exact pixels and authority
PASS sahra follow uses the real point, ground, yaw and realm
PASS sahra follow submits bounded attached production geometry
PASS sahra follow honors caller pause and reduced motion
PASS sahra follow actor center is inside the current camera view
PASS sahra follow actual framebuffer contains this giver
PASS sahra follow appearance ablation restores exact pixels and authority
PASS sahra physical E opens that existing name and dialogue
PASS sahra repeated production drawing is byte-pure while modal-paused
PASS sahra modal pause freezes actual body and tool matrices
PASS atlantis UI reduced motion freezes all local giver geometry
PASS atlantis visiting and inspecting preserve complete earned work/history
PASS Native approach to Tide Steps finishes through ordinary RAF
PASS real gallery entry exposes current depth information
PASS gallery-close drawer suppresses the home/label overlays
PASS gallery-close drawer also suppresses the real depth overlay
PASS gallery-close normal close control wins its actual hit test
PASS gallery-close normal click closes Settings and restores free return
PASS gallery-close restored home control is normally hit-testable
PASS gallery-close closing Settings restores actual depth information
PASS atlantis native free return preserves canonical earned state
PASS Walk to Roads marker movement is accepted
PASS Walk to Roads marker finishes through ordinary RAF
PASS Walk to Roads marker reaches its physical destination
PASS earthlands crossing terms disclose free return and separate work consent
PASS earthlands requires explicit crossing confirmation
PASS earthlands crossing does not accept or pay work
PASS Native approach to vessa finishes through ordinary RAF
PASS vessa native conversation offset is 1.7m
PASS vessa close context names the actual person
PASS vessa close overhead label is intentionally suppressed
PASS vessa adventure uses the real point, ground, yaw and realm
PASS vessa adventure submits bounded attached production geometry
PASS vessa adventure honors caller pause and reduced motion
PASS vessa adventure actor center is inside the current camera view
PASS vessa adventure actual framebuffer contains this giver
PASS vessa adventure appearance ablation restores exact pixels and authority
PASS vessa follow uses the real point, ground, yaw and realm
PASS vessa follow submits bounded attached production geometry
PASS vessa follow honors caller pause and reduced motion
PASS vessa follow actor center is inside the current camera view
PASS vessa follow actual framebuffer contains this giver
PASS vessa follow appearance ablation restores exact pixels and authority
PASS vessa physical E opens that existing name and dialogue
PASS vessa repeated production drawing is byte-pure while modal-paused
PASS vessa modal pause freezes actual body and tool matrices
PASS Native approach to merren finishes through ordinary RAF
PASS merren native conversation offset is 1.7m
PASS merren close context names the actual person
PASS merren close overhead label is intentionally suppressed
PASS merren approaches preserve state before any real companion command
PASS merren label regression starts with the existing earned follow bond
PASS merren near adventure keeps the actual bonded actor grounded and present
PASS merren near adventure suppresses only the companion tag at actual person range
PASS merren near follow keeps the actual bonded actor grounded and present
PASS merren near follow suppresses only the companion tag at actual person range
PASS merren-tag-close drawer suppresses the home/label overlays
PASS merren-tag-close normal close control wins its actual hit test
PASS merren-tag-close normal click closes Settings and restores free return
PASS merren-tag-close restored home control is normally hit-testable
PASS merren actual stay control remains enabled in the Companion workspace
PASS merren stay records exactly one accepted command with real terms
PASS merren stay preserves currency, gear, bond and history except its explicit mode and receipt
PASS merren stay retains working selected-mode feedback
PASS merren near-stay adventure keeps the actual bonded actor grounded and present
PASS merren near-stay adventure suppresses only the companion tag at actual person range
PASS merren near-stay follow keeps the actual bonded actor grounded and present
PASS merren near-stay follow suppresses only the companion tag at actual person range
PASS merren has a supported clear walk beyond the real suppression boundary
PASS Walk away from merren while Briar stays movement is accepted
PASS Walk away from merren while Briar stays finishes through ordinary RAF
PASS Walk away from merren while Briar stays reaches its physical destination
PASS merren Stay holds the physical actor while the player actually walks away
PASS merren real walking and label suppression add no other canonical work
PASS merren actual follow control remains enabled in the Companion workspace
PASS merren follow records exactly one accepted command with real terms
PASS merren follow preserves currency, gear, bond and history except its explicit mode and receipt
PASS merren follow retains working selected-mode feedback
PASS merren Follow physically brings Briar back without granting or recalling a new actor
PASS merren away-follow adventure keeps the actual bonded actor grounded and present
PASS merren away-follow adventure restores the visible tag outside every person range
PASS merren away-follow follow keeps the actual bonded actor grounded and present
PASS merren away-follow follow restores the visible tag outside every person range
PASS Native reapproach to merren finishes through ordinary RAF
PASS merren reapproach adventure keeps the actual bonded actor grounded and present
PASS merren reapproach adventure suppresses only the companion tag at actual person range
PASS merren reapproach follow keeps the actual bonded actor grounded and present
PASS merren reapproach follow suppresses only the companion tag at actual person range
PASS merren completed near/far control round trip preserves the exact permitted state
PASS merren adventure uses the real point, ground, yaw and realm
PASS merren adventure submits bounded attached production geometry
PASS merren adventure honors caller pause and reduced motion
PASS merren adventure actor center is inside the current camera view
PASS merren adventure actual framebuffer contains this giver
PASS merren adventure appearance ablation restores exact pixels and authority
PASS merren follow uses the real point, ground, yaw and realm
PASS merren follow submits bounded attached production geometry
PASS merren follow honors caller pause and reduced motion
PASS merren follow actor center is inside the current camera view
PASS merren follow actual framebuffer contains this giver
PASS merren follow appearance ablation restores exact pixels and authority
PASS merren physical E opens that existing name and dialogue
PASS merren repeated production drawing is byte-pure while modal-paused
PASS merren modal pause freezes actual body and tool matrices
PASS Native approach to elderweald-rill finishes through ordinary RAF
PASS elderweald-rill native conversation offset is 1.7m
PASS elderweald-rill close context names the actual person
PASS elderweald-rill close overhead label is intentionally suppressed
PASS elderweald-rill adventure uses the real point, ground, yaw and realm
PASS elderweald-rill adventure submits bounded attached production geometry
PASS elderweald-rill adventure honors caller pause and reduced motion
PASS elderweald-rill adventure actor center is inside the current camera view
PASS elderweald-rill adventure actual framebuffer contains this giver
PASS elderweald-rill adventure appearance ablation restores exact pixels and authority
PASS elderweald-rill follow uses the real point, ground, yaw and realm
PASS elderweald-rill follow submits bounded attached production geometry
PASS elderweald-rill follow honors caller pause and reduced motion
PASS elderweald-rill follow actor center is inside the current camera view
FAIL elderweald-rill follow actual framebuffer contains this giver
Traceback (most recent call last):
  File "D:\07-GAMES\Firstlight\authoring\coastward-remote-634bf66-20261003\tests\realm_givers_browser.py", line 323, in <module>
    check(id+' '+camera+' actual framebuffer contains this giver',appearance['changedChannels']>30,appearance)
    ~~~~~^^^^^^^^^^^^^^^^^^^^^^^^^^^^^^^^^^^^^^^^^^^^^^^^^^^^^^^^^^^^^^^^^^^^^^^^^^^^^^^^^^^^^^^^^^^^^^^^^^^^^
  File "D:\07-GAMES\Firstlight\authoring\coastward-remote-634bf66-20261003\tests\realm_givers_browser.py", line 45, in check
    raise AssertionError(name+(': '+str(detail) if detail is not None else ''))
AssertionError: elderweald-rill follow actual framebuffer contains this giver: {'id': 'elderweald-rill', 'changedChannels': 0, 'restoredChannels': 0, 'width': 1088, 'height': 680, 'glError': 0, 'statePure': True, 'playerPure': True, 'writerRestored': True, 'camera': 'follow'}
