✔ absence adds only empty optional Heaven history and malformed/future histories refuse (5.182ms)
✔ acceptance needs claimed Broken Choir and exact owner/revision; refusal changes nothing (6.6882ms)
✔ manual defeat/arrival and unprepared invitation cannot manufacture history (2.1407ms)
✔ two locked attacks differ and grounded mirror lengthens only beam warning (1.5865ms)
✔ real damage in windup is accepted, actual defeat saves once and no legacy loot is produced (1.7463ms)
✔ courier is one owned real actor, waits out of range and unfinished reload resets only its walk (3.9022ms)
✔ courier completes every supported segment before actual arrival and save refusal remains retryable (27.2986ms)
✔ whole claim is atomic across costs/capacity/refusal and repeat IDs cannot pay twice (8.4166ms)
✔ welcome is explicit and lasting; activation is short transient ordinary use with no payout (2.3141ms)
✔ the real lock clips its entire beam width against existing cover and keeps art/contact identical (0.8404ms)
✔ real arrow collision accepts a winding-up Heaven apparatus and reports one actual killing impact (2.0871ms)
✔ real leave resets an unfinished courier before immediate re-entry; saved invitation stays intact (1.7224ms)
✔ production adventure drawing preserves owned campaign matrices and contributes no generic warning (5.1822ms)
✔ courier gait follows actual supported distance and quiet settings retain a grounded stance (3.7321ms)
✔ accepted recorded facts alone project static work; reading and art preserve every stored field (8.1775ms)
✔ every transformed static footprint uses existing ground, avoids existing solids and stays within the draw budget (22.1738ms)
ℹ accessible-assist: 67 static instances, 800 triangles
ℹ broadened-activation: 67 static instances, 800 triangles
✔ supplied optional mirror is loose until its own recorded action, and waymarks follow the exact existing escort route (0.7317ms)
✔ both saved arrangements have distinct ordinary fittings readable on both faces while retaining three ceremonial notches per face (1.739ms)
✔ instrument motion belongs to a current matching bounded activation; pause, reduced motion and rest stay quiet (3.7297ms)
✔ each actual apparatus uses its owned runtime actor frame and all transformed body vertices fit the declared impact radius (23.6397ms)
✔ directed beam warning projects only the immutable locked rectangle, independent of later actor or player movement (3.4995ms)
✔ stationary warning borders clear real authored paving and retain strong palette contrast without flashing (8.8579ms)
✔ relay warning is a radial perimeter at the actual locked pulse center and never exceeds its real radius (3.4194ms)
✔ a supplied lock clipped before the existing Garden instrument cannot project past cover, and zero length warns nowhere (3.2501ms)
✔ short positive cover-clipped beam warnings keep caps and directional notches inside the supplied locked length (14.316ms)
✔ combat pause and reduced motion preserve deterministic frames with actual phase differences (1.1397ms)
✔ courier art uses only the actual transient actor and never reconstructs a second courier from saved invitation or arrival (12.6775ms)
✔ worst-case union of all fittings, separately owned encounter frames and courier stays within the combined geometry budget (1.4348ms)
ℹ 193 combined instances, 2928 triangles
✔ journal, map, legend and page are pure; defeats and actual courier arrival have no completion buttons (1.3251ms)
✔ remote first invite and a reset escort walk link both reach the real staging anchor without work or actor creation (1.1337ms)
✔ active map position comes from the actual live courier while reset preserves only honest staging and destination guidance (0.3975ms)
✔ arrival save refusal keeps the exact courier visible at its real destination and explains callback retries without claiming arrival or payment (0.7429ms)
✔ choice preview grants no work and confirmation submits the exact current character and revision (0.7652ms)
✔ stale active character, roster, adventure revision, sim, context identity, room and physical preview cannot dispatch a saved choice (2.1787ms)
✔ successful deliberate activation closes the workspace; refusals and stale owners preserve it with no presentation-owned mutation (0.6318ms)
✔ verified choice recognition quotes the actual catalogue callers including the courier, without claiming an unpaid or clipped fee (0.6355ms)
✔ Heaven catalogue: frozen exact API imports without starting gameplay or changing older owners (1.8292ms)
✔ Heaven entry: exact existing Broken Choir owner, ordinary source anchors and independent identities (2.7929ms)
✔ Heaven graph: all deliberate branches are acyclic and no preparation, defeat or escort is a fake button (0.3437ms)
✔ Heaven branches: exhaust every legal fact set and both arrangements with and without supplied preparation (0.6315ms)
✔ Heaven geography: every action, branch and return uses complete production support without opening the terrace (256.7069ms)
✔ Heaven enemy bodies: fixed body-qualified routes clear actual cover and reject player-only narrow clearance (33.0689ms)
✔ Heaven escort: the actual seven-point service loop clears the full courier body, including the bench detour (0.7123ms)
✔ Heaven encounters: directed beam and local pulse differ, admit ordinary damage and grant no separate rewards (0.2388ms)
✔ Heaven reward and choices: one common finite material fee, explicit public usability and earned recognition (1.623ms)
ℹ tests 45
ℹ suites 0
ℹ pass 45
ℹ fail 0
ℹ cancelled 0
ℹ skipped 0
ℹ todo 0
ℹ duration_ms 371.6624
