{
  "variant": "fresh-blade-detour",
  "route": "detour",
  "status": "passed",
  "commands": 8,
  "positionEdits": 0,
  "inventoryGrants": 0,
  "plantedObjectives": 0,
  "acceleratedTicks": true,
  "sourceSha256": "8b47fc7462e9e2f93f0f2214375201a9e2e57ee49dbe8f295647c4c5d0d6e234",
  "story": {
    "version": 1,
    "accepted": true,
    "steps": [
      "detour-ridge",
      "detour-shelter",
      "detour-mark"
    ],
    "dispatch": "detour",
    "arrived": true,
    "claimed": true
  },
  "weapon": "trail_blade",
  "xp": 0,
  "delta": {
    "ore": 3,
    "coins": 4,
    "fiber": 2,
    "wood": 0
  },
  "actions": [
    {
      "walk": [
        11,
        9
      ]
    },
    {
      "type": "start",
      "p": {}
    },
    {
      "walk": [
        0,
        23
      ]
    },
    {
      "walk": [
        0,
        23
      ]
    },
    {
      "walk": [
        0,
        10
      ]
    },
    {
      "walk": [
        7,
        5
      ]
    },
    {
      "type": "earth-story-accept",
      "p": {}
    },
    {
      "reload": true
    },
    {
      "walk": [
        0,
        23
      ]
    },
    {
      "walk": [
        0,
        10
      ]
    },
    {
      "walk": [
        13,
        -13
      ]
    },
    {
      "type": "earth-story-step",
      "p": {
        "id": "detour-ridge"
      }
    },
    {
      "reload": true
    },
    {
      "walk": [
        0,
        23
      ]
    },
    {
      "walk": [
        0,
        10
      ]
    },
    {
      "walk": [
        -12,
        -23
      ]
    },
    {
      "type": "earth-story-step",
      "p": {
        "id": "detour-shelter"
      }
    },
    {
      "reload": true
    },
    {
      "walk": [
        0,
        23
      ]
    },
    {
      "walk": [
        0,
        10
      ]
    },
    {
      "walk": [
        0,
        -35
      ]
    },
    {
      "type": "earth-story-step",
      "p": {
        "id": "detour-mark"
      }
    },
    {
      "reload": true
    },
    {
      "walk": [
        0,
        23
      ]
    },
    {
      "walk": [
        0,
        10
      ]
    },
    {
      "walk": [
        7,
        5
      ]
    },
    {
      "type": "earth-story-dispatch",
      "p": {
        "route": "detour"
      }
    },
    {
      "reload": true
    },
    {
      "walk": [
        0,
        23
      ]
    },
    {
      "walk": [
        0,
        10
      ]
    },
    {
      "walk": [
        0,
        -43
      ]
    },
    {
      "type": "earth-story-arrive",
      "p": {}
    },
    {
      "reload": true
    },
    {
      "walk": [
        0,
        23
      ]
    },
    {
      "walk": [
        0,
        10
      ]
    },
    {
      "walk": [
        0,
        -43
      ]
    },
    {
      "type": "earth-story-claim",
      "p": {}
    },
    {
      "reload": true
    },
    {
      "walk": [
        0,
        23
      ]
    },
    {
      "walk": [
        0,
        10
      ]
    },
    {
      "walk": [
        0,
        -43
      ]
    }
  ]
}
