TAP version 13
# Subtest: all three real continuations bind the frozen installed source and exact output bytes
ok 1 - all three real continuations bind the frozen installed source and exact output bytes
  ---
  duration_ms: 41.7811
  type: 'test'
  ...
# Subtest: historical blade and explicit pre-IV bow fixtures preserve their byte-bound original character history
ok 2 - historical blade and explicit pre-IV bow fixtures preserve their byte-bound original character history
  ---
  duration_ms: 2.1853
  type: 'test'
  ...
# Subtest: strongest fixture origin is disclosed and genuinely earns its missing owners on the same world
ok 3 - strongest fixture origin is disclosed and genuinely earns its missing owners on the same world
  ---
  duration_ms: 9.3297
  type: 'test'
  ...
# Subtest: actual optional migration adds only an empty Earth owner to each historical world
ok 4 - actual optional migration adds only an empty Earth owner to each historical world
  ---
  duration_ms: 8.0726
  type: 'test'
  ...
# Subtest: exact portable fixture receipts, paths and variant selection reject forged metadata
ok 5 - exact portable fixture receipts, paths and variant selection reject forged metadata
  ---
  duration_ms: 5.07
  type: 'test'
  ...
# Subtest: earned signals include three immutable scheduled contacts and actual blade or arrow damage
ok 6 - earned signals include three immutable scheduled contacts and actual blade or arrow damage
  ---
  duration_ms: 2.1041
  type: 'test'
  ...
# Subtest: saved choice, Vessa verification, physical home arrival and payment remain separate
ok 7 - saved choice, Vessa verification, physical home arrival and payment remain separate
  ---
  duration_ms: 21.9122
  type: 'test'
  ...
# Subtest: actual Regent exhaustion pays no generic loot and the final chapter preserves every prior owner
ok 8 - actual Regent exhaustion pays no generic loot and the final chapter preserves every prior owner
  ---
  duration_ms: 14.9351
  type: 'test'
  ...
# Subtest: strongest keeps its paid Open Confluence and historical kit through missing-prerequisite commands
ok 9 - strongest keeps its paid Open Confluence and historical kit through missing-prerequisite commands
  ---
  duration_ms: 2.8861
  type: 'test'
  ...
# Subtest: synthetic full coin boundary refuses the entire payment before storage, then real claim can retry
ok 10 - synthetic full coin boundary refuses the entire payment before storage, then real claim can retry
  ---
  duration_ms: 18.0617
  type: 'test'
  ...
# Subtest: synthetic material capacity refuses every currency and retained account atomically
ok 11 - synthetic material capacity refuses every currency and retained account atomically
  ---
  duration_ms: 6.7037
  type: 'test'
  ...
# Subtest: actual Store write refusal leaves earned ready work unpaid and can retry after storage recovers
ok 12 - actual Store write refusal leaves earned ready work unpaid and can retry after storage recovers
  ---
  duration_ms: 12.6695
  type: 'test'
  ...
# Subtest: actual stale tab bytes refuse payment without overwriting the external character library
ok 13 - actual stale tab bytes refuse payment without overwriting the external character library
  ---
  duration_ms: 7.3736
  type: 'test'
  ...
# Subtest: wrong active owner and old action revision never reach the saver
ok 14 - wrong active owner and old action revision never reach the saver
  ---
  duration_ms: 5.4667
  type: 'test'
  ...
# Subtest: exact installed application writer refuses a real character switch after binding
ok 15 - exact installed application writer refuses a real character switch after binding
  ---
  duration_ms: 6.9276
  type: 'test'
  ...
# Subtest: pending owner replacement during save cannot adopt a paid account into another state
ok 16 - pending owner replacement during save cannot adopt a paid account into another state
  ---
  duration_ms: 7.7807
  type: 'test'
  ...
# Subtest: synthetic capped XP clips only XP while delivering the complete declared fixed fee
ok 17 - synthetic capped XP clips only XP while delivering the complete declared fixed fee
  ---
  duration_ms: 7.4478
  type: 'test'
  ...
# Subtest: actual paid replay survives Store cold reload and leaves inactive character bytes unchanged
ok 18 - actual paid replay survives Store cold reload and leaves inactive character bytes unchanged
  ---
  duration_ms: 12.1263
  type: 'test'
  ...
# Subtest: staged caller source remains frozen and has no direct progress or combat injection spellings
ok 19 - staged caller source remains frozen and has no direct progress or combat injection spellings
  ---
  duration_ms: 40.486
  type: 'test'
  ...
1..19
# tests 19
# suites 0
# pass 19
# fail 0
# cancelled 0
# skipped 0
# todo 0
# duration_ms 374.7336
{"status":"passed","variants":3,"output":"D:\\07-GAMES\\Firstlight\\artifacts\\living-road-fieldcraft-20261006\\source04\\earth-homecoming-earned","epochSha256":"14d07c9ccc0cae2dedcfb223875b53516321fac3aa518becdc03f82991e37372","scope":"actual installed-owner CPU earned continuation; native/browser/RAF/human qualification remains separate"}
