PASS loopback server returns the exact regenerated HTML before launching Chromium
fresh-blade navigating owned browser page
PASS fresh-blade served identical generated HTML
PASS fresh-blade native migration retains real earned history wallet inventory and old browser key
PASS fresh-blade migrated camera preferences retained before deliberate reset
PASS fresh-blade visible checkpoint crossing heaven
PASS fresh-blade declared terms heaven
PASS fresh-blade visible local route Yselle · gardener
PASS fresh-blade explicit arrangement heaven
PASS fresh-blade durable local work before heaven accepted
fresh-blade navigating owned browser page
PASS fresh-blade served identical generated HTML
PASS fresh-blade whole Chromium restart heaven accepted
PASS fresh-blade visible checkpoint crossing heaven
PASS fresh-blade visible local route Inspect the service handle
PASS fresh-blade visible physical work inspect-source
PASS fresh-blade durable local work before heaven partial work
fresh-blade navigating owned browser page
PASS fresh-blade served identical generated HTML
PASS fresh-blade whole Chromium restart heaven partial work
PASS fresh-blade visible checkpoint crossing heaven
PASS fresh-blade visible local route Assemble Yselle’s cutting tray
PASS fresh-blade wrong visible assembly refuses without mutation prepare-tray
PASS fresh-blade visible physical work prepare-tray
PASS fresh-blade actual carried supplied part heaven
PASS fresh-blade visible local route Plant the separate propagation bed
PASS fresh-blade visible physical work plant-cuttings
PASS fresh-blade explicit reset selects adventure projection heaven
PASS fresh-blade heaven-installed-adventure installed work contributes actual pixels
PASS fresh-blade heaven-installed-adventure completed change differs from actual earlier submitted work at the same camera and frame
PASS fresh-blade heaven-installed-adventure ablation exactly restores state camera collision batches and pixels
PASS fresh-blade explicit reset selects follow projection heaven
PASS fresh-blade heaven-installed-follow installed work contributes actual pixels
PASS fresh-blade heaven-installed-follow completed change differs from actual earlier submitted work at the same camera and frame
PASS fresh-blade heaven-installed-follow ablation exactly restores state camera collision batches and pixels
PASS fresh-blade durable local work before heaven completed unpaid
fresh-blade navigating owned browser page
PASS fresh-blade served identical generated HTML
PASS fresh-blade whole Chromium restart heaven completed unpaid
PASS fresh-blade visible checkpoint crossing heaven
PASS fresh-blade visible local route payment receiver
PASS fresh-blade exact whole once-only payment heaven
PASS fresh-blade changed request cannot repay heaven
PASS fresh-blade durable local work before heaven paid
fresh-blade navigating owned browser page
PASS fresh-blade served identical generated HTML
PASS fresh-blade whole Chromium restart heaven paid
PASS fresh-blade old browser key still untouched heaven
PASS fresh-blade visible checkpoint crossing heaven
PASS fresh-blade cold duplicate changes neither live nor durable bytes heaven
PASS fresh-blade free return keeps home checkpoint
PASS fresh-blade visible checkpoint crossing hell
PASS fresh-blade declared terms hell
PASS fresh-blade visible local route Tovan · riveter
PASS fresh-blade explicit arrangement hell
PASS fresh-blade durable local work before hell accepted
fresh-blade navigating owned browser page
PASS fresh-blade served identical generated HTML
PASS fresh-blade whole Chromium restart hell accepted
PASS fresh-blade visible checkpoint crossing hell
PASS fresh-blade visible local route Inspect the Moth Cut service mark
PASS fresh-blade visible physical work inspect-mark
PASS fresh-blade durable local work before hell partial work
fresh-blade navigating owned browser page
PASS fresh-blade served identical generated HTML
PASS fresh-blade whole Chromium restart hell partial work
PASS fresh-blade visible checkpoint crossing hell
PASS fresh-blade visible local route Inspect the cooling handle
PASS fresh-blade visible physical work inspect-cooling
PASS fresh-blade visible local route Fit the chosen Refuge filter
PASS fresh-blade wrong visible assembly refuses without mutation fit-filter
PASS native refused save preserves completed work and money
PASS fresh-blade visible physical work fit-filter
PASS fresh-blade visible local route Verify the Refuge filling point
PASS fresh-blade visible physical work verify-outlet
PASS fresh-blade explicit reset selects adventure projection hell
PASS fresh-blade hell-installed-adventure installed work contributes actual pixels
PASS fresh-blade hell-installed-adventure completed change differs from actual earlier submitted work at the same camera and frame
PASS fresh-blade hell-installed-adventure ablation exactly restores state camera collision batches and pixels
PASS fresh-blade explicit reset selects follow projection hell
PASS fresh-blade hell-installed-follow installed work contributes actual pixels
PASS fresh-blade hell-installed-follow completed change differs from actual earlier submitted work at the same camera and frame
PASS fresh-blade hell-installed-follow ablation exactly restores state camera collision batches and pixels
PASS fresh-blade durable local work before hell completed unpaid
fresh-blade navigating owned browser page
PASS fresh-blade served identical generated HTML
PASS fresh-blade whole Chromium restart hell completed unpaid
PASS fresh-blade visible checkpoint crossing hell
PASS fresh-blade visible local route payment receiver
PASS fresh-blade exact whole once-only payment hell
PASS fresh-blade changed request cannot repay hell
PASS fresh-blade durable local work before hell paid
fresh-blade navigating owned browser page
PASS fresh-blade served identical generated HTML
PASS fresh-blade whole Chromium restart hell paid
PASS fresh-blade old browser key still untouched hell
PASS fresh-blade visible checkpoint crossing hell
PASS fresh-blade cold duplicate changes neither live nor durable bytes hell
PASS fresh-blade free return keeps home checkpoint
PASS fresh-blade visible checkpoint crossing atlantis
PASS fresh-blade declared terms atlantis
PASS fresh-blade visible local route Sahra · instrument-maker
PASS fresh-blade explicit arrangement atlantis
PASS fresh-blade durable local work before atlantis accepted
fresh-blade navigating owned browser page
PASS fresh-blade served identical generated HTML
PASS fresh-blade whole Chromium restart atlantis accepted
PASS fresh-blade visible checkpoint crossing atlantis
PASS fresh-blade visible local route Seat the keyed lamp cartridge
PASS fresh-blade wrong visible assembly refuses without mutation assemble-cartridge
PASS fresh-blade visible physical work assemble-cartridge
PASS fresh-blade actual carried supplied part atlantis
PASS fresh-blade durable local work before atlantis partial work
fresh-blade navigating owned browser page
PASS fresh-blade served identical generated HTML
PASS fresh-blade whole Chromium restart atlantis partial work
PASS fresh-blade visible checkpoint crossing atlantis
PASS fresh-blade production walk Tide Steps
PASS fresh-blade native gallery entry is actual body transfer
PASS fresh-blade actual full-body swim [8, -0.5, -19.5]
PASS fresh-blade actual full-body swim [8, -1.05, -22]
PASS fresh-blade visible physical work read-gallery-gauge
PASS fresh-blade actual full-body swim [8, -1.8, -26]
PASS fresh-blade actual full-body swim [8, -2.7, -29.5]
PASS fresh-blade actual full-body swim [8, -2.7, -32]
PASS fresh-blade actual full-body swim [6.2, -2.7, -35]
PASS fresh-blade visible physical work fit-court-lamp
PASS fresh-blade explicit reset selects adventure projection atlantis
PASS fresh-blade atlantis-installed-adventure installed work contributes actual pixels
PASS fresh-blade atlantis-installed-adventure completed change differs from actual earlier submitted work at the same camera and frame
PASS fresh-blade atlantis-installed-adventure ablation exactly restores state camera collision batches and pixels
PASS fresh-blade explicit reset selects follow projection atlantis
PASS fresh-blade atlantis-installed-follow installed work contributes actual pixels
PASS fresh-blade atlantis-installed-follow completed change differs from actual earlier submitted work at the same camera and frame
PASS fresh-blade atlantis-installed-follow ablation exactly restores state camera collision batches and pixels
PASS fresh-blade diving completion explains exit instead of dry walk
PASS fresh-blade diving atlas explains actual exit
PASS fresh-blade actual full-body swim [8, -2.7, -32]
PASS fresh-blade actual full-body swim [8, -2.7, -29.5]
PASS fresh-blade actual full-body swim [8, -1.8, -29]
PASS fresh-blade actual full-body swim [12, -1.8, -29]
PASS fresh-blade actual full-body swim [12, -1.4, -39.3]
PASS fresh-blade actual dry landing exit
PASS fresh-blade durable local work before atlantis completed unpaid
fresh-blade navigating owned browser page
PASS fresh-blade served identical generated HTML
PASS fresh-blade whole Chromium restart atlantis completed unpaid
PASS fresh-blade visible checkpoint crossing atlantis
PASS fresh-blade visible local route payment receiver
PASS native refused claim preserves ready unpaid work wallet inventory and durable bytes
PASS fresh-blade exact whole once-only payment atlantis
PASS fresh-blade changed request cannot repay atlantis
PASS fresh-blade durable local work before atlantis paid
fresh-blade navigating owned browser page
PASS fresh-blade served identical generated HTML
PASS fresh-blade whole Chromium restart atlantis paid
PASS fresh-blade old browser key still untouched atlantis
PASS fresh-blade visible checkpoint crossing atlantis
PASS fresh-blade cold duplicate changes neither live nor durable bytes atlantis
PASS fresh-blade free return keeps home checkpoint
PASS fresh-blade production walk original Cosmos invitation
PASS legacy Cosmos visit retains its unaccepted presentation
PASS fresh-blade declared terms cosmos
PASS fresh-blade visible local route Anik · observer
PASS fresh-blade explicit arrangement cosmos
PASS accepted local work takes over legacy Cosmos presentation and single return control
PASS legacy entry now exposes the actual local-work route legend
PASS fresh-blade free return keeps home checkpoint
PASS adopted legacy return keeps original valley checkpoint
PASS fresh-blade production walk Roads of Light
PASS fresh-blade visible checkpoint crossing cosmos
PASS fresh-blade durable local work before cosmos accepted
fresh-blade navigating owned browser page
PASS fresh-blade served identical generated HTML
PASS fresh-blade whole Chromium restart cosmos accepted
PASS fresh-blade visible checkpoint crossing cosmos
PASS fresh-blade visible local route Inspect the Farroad bench sockets
PASS fresh-blade visible physical work inspect-sockets
PASS fresh-blade durable local work before cosmos partial work
fresh-blade navigating owned browser page
PASS fresh-blade served identical generated HTML
PASS fresh-blade whole Chromium restart cosmos partial work
PASS fresh-blade visible checkpoint crossing cosmos
PASS fresh-blade visible local route Assemble Anik’s supplied drawing board
PASS fresh-blade wrong visible assembly refuses without mutation assemble-board
PASS fresh-blade visible physical work assemble-board
PASS fresh-blade actual carried supplied part cosmos
PASS fresh-blade visible local route Fit the board at the Farroad refuge
PASS fresh-blade visible physical work fit-shelf
PASS fresh-blade production walk Farroad supported approach
PASS fresh-blade production walk face the fitted board from its clear working floor
PASS fresh-blade explicit reset selects adventure projection cosmos
PASS fresh-blade cosmos-installed-adventure installed work contributes actual pixels
PASS fresh-blade cosmos-installed-adventure completed change differs from actual earlier submitted work at the same camera and frame
PASS fresh-blade cosmos-installed-adventure ablation exactly restores state camera collision batches and pixels
PASS fresh-blade explicit reset selects follow projection cosmos
PASS fresh-blade cosmos-installed-follow installed work contributes actual pixels
PASS fresh-blade cosmos-installed-follow completed change differs from actual earlier submitted work at the same camera and frame
PASS fresh-blade cosmos-installed-follow ablation exactly restores state camera collision batches and pixels
PASS fresh-blade durable local work before cosmos completed unpaid
fresh-blade navigating owned browser page
PASS fresh-blade served identical generated HTML
PASS fresh-blade whole Chromium restart cosmos completed unpaid
PASS fresh-blade visible checkpoint crossing cosmos
PASS fresh-blade visible local route payment receiver
PASS fresh-blade exact whole once-only payment cosmos
PASS fresh-blade changed request cannot repay cosmos
PASS fresh-blade durable local work before cosmos paid
fresh-blade navigating owned browser page
PASS fresh-blade served identical generated HTML
PASS fresh-blade whole Chromium restart cosmos paid
PASS fresh-blade old browser key still untouched cosmos
PASS fresh-blade visible checkpoint crossing cosmos
PASS fresh-blade cold duplicate changes neither live nor durable bytes cosmos
PASS fresh-blade free return keeps home checkpoint
PASS fresh-blade preserves campaign XP curve gear sockets and all prior history
PASS fresh-blade no runtime errors
fresh-bow navigating owned browser page
PASS fresh-bow served identical generated HTML
PASS fresh-bow native migration retains real earned history wallet inventory and old browser key
PASS fresh-bow migrated camera preferences retained before deliberate reset
PASS fresh-bow visible checkpoint crossing heaven
PASS fresh-bow declared terms heaven
PASS fresh-bow visible local route Yselle · gardener
PASS fresh-bow explicit arrangement heaven
PASS fresh-bow durable local work before heaven accepted
fresh-bow navigating owned browser page
PASS fresh-bow served identical generated HTML
PASS fresh-bow whole Chromium restart heaven accepted
PASS fresh-bow visible checkpoint crossing heaven
PASS fresh-bow visible local route Inspect the Ruby Arcade work plate
PASS fresh-bow visible physical work inspect-source
PASS fresh-bow durable local work before heaven partial work
fresh-bow navigating owned browser page
PASS fresh-bow served identical generated HTML
PASS fresh-bow whole Chromium restart heaven partial work
PASS fresh-bow visible checkpoint crossing heaven
PASS fresh-bow visible local route Assemble Yselle’s cutting tray
PASS fresh-bow wrong visible assembly refuses without mutation prepare-tray
PASS fresh-bow visible physical work prepare-tray
PASS fresh-bow actual carried supplied part heaven
PASS fresh-bow visible local route Plant the separate propagation bed
PASS fresh-bow visible physical work plant-cuttings
PASS fresh-bow explicit reset selects adventure projection heaven
PASS fresh-bow heaven-installed-adventure installed work contributes actual pixels
PASS fresh-bow heaven-installed-adventure completed change differs from actual earlier submitted work at the same camera and frame
PASS fresh-bow heaven-installed-adventure ablation exactly restores state camera collision batches and pixels
PASS fresh-bow explicit reset selects follow projection heaven
PASS fresh-bow heaven-installed-follow installed work contributes actual pixels
PASS fresh-bow heaven-installed-follow completed change differs from actual earlier submitted work at the same camera and frame
PASS fresh-bow heaven-installed-follow ablation exactly restores state camera collision batches and pixels
PASS fresh-bow durable local work before heaven completed unpaid
fresh-bow navigating owned browser page
PASS fresh-bow served identical generated HTML
PASS fresh-bow whole Chromium restart heaven completed unpaid
PASS fresh-bow visible checkpoint crossing heaven
PASS fresh-bow visible local route payment receiver
PASS fresh-bow exact whole once-only payment heaven
PASS fresh-bow changed request cannot repay heaven
PASS fresh-bow durable local work before heaven paid
fresh-bow navigating owned browser page
PASS fresh-bow served identical generated HTML
PASS fresh-bow whole Chromium restart heaven paid
PASS fresh-bow old browser key still untouched heaven
PASS fresh-bow visible checkpoint crossing heaven
PASS fresh-bow cold duplicate changes neither live nor durable bytes heaven
PASS fresh-bow free return keeps home checkpoint
PASS fresh-bow visible checkpoint crossing hell
PASS fresh-bow declared terms hell
PASS fresh-bow visible local route Tovan · riveter
PASS fresh-bow explicit arrangement hell
PASS fresh-bow durable local work before hell accepted
fresh-bow navigating owned browser page
PASS fresh-bow served identical generated HTML
PASS fresh-bow whole Chromium restart hell accepted
PASS fresh-bow visible checkpoint crossing hell
PASS fresh-bow visible local route Inspect the Moth Cut service mark
PASS fresh-bow visible physical work inspect-mark
PASS fresh-bow durable local work before hell partial work
fresh-bow navigating owned browser page
PASS fresh-bow served identical generated HTML
PASS fresh-bow whole Chromium restart hell partial work
PASS fresh-bow visible checkpoint crossing hell
PASS fresh-bow visible local route Inspect the cooling handle
PASS fresh-bow visible physical work inspect-cooling
PASS fresh-bow visible local route Fit the chosen Refuge filter
PASS fresh-bow wrong visible assembly refuses without mutation fit-filter
PASS fresh-bow visible physical work fit-filter
PASS fresh-bow visible local route Verify the Refuge filling point
PASS fresh-bow visible physical work verify-outlet
PASS fresh-bow explicit reset selects adventure projection hell
PASS fresh-bow hell-installed-adventure installed work contributes actual pixels
PASS fresh-bow hell-installed-adventure completed change differs from actual earlier submitted work at the same camera and frame
PASS fresh-bow hell-installed-adventure ablation exactly restores state camera collision batches and pixels
PASS fresh-bow explicit reset selects follow projection hell
PASS fresh-bow hell-installed-follow installed work contributes actual pixels
PASS fresh-bow hell-installed-follow completed change differs from actual earlier submitted work at the same camera and frame
PASS fresh-bow hell-installed-follow ablation exactly restores state camera collision batches and pixels
PASS fresh-bow durable local work before hell completed unpaid
fresh-bow navigating owned browser page
PASS fresh-bow served identical generated HTML
PASS fresh-bow whole Chromium restart hell completed unpaid
PASS fresh-bow visible checkpoint crossing hell
PASS fresh-bow visible local route payment receiver
PASS fresh-bow exact whole once-only payment hell
PASS fresh-bow changed request cannot repay hell
PASS fresh-bow durable local work before hell paid
fresh-bow navigating owned browser page
PASS fresh-bow served identical generated HTML
PASS fresh-bow whole Chromium restart hell paid
PASS fresh-bow old browser key still untouched hell
PASS fresh-bow visible checkpoint crossing hell
PASS fresh-bow cold duplicate changes neither live nor durable bytes hell
PASS fresh-bow free return keeps home checkpoint
PASS fresh-bow visible checkpoint crossing atlantis
PASS fresh-bow declared terms atlantis
PASS fresh-bow visible local route Sahra · instrument-maker
PASS fresh-bow explicit arrangement atlantis
PASS fresh-bow durable local work before atlantis accepted
fresh-bow navigating owned browser page
PASS fresh-bow served identical generated HTML
PASS fresh-bow whole Chromium restart atlantis accepted
PASS fresh-bow visible checkpoint crossing atlantis
PASS fresh-bow visible local route Seat the keyed lamp cartridge
PASS fresh-bow wrong visible assembly refuses without mutation assemble-cartridge
PASS fresh-bow visible physical work assemble-cartridge
PASS fresh-bow actual carried supplied part atlantis
PASS fresh-bow durable local work before atlantis partial work
fresh-bow navigating owned browser page
PASS fresh-bow served identical generated HTML
PASS fresh-bow whole Chromium restart atlantis partial work
PASS fresh-bow visible checkpoint crossing atlantis
PASS fresh-bow production walk Tide Steps
PASS fresh-bow native gallery entry is actual body transfer
PASS fresh-bow actual full-body swim [8, -0.5, -19.5]
PASS fresh-bow actual full-body swim [8, -1.05, -22]
PASS fresh-bow visible physical work read-gallery-gauge
PASS fresh-bow actual full-body swim [8, -1.8, -26]
PASS fresh-bow actual full-body swim [8, -2.7, -29.5]
PASS fresh-bow actual full-body swim [8, -2.7, -32]
PASS fresh-bow actual full-body swim [6.2, -2.7, -35]
PASS fresh-bow visible physical work fit-court-lamp
PASS fresh-bow explicit reset selects adventure projection atlantis
PASS fresh-bow atlantis-installed-adventure installed work contributes actual pixels
PASS fresh-bow atlantis-installed-adventure completed change differs from actual earlier submitted work at the same camera and frame
PASS fresh-bow atlantis-installed-adventure ablation exactly restores state camera collision batches and pixels
PASS fresh-bow explicit reset selects follow projection atlantis
PASS fresh-bow atlantis-installed-follow installed work contributes actual pixels
PASS fresh-bow atlantis-installed-follow completed change differs from actual earlier submitted work at the same camera and frame
PASS fresh-bow atlantis-installed-follow ablation exactly restores state camera collision batches and pixels
PASS fresh-bow diving completion explains exit instead of dry walk
PASS fresh-bow diving atlas explains actual exit
PASS fresh-bow actual full-body swim [8, -2.7, -32]
PASS fresh-bow actual full-body swim [8, -2.7, -29.5]
PASS fresh-bow actual full-body swim [8, -1.8, -29]
PASS fresh-bow actual full-body swim [12, -1.8, -29]
PASS fresh-bow actual full-body swim [12, -1.4, -39.3]
PASS fresh-bow actual dry landing exit
PASS fresh-bow durable local work before atlantis completed unpaid
fresh-bow navigating owned browser page
PASS fresh-bow served identical generated HTML
PASS fresh-bow whole Chromium restart atlantis completed unpaid
PASS fresh-bow visible checkpoint crossing atlantis
PASS fresh-bow visible local route payment receiver
PASS fresh-bow exact whole once-only payment atlantis
PASS fresh-bow changed request cannot repay atlantis
PASS fresh-bow durable local work before atlantis paid
fresh-bow navigating owned browser page
PASS fresh-bow served identical generated HTML
PASS fresh-bow whole Chromium restart atlantis paid
PASS fresh-bow old browser key still untouched atlantis
PASS fresh-bow visible checkpoint crossing atlantis
PASS fresh-bow cold duplicate changes neither live nor durable bytes atlantis
PASS fresh-bow free return keeps home checkpoint
PASS fresh-bow visible checkpoint crossing cosmos
PASS fresh-bow declared terms cosmos
PASS fresh-bow visible local route Anik · observer
PASS fresh-bow explicit arrangement cosmos
PASS fresh-bow durable local work before cosmos accepted
fresh-bow navigating owned browser page
PASS fresh-bow served identical generated HTML
PASS fresh-bow whole Chromium restart cosmos accepted
PASS fresh-bow visible checkpoint crossing cosmos
PASS fresh-bow visible local route Inspect the Farroad bench sockets
PASS fresh-bow visible physical work inspect-sockets
PASS fresh-bow durable local work before cosmos partial work
fresh-bow navigating owned browser page
PASS fresh-bow served identical generated HTML
PASS fresh-bow whole Chromium restart cosmos partial work
PASS fresh-bow visible checkpoint crossing cosmos
PASS fresh-bow visible local route Assemble Anik’s supplied drawing board
PASS fresh-bow wrong visible assembly refuses without mutation assemble-board
PASS fresh-bow visible physical work assemble-board
PASS fresh-bow actual carried supplied part cosmos
PASS fresh-bow visible local route Fit the board at the Farroad refuge
PASS fresh-bow visible physical work fit-shelf
PASS fresh-bow production walk Farroad supported approach
PASS fresh-bow production walk face the fitted board from its clear working floor
PASS fresh-bow explicit reset selects adventure projection cosmos
PASS fresh-bow cosmos-installed-adventure installed work contributes actual pixels
PASS fresh-bow cosmos-installed-adventure completed change differs from actual earlier submitted work at the same camera and frame
PASS fresh-bow cosmos-installed-adventure ablation exactly restores state camera collision batches and pixels
PASS fresh-bow explicit reset selects follow projection cosmos
PASS fresh-bow cosmos-installed-follow installed work contributes actual pixels
PASS fresh-bow cosmos-installed-follow completed change differs from actual earlier submitted work at the same camera and frame
PASS fresh-bow cosmos-installed-follow ablation exactly restores state camera collision batches and pixels
PASS fresh-bow durable local work before cosmos completed unpaid
fresh-bow navigating owned browser page
PASS fresh-bow served identical generated HTML
PASS fresh-bow whole Chromium restart cosmos completed unpaid
PASS fresh-bow visible checkpoint crossing cosmos
PASS fresh-bow visible local route payment receiver
PASS fresh-bow exact whole once-only payment cosmos
PASS fresh-bow changed request cannot repay cosmos
PASS fresh-bow durable local work before cosmos paid
fresh-bow navigating owned browser page
PASS fresh-bow served identical generated HTML
PASS fresh-bow whole Chromium restart cosmos paid
PASS fresh-bow old browser key still untouched cosmos
PASS fresh-bow visible checkpoint crossing cosmos
PASS fresh-bow cold duplicate changes neither live nor durable bytes cosmos
PASS fresh-bow free return keeps home checkpoint
PASS fresh-bow preserves campaign XP curve gear sockets and all prior history
PASS fresh-bow no runtime errors
returning-strongest navigating owned browser page
PASS returning-strongest served identical generated HTML
PASS returning-strongest native migration retains real earned history wallet inventory and old browser key
PASS returning-strongest migrated camera preferences retained before deliberate reset
PASS returning-strongest visible checkpoint crossing heaven
PASS returning-strongest declared terms heaven
PASS returning-strongest visible local route Yselle · gardener
PASS returning-strongest explicit arrangement heaven
PASS returning-strongest durable local work before heaven accepted
returning-strongest navigating owned browser page
PASS returning-strongest served identical generated HTML
PASS returning-strongest whole Chromium restart heaven accepted
PASS returning-strongest visible checkpoint crossing heaven
PASS returning-strongest visible local route Inspect the Ruby Arcade work plate
PASS returning-strongest visible physical work inspect-source
PASS returning-strongest durable local work before heaven partial work
returning-strongest navigating owned browser page
PASS returning-strongest served identical generated HTML
PASS returning-strongest whole Chromium restart heaven partial work
PASS returning-strongest visible checkpoint crossing heaven
PASS returning-strongest visible local route Assemble Yselle’s cutting tray
PASS returning-strongest wrong visible assembly refuses without mutation prepare-tray
PASS returning-strongest visible physical work prepare-tray
PASS returning-strongest actual carried supplied part heaven
PASS returning-strongest visible local route Plant the separate propagation bed
PASS returning-strongest visible physical work plant-cuttings
PASS returning-strongest explicit reset selects adventure projection heaven
PASS returning-strongest heaven-installed-adventure installed work contributes actual pixels
PASS returning-strongest heaven-installed-adventure completed change differs from actual earlier submitted work at the same camera and frame
PASS returning-strongest heaven-installed-adventure ablation exactly restores state camera collision batches and pixels
PASS returning-strongest explicit reset selects follow projection heaven
PASS returning-strongest heaven-installed-follow installed work contributes actual pixels
PASS returning-strongest heaven-installed-follow completed change differs from actual earlier submitted work at the same camera and frame
PASS returning-strongest heaven-installed-follow ablation exactly restores state camera collision batches and pixels
PASS returning-strongest durable local work before heaven completed unpaid
returning-strongest navigating owned browser page
PASS returning-strongest served identical generated HTML
PASS returning-strongest whole Chromium restart heaven completed unpaid
PASS returning-strongest visible checkpoint crossing heaven
PASS returning-strongest visible local route payment receiver
PASS returning-strongest exact whole once-only payment heaven
PASS returning-strongest changed request cannot repay heaven
PASS returning-strongest durable local work before heaven paid
returning-strongest navigating owned browser page
PASS returning-strongest served identical generated HTML
PASS returning-strongest whole Chromium restart heaven paid
PASS returning-strongest old browser key still untouched heaven
PASS returning-strongest visible checkpoint crossing heaven
PASS returning-strongest cold duplicate changes neither live nor durable bytes heaven
PASS returning-strongest free return keeps home checkpoint
PASS returning-strongest visible checkpoint crossing hell
PASS returning-strongest declared terms hell
PASS returning-strongest visible local route Tovan · riveter
PASS returning-strongest explicit arrangement hell
PASS returning-strongest durable local work before hell accepted
returning-strongest navigating owned browser page
PASS returning-strongest served identical generated HTML
PASS returning-strongest whole Chromium restart hell accepted
PASS returning-strongest visible checkpoint crossing hell
PASS returning-strongest visible local route Inspect the Moth Cut service mark
PASS returning-strongest visible physical work inspect-mark
PASS returning-strongest durable local work before hell partial work
returning-strongest navigating owned browser page
PASS returning-strongest served identical generated HTML
PASS returning-strongest whole Chromium restart hell partial work
PASS returning-strongest visible checkpoint crossing hell
PASS returning-strongest visible local route Inspect the cooling handle
PASS returning-strongest visible physical work inspect-cooling
PASS returning-strongest visible local route Fit the chosen Refuge filter
PASS returning-strongest wrong visible assembly refuses without mutation fit-filter
PASS returning-strongest visible physical work fit-filter
PASS returning-strongest visible local route Verify the Refuge filling point
PASS returning-strongest visible physical work verify-outlet
PASS returning-strongest explicit reset selects adventure projection hell
PASS returning-strongest hell-installed-adventure installed work contributes actual pixels
PASS returning-strongest hell-installed-adventure completed change differs from actual earlier submitted work at the same camera and frame
PASS returning-strongest hell-installed-adventure ablation exactly restores state camera collision batches and pixels
PASS returning-strongest explicit reset selects follow projection hell
PASS returning-strongest hell-installed-follow installed work contributes actual pixels
PASS returning-strongest hell-installed-follow completed change differs from actual earlier submitted work at the same camera and frame
PASS returning-strongest hell-installed-follow ablation exactly restores state camera collision batches and pixels
PASS returning-strongest durable local work before hell completed unpaid
returning-strongest navigating owned browser page
PASS returning-strongest served identical generated HTML
PASS returning-strongest whole Chromium restart hell completed unpaid
PASS returning-strongest visible checkpoint crossing hell
PASS returning-strongest visible local route payment receiver
PASS returning-strongest exact whole once-only payment hell
PASS returning-strongest changed request cannot repay hell
PASS returning-strongest durable local work before hell paid
returning-strongest navigating owned browser page
PASS returning-strongest served identical generated HTML
PASS returning-strongest whole Chromium restart hell paid
PASS returning-strongest old browser key still untouched hell
PASS returning-strongest visible checkpoint crossing hell
PASS returning-strongest cold duplicate changes neither live nor durable bytes hell
PASS returning-strongest free return keeps home checkpoint
PASS returning-strongest visible checkpoint crossing atlantis
PASS returning-strongest declared terms atlantis
PASS returning-strongest visible local route Sahra · instrument-maker
PASS returning-strongest explicit arrangement atlantis
PASS returning-strongest durable local work before atlantis accepted
returning-strongest navigating owned browser page
PASS returning-strongest served identical generated HTML
PASS returning-strongest whole Chromium restart atlantis accepted
PASS returning-strongest visible checkpoint crossing atlantis
PASS returning-strongest visible local route Seat the keyed lamp cartridge
PASS returning-strongest wrong visible assembly refuses without mutation assemble-cartridge
PASS returning-strongest visible physical work assemble-cartridge
PASS returning-strongest actual carried supplied part atlantis
PASS returning-strongest durable local work before atlantis partial work
returning-strongest navigating owned browser page
PASS returning-strongest served identical generated HTML
PASS returning-strongest whole Chromium restart atlantis partial work
PASS returning-strongest visible checkpoint crossing atlantis
PASS returning-strongest production walk Tide Steps
PASS returning-strongest native gallery entry is actual body transfer
PASS returning-strongest actual full-body swim [8, -0.5, -19.5]
PASS returning-strongest actual full-body swim [8, -1.05, -22]
PASS returning-strongest visible physical work read-gallery-gauge
PASS returning-strongest actual full-body swim [8, -1.8, -26]
PASS returning-strongest actual full-body swim [8, -2.7, -29.5]
PASS returning-strongest actual full-body swim [8, -2.7, -32]
PASS returning-strongest actual full-body swim [6.2, -2.7, -35]
PASS returning-strongest visible physical work fit-court-lamp
PASS returning-strongest explicit reset selects adventure projection atlantis
PASS returning-strongest atlantis-installed-adventure installed work contributes actual pixels
PASS returning-strongest atlantis-installed-adventure completed change differs from actual earlier submitted work at the same camera and frame
PASS returning-strongest atlantis-installed-adventure ablation exactly restores state camera collision batches and pixels
PASS returning-strongest explicit reset selects follow projection atlantis
PASS returning-strongest atlantis-installed-follow installed work contributes actual pixels
PASS returning-strongest atlantis-installed-follow completed change differs from actual earlier submitted work at the same camera and frame
PASS returning-strongest atlantis-installed-follow ablation exactly restores state camera collision batches and pixels
PASS returning-strongest diving completion explains exit instead of dry walk
PASS returning-strongest diving atlas explains actual exit
PASS returning-strongest actual full-body swim [8, -2.7, -32]
PASS returning-strongest actual full-body swim [8, -2.7, -29.5]
PASS returning-strongest actual full-body swim [8, -1.8, -29]
PASS returning-strongest actual full-body swim [12, -1.8, -29]
PASS returning-strongest actual full-body swim [12, -1.4, -39.3]
PASS returning-strongest actual dry landing exit
PASS returning-strongest durable local work before atlantis completed unpaid
returning-strongest navigating owned browser page
PASS returning-strongest served identical generated HTML
PASS returning-strongest whole Chromium restart atlantis completed unpaid
PASS returning-strongest visible checkpoint crossing atlantis
PASS returning-strongest visible local route payment receiver
PASS returning-strongest exact whole once-only payment atlantis
PASS returning-strongest changed request cannot repay atlantis
PASS returning-strongest durable local work before atlantis paid
returning-strongest navigating owned browser page
PASS returning-strongest served identical generated HTML
PASS returning-strongest whole Chromium restart atlantis paid
PASS returning-strongest old browser key still untouched atlantis
PASS returning-strongest visible checkpoint crossing atlantis
PASS returning-strongest cold duplicate changes neither live nor durable bytes atlantis
PASS returning-strongest free return keeps home checkpoint
PASS returning-strongest visible checkpoint crossing cosmos
PASS returning-strongest declared terms cosmos
PASS returning-strongest visible local route Anik · observer
PASS returning-strongest explicit arrangement cosmos
PASS returning-strongest durable local work before cosmos accepted
returning-strongest navigating owned browser page
PASS returning-strongest served identical generated HTML
PASS returning-strongest whole Chromium restart cosmos accepted
PASS returning-strongest visible checkpoint crossing cosmos
PASS returning-strongest visible local route Inspect the Farroad bench sockets
PASS returning-strongest visible physical work inspect-sockets
PASS returning-strongest durable local work before cosmos partial work
returning-strongest navigating owned browser page
PASS returning-strongest served identical generated HTML
PASS returning-strongest whole Chromium restart cosmos partial work
PASS returning-strongest visible checkpoint crossing cosmos
PASS returning-strongest visible local route Assemble Anik’s supplied drawing board
PASS returning-strongest wrong visible assembly refuses without mutation assemble-board
PASS returning-strongest visible physical work assemble-board
PASS returning-strongest actual carried supplied part cosmos
PASS returning-strongest visible local route Fit the board at the Farroad refuge
PASS returning-strongest visible physical work fit-shelf
PASS returning-strongest production walk Farroad supported approach
PASS returning-strongest production walk face the fitted board from its clear working floor
PASS returning-strongest explicit reset selects adventure projection cosmos
PASS returning-strongest cosmos-installed-adventure installed work contributes actual pixels
PASS returning-strongest cosmos-installed-adventure completed change differs from actual earlier submitted work at the same camera and frame
PASS returning-strongest cosmos-installed-adventure ablation exactly restores state camera collision batches and pixels
PASS returning-strongest explicit reset selects follow projection cosmos
PASS returning-strongest cosmos-installed-follow installed work contributes actual pixels
PASS returning-strongest cosmos-installed-follow completed change differs from actual earlier submitted work at the same camera and frame
PASS returning-strongest cosmos-installed-follow ablation exactly restores state camera collision batches and pixels
PASS returning-strongest durable local work before cosmos completed unpaid
returning-strongest navigating owned browser page
PASS returning-strongest served identical generated HTML
PASS returning-strongest whole Chromium restart cosmos completed unpaid
PASS returning-strongest visible checkpoint crossing cosmos
PASS returning-strongest visible local route payment receiver
PASS returning-strongest exact whole once-only payment cosmos
PASS returning-strongest changed request cannot repay cosmos
PASS returning-strongest durable local work before cosmos paid
returning-strongest navigating owned browser page
PASS returning-strongest served identical generated HTML
PASS returning-strongest whole Chromium restart cosmos paid
PASS returning-strongest old browser key still untouched cosmos
PASS returning-strongest visible checkpoint crossing cosmos
PASS returning-strongest cold duplicate changes neither live nor durable bytes cosmos
PASS returning-strongest free return keeps home checkpoint
PASS returning-strongest preserves campaign XP curve gear sockets and all prior history
PASS returning-strongest no runtime errors
PASS HTML and all runtime sources unchanged throughout native qualification
{
  "status": "passed",
  "passed": 581,
  "failed": 0,
  "out": "C:\\dev\\firstlight-verification\\living-road-return-work-20261004-04\\evidence10\\local-life-browser"
}
