Python: 3.13.15; Node: v24.18.0
Logs: D:\07-GAMES\Firstlight\artifacts\whole-draft-onboarding-20261005\remote-full03
Running build...
PASS: build
HTML: 3033467 bytes; SHA-256 ccfc2782a33d21e3a75cd93201d5d9b5d89eef41e6397036c13c2f06bda91f9b
Running syntax-adventure-art...
PASS: syntax-adventure-art
Running syntax-adventure-ui...
PASS: syntax-adventure-ui
Running syntax-adventure...
PASS: syntax-adventure
Running syntax-app...
PASS: syntax-app
Running syntax-arsenal-art...
PASS: syntax-arsenal-art
Running syntax-arsenal-ui...
PASS: syntax-arsenal-ui
Running syntax-arsenal...
PASS: syntax-arsenal
Running syntax-atlantis-campaign-art...
PASS: syntax-atlantis-campaign-art
Running syntax-atlantis-campaign-data...
PASS: syntax-atlantis-campaign-data
Running syntax-atlantis-campaign-ui...
PASS: syntax-atlantis-campaign-ui
Running syntax-atlantis-campaign...
PASS: syntax-atlantis-campaign
Running syntax-beacon-art...
PASS: syntax-beacon-art
Running syntax-beacon...
PASS: syntax-beacon
Running syntax-bridge-art...
PASS: syntax-bridge-art
Running syntax-bridge-community-art...
PASS: syntax-bridge-community-art
Running syntax-bridge-community-ui...
PASS: syntax-bridge-community-ui
Running syntax-bridge-community...
PASS: syntax-bridge-community
Running syntax-bridge-moment-view...
PASS: syntax-bridge-moment-view
Running syntax-characters-ui...
PASS: syntax-characters-ui
Running syntax-characters...
PASS: syntax-characters
Running syntax-classes-ui...
PASS: syntax-classes-ui
Running syntax-classes...
PASS: syntax-classes
Running syntax-coastward-settlement-art...
PASS: syntax-coastward-settlement-art
Running syntax-coastward-woodland-art...
PASS: syntax-coastward-woodland-art
Running syntax-combat-view...
PASS: syntax-combat-view
Running syntax-combat...
PASS: syntax-combat
Running syntax-companion-art...
PASS: syntax-companion-art
Running syntax-core...
PASS: syntax-core
Running syntax-cosmos-art...
PASS: syntax-cosmos-art
Running syntax-cosmos-campaign-art...
PASS: syntax-cosmos-campaign-art
Running syntax-cosmos-campaign-data...
PASS: syntax-cosmos-campaign-data
Running syntax-cosmos-campaign-ui...
PASS: syntax-cosmos-campaign-ui
Running syntax-cosmos-campaign...
PASS: syntax-cosmos-campaign
Running syntax-cosmos-ui...
PASS: syntax-cosmos-ui
Running syntax-cosmos...
PASS: syntax-cosmos
Running syntax-creative...
PASS: syntax-creative
Running syntax-crossing-art...
PASS: syntax-crossing-art
Running syntax-crossing-ui...
PASS: syntax-crossing-ui
Running syntax-crossing...
PASS: syntax-crossing
Running syntax-drover-art...
PASS: syntax-drover-art
Running syntax-earth-art...
PASS: syntax-earth-art
Running syntax-earth-expedition-art...
PASS: syntax-earth-expedition-art
Running syntax-earth-expedition-beast-art...
PASS: syntax-earth-expedition-beast-art
Running syntax-earth-expedition-dialogue...
PASS: syntax-earth-expedition-dialogue
Running syntax-earth-expedition-ui...
PASS: syntax-earth-expedition-ui
Running syntax-earth-expedition...
PASS: syntax-earth-expedition
Running syntax-earth-homecoming-art...
PASS: syntax-earth-homecoming-art
Running syntax-earth-homecoming-data...
PASS: syntax-earth-homecoming-data
Running syntax-earth-homecoming-ui...
PASS: syntax-earth-homecoming-ui
Running syntax-earth-homecoming...
PASS: syntax-earth-homecoming
Running syntax-earth-notes-art...
PASS: syntax-earth-notes-art
Running syntax-earth-notes-ui...
PASS: syntax-earth-notes-ui
Running syntax-earth-notes...
PASS: syntax-earth-notes
Running syntax-earth-shoulder-art...
PASS: syntax-earth-shoulder-art
Running syntax-earth-story-ui...
PASS: syntax-earth-story-ui
Running syntax-earth-story...
PASS: syntax-earth-story
Running syntax-earth-ui...
PASS: syntax-earth-ui
Running syntax-earth...
PASS: syntax-earth
Running syntax-elderweald-trail-art...
PASS: syntax-elderweald-trail-art
Running syntax-elderweald-world...
PASS: syntax-elderweald-world
Running syntax-engine...
PASS: syntax-engine
Running syntax-experience...
PASS: syntax-experience
Running syntax-gathering-adapter...
PASS: syntax-gathering-adapter
Running syntax-gathering-art...
PASS: syntax-gathering-art
Running syntax-gathering-music...
PASS: syntax-gathering-music
Running syntax-gathering-ui...
PASS: syntax-gathering-ui
Running syntax-gathering...
PASS: syntax-gathering
Running syntax-heaven-campaign-art...
PASS: syntax-heaven-campaign-art
Running syntax-heaven-campaign-data...
PASS: syntax-heaven-campaign-data
Running syntax-heaven-campaign-ui...
PASS: syntax-heaven-campaign-ui
Running syntax-heaven-campaign...
PASS: syntax-heaven-campaign
Running syntax-hell-campaign-art...
PASS: syntax-hell-campaign-art
Running syntax-hell-campaign-data...
PASS: syntax-hell-campaign-data
Running syntax-hell-campaign-ui...
PASS: syntax-hell-campaign-ui
Running syntax-hell-campaign...
PASS: syntax-hell-campaign
Running syntax-home-history-art...
PASS: syntax-home-history-art
Running syntax-home-history-ui...
PASS: syntax-home-history-ui
Running syntax-home-history...
PASS: syntax-home-history
Running syntax-local-life-art...
PASS: syntax-local-life-art
Running syntax-local-life-ui...
PASS: syntax-local-life-ui
Running syntax-local-life...
PASS: syntax-local-life
Running syntax-mill-gate-art...
PASS: syntax-mill-gate-art
Running syntax-millwright-art...
PASS: syntax-millwright-art
Running syntax-pursuit-ui...
PASS: syntax-pursuit-ui
Running syntax-pursuit...
PASS: syntax-pursuit
Running syntax-quarry-art...
PASS: syntax-quarry-art
Running syntax-realm-art-data...
PASS: syntax-realm-art-data
Running syntax-realm-atlas-ui...
PASS: syntax-realm-atlas-ui
Running syntax-realm-craft...
PASS: syntax-realm-craft
Running syntax-realm-givers-art...
PASS: syntax-realm-givers-art
Running syntax-realm-trails-art...
PASS: syntax-realm-trails-art
Running syntax-realm-trails-cosmos...
PASS: syntax-realm-trails-cosmos
Running syntax-realm-trails-north...
PASS: syntax-realm-trails-north
Running syntax-realm-trails-south...
PASS: syntax-realm-trails-south
Running syntax-realm-trails-ui...
PASS: syntax-realm-trails-ui
Running syntax-realm-trails...
PASS: syntax-realm-trails
Running syntax-road-art...
PASS: syntax-road-art
Running syntax-road...
PASS: syntax-road
Running syntax-rpg-ui...
PASS: syntax-rpg-ui
Running syntax-sandbox-art...
PASS: syntax-sandbox-art
Running syntax-sandbox-ui...
PASS: syntax-sandbox-ui
Running syntax-sandbox...
PASS: syntax-sandbox
Running syntax-skitter-art...
PASS: syntax-skitter-art
Running syntax-soundscape...
PASS: syntax-soundscape
Running syntax-starter-art...
PASS: syntax-starter-art
Running syntax-starter-ui...
PASS: syntax-starter-ui
Running syntax-starter...
PASS: syntax-starter
Running syntax-surface-assets...
PASS: syntax-surface-assets
Running syntax-traveler-art...
PASS: syntax-traveler-art
Running syntax-traveler-equipment-art...
PASS: syntax-traveler-equipment-art
Running syntax-workshop-transactions...
PASS: syntax-workshop-transactions
Running syntax-world-atlantis-earth...
PASS: syntax-world-atlantis-earth
Running syntax-world-foundations-art...
PASS: syntax-world-foundations-art
Running syntax-world-foundations-ui...
PASS: syntax-world-foundations-ui
Running syntax-world-foundations...
PASS: syntax-world-foundations
Running syntax-world-ground-coalescing...
PASS: syntax-world-ground-coalescing
Running syntax-world-heaven-hell...
PASS: syntax-world-heaven-hell
Running syntax-world...
PASS: syntax-world
Running rules...
PASS: rules
1..1544
# tests 1544
# suites 0
# pass 1542
# fail 0
# cancelled 0
# skipped 2
# todo 0
# duration_ms 7645.5463
Running python...
PASS: python

----------------------------------------------------------------------
Ran 238 tests in 51.048s

OK (skipped=8)
Running crossing-blade...
PASS: crossing-blade
Running crossing-bow...
PASS: crossing-bow
Running starter-blade...
PASS: starter-blade
Running starter-bow...
PASS: starter-bow
Running starter-veteran...
PASS: starter-veteran
Running pursuit-blade...
PASS: pursuit-blade
Running pursuit-bow...
PASS: pursuit-bow
Running pursuit-veteran...
PASS: pursuit-veteran
Running characters-journey...
PASS: characters-journey
Running classes-journey...
PASS: classes-journey
Running cosmos-journey...
PASS: cosmos-journey
Running earth-journey...
PASS: earth-journey
Running earth-outing-blade...
PASS: earth-outing-blade
Running earth-outing-bow...
PASS: earth-outing-bow
Running earth-outing-veteran...
PASS: earth-outing-veteran
Running earth-story-blade...
PASS: earth-story-blade
Running earth-story-bow...
PASS: earth-story-bow
Running earth-story-veteran...
PASS: earth-story-veteran
Running earth-notes-blade...
PASS: earth-notes-blade
Running earth-notes-bow...
PASS: earth-notes-bow
Running earth-notes-veteran...
PASS: earth-notes-veteran
Running gathering-blade...
PASS: gathering-blade
Running gathering-bow...
PASS: gathering-bow
Running gathering-veteran...
PASS: gathering-veteran
Running world-foundations-blade...
PASS: world-foundations-blade
Running world-foundations-bow...
PASS: world-foundations-bow
Running world-foundations-veteran...
PASS: world-foundations-veteran
Running realm-trails-blade...
PASS: realm-trails-blade
Running realm-trails-bow...
PASS: realm-trails-bow
Running realm-trails-south-blade...
PASS: realm-trails-south-blade
Running realm-trails-south-bow...
PASS: realm-trails-south-bow
Running realm-comparator-blade...
PASS: realm-comparator-blade
Running realm-comparator-bow...
PASS: realm-comparator-bow
Running realm-comparator-veteran...
PASS: realm-comparator-veteran
Running earth-expedition-blade...
PASS: earth-expedition-blade
Running earth-expedition-bow...
PASS: earth-expedition-bow
Running earth-expedition-veteran...
PASS: earth-expedition-veteran
Running local-life-blade...
PASS: local-life-blade
Running local-life-bow...
PASS: local-life-bow
Running local-life-veteran...
PASS: local-life-veteran
Running home-history-blade...
PASS: home-history-blade
Running home-history-bow...
PASS: home-history-bow
Running home-history-veteran...
PASS: home-history-veteran
Running bridge-community-blade...
PASS: bridge-community-blade
Running bridge-community-bow...
PASS: bridge-community-bow
Running bridge-community-veteran...
PASS: bridge-community-veteran
Running hell-campaign-blade...
PASS: hell-campaign-blade
Running hell-campaign-bow...
PASS: hell-campaign-bow
Running hell-campaign-veteran...
PASS: hell-campaign-veteran
Running heaven-campaign-blade...
PASS: heaven-campaign-blade
Running heaven-campaign-bow...
PASS: heaven-campaign-bow
Running heaven-campaign-veteran...
PASS: heaven-campaign-veteran
Running atlantis-campaign-blade...
PASS: atlantis-campaign-blade
Running atlantis-campaign-bow...
PASS: atlantis-campaign-bow
Running atlantis-campaign-veteran...
PASS: atlantis-campaign-veteran
Running cosmos-campaign-blade...
PASS: cosmos-campaign-blade
Running cosmos-campaign-bow...
PASS: cosmos-campaign-bow
Running cosmos-campaign-veteran...
PASS: cosmos-campaign-veteran
Running earth-homecoming-earned...
PASS: earth-homecoming-earned
Running earth-homecoming-native-preflight...
PASS: earth-homecoming-native-preflight
Running earth-recording-controller-preflight...
PASS: earth-recording-controller-preflight
Running whole-draft-earned...
PASS: whole-draft-earned
Running earth_homecoming_browser...
PASS: earth_homecoming_browser
Running onboarding_browser...
PASS: onboarding_browser
Running cosmos_campaign_browser...
PASS: cosmos_campaign_browser
Running atlantis_campaign_browser...
PASS: atlantis_campaign_browser
Running heaven_campaign_browser...
PASS: heaven_campaign_browser
Running hell_campaign_browser...
PASS: hell_campaign_browser
Running bridge_community_browser...
PASS: bridge_community_browser
Running home_history_browser...
PASS: home_history_browser
Running local_life_browser...
PASS: local_life_browser
Running earth_ground_material_browser...
PASS: earth_ground_material_browser
Running realm_givers_browser...
PASS: realm_givers_browser
Running crossing_browser...
PASS: crossing_browser
Running regression09_browser...
PASS: regression09_browser
Running cutaway_browser...
PASS: cutaway_browser
Running reflection_browser...
PASS: reflection_browser
Running native_origin_browser...
PASS: native_origin_browser
Running starter_browser...
PASS: starter_browser
Running camera_browser...
PASS: camera_browser
Running pursuit_browser...
PASS: pursuit_browser
Running characters_browser...
PASS: characters_browser
Running classes_browser...
PASS: classes_browser
Running cosmos_browser...
PASS: cosmos_browser
Running earth_browser...
PASS: earth_browser
Running earth_story_browser...
PASS: earth_story_browser
Running earth_notes_browser...
PASS: earth_notes_browser
Running gathering_browser...
PASS: gathering_browser
Running realm_atlas_browser...
PASS: realm_atlas_browser
Running timber_browser...
PASS: timber_browser
Running traveler_browser...
PASS: traveler_browser
Running bridge_browser...
PASS: bridge_browser
Running combat_cue_browser...
PASS: combat_cue_browser
Running world_foundations_browser...
4,-3
PASS cosmos UI records objective first
PASS cosmos native reload retains partial work at home checkpoint
PASS cosmos terms show objectives, kit requirement, exact rewards and free return
PASS cosmos has explicit crossing confirmation
PASS cosmos crossing preserves canonical saved state
PASS cosmos physically supported scene opens
PASS Roads Cosmos has one presentation owner
PASS production walk reaches 13,-6
PASS cosmos UI records objective second
PASS production walk reaches 3,-43
PASS cosmos UI records objective third
PASS production walk reaches 3,7
PASS cosmos UI pays exact first reward once
PASS cosmos payout never auto-equips
PASS cosmos new request identity cannot duplicate payout
PASS cosmos local giver recognizes completed work
PASS cosmos UI approach leaves a readable conversation distance
PASS cosmos diorama follows supported body
PASS cosmos third person retains perspective
PASS cosmos free return reaches home
PASS production walk reaches 14,-5
PASS legacy Cosmos invitation remains separate
PASS legacy entry grants no work consent or payout
PASS legacy Cosmos retains one original presentation owner
PASS production walk reaches 3,7
PASS explicit work acceptance hands Cosmos presentation to Roads
PASS adopted legacy trip returns through its original saved checkpoint
PASS production walk reaches 18,6
PASS atlantis terms show objectives, kit requirement, exact rewards and free return
PASS atlantis has explicit crossing confirmation
PASS atlantis crossing preserves canonical saved state
PASS atlantis physically supported scene opens
PASS production walk reaches 8,-16
PASS gallery invitation declares F/G, hold and no air timer
PASS explicit gallery entry creates real depth
PASS production 3D swim reaches 8,-2.4,-25
PASS released depth holds without floating camera authority
PASS submerged camera is measured independently
PASS gallery diorama retains actual body height and enabled cutaway
PASS gallery map explains actual wet lane, air court and depth controls
PASS gallery map offers landmark reading instead of impossible dry walking
PASS gallery exit can be inspected without teleporting
PASS wet local work has no dry movement or turn-in actions
PASS reading gallery entry while wet offers no second entry
PASS production 3D swim reaches 8,-2.7,-34
PASS submerged court has actual air body volume
PASS production 3D swim reaches 8,-2.7,-28
PASS production 3D swim reaches 12,-1.8,-29
PASS production 3D swim reaches 12,-1.4,-39.3
PASS gallery landing returns to supported dry quay
PASS production walk reaches 18,6
PASS hell terms show objectives, kit requirement, exact rewards and free return
PASS hell has explicit crossing confirmation
PASS hell crossing preserves canonical saved state
PASS hell physically supported scene opens
PASS production walk reaches -10,24
PASS production walk reaches 24,-41
PASS production walk reaches 44,-92.9
PASS actual sentinel hits open the fallen dialog
PASS fallen dialog consumes camera and attack shortcuts
PASS actual revive returns to the spring and clears the trip
PASS revive preserves the partial accepted repeat and paid history
PASS native reload keeps revived home and partial realm work
PASS browser has no runtime error
PASS atlantis terms show objectives, kit requirement, exact rewards and free return
PASS atlantis has explicit crossing confirmation
PASS atlantis normal crossing preserves ownership while its clock runs
PASS atlantis physically supported scene opens
PASS production walk reaches 8,-16
PASS gallery normal frame loop is unpaused
PASS G actually descends through production held-key frames
PASS released G holds physical depth
PASS F actually ascends through production held-key frames
PASS W actually swims using camera-relative input
PASS gallery journal pauses simulation
PASS modal consumes depth and camera shortcuts
PASS camera exchange preserves physical swimmer depth
FAIL compact gallery rejection displays a real transient toast
Traceback (most recent call last):
  File "D:\07-GAMES\Firstlight\verification\current-qualified-game\tests\world_foundations_browser.py", line 73, in <module>
    page.set_viewport_size({'width':390,'height':844});page.wait_for_timeout(150);page.keyboard.press('e');page.wait_for_timeout(200);check('compact gallery rejection displays a real transient toast',page.locator('#toast').evaluate('(e)=>e.classList.contains("show")&&Number(getComputedStyle(e).opacity)>.9') and 'Reach the gallery landing' in page.locator('#toast').inner_text());box=page.locator('#world-depth').bounding_box();check('compact depth information stays inside the viewport',box and box['x']>=0 and box['y']>=0 and box['x']+box['width']<=391 and box['y']+box['height']<=844);toast=page.locator('#toast').bounding_box();check('compact depth information and transient toast occupy separate space',box and toast and (box['y']+box['height']<=toast['y'] or toast['y']+toast['height']<=box['y']));page.screenshot(path=str(OUT/'atlantis-normal-keyboard-compact.png'));page.set_viewport_size({'width':1280,'height':800});page.keyboard.press('Escape');check('Escape freely returns swimmer home',scene()=='valley' and ev('Realm.diagnostics.world') is None);check('normal frame controls have no runtime errors',not report['browser_errors'] and not ev('Realm.diagnostics.errors'));report['status']='passed';normal.close()
                                                                                                                                      ~~~~~^^^^^^^^^^^^^^^^^^^^^^^^^^^^^^^^^^^^^^^^^^^^^^^^^^^^^^^^^^^^^^^^^^^^^^^^^^^^^^^^^^^^^^^^^^^^^^^^^^^^^^^^^^^^^^^^^^^^^^^^^^^^^^^^^^^^^^^^^^^^^^^^^^^^^^^^^^^^^^^^^^^^^^^^^^^^^^^^^^^^^^^^^^^^^^^^^^^^^^^^^^^^^^^^^^^^^^^^^^^^^^^^^^^^^^^^^^^^^^^^^
  File "D:\07-GAMES\Firstlight\verification\current-qualified-game\tests\world_foundations_browser.py", line 16, in check
    if not ok:raise AssertionError(name)
              ^^^^^^^^^^^^^^^^^^^^^^^^^^
AssertionError: compact gallery rejection displays a real transient toast

FAILED: world_foundations_browser (exit 1); see D:\07-GAMES\Firstlight\artifacts\whole-draft-onboarding-20261005\remote-full03\world_foundations_browser.log
