{
  "variant": "veteran-mill",
  "route": "mill",
  "status": "passed",
  "commands": 6,
  "positionEdits": 0,
  "inventoryGrants": 0,
  "plantedObjectives": 0,
  "acceleratedTicks": true,
  "sourceSha256": "503ee981b1465ef04d30934879925ee4d6d3e480940315113d7ffedaa2a066fc",
  "story": {
    "version": 1,
    "accepted": true,
    "steps": [
      "mill-root",
      "mill-gate"
    ],
    "dispatch": "mill",
    "arrived": true,
    "claimed": true
  },
  "weapon": "dawn_edge",
  "xp": 563,
  "delta": {
    "ore": 3,
    "coins": 4,
    "fiber": 2,
    "wood": -2
  },
  "actions": [
    {
      "walk": [
        11,
        9
      ]
    },
    {
      "walk": [
        0,
        23
      ]
    },
    {
      "walk": [
        0,
        23
      ]
    },
    {
      "walk": [
        0,
        10
      ]
    },
    {
      "walk": [
        7,
        5
      ]
    },
    {
      "type": "earth-story-accept",
      "p": {}
    },
    {
      "reload": true
    },
    {
      "walk": [
        0,
        23
      ]
    },
    {
      "walk": [
        0,
        10
      ]
    },
    {
      "walk": [
        6,
        -3
      ]
    },
    {
      "type": "earth-story-step",
      "p": {
        "id": "mill-root"
      }
    },
    {
      "reload": true
    },
    {
      "walk": [
        0,
        23
      ]
    },
    {
      "walk": [
        0,
        10
      ]
    },
    {
      "walk": [
        7,
        -7
      ]
    },
    {
      "type": "earth-story-step",
      "p": {
        "id": "mill-gate"
      }
    },
    {
      "reload": true
    },
    {
      "walk": [
        0,
        23
      ]
    },
    {
      "walk": [
        0,
        10
      ]
    },
    {
      "walk": [
        7,
        5
      ]
    },
    {
      "type": "earth-story-dispatch",
      "p": {
        "route": "mill"
      }
    },
    {
      "reload": true
    },
    {
      "walk": [
        0,
        23
      ]
    },
    {
      "walk": [
        0,
        10
      ]
    },
    {
      "walk": [
        0,
        -43
      ]
    },
    {
      "type": "earth-story-arrive",
      "p": {}
    },
    {
      "reload": true
    },
    {
      "walk": [
        0,
        23
      ]
    },
    {
      "walk": [
        0,
        10
      ]
    },
    {
      "walk": [
        0,
        -43
      ]
    },
    {
      "type": "earth-story-claim",
      "p": {}
    },
    {
      "reload": true
    },
    {
      "walk": [
        0,
        23
      ]
    },
    {
      "walk": [
        0,
        10
      ]
    },
    {
      "walk": [
        0,
        -43
      ]
    }
  ]
}
