{
  "status": "passed",
  "variant": "command-earned-returning-veteran",
  "source": "evidence10/pursuit/veteran/07_PRACTICE_PERSISTED.json",
  "sourceSha256": "18363e5fc0a20046d45f7d84a29ef01e2fede40d25d4c68d5cfb06ae25fd8ba8",
  "checks": {
    "staleCharacterRefused": true,
    "staleRevisionRefused": true,
    "writeRefusalAtomic": true,
    "entryNoCanonicalMutation": true,
    "bothApproachesWalked": true,
    "lookoutReachable": true,
    "followStayPreserved": true,
    "returnPreserved": true,
    "sceneFailureRollback": true,
    "reopenSourceSide": true
  },
  "acceleratedTicks": true,
  "personalSaves": false
}
